03-03 02:52:48.950  5545  5606 V WindowManagerShell:  Delegate animation for (#5192) to RemoteTransition { remoteTransition = android.window.IRemoteTransition$Stub$Proxy@74a11c4, appThread = android.app.IApplicationThread$Stub$Proxy@d8b78ad, debugName = QuickstepLaunch }
03-03 02:52:48.951  3822  3933 D WindowManager: setFrameRateStart invalid typeId return!
03-03 02:52:48.952  5545  5606 V WindowManagerShell:  animated by firstHandler
03-03 02:52:48.956  3822  3932 D FlexibleTaskController: check task which not have enough child, isInSingleWhiteList:false isCloneTask:false
03-03 02:52:48.956  3822  5436 I BLASTSyncEngine: onCommitted syncId: 5192, timeout: false ran: false
03-03 02:52:48.959  3822  5898 D OplusEapManager: mTargetExitName :com.android.launcher
03-03 02:52:48.959  3822  5898 D OplusAppSwitchRuleInfo: generateAppEnterInfo - launch_source_type = launcherRecentTask , launch_source_traceid = 
03-03 02:52:48.959  3822  5898 D OplusAppSwitchRuleInfo: generateAppEnterInfo - launch_source_type = launcherRecentTask , launch_source_traceid = 
03-03 02:52:48.960  3822  5898 D OplusAppSwitchRuleInfo: generateAppEnterInfo - launch_source_type = launcherRecentTask , launch_source_traceid = 
03-03 02:52:48.960  3822  5898 D OplusEapManager: mTargetEnterName :it.vfsfitvnm.vimusic.debug
03-03 02:52:48.960  3822  5898 D OplusAppSwitchRuleInfo: generateAppEnterInfo - launch_source_type = launcherRecentTask , launch_source_traceid = 
03-03 02:52:48.960  3822  5898 D OplusAppSwitchRuleInfo: generateAppEnterInfo - launch_source_type = launcherRecentTask , launch_source_traceid = 
03-03 02:52:48.960  3822  5898 D OplusAppSwitchRuleInfo: generateAppEnterInfo - launch_source_type = launcherRecentTask , launch_source_traceid = 
03-03 02:52:48.960  3822  5898 D OplusAppSwitchRuleInfo: generateAppEnterInfo - launch_source_type = launcherRecentTask , launch_source_traceid = 
03-03 02:52:48.960  3822  5898 D OplusAppSwitchRuleInfo: generateAppEnterInfo - launch_source_type = launcherRecentTask , launch_source_traceid = 
03-03 02:52:48.960  3822  5898 D OplusAppSwitchRuleInfo: generateAppEnterInfo - launch_source_type = launcherRecentTask , launch_source_traceid = 
03-03 02:52:48.960  3822  5898 D OplusAppSwitchRuleInfo: generateActivityEnterInfo - launch_source_type = launcherRecentTask , launch_source_traceid = 
03-03 02:52:48.963  3822  4085 D VRR [OPlusRefreshRateService]: handleFrontAppChange pkgName: it.vfsfitvnm.vimusic.debug
03-03 02:52:48.966  3822  5368 D FlexibleTaskController: check task which not have enough child, isInSingleWhiteList:false isCloneTask:false
03-03 02:52:48.971  3822  5436 D OplusBatteryServiceFeature: setSmartCoolDown: coolDown = 4, normalCoolDown = 4, pkgName = it.vfsfitvnm.vimusic.debug
03-03 02:52:48.972  5545  5606 D WindowManagerShell: onActivityRestartAttempt: topActivity=ComponentInfo{it.vfsfitvnm.vimusic.debug/it.vfsfitvnm.vimusic.MainActivity}, wasVisible=false
03-03 02:52:48.984 32413 32413 D ResourcesManagerExtImpl: applyConfigurationToAppResourcesLocked app.getDisplayId() return callback.displayId:0
03-03 02:52:48.990  3822  4951 D BackgroundInstallControlService: Package event received: 0
03-03 02:52:48.995  3822  4951 D BackgroundInstallControlService: Package event received: 0
03-03 02:52:49.001  9948  9948 D ResourcesManagerExtImpl: applyConfigurationToAppResourcesLocked app.getDisplayId() return callback.displayId:-1
03-03 02:52:49.013  3822  5354 V WindowManager: Relayout Window{19afc01 u0 it.vfsfitvnm.vimusic.debug/it.vfsfitvnm.vimusic.MainActivity}: viewVisibility=0, oldvis=8, req=1240x2772 , apr = 0, vsysui=, x=0, y=0
03-03 02:52:49.013  3822  5354 I WindowManager: Window{19afc01 u0 it.vfsfitvnm.vimusic.debug/it.vfsfitvnm.vimusic.MainActivity} state from NO_SURFACE to DRAW_PENDING; reason: resetDrawState
03-03 02:52:49.015  3822  5354 D WindowManager: NFW_findFocusedWindowIfNeeded:Window{19afc01 u0 it.vfsfitvnm.vimusic.debug/it.vfsfitvnm.vimusic.MainActivity} mCurrentFocus:null
03-03 02:52:49.016  3822  5354 D WindowManager: attachImeScreenshotOnTargetIfNeeded, mImeHiding = false, requestedVisibleTypes = -9
03-03 02:52:49.016  3822  5354 V WindowManager: Changing focus from null to Window{19afc01 u0 it.vfsfitvnm.vimusic.debug/it.vfsfitvnm.vimusic.MainActivity},diplayid=0
03-03 02:52:49.019  3822  5486 I ActivityManager: Flag disabled. Ignoring finishAttachApplication from uid: 10263. pid: 9949
03-03 02:52:49.020 32413 32413 D VRI[MainActivity]: relayoutWindow result, sizeChanged:false, surfaceControlChanged:true, transformHintChanged:false, mSurfaceSize:Point(1240, 2772), mLastSurfaceSize:Point(1240, 2772), mWidth:1240, mHeight:2772, requestedWidth:1240, requestedHeight:2772, transformHint:0, installOrientation:0, displayRotation:0, isSurfaceValid:true, attr.flag:-2122252032, tmpFrames:ClientWindowFrames{frame=[0,0][1240,2772] display=[0,0][1240,2772] parentFrame=[0,0][0,0]}, relayoutAsync:false, mSyncSeqId:0
03-03 02:52:49.020 32413 32413 W VRI[MainActivity]: updateBlastSurfaceIfNeeded, surfaceSize:Point(1240, 2772), lastSurfaceSize:Point(1240, 2772), format:-1, blastBufferQueue:null
03-03 02:52:49.032  3822  5436 D OplusStartingWindowManager: updateRecordSurfaceViewState windowToken = android.os.BinderProxy@cbda036, surfaceState = false, attachedToWindow = true, inList = false, win = Window{351db37 u0 com.google.android.youtube/com.google.android.youtube.app.honeycomb.Shell$HomeActivity}
03-03 02:52:49.036  3822  5484 D ActivityTaskManager: Skipping, invisible task: Task{63d5c5b #5 type=home I=com.android.launcher/.Launcher}
03-03 02:52:49.037  3822  5484 D OplusSplitScreenManagerService: com.android.settings unSupportsSplitScreen by blockList or ForbidActivityList
03-03 02:52:49.037  3822  5484 D OplusSplitScreenManagerService: com.android.settings unSupportsSplitScreen by blockList or ForbidActivityList
03-03 02:52:49.037  3822  5484 D OplusSplitScreenManagerService: com.oplus.dialer unSupportsSplitScreen by blockList or ForbidActivityList
03-03 02:52:49.038  3822  5484 D ActivityTaskManager: after skip size:20,pre-Filtered:it.vfsfitvnm.vimusic.debug # com.google.android.youtube # com.microsoft.teams # com.whatsapp # com.oneplus.gallery # com.android.settings # com.google.android.googlequicksearchbox # com.android.vending # com.linkedin.android # com.oplus.dialer # com.flipkart.android # com.google.android.gm # com.oneplus.calculator # com.google.android.apps.maps # com.google.android.apps.photos # com.android.chrome # com.oneplus.note # com.phonepe.app # com.google.android.apps.messaging # com.microsoft.office.outlook # 
03-03 02:52:49.074  3822  4715 D ActivityManager: Freezer deadlock watchdog
03-03 02:52:49.081  3822  5354 W ActivityManager: Unable to start service Intent { act=com.oplus.dcc.action.RECEIVE_MESSAGE xflg=0x4 pkg=com.heytap.market (has extras) mCallingUid=10114 } U=0: not found
03-03 02:52:49.083  3822  4569 D osense.compress: com.google.android.gms do shrink, target ratio = 74, final ratio = 90, cur ratio = 59
03-03 02:52:49.100  3822  5354 D OplusBatteryServiceFeature: setSmartCoolDown: coolDown = 4, normalCoolDown = 4, pkgName = it.vfsfitvnm.vimusic.debug
03-03 02:52:49.111  3822  5443 I WindowManager: Window{19afc01 u0 it.vfsfitvnm.vimusic.debug/it.vfsfitvnm.vimusic.MainActivity} state from DRAW_PENDING to COMMIT_DRAW_PENDING; reason: finishDrawingLocked
03-03 02:52:49.112  3822  3933 I WindowManager: Window{19afc01 u0 it.vfsfitvnm.vimusic.debug/it.vfsfitvnm.vimusic.MainActivity} state from COMMIT_DRAW_PENDING to READY_TO_SHOW; reason: commitFinishDrawingLocked
03-03 02:52:49.112  3822  3933 D CoreBackPreview:  return markWindowHasDrawn mComposed: false  mWaitTransition: false
03-03 02:52:49.112  3822  3933 D ActivityTaskManager: Clearing startingData for activity=ActivityRecord{88248206 u0 it.vfsfitvnm.vimusic.debug/it.vfsfitvnm.vimusic.MainActivity t28698} mStartingData=null mStartingSurface=null
03-03 02:52:49.112  3822  3933 D QuickBackInputPolicy: setAppLaunchEndTime update timePair=Pair{ActivityRecord{88248206 u0 it.vfsfitvnm.vimusic.debug/it.vfsfitvnm.vimusic.MainActivity t28698} 92037138}
03-03 02:52:49.113  3822  3933 I WindowManager: Window{19afc01 u0 it.vfsfitvnm.vimusic.debug/it.vfsfitvnm.vimusic.MainActivity} state from READY_TO_SHOW to HAS_DRAWN; reason: performShowLocked
03-03 02:52:49.113  3822  5443 V AutofillManagerServiceImpl: updateSessionLocked(): session gone for 2147483647(10168)
03-03 02:52:49.118  3822  5443 D CompatChangeReporter: Compat change id reported: 297989574; UID 10114; state: ENABLED
03-03 02:52:49.121  3822  3933 D CoreBackPreview:  return markWindowHasDrawn mComposed: false  mWaitTransition: false
03-03 02:52:49.129  3822  3934 D SurfaceAnimationRunner: onAnimationStart:Surface(name=Surface(name=OplusStartingSurface)/@0xc420036 - animation-leash of window_animation)/@0xac0d6a
03-03 02:52:49.139  3822  5436 I MediaSessionStack: addSession to bottom of stack | record: it.vfsfitvnm.vimusic.debug/PlayerService/69 (userId=0)
03-03 02:52:49.143 32413 32413 D ResourcesManagerExtImpl: applyConfigurationToAppResourcesLocked app.getDisplayId() return callback.displayId:0
03-03 02:52:49.150  3822  5443 I StatusBarManagerService: disableLocked, what:0, pkg:com.android.launcher userId: 0 token:android.os.BinderProxy@4d4252d net1:0 net2:0
03-03 02:52:49.152  3822  4994 D JobSchedulerServiceExtImpl: updateOsenseRestrictMode for 1 false false
03-03 02:52:49.154  3822  4762 D InputMethodManagerService: isSecurity: attribute.packageName = it.vfsfitvnm.vimusic.debug mCurMethodId = com.google.android.inputmethod.latin/com.android.inputmethod.latin.LatinIME isSecurity = false ( enable = false needShow = false inBlackList = false isExist = true )
03-03 02:52:49.156  5545  5606 V WindowManagerShell: Transition animation finished (aborted=false), notifying core (#5192) android.os.BinderProxy@c2fe671@0
03-03 02:52:49.156  5545  5606 D SplitScreen-->AppLockManager: setStartFromSafeControl mStartFromSafeControl=false
03-03 02:52:49.158  3822  5485 D Transition: finishTransition ar ActivityRecord{77230470 u0 com.android.launcher/.Launcher t5}, isVisibleRequested=false, state=PAUSED, visibleAtTransitionEndTokens={ActivityRecord{88248206 u0 it.vfsfitvnm.vimusic.debug/it.vfsfitvnm.vimusic.MainActivity t28698}, WallpaperWindowToken{c0e66a1 showWhenLocked=true}}, this=TransitionRecord{7fd88d4 id=5192 track=0 type=TO_FRONT flags=0x0 state=2 c=[
03-03 02:52:49.158  3822  5485 D Transition:    ChangeInfo{16dea4b container=Task{2d5e9a #1 type=home} flags=0x10}
03-03 02:52:49.158  3822  5485 D Transition:    ChangeInfo{e9c0a7d container=ActivityRecord{77230470 u0 com.android.launcher/.Launcher t5} flags=0x0}
03-03 02:52:49.158  3822  5485 D Transition:    ChangeInfo{d50bd72 container=ActivityRecord{88248206 u0 it.vfsfitvnm.vimusic.debug/it.vfsfitvnm.vimusic.MainActivity t28698} flags=0x0}
03-03 02:52:49.158  3822  5485 D Transition:    ChangeInfo{d4595c3 container=Task{63d5c5b #5 type=home I=com.android.launcher/.Launcher} flags=0x10}
03-03 02:52:49.158  3822  5485 D Transition:    ChangeInfo{d1aef1a container=Task{6a135b3 #28698 type=standard A=10686:it.vfsfitvnm.vimusic.debug} flags=0x30}
03-03 02:52:49.158  3822  5485 D Transition:    ChangeInfo{2145e40 container=Display{#0 state=ON size=1240x2772 ROTATION_0} flags=0x0}
03-03 02:52:49.158  3822  5485 D Transition:    ChangeInfo{ce3d179 container=WallpaperWindowToken{c0e66a1 showWhenLocked=true} flags=0x0}
03-03 02:52:49.158  3822  5485 D Transition:    ChangeInfo{3693ebe container=DefaultTaskDisplayArea@238526314 flags=0x0}
03-03 02:52:49.158  3822  5485 D Transition: ]
03-03 02:52:49.158  3822  5485 D Transition: }
03-03 02:52:49.159  3822  5485 D ActivityTaskManager: commitVisibility: ActivityRecord{77230470 u0 com.android.launcher/.Launcher t5}: visible=false visibleRequested=false, isInTransition=false 
03-03 02:52:49.159  3822  5485 D WindowManager: NFW_setClientVisible:ActivityRecord{77230470 u0 com.android.launcher/.Launcher t5} clientVisible:false
03-03 02:52:49.160  3822  5485 I WindowManager: Window{9338def u0 com.android.launcher/com.android.launcher.Launcher} state from HAS_DRAWN to DRAW_PENDING; reason: resetDrawState
03-03 02:52:49.160  3822  5485 D Transition: finishTransition ar ActivityRecord{88248206 u0 it.vfsfitvnm.vimusic.debug/it.vfsfitvnm.vimusic.MainActivity t28698}, isVisibleRequested=true, state=RESUMED, visibleAtTransitionEndTokens={ActivityRecord{88248206 u0 it.vfsfitvnm.vimusic.debug/it.vfsfitvnm.vimusic.MainActivity t28698}, WallpaperWindowToken{c0e66a1 showWhenLocked=true}}, this=TransitionRecord{7fd88d4 id=5192 track=0 type=TO_FRONT flags=0x0 state=2 c=[
03-03 02:52:49.160  3822  5485 D Transition:    ChangeInfo{16dea4b container=Task{2d5e9a #1 type=home} flags=0x10}
03-03 02:52:49.160  3822  5485 D Transition:    ChangeInfo{e9c0a7d container=ActivityRecord{77230470 u0 com.android.launcher/.Launcher t5} flags=0x0}
03-03 02:52:49.160  3822  5485 D Transition:    ChangeInfo{d50bd72 container=ActivityRecord{88248206 u0 it.vfsfitvnm.vimusic.debug/it.vfsfitvnm.vimusic.MainActivity t28698} flags=0x0}
03-03 02:52:49.160  3822  5485 D Transition:    ChangeInfo{d4595c3 container=Task{63d5c5b #5 type=home I=com.android.launcher/.Launcher} flags=0x10}
03-03 02:52:49.160  3822  5485 D Transition:    ChangeInfo{d1aef1a container=Task{6a135b3 #28698 type=standard A=10686:it.vfsfitvnm.vimusic.debug} flags=0x30}
03-03 02:52:49.160  3822  5485 D Transition:    ChangeInfo{2145e40 container=Display{#0 state=ON size=1240x2772 ROTATION_0} flags=0x0}
03-03 02:52:49.160  3822  5485 D Transition:    ChangeInfo{ce3d179 container=WallpaperWindowToken{c0e66a1 showWhenLocked=true} flags=0x0}
03-03 02:52:49.160  3822  5485 D Transition:    ChangeInfo{3693ebe container=DefaultTaskDisplayArea@238526314 flags=0x0}
03-03 02:52:49.160  3822  5485 D Transition: ]
03-03 02:52:49.160  3822  5485 D Transition: }
03-03 02:52:49.161  3822  5485 D WindowManager: NFW_setClientVisible:WallpaperWindowToken{c0e66a1 showWhenLocked=true} clientVisible:false
03-03 02:52:49.161  3822  5485 I OplusAppSwitchManagerService:  handleAppVisible , r = ActivityRecord{88248206 u0 it.vfsfitvnm.vimusic.debug/it.vfsfitvnm.vimusic.MainActivity t28698}
03-03 02:52:49.162  3822  5485 D OplusTransitionController: finishTransition, transition: TransitionRecord{7fd88d4 id=5192 track=0 type=TO_FRONT flags=0x0 state=4 c=[
03-03 02:52:49.162  3822  5485 D OplusTransitionController:    ChangeInfo{16dea4b container=Task{2d5e9a #1 type=home} flags=0x10}
03-03 02:52:49.162  3822  5485 D OplusTransitionController:    ChangeInfo{e9c0a7d container=ActivityRecord{77230470 u0 com.android.launcher/.Launcher t5} flags=0x0}
03-03 02:52:49.162  3822  5485 D OplusTransitionController:    ChangeInfo{d50bd72 container=ActivityRecord{88248206 u0 it.vfsfitvnm.vimusic.debug/it.vfsfitvnm.vimusic.MainActivity t28698} flags=0x0}
03-03 02:52:49.162  3822  5485 D OplusTransitionController:    ChangeInfo{d4595c3 container=Task{63d5c5b #5 type=home I=com.android.launcher/.Launcher} flags=0x10}
03-03 02:52:49.162  3822  5485 D OplusTransitionController:    ChangeInfo{d1aef1a container=Task{6a135b3 #28698 type=standard A=10686:it.vfsfitvnm.vimusic.debug} flags=0x30}
03-03 02:52:49.162  3822  5485 D OplusTransitionController:    ChangeInfo{2145e40 container=Display{#0 state=ON size=1240x2772 ROTATION_0} flags=0x0}
03-03 02:52:49.162  3822  5485 D OplusTransitionController:    ChangeInfo{ce3d179 container=WallpaperWindowToken{c0e66a1 showWhenLocked=true} flags=0x0}
03-03 02:52:49.162  3822  5485 D OplusTransitionController:    ChangeInfo{3693ebe container=DefaultTaskDisplayArea@238526314 flags=0x0}
03-03 02:52:49.162  3822  5485 D OplusTransitionController: ]
03-03 02:52:49.162  3822  5485 D OplusTransitionController: }
03-03 02:52:49.162  3822  5485 I OplusRecentsAnimationController: finishTransition transition.mType=3,task=null
03-03 02:52:49.162  3822  5485 D FlexibleTaskTransitionController:  finishTransition pendingRecentToFlexibleTask:null,isRotationTransition:false ,pendingRecentToFlexible:null ,transition:TransitionRecord{7fd88d4 id=5192 track=0 type=TO_FRONT flags=0x0 state=4 c=[
03-03 02:52:49.162  3822  5485 D FlexibleTaskTransitionController:    ChangeInfo{16dea4b container=Task{2d5e9a #1 type=home} flags=0x10}
03-03 02:52:49.162  3822  5485 D FlexibleTaskTransitionController:    ChangeInfo{e9c0a7d container=ActivityRecord{77230470 u0 com.android.launcher/.Launcher t5} flags=0x0}
03-03 02:52:49.162  3822  5485 D FlexibleTaskTransitionController:    ChangeInfo{d50bd72 container=ActivityRecord{88248206 u0 it.vfsfitvnm.vimusic.debug/it.vfsfitvnm.vimusic.MainActivity t28698} flags=0x0}
03-03 02:52:49.162  3822  5485 D FlexibleTaskTransitionController:    ChangeInfo{d4595c3 container=Task{63d5c5b #5 type=home I=com.android.launcher/.Launcher} flags=0x10}
03-03 02:52:49.162  3822  5485 D FlexibleTaskTransitionController:    ChangeInfo{d1aef1a container=Task{6a135b3 #28698 type=standard A=10686:it.vfsfitvnm.vimusic.debug} flags=0x30}
03-03 02:52:49.162  3822  5485 D FlexibleTaskTransitionController:    ChangeInfo{2145e40 container=Display{#0 state=ON size=1240x2772 ROTATION_0} flags=0x0}
03-03 02:52:49.162  3822  5485 D FlexibleTaskTransitionController:    ChangeInfo{ce3d179 container=WallpaperWindowToken{c0e66a1 showWhenLocked=true} flags=0x0}
03-03 02:52:49.162  3822  5485 D FlexibleTaskTransitionController:    ChangeInfo{3693ebe container=DefaultTaskDisplayArea@238526314 flags=0x0}
03-03 02:52:49.162  3822  5485 D FlexibleTaskTransitionController: ]
03-03 02:52:49.162  3822  5485 D FlexibleTaskTransitionController: }
03-03 02:52:49.163  3822  5436 D Transition: finishTransaction-onCommitted syncId=5192
03-03 02:52:49.164  3822  5485 D SnapshotCache: removeRunningEntry id: 28698, callers=com.android.server.wm.SnapshotCache.onIdRemoved:107 com.android.server.wm.TaskSnapshotController.removeAndDeleteSnapshot:398 com.android.server.wm.SnapshotController.onTransitionFinish:254 
03-03 02:52:49.166  3822  5485 D RefreshRate: ***** request traversal for refresh rate change, reason is highTempRefreshRateChanged: false, windowRefreshRateChanged: true, flexibleWindowStateChanged: false, has float/zoom window *****
03-03 02:52:49.166  3822  5485 D TransitionControllerExtImpl: NFW_send RECOMPUTE_FOCUS in finishTransition
03-03 02:52:49.166  3822  4010 I UserAwareMgr: fg app status not changed, beforeVisible: true, currentVisible: true
03-03 02:52:49.166  5545  5606 D ShellTaskOrganizer: onTransitionFinish, isRecent:false
03-03 02:52:49.166  5545  5606 V WindowManagerShell: Track 0 became idle
03-03 02:52:49.166  5545  5606 V WindowManagerShell: All active transition animations finished
03-03 02:52:49.166  3822  4562 V AutofillInlineSuggestionsRequestSession: onInputMethodFinishInput() received
03-03 02:52:49.167  3822  4010 I UserAwareMgr: handleAppChangedToBg, pkgName: com.google.android.googlequicksearchbox, pid: 25722
03-03 02:52:49.167  3822  5485 D WindowManager: setFrameRateStart invalid typeId return!
03-03 02:52:49.168  3822  4010 I UserAwareMgr: handleAppChangedToBg, pkgName: com.google.android.adservices.api, pid: 27243
03-03 02:52:49.168  3822  4010 W UserAwareMgr: app not not found or not visible: null
03-03 02:52:49.168  3822  4010 W UserAwareMgr: handleAppChangedToBg process is empty
03-03 02:52:49.168  3822  3933 I WindowStateExtImpl: onSurfaceShowChange show = false mPackageName = com.google.android.googlequicksearchbox parentPkgName = com.android.launcher
03-03 02:52:49.168  3822  4010 I UserAwareMgr: handleAppChangedToBg, pkgName: com.google.android.googlequicksearchbox, pid: 32101
03-03 02:52:49.170  3822  3933 I TaskOrganizerController: onTaskInfoChanged taskid 1 config { mBounds=Rect(0, 0 - 1240, 2772) mAppBounds=Rect(0, 0 - 1240, 2772) mMaxBounds=Rect(0, 0 - 1240, 2772) mDisplayRotation=ROTATION_0 mWindowingMode=fullscreen mActivityType=home mAlwaysOnTop=undefined mRotation=ROTATION_0}
03-03 02:52:49.171  3822  4949 V AutofillInlineSuggestionsRequestSession: onInputMethodStartInput() received on 0
03-03 02:52:49.171  3822  3933 D OplusFlexibleDragToSplitAnimController: visibleFlexibleTaskInfos delete:1
03-03 02:52:49.171  3822  3933 E FlexibleWindowManagerService: notifyTaskObserverToAttachController not need to notify!
03-03 02:52:49.171  3822  3933 I FlexibleWindowManagerService: onFlexibleWindowTaskInfoChanged, return for cur task not embedded
03-03 02:52:49.172  3822  3822 I OplusMediaControlService: onActiveSessionsChanged begin
03-03 02:52:49.172  3822  3822 I OplusMediaControlService: onEventFromMediaControllerList controller size = 3
03-03 02:52:49.172  3822  3822 I OplusMediaControlService: getPlayerInfo, playerId: 172325190, pkgname: com.microsoft.teams
03-03 02:52:49.172  3822  3822 I OplusMediaControlService: getPlayerInfo, playerId: 158169384, pkgname: com.google.android.youtube
03-03 02:52:49.172  3822  3822 I OplusMediaControlService: getPlayerInfo, playerId: 134470918, pkgname: it.vfsfitvnm.vimusic.debug
03-03 02:52:49.172  3822  3822 D OplusMediaControlService: isInMediaBlackList: com.google.android.youtube, 0
03-03 02:52:49.172  3822  3822 I OplusMediaControlService: updateControllerMap begin
03-03 02:52:49.172  3822  3822 D OplusMediaControlService: isInMediaBlackList: com.google.android.youtube, 0
03-03 02:52:49.172  3822  3822 V OplusMediaControlService: this app is in media black list, pkgName: com.google.android.youtube
03-03 02:52:49.172  3822  3822 D OplusMediaControlService: isInMediaBlackList: com.google.android.youtube, 0
03-03 02:52:49.172  3822  3822 V OplusMediaControlService: this app is in media black list, pkgName: com.google.android.youtube
03-03 02:52:49.172  3822  3822 I OplusMediaControlService: updataPlayStateMap begin
03-03 02:52:49.172  3822  3822 I OplusMediaControlService: updateMetadataMap begin
03-03 02:52:49.172  3822  3822 I OplusMediaControlService: updatePlayerInfoList event = com.oplus.media.OplusMediaEvent@ba98ced
03-03 02:52:49.172  3822  3822 I OplusMediaControlService: sendOnEventMessage begin, eventType: 6, observer: android.os.BinderProxy@c1628f9
03-03 02:52:49.172  3822  3822 I OplusMediaControlService: on event EventType: 6
03-03 02:52:49.173  3822  3932 D WindowManager: NFW_findFocusedWindowIfNeeded:Window{19afc01 u0 it.vfsfitvnm.vimusic.debug/it.vfsfitvnm.vimusic.MainActivity} mCurrentFocus:Window{19afc01 u0 it.vfsfitvnm.vimusic.debug/it.vfsfitvnm.vimusic.MainActivity}
03-03 02:52:49.176  3822  4010 I UserAwareMgr: handleAppChangedToBg, pkgName: com.android.launcher, pid: 5787
03-03 02:52:49.191  3822  4949 I OplusMediaControlService: sendEvent type: 2, player: 134470918
03-03 02:52:49.191  3822  4949 I OplusMediaControlService: onEventFromRequestData: 1, player: 134470918
03-03 02:52:49.191  3822  4949 E OplusMediaControlService: getTitleAndArtist is null
03-03 02:52:49.191  3822  4949 E OplusMediaControlService: getMediaMetadata is null
03-03 02:52:49.191  3822  4949 D OplusMediaControlService: players is not contains playerId, playerId: 134470918
03-03 02:52:49.199  3822  5484 V WindowManager: Relayout Window{9338def u0 com.android.launcher/com.android.launcher.Launcher}: viewVisibility=8, oldvis=0, req=1240x2772 , apr = 0, vsysui=
03-03 02:52:49.201  3822  5485 W PackageConfigPersister: App-specific configuration not found for packageName: it.vfsfitvnm.vimusic.debug and userId: 0
03-03 02:52:49.201  3822  5484 D WindowManager: NFW_findFocusedWindowIfNeeded:Window{19afc01 u0 it.vfsfitvnm.vimusic.debug/it.vfsfitvnm.vimusic.MainActivity} mCurrentFocus:Window{19afc01 u0 it.vfsfitvnm.vimusic.debug/it.vfsfitvnm.vimusic.MainActivity}
03-03 02:52:49.202  3822  5543 D OplusStartingWindowManager: skip remove starting window for activity = ActivityRecord{77230470 u0 com.android.launcher/.Launcher t5} ,ar != topActivityContainsStartingWindow on activityStopped
03-03 02:52:49.203  3822  4951 D BackgroundInstallControlService: Package event received: 0
03-03 02:52:49.205  3822  4010 W UserAwareMgr: event can not be released, id: 5005, count: 2, releasePid: 3822
03-03 02:52:49.205  3822  5543 I OplusMediaControlService: sendEvent type: 2, player: 134470918
03-03 02:52:49.205  3822  5543 I OplusMediaControlService: onEventFromRequestData: 2, player: 134470918
03-03 02:52:49.205  3822  5543 D OplusMediaControlService: players is not contains playerId, playerId: 134470918
03-03 02:52:49.206  3822  5543 I OplusMediaControlService: sendEvent type: 2, player: 172325190
03-03 02:52:49.206  3822  5543 I OplusMediaControlService: onEventFromRequestData: 1, player: 172325190
03-03 02:52:49.206  3822  5543 E OplusMediaControlService: getTitleAndArtist is null
03-03 02:52:49.206  3822  5543 E OplusMediaControlService: getMediaMetadata is null
03-03 02:52:49.206  3822  5543 I OplusMediaControlService: sendOnEventMessage begin, eventType: 3, observer: android.os.BinderProxy@c1628f9
03-03 02:52:49.206  3822  3822 I OplusMediaControlService: on event EventType: 3
03-03 02:52:49.216  3822  4949 I OplusMediaControlService: sendEvent type: 2, player: 172325190
03-03 02:52:49.216  3822  4949 I OplusMediaControlService: onEventFromRequestData: 2, player: 172325190
03-03 02:52:49.216  3822  4949 E OplusMediaControlService: playbackState is null
03-03 02:52:49.216  3822  4949 I OplusMediaControlService: sendOnEventMessage begin, eventType: 4, observer: android.os.BinderProxy@c1628f9
03-03 02:52:49.217  3822  3822 I OplusMediaControlService: on event EventType: 4
03-03 02:52:49.217  3822  4949 I OplusMediaControlService: unregisterEventObserver start, observer: android.os.BinderProxy@c1628f9, callerUid: 10208
03-03 02:52:49.217  3822  4949 I OplusMediaControlService: releaseCallback begin, playerId: 172325190
03-03 02:52:49.217  3822  4949 I OplusMediaControlService: unregisterEventObserver successfully.
03-03 02:52:49.217  3822  4949 I OplusMediaControlService: registerEventObserver start, observer: android.os.BinderProxy@c1628f9, callerUid: 10208
03-03 02:52:49.217  3822  4949 I OplusMediaControlService: registerEventObserver successfully.
03-03 02:52:49.217  3822  4949 I OplusMediaControlService: registerEventObserver successfully.
03-03 02:52:49.227  3822  3822 D RefreshRate: app switch boost timeout,transition isPlaying:false isInInterruptScene:false
03-03 02:52:49.228  3822  3933 D RefreshRate: Refresh rate changing from 120.00001 to 90.0,maxRefreshRate=90.0 FOR:{
03-03 02:52:49.228  3822  3933 D RefreshRate:     | COURSE[; Win preferred rateId=0, appReqFirst=false, data= RateData{} ;win name:it.vfsfitvnm.vimusic.debug/it.vfsfitvnm.vimusic.MainActivity]
03-03 02:52:49.228  3822  3933 D RefreshRate:     | VOTES[PRIORITY_WINDOW_REQUEST -> Vote{mRefreshRate=90.0, mMinRefreshRate=90.0, mRequestSource=null};]
03-03 02:52:49.228  3822  3933 D RefreshRate:     | TIME:2026-03-02 21:22:49}
03-03 02:52:49.228  3822  3933 D DisplayModeDirector: setAppRequest displayId : 0  modeId: 3  requestedRefreshRate: 0.0  requestedMinRefreshRateRange: 0.0  requestedMaxRefreshRateRange: 90.0
03-03 02:52:49.229  3822  3932 D DisplayManagerServiceExtImpl: scheduleTraversalLocked intraversal=false
03-03 02:52:49.230  3822  3932 D DisplayManagerService: MSG_REQUEST_TRAVERSAL pendingCompleted=false
03-03 02:52:49.231  3822  3933 D DisplayManagerService: performTraversalInternal pendingTraversal
03-03 02:52:49.231  3822  3933 D DisplayDevice: setLayerStackLocked id=local:4630947214369728643 token=android.os.BinderProxy@e43c3dc stack=0->0
03-03 02:52:49.231  3822  4085 D LocalDisplayAdapter: setDesiredDisplayModeSpecsAsync: display unique id = local:4630947214369728643, display mode specs = defaultMode=2 allowGroupSwitching=false primaryRanges=physical: (0.0 120.0) render:  (0.0 90.0) appRequestRanges=physical: (0.0 120.0) render:  (0.0 90.0) idleScreenRefreshRate=null
03-03 02:52:49.239  3822  5543 W PackageManager: package com.facebook.appmanager uid 10263 pid 9949 call SetEnabledSetting(com.facebook.appmanager component = com.facebook.oxygen.appmanager.helium.trampoline.HeliumSandboxedService, 1, 0)
03-03 02:52:49.242  3822  5543 W PackageManager: package com.facebook.appmanager uid 10263 pid 9949 call SetEnabledSetting(com.facebook.appmanager component = com.facebook.oxygen.appmanager.helium.trampoline.HeliumSandboxedService0, 1, 0)
03-03 02:52:49.243  3822  3932 I DisplayDeviceRepository: Display device changed render timings: "Built-in Screen", renderFrameRate=90.0, presentationDeadlineNanos=16111111, appVsyncOffsetNanos=4555556, frameRateOverrides=[]
03-03 02:52:49.243  3822  3932 D LogicalDisplayExt: set displayInfo flag FLAG_ROTATES_WITH_CONTENT
03-03 02:52:49.243  3822  3932 D DisplayManagerService: Delivering display event: displayId=0, event=EVENT_DISPLAY_REFRESH_RATE_CHANGED
03-03 02:52:49.245  3822  5485 W PackageManager: package com.facebook.appmanager uid 10263 pid 9949 call SetEnabledSetting(com.facebook.appmanager component = com.facebook.oxygen.appmanager.helium.trampoline.HeliumSandboxedService1, 1, 0)
03-03 02:52:49.246  3822  3930 D WindowManager: DeferredDisplayUpdater: partially applying DisplayInfo(1240 x 2772) immediately
03-03 02:52:49.247  3822  3930 D OplusVFXScreenEffectFeature: notifySFCompatWindowStateChange entered false
03-03 02:52:49.247  3822  3930 D FSS_FoldScreenBlackCoverController: displayChangeToOn, dc:Display{#0 state=ON size=1240x2772 ROTATION_0}
03-03 02:52:49.300  3822  4085 D VRR [OPlusRefreshRateService]: handleConfigIdChange physicalDisplayId: 4630947214369728643 configId: 2 renderPeriod: 11111111
03-03 02:52:49.331  3822  3934 D SurfaceAnimationRunner: onAnimationEnd:Surface(name=Surface(name=OplusStartingSurface)/@0xc420036 - animation-leash of window_animation)/@0xac0d6a
03-03 02:52:49.339  3822  5486 V WindowManager: Relayout Window{351db37 u0 com.google.android.youtube/com.google.android.youtube.app.honeycomb.Shell$HomeActivity}: viewVisibility=4, oldvis=0, req=1240x2772 , apr = 0, vsysui=LAYOUT_STABLE LAYOUT_HIDE_NAVIGATION LAYOUT_FULLSCREEN IMMERSIVE_STICKY
03-03 02:52:49.341  3822  5486 D WindowManager: NFW_findFocusedWindowIfNeeded:Window{19afc01 u0 it.vfsfitvnm.vimusic.debug/it.vfsfitvnm.vimusic.MainActivity} mCurrentFocus:Window{19afc01 u0 it.vfsfitvnm.vimusic.debug/it.vfsfitvnm.vimusic.MainActivity}
03-03 02:52:49.343 29741 29741 D VRI[Shell$HomeActivity]: relayoutWindow result, sizeChanged:false, surfaceControlChanged:true, transformHintChanged:false, mSurfaceSize:Point(1240, 2772), mLastSurfaceSize:Point(1240, 2772), mWidth:1240, mHeight:2772, requestedWidth:1240, requestedHeight:2772, transformHint:0, installOrientation:0, displayRotation:0, isSurfaceValid:false, attr.flag:-2122252032, tmpFrames:ClientWindowFrames{frame=[0,0][1240,2772] display=[0,0][1240,2772] parentFrame=[0,0][0,0]}, relayoutAsync:false, mSyncSeqId:0
03-03 02:52:49.351  3822  4010 I UserAwareMgr: fg app status not changed, beforeVisible: true, currentVisible: true
03-03 02:52:49.367  3822  5486 D WindowManager: NFW_setClientVisible:ActivityRecord{33030765 u0 com.google.android.youtube/.app.honeycomb.Shell$HomeActivity t28334} clientVisible:false
03-03 02:52:49.367  3822  5486 I WindowManager: Window{351db37 u0 com.google.android.youtube/com.google.android.youtube.app.honeycomb.Shell$HomeActivity} state from HAS_DRAWN to DRAW_PENDING; reason: resetDrawState
03-03 02:52:49.368  3822  5486 I WindowManager: Window{351db37 u0 com.google.android.youtube/com.google.android.youtube.app.honeycomb.Shell$HomeActivity} state from DRAW_PENDING to NO_SURFACE; reason: destroySurface
03-03 02:52:49.368  3822  4951 D BackgroundInstallControlService: Package event received: 0
03-03 02:52:49.368  3822  5486 D OplusStartingWindowManager: skip remove starting window for activity = ActivityRecord{33030765 u0 com.google.android.youtube/.app.honeycomb.Shell$HomeActivity t28334} ,ar != topActivityContainsStartingWindow on activityStopped
03-03 02:52:49.378  3822  4010 I UserAwareMgr: fg app status not changed, beforeVisible: true, currentVisible: true
03-03 02:52:49.388  3822  4067 D OplusFeatureCameraBrightness[0]: handleMessage MSG_MODE_RECOVERY_BRIGHTNESS 10154
03-03 02:52:49.416  3822  4949 D FlexibleTaskController: check task which not have enough child, isInSingleWhiteList:false isCloneTask:false
03-03 02:52:49.457  9948  9948 V Configuration: Updating configuration, locales updated from [en_GB] to [en_IN]
03-03 02:52:49.512  3822  5484 V Configuration: Updating configuration, locales updated from [] to [en_US,en_GB]
03-03 02:52:49.513  3822  4030 W ActivityManager: Slow operation: 96ms so far, now at startProcess: returned from zygote!
03-03 02:52:49.513  3822  5484 D CompatChangeReporter: Compat change id reported: 151861875; UID 10362; state: ENABLED
03-03 02:52:49.515  3822  4030 W ActivityManager: Slow operation: 98ms so far, now at startProcess: done updating battery stats
03-03 02:52:49.515  3822  4030 W ActivityManager: Slow operation: 98ms so far, now at startProcess: building log message
03-03 02:52:49.515  3822  4030 I ActivityManager: Start proc 10202:in.amazon.mShop.android.shopping:upiSdkProcess/u0a328 for broadcast {in.amazon.mShop.android.shopping/org.npci.upi.security.pinactivitycomponent.ClMessengerReceiver}
03-03 02:52:49.515  3822  4030 W ActivityManager: Slow operation: 98ms so far, now at startProcess: starting to update pids map
03-03 02:52:49.515  3822  4030 W ActivityManager: Slow operation: 98ms so far, now at startProcess: done updating pids map
03-03 02:52:49.515  3822  3930 I ActivityManager: ProcessObserver broadcast disabled
03-03 02:52:49.524  3822  4569 I MemoryOperationUtils: add 10202 to in.amazon.mShop.android.shopping
03-03 02:52:49.532  3822  4030 W ActivityManager: Slow operation: 51ms so far, now at startProcess: returned from zygote!
03-03 02:52:49.535  3822  4030 W ActivityManager: Slow operation: 54ms so far, now at startProcess: done updating battery stats
03-03 02:52:49.535  3822  4030 W ActivityManager: Slow operation: 54ms so far, now at startProcess: building log message
03-03 02:52:49.535  3822  4030 I ActivityManager: Start proc 10210:com.android.chrome/u0a156 for service {com.android.chrome/org.chromium.chrome.browser.customtabs.CustomTabsConnectionService}
03-03 02:52:49.535  3822  4030 W ActivityManager: Slow operation: 54ms so far, now at startProcess: starting to update pids map
03-03 02:52:49.535  3822  3930 I ActivityManager: ProcessObserver broadcast disabled
03-03 02:52:49.536  3822  4030 W ActivityManager: Slow operation: 54ms so far, now at startProcess: done updating pids map
03-03 02:52:49.537  3822  4569 I MemoryOperationUtils: add 10210 to com.android.chrome
03-03 02:52:49.560  3822  4030 I ActivityManager: Start proc 10224:com.Slack/u0a362 for service {com.Slack/androidx.work.impl.background.systemjob.SystemJobService}
03-03 02:52:49.560  3822  3930 I ActivityManager: ProcessObserver broadcast disabled
03-03 02:52:49.561  3822  4569 I MemoryOperationUtils: add 10224 to com.Slack
03-03 02:52:49.580  3822  4949 D ActivityTaskManagerServiceExtImpl: preBindApplication record is null
03-03 02:52:49.587  3822  4569 D osense.compress: com.google.android.apps.messaging do shrink, target ratio = 83, final ratio = 90, cur ratio = 76
03-03 02:52:49.600  3822  5354 D ActivityTaskManagerServiceExtImpl: preBindApplication record is null
03-03 02:52:49.616 10202 10202 V Configuration: Updating configuration, locales updated from [] to [en_GB]
03-03 02:52:49.623  3822  4593 W JobServiceContext: Sending onNetworkChanged for a job that isn't started. JobStatus{82e2b07 androidx.work.systemjobscheduler:u0a362/52465 @androidx.work.systemjobscheduler@com.Slack/androidx.work.impl.background.systemjob.SystemJobService u=0 s=10362 TIME=-2m22s455ms:none NET READY}
03-03 02:52:49.639 10224 10224 V Configuration: Updating configuration, locales updated from [] to [en_GB]
03-03 02:52:49.644 10210 10210 V Configuration: Updating configuration, locales updated from [] to [en_GB]
03-03 02:52:49.672  3822  4010 I UserAwareMgr: fg app status not changed, beforeVisible: true, currentVisible: true
03-03 02:52:49.752  3822  4010 I UserAwareMgr: fg app status not changed, beforeVisible: true, currentVisible: true
03-03 02:52:49.772  3822  5544 W PackageManager: package com.facebook.appmanager uid 10263 pid 9949 call SetEnabledSetting(com.facebook.appmanager component = com.facebook.oxygen.appmanager.webinstall.WebInstallAppLinkActivityV2, 1, 0)
03-03 02:52:49.797  3822  4949 W PackageManager: package com.facebook.appmanager uid 10263 pid 9949 call SetEnabledSetting(com.facebook.appmanager component = com.facebook.oxygen.appmanager.webinstall.WebInstallAppLinkActivityV2, 1, 0)
03-03 02:52:49.800 10202 10202 D ResourcesManagerExtImpl: applyConfigurationToAppResourcesLocked app.getDisplayId() return callback.displayId:-1
03-03 02:52:49.800  3822  5484 I ActivityManager: Flag disabled. Ignoring finishAttachApplication from uid: 10328. pid: 9948
03-03 02:52:49.813  3822  4949 I ActivityManager: Flag disabled. Ignoring finishAttachApplication from uid: 10328. pid: 10202
03-03 02:52:49.823  3822  4949 W PackageManager: package com.facebook.appmanager uid 10263 pid 9949 call SetEnabledSetting(com.facebook.appmanager component = com.facebook.oxygen.appmanager.webinstall.WebInstallAppLinkIgliteActivity, 1, 0)
03-03 02:52:49.831  3822  4949 W PackageManager: package com.facebook.appmanager uid 10263 pid 9949 call SetEnabledSetting(com.facebook.appmanager component = com.facebook.oxygen.appmanager.webinstall.WebInstallAppLinkWhatsAppActivity, 2, 0)
03-03 02:52:49.832  3822  5354 W PackageManager: package com.facebook.appmanager uid 10263 pid 9949 call SetEnabledSetting(com.facebook.appmanager component = com.facebook.oxygen.appmanager.webinstall.WebInstallAppLinkFbliteActivity, 1, 0)
03-03 02:52:49.844  3822  5354 W PackageManager: package com.facebook.appmanager uid 10263 pid 9949 call SetEnabledSetting(com.facebook.appmanager component = com.facebook.oxygen.appmanager.webinstall.WebInstallAppLinkFB4AActivity, 1, 0)
03-03 02:52:49.865 10224 10224 D ResourcesManagerExtImpl: applyConfigurationToAppResourcesLocked app.getDisplayId() return callback.displayId:-1
03-03 02:52:49.869  3822  4063 D PowerManagerService: userActivityNoUpdateLocked: groupId=0, eventTime=92037891, event=touch, flags=0x0, uid=1000
03-03 02:52:49.892  3822  4010 W QosScheduler: getScenario failed! scenarios is null, mask=4
03-03 02:52:49.892  3822  4010 W QosScheduler: executeSceneQosStrategy get scenario failed! scenario is null
03-03 02:52:49.904  3822  5354 W PackageManager: package in.amazon.mShop.android.shopping uid 10328 pid 9948 call SetEnabledSetting(in.amazon.mShop.android.shopping component = com.amazon.identity.auth.device.storage.LambortishClock$ChangeTimestampsBroadcastReceiver, 1, 0)
03-03 02:52:49.905 10210 10210 D ResourcesManagerExtImpl: applyConfigurationToAppResourcesLocked app.getDisplayId() return callback.displayId:-1
03-03 02:52:49.905  3822  5354 W PackageManager: package in.amazon.mShop.android.shopping uid 10328 pid 9948 call SetEnabledSetting(in.amazon.mShop.android.shopping component = com.amazon.identity.auth.accounts.SessionUserChangedToAccountForPackageChangedAdpater, 2, 0)
03-03 02:52:49.906  3822  5486 W PackageManager: package in.amazon.mShop.android.shopping uid 10328 pid 9948 call SetEnabledSetting(in.amazon.mShop.android.shopping component = com.amazon.identity.auth.device.bootstrapSSO.BootstrapSSOService, 1, 0)
03-03 02:52:49.950  3822  4949 W PackageManager: package com.facebook.appmanager uid 10263 pid 9949 call SetEnabledSetting(com.facebook.appmanager component = com.facebook.oxygen.appmanager.webinstall.WebInstallAppLinkMetaAIActivity, 1, 0)
03-03 02:52:49.971  3822  4063 D PowerManagerService: userActivityNoUpdateLocked: groupId=0, eventTime=92037995, event=touch, flags=0x0, uid=1000
03-03 02:52:50.020  3822  3930 D OplusPanoramaWorkBranchController: notifyMotionUpOrCancel
03-03 02:52:50.025  3822  4031 I ActivityManager: Process PhantomProcessRecord {c96c6e4 10346:9948:sh/u0a328} died
03-03 02:52:50.043  3822  5486 W PackageManager: package com.facebook.appmanager uid 10263 pid 9949 call SetEnabledSetting(com.facebook.appmanager component = com.facebook.oxygen.appmanager.webinstall.WebInstallAppLinkMetaAIActivity, 2, 0)
03-03 02:52:50.076  3822  5354 I ActivityManager: Flag disabled. Ignoring finishAttachApplication from uid: 10362. pid: 10224
03-03 02:52:50.131  3822  5354 D CompatChangeReporter: Compat change id reported: 311402873; UID 10362; state: ENABLED
03-03 02:52:50.132  3822  5354 D CompatChangeReporter: Compat change id reported: 323349338; UID 10362; state: ENABLED
03-03 02:52:50.140  3822  5544 W PackageManager: package com.facebook.appmanager uid 10263 pid 9949 call SetEnabledSetting(com.facebook.appmanager component = com.facebook.oxygen.appmanager.webinstall.WebInstallAppLinkInstagramActivity, 1, 0)
03-03 02:52:50.160  3822  5544 D CompatChangeReporter: Compat change id reported: 311208629; UID 10362; state: ENABLED
03-03 02:52:50.161  3822  5544 W JobScheduler: Job didn't exist in JobStore: #com.Slack/52465
03-03 02:52:50.175  3822  4030 I ActivityManager: Start proc 10480:com.jio.myjio/u0a355 for service {com.jio.myjio/androidx.work.impl.background.systemjob.SystemJobService}
03-03 02:52:50.175  3822  3930 I ActivityManager: ProcessObserver broadcast disabled
03-03 02:52:50.176  3822  4569 I MemoryOperationUtils: add 10480 to com.jio.myjio
03-03 02:52:50.197  3822  5544 D ActivityTaskManagerServiceExtImpl: preBindApplication record is null
03-03 02:52:50.206 10480 10480 V Configuration: Updating configuration, locales updated from [] to [en_GB]
03-03 02:52:50.232  3822  5354 W PackageManager: package com.facebook.appmanager uid 10263 pid 9949 call SetEnabledSetting(com.facebook.appmanager component = com.facebook.oxygen.appmanager.webinstall.WebInstallAppLinkThreadsActivity, 1, 0)
03-03 02:52:50.252  3822  5544 W PackageManager: package com.facebook.appmanager uid 10263 pid 9949 call SetEnabledSetting(com.facebook.appmanager component = com.facebook.oxygen.appmanager.webinstall.WebInstallAppLinkMessengerActivity, 1, 0)
03-03 02:52:50.263  3822  5544 W PackageManager: package com.facebook.appmanager uid 10263 pid 9949 call SetEnabledSetting(com.facebook.appmanager component = com.facebook.oxygen.appmanager.webinstall.WebInstallAppLinkIgliteLoggedOutActivity, 1, 0)
03-03 02:52:50.270  3822  5544 W PackageManager: package com.facebook.appmanager uid 10263 pid 9949 call SetEnabledSetting(com.facebook.appmanager component = com.facebook.oxygen.appmanager.webinstall.WebInstallAppLinkWhatsAppLoggedOutActivity, 2, 0)
03-03 02:52:50.272  3822  5544 W PackageManager: package com.facebook.appmanager uid 10263 pid 9949 call SetEnabledSetting(com.facebook.appmanager component = com.facebook.oxygen.appmanager.webinstall.WebInstallAppLinkFbliteLoggedOutActivity, 1, 0)
03-03 02:52:50.276 10480 10480 D ResourcesManagerExtImpl: applyConfigurationToAppResourcesLocked app.getDisplayId() return callback.displayId:-1
03-03 02:52:50.281  3822  5486 W PackageManager: package com.facebook.appmanager uid 10263 pid 9949 call SetEnabledSetting(com.facebook.appmanager component = com.facebook.oxygen.appmanager.webinstall.WebInstallAppLinkFB4ALoggedOutActivity, 1, 0)
03-03 02:52:50.291  3822  5486 W PackageManager: package com.facebook.appmanager uid 10263 pid 9949 call SetEnabledSetting(com.facebook.appmanager component = com.facebook.oxygen.appmanager.webinstall.WebInstallAppLinkMetaAILoggedOutActivity, 1, 0)
03-03 02:52:50.299  3822  5486 W PackageManager: package com.facebook.appmanager uid 10263 pid 9949 call SetEnabledSetting(com.facebook.appmanager component = com.facebook.oxygen.appmanager.webinstall.WebInstallAppLinkMetaAILoggedOutActivity, 2, 0)
03-03 02:52:50.315  3822  5544 W PackageManager: package com.facebook.appmanager uid 10263 pid 9949 call SetEnabledSetting(com.facebook.appmanager component = com.facebook.oxygen.appmanager.webinstall.WebInstallAppLinkInstagramLoggedOutActivity, 1, 0)
03-03 02:52:50.323  3822  5544 I ActivityManager: Flag disabled. Ignoring finishAttachApplication from uid: 10156. pid: 10210
03-03 02:52:50.328  3822  5486 W PackageManager: package com.facebook.appmanager uid 10263 pid 9949 call SetEnabledSetting(com.facebook.appmanager component = com.facebook.oxygen.appmanager.webinstall.WebInstallAppLinkThreadsLoggedOutActivity, 1, 0)
03-03 02:52:50.342  3822  5354 W PackageManager: package com.facebook.appmanager uid 10263 pid 9949 call SetEnabledSetting(com.facebook.appmanager component = com.facebook.oxygen.appmanager.webinstall.WebInstallAppLinkMessengerLoggedOutActivity, 1, 0)
03-03 02:52:50.357  3822  5544 W PackageManager: package com.facebook.appmanager uid 10263 pid 9949 call SetEnabledSetting(com.facebook.appmanager component = com.facebook.oxygen.appmanager.webinstall.WebInstallAppLinkIgliteRestrictedActivity, 2, 0)
03-03 02:52:50.360  3822  5354 W PackageManager: package com.facebook.appmanager uid 10263 pid 9949 call SetEnabledSetting(com.facebook.appmanager component = com.facebook.oxygen.appmanager.webinstall.WebInstallAppLinkWhatsAppRestrictedActivity, 2, 0)
03-03 02:52:50.379 10210 10210 I DisplayManager: Implicitly registering for refresh rate
03-03 02:52:50.410  3822  5544 W PackageManager: package com.facebook.appmanager uid 10263 pid 9949 call SetEnabledSetting(com.facebook.appmanager component = com.facebook.oxygen.appmanager.webinstall.WebInstallAppLinkFbliteRestrictedActivity, 2, 0)
03-03 02:52:50.424  3822  5354 D QuickBackInputPolicy: isInMultiWindowMode and isInSplitScreen is: false isZoomMode is: false isMultiWindowModeInPocketStudio is: false isEmbeddedInLauncherActivity is: false
03-03 02:52:50.424  3822  4063 D PowerManagerService: userActivityNoUpdateLocked: groupId=0, eventTime=92038443, event=touch, flags=0x0, uid=1000
03-03 02:52:50.424  3822  5354 D QuickBackInputPolicy: hasMultiChildrenInTask: false
03-03 02:52:50.424  3822  5354 D QuickBackInputPolicy: shouldTriggerBackKeyEvent focusWin=Window{19afc01 u0 it.vfsfitvnm.vimusic.debug/it.vfsfitvnm.vimusic.MainActivity}, topFullscreenOpaqueWindow=Window{19afc01 u0 it.vfsfitvnm.vimusic.debug/it.vfsfitvnm.vimusic.MainActivity}, mLaunchEndTimePair=Pair{ActivityRecord{88248206 u0 it.vfsfitvnm.vimusic.debug/it.vfsfitvnm.vimusic.MainActivity t28698} 92037138}, processRunning=true, timeThreshold is: 0, lastRemoteFromAssistant = false
03-03 02:52:50.424  3822  5354 D QuickBackInputPolicy: canInterceptKeyEventToHome Window:Window{19afc01 u0 it.vfsfitvnm.vimusic.debug/it.vfsfitvnm.vimusic.MainActivity}, do nothing!
03-03 02:52:50.432  3822  5354 W PackageManager: package com.facebook.appmanager uid 10263 pid 9949 call SetEnabledSetting(com.facebook.appmanager component = com.facebook.oxygen.appmanager.webinstall.WebInstallAppLinkFB4ARestrictedActivity, 2, 0)
03-03 02:52:50.433  3822  4030 I ActivityManager: Start proc 10543:com.google.android.rkpdapp/u0a298 for service {com.google.android.rkpdapp/com.android.rkpdapp.service.RemoteProvisioningService}
03-03 02:52:50.433  3822  3930 I ActivityManager: ProcessObserver broadcast disabled
03-03 02:52:50.437  3822  4569 I MemoryOperationUtils: add 10543 to inactive
03-03 02:52:50.440  3822  5354 D QuickBackInputPolicy: isInMultiWindowMode and isInSplitScreen is: false isZoomMode is: false isMultiWindowModeInPocketStudio is: false isEmbeddedInLauncherActivity is: false
03-03 02:52:50.440  3822  5354 D QuickBackInputPolicy: hasMultiChildrenInTask: false
03-03 02:52:50.440  3822  5354 D QuickBackInputPolicy: shouldTriggerBackKeyEvent focusWin=Window{19afc01 u0 it.vfsfitvnm.vimusic.debug/it.vfsfitvnm.vimusic.MainActivity}, topFullscreenOpaqueWindow=Window{19afc01 u0 it.vfsfitvnm.vimusic.debug/it.vfsfitvnm.vimusic.MainActivity}, mLaunchEndTimePair=Pair{ActivityRecord{88248206 u0 it.vfsfitvnm.vimusic.debug/it.vfsfitvnm.vimusic.MainActivity t28698} 92037138}, processRunning=true, timeThreshold is: 0, lastRemoteFromAssistant = false
03-03 02:52:50.440  3822  5354 D CoreBackPreview: startBackNavigation currentTask=Task{6a135b3 #28698 type=standard A=10686:it.vfsfitvnm.vimusic.debug}, topRunningActivity=ActivityRecord{88248206 u0 it.vfsfitvnm.vimusic.debug/it.vfsfitvnm.vimusic.MainActivity t28698}, callbackInfo=OnBackInvokedCallbackInfo{mCallback=android.window.IOnBackInvokedCallback$Stub$Proxy@e2a0063, mPriority=0, mIsAnimationCallback=false, mOverrideBehavior=0}, currentFocus=Window{19afc01 u0 it.vfsfitvnm.vimusic.debug/it.vfsfitvnm.vimusic.MainActivity}
03-03 02:52:50.441  3822  4949 V WindowManager: Relayout Window{d56c34c u0 ColorSideGestureLeft_displayId_0}: viewVisibility=0, oldvis=8, req=192x3137 , apr = 0, vsysui=
03-03 02:52:50.441  3822  4949 I WindowManager: Window{d56c34c u0 ColorSideGestureLeft_displayId_0} state from NO_SURFACE to DRAW_PENDING; reason: resetDrawState
03-03 02:52:50.441  5545  5606 D ShellBackPreview: Received backNavigationInfo:BackNavigationInfo{mType=TYPE_CALLBACK (4), mOnBackNavigationDone=android.os.RemoteCallback@bf7e2f0, mOnBackInvokedCallback=android.window.IOnBackInvokedCallback$Stub$Proxy@550f069, mPrepareRemoteAnimation=false, mAnimationCallback=false, mCustomizeAnimationInfo=null}
03-03 02:52:50.444  3822  4949 D WindowManager: NFW_findFocusedWindowIfNeeded:Window{19afc01 u0 it.vfsfitvnm.vimusic.debug/it.vfsfitvnm.vimusic.MainActivity} mCurrentFocus:Window{19afc01 u0 it.vfsfitvnm.vimusic.debug/it.vfsfitvnm.vimusic.MainActivity}
03-03 02:52:50.454  3822  5486 I WindowManager: Window{d56c34c u0 ColorSideGestureLeft_displayId_0} state from DRAW_PENDING to COMMIT_DRAW_PENDING; reason: finishDrawingLocked
03-03 02:52:50.455  3822  3933 I WindowManager: Window{d56c34c u0 ColorSideGestureLeft_displayId_0} state from COMMIT_DRAW_PENDING to READY_TO_SHOW; reason: commitFinishDrawingLocked
03-03 02:52:50.455  3822  3933 I WindowManager: Window{d56c34c u0 ColorSideGestureLeft_displayId_0} state from READY_TO_SHOW to HAS_DRAWN; reason: performShowLocked
