03-03 02:33:24.347 18856 18856 D VRI[MediaComposerActivity]: relayoutWindow result, sizeChanged:true, surfaceControlChanged:true, transformHintChanged:false, mSurfaceSize:Point(1240, 2772), mLastSurfaceSize:Point(0, 0), mWidth:-1, mHeight:-1, requestedWidth:1240, requestedHeight:2772, transformHint:0, installOrientation:0, displayRotation:0, isSurfaceValid:true, attr.flag:-2122252032, tmpFrames:ClientWindowFrames{frame=[0,0][1240,2772] display=[0,0][1240,2772] parentFrame=[0,0][0,0]}, relayoutAsync:false, mSyncSeqId:0
03-03 02:33:24.347 18856 18856 W VRI[MediaComposerActivity]: updateBlastSurfaceIfNeeded, surfaceSize:Point(1240, 2772), lastSurfaceSize:Point(0, 0), format:-1, blastBufferQueue:null
03-03 02:33:24.359  5787  5787 W VRI[HideNavHandle]: handleResized abandoned!
03-03 02:33:24.360  3822  4762 I VibrationEffectConvertor: onInputMethodListUpdated received, info.size = 3
03-03 02:33:24.360  3822  4762 I VibrationEffectConvertor: userid = 0, packageName = com.google.android.tts
03-03 02:33:24.360  3822  4762 I VibrationEffectConvertor: userid = 0, packageName = com.google.android.inputmethod.latin
03-03 02:33:24.360  3822  4762 I VibrationEffectConvertor: userid = 0, packageName = com.oplus.securitykeyboard
03-03 02:33:24.364  3822  5443 D WindowManager: onSyncFinishedDrawing: Window{b89c190 u0 com.whatsapp/com.whatsapp.mediacomposer.ui.app.MediaComposerActivity}
03-03 02:33:24.364  3822  5443 I WindowManager: finishDrawing skipLayout:false,syncSeqId=0,mPrepareSyncSeqId=0 Window{b89c190 u0 com.whatsapp/com.whatsapp.mediacomposer.ui.app.MediaComposerActivity} com.android.server.wm.WindowManagerService.finishDrawingWindow:3192 com.android.server.wm.Session.finishDrawing:369 android.view.IWindowSession$Stub.onTransact:793 
03-03 02:33:24.364  3822  5443 I WindowManager: Window{b89c190 u0 com.whatsapp/com.whatsapp.mediacomposer.ui.app.MediaComposerActivity} state from DRAW_PENDING to COMMIT_DRAW_PENDING; reason: finishDrawingLocked
03-03 02:33:24.365  3822  3933 I WindowManager: Window{b89c190 u0 com.whatsapp/com.whatsapp.mediacomposer.ui.app.MediaComposerActivity} state from COMMIT_DRAW_PENDING to READY_TO_SHOW; reason: commitFinishDrawingLocked
03-03 02:33:24.366  3822  3933 D CoreBackPreview:  return markWindowHasDrawn mComposed: false  mWaitTransition: false
03-03 02:33:24.366  3822  3933 D ActivityTaskManager: Clearing startingData for activity=ActivityRecord{183165340 u0 com.whatsapp/.mediacomposer.ui.app.MediaComposerActivity t28697} mStartingData=null mStartingSurface=null
03-03 02:33:24.366  3822  3933 D QuickBackInputPolicy: setAppLaunchEndTime update timePair=Pair{ActivityRecord{183165340 u0 com.whatsapp/.mediacomposer.ui.app.MediaComposerActivity t28697} 90872391}
03-03 02:33:24.366  3822  3933 D ActivityTaskManager: commitVisibility: ActivityRecord{183165340 u0 com.whatsapp/.mediacomposer.ui.app.MediaComposerActivity t28697}: visible=true visibleRequested=true, isInTransition=true 
03-03 02:33:24.367  3822  3933 D CoreBackPreview:  return markWindowHasDrawn mComposed: false  mWaitTransition: false
03-03 02:33:24.367  3822  3933 D ActivityTaskManager: Clearing startingData for activity=ActivityRecord{183165340 u0 com.whatsapp/.mediacomposer.ui.app.MediaComposerActivity t28697} mStartingData=null mStartingSurface=null
03-03 02:33:24.367  3822  3933 I WindowManager: Window{b89c190 u0 com.whatsapp/com.whatsapp.mediacomposer.ui.app.MediaComposerActivity} state from READY_TO_SHOW to HAS_DRAWN; reason: performShowLocked
03-03 02:33:24.367  3822  3933 D CoreBackPreview:  return markWindowHasDrawn mComposed: false  mWaitTransition: false
03-03 02:33:24.367  3822  3933 E OplusAppQuickStart_AppQuickStartController: not start from launcher transition:5161
03-03 02:33:24.367  3822  3933 D Transition: collectOrderChanges onTopTasksEnd: [Task{abd8368 #28697 type=standard A=10326:com.whatsapp}], reportedOnTop:null, mOnTopTasksStart: [Task{abd8368 #28697 type=standard A=10326:com.whatsapp}], TDA child: [Task{dc0370a #28625 type=standard A=10260:com.oppo.gallery3d.app.Gallery}, Task{44bb559 #28684 type=standard A=10173:com.oneplus.calculator}, Task{8eafb7b #28683 type=standard A=10277:com.google.android.apps.photos}, Task{870a5ad #28641 type=standard A=10348:com.phonepe.app nonResizable}, Task{bddfc68 #28664 type=standard A=10259:com.google.android.apps.messaging}, Task{c6f60c3 #2 type=undefined}, Task{40ca6bc #28536 type=standard A=10156:com.android.chrome}, Task{232517e #28647 type=standard A=10164:com.google.android.apps.maps}, Task{23bfea4 #28333 type=standard A=10162:com.google.android.gm}, Task{e4c9e12 #28688 type=standard A=10347:com.flipkart.android}, Task{47895c5 #28329 type=standard A=10368:android.task.contacts}, Task{1a01eb #28608 type=standard A=10050:com.linkedin.android}, Task{88188be #28687 type=standard A=10116:com.android.vending}, Task{ff94c47 #28581 type=standard A=10126:com.google.android.googlequicksearchbox.googleapp}, Task{d2265cd #28689 type=standard A=1000:com.android.settings.root}, Task{c5eeaf0 #28334 type=standard A=10168:com.google.android.youtube}, Task{cbd9799 #28387 type=standard A=10041:com.microsoft.teams}, Task{6a135b3 #28698 type=standard A=10686:it.vfsfitvnm.vimusic.debug}, Task{2d5e9a #1 type=home}, Task{abd8368 #28697 type=standard A=10326:com.whatsapp}]
03-03 02:33:24.367  5545  5545 W VRI[NavigationBar_displayId_0]: handleResized abandoned!
03-03 02:33:24.367  3822  3933 D OplusFlexibleActivityTransitionManager: fixTransitType type result:1, targets: [ChangeInfo{dda43a2 container=ActivityRecord{183165340 u0 com.whatsapp/.mediacomposer.ui.app.MediaComposerActivity t28697} flags=0x0}, ChangeInfo{7d65833 container=ActivityRecord{138642048 u0 com.whatsapp/.camera.ui.CameraActivity t28697} flags=0x0}, ChangeInfo{f9547f0 container=ActivityRecord{105529021 u0 com.whatsapp/.Conversation t28697} flags=0x0}]
03-03 02:33:24.368  3822  3933 D OplusTransitionAnimationManager: activityRecordCount2fullScreenArBeHindStartingWindow null
03-03 02:33:24.368  3822  3933 D OplusTransitionAnimationManager: activityRecordCount2fullScreenArBeHindStartingWindow null
03-03 02:33:24.368  3822  3933 D OplusTransitionAnimationManager: activityRecordCount2fullScreenArBeHindStartingWindow null
03-03 02:33:24.369  3822  3933 D QuickBackInputPolicy: resetInputInterceptState for remoteTransition: false
03-03 02:33:24.369  3822  3933 D OplusTransitionController: onTransactionReady, transition: 5161, info: {id=5161 t=OPEN f=0x0 trk=0 r=[0@Point(0, 0)] c=[{m=OPEN f=FILLS_TASK leash=Surface(name=ActivityRecord{183165340 u0 com.whatsapp/.mediacomposer.ui.app.MediaComposerActivity t28697})/@0xb3cf7ee sb=Rect(0, 0 - 0, 0) eb=Rect(0, 0 - 1240, 2772) epz=Point(1240, 2772) d=-1->0 r=-1->0:-1 bc=ff303030 component=com.whatsapp/.mediacomposer.ui.app.MediaComposerActivity opt={t=FROM_STYLE mUserId=0}},{m=TO_BACK f=TRANSLUCENT|FILLS_TASK leash=Surface(name=ActivityRecord{138642048 u0 com.whatsapp/.camera.ui.CameraActivity t28697})/@0xbe518d1 sb=Rect(0, 0 - 1240, 2772) eb=Rect(0, 0 - 1240, 2772) epz=Point(1240, 2772) d=0 bc=ff303030 component=com.whatsapp/.camera.ui.CameraActivity opt={t=FROM_STYLE mUserId=0}},{m=TO_BACK f=FILLS_TASK leash=Surface(name=ActivityRecord{105529021 u0 com.whatsapp/.Conversation t28697})/@0x56d38f8 sb=Rect(0, 0 - 1240, 2772) eb=Rect(0, 0 - 1240, 2772) epz=Point(1240, 2772) d=0 bc=ff303030 component=com.whatsapp/.Conversation opt={t=FROM_STYLE mUserId=0}}] 
03-03 02:33:24.369  3822  3933 D OplusTransitionController: extendInfo=[
03-03 02:33:24.369  3822  3933 D OplusTransitionController:  OplusTransitionExtendedInfo{mTmpFinishT=null, mInOplusCompatMode=false, mIsProcessRunning=false, mHasMismatchBoundsTarget=false, mRecentsController=null, mRemoteTransition=null, mIsTranslucentActivityToHome=false, mAvoidInterceptKeyEventToHome=false, mIsFromHome=false, mParentLeash=null, mBackAnimClosingLeash=null, mIsOplusAnimRes=false, mKeepBgForContinuous=false, mIsBalAllow=false, mTaskNotInRecent=false, mIsPredictiveBackAnim=false, mIsMergedWithPredictive=false, mIsLaunchFromSpruce=false, mIsLaunchFromDrive=false, mGlobalSearchPageSwitch=false, mNeedNoAlphaGlobalSearchScene=false, mAssistScreenShowing=false, mSwipeUpBrowserScreenShowing=false, mUserIdTransition=-1
03-03 02:33:24.369  3822  3933 D OplusTransitionController: , mInRemoteScene=false, mInPreReady=false, mPreStart=false, mToken=null, mAbortByRemoteFromHome=false, mShellApplyToken=null, mRequestTransitionTaskId=28697, mAbortTransitionOnShell=0, mStartFromShortcut=false, mRemovedTaskId=-1, mTransitionInterruptType=0, mMergeSecondTaskId=-1, mTaskIdStartFromRecents=0, mTransitionId=5161, mCanUseSpringSlideAnim=false, mTransitionLaunchFrom=0, mFoldChangeType=-1, mAnimStartingPosition=[0, 0, 0, 0], mIsOpeningStkDialogActivity=false, mIsNeedApplyStartTForEmbedded=false, mMergeSecondTaskAnimation=false, mIsLaunchUnityStart=false, mIsLaunchFromAssistantByDefault=false, mSkipRemoteTransitionfalse, mIsStartFromKeyguard=false flags=0x0, mWCT=null, mIsOpenMergeToInValidPredictive=false}]}, targets : [ChangeInfo{dda43a2 container=ActivityRecord{183165340 u0 com.whatsapp/.mediacomposer.ui.app.MediaComposerActivity t28697} flags=0x0}, ChangeInfo{7d65833 container=ActivityRecord{138642048 u0 com.whatsapp/.camera.ui.CameraActivity t28697} flags=0x0}, ChangeInfo{f9547f0 container=ActivityRecord{105529021 u0 com.whatsapp/.Conversation t28697} flags=0x0}], participants: {ActivityRecord{105529021 u0 com.whatsapp/.Conversation t28697}, ActivityRecord{138642048 u0 com.whatsapp/.camera.ui.CameraActivity t28697}, ActivityRecord{183165340 u0 com.whatsapp/.mediacomposer.ui.app.MediaComposerActivity t28697}}
03-03 02:33:24.370  5545  6074 V WindowManagerShell: onTransitionReady(transaction=16415365359479)
03-03 02:33:24.371  5545  5606 V WindowManagerShell: onTransitionReady (#5161) android.os.BinderProxy@d13ec61: {id=5161 t=OPEN f=0x0 trk=0 r=[0@Point(0, 0)] c=[
03-03 02:33:24.371  5545  5606 V WindowManagerShell:         {m=OPEN f=FILLS_TASK leash=Surface(name=ActivityRecord{183165340 u0 com.whatsapp/.mediacomposer.ui.app.MediaComposerActivity t28697})/@0xaeb953f sb=Rect(0, 0 - 0, 0) eb=Rect(0, 0 - 1240, 2772) epz=Point(1240, 2772) d=-1->0 r=-1->0:-1 bc=ff303030 component=com.whatsapp/.mediacomposer.ui.app.MediaComposerActivity opt={t=FROM_STYLE mUserId=0}},
03-03 02:33:24.371  5545  5606 V WindowManagerShell:         {m=TO_BACK f=TRANSLUCENT|FILLS_TASK leash=Surface(name=ActivityRecord{138642048 u0 com.whatsapp/.camera.ui.CameraActivity t28697})/@0xb81ee0c sb=Rect(0, 0 - 1240, 2772) eb=Rect(0, 0 - 1240, 2772) epz=Point(1240, 2772) d=0 bc=ff303030 component=com.whatsapp/.camera.ui.CameraActivity opt={t=FROM_STYLE mUserId=0}},
03-03 02:33:24.371  5545  5606 V WindowManagerShell:         {m=TO_BACK f=FILLS_TASK leash=Surface(name=ActivityRecord{105529021 u0 com.whatsapp/.Conversation t28697})/@0x6223355 sb=Rect(0, 0 - 1240, 2772) eb=Rect(0, 0 - 1240, 2772) epz=Point(1240, 2772) d=0 bc=ff303030 component=com.whatsapp/.Conversation opt={t=FROM_STYLE mUserId=0}}
03-03 02:33:24.371  5545  5606 V WindowManagerShell:     ] 
03-03 02:33:24.371  5545  5606 V WindowManagerShell: extendInfo=[
03-03 02:33:24.371  5545  5606 V WindowManagerShell:  OplusTransitionExtendedInfo{mTmpFinishT=null, mInOplusCompatMode=false, mIsProcessRunning=false, mHasMismatchBoundsTarget=false, mRecentsController=null, mRemoteTransition=null, mIsTranslucentActivityToHome=false, mAvoidInterceptKeyEventToHome=false, mIsFromHome=false, mParentLeash=null, mBackAnimClosingLeash=null, mIsOplusAnimRes=false, mKeepBgForContinuous=false, mIsBalAllow=false, mTaskNotInRecent=false, mIsPredictiveBackAnim=false, mIsMergedWithPredictive=false, mIsLaunchFromSpruce=false, mIsLaunchFromDrive=false, mGlobalSearchPageSwitch=false, mNeedNoAlphaGlobalSearchScene=false, mAssistScreenShowing=false, mSwipeUpBrowserScreenShowing=false, mUserIdTransition=-1
03-03 02:33:24.371  5545  5606 V WindowManagerShell: , mInRemoteScene=false, mInPreReady=false, mPreStart=false, mToken=null, mAbortByRemoteFromHome=false, mShellApplyToken=null, mRequestTransitionTaskId=28697, mAbortTransitionOnShell=0, mStartFromShortcut=false, mRemovedTaskId=-1, mTransitionInterruptType=0, mMergeSecondTaskId=-1, mTaskIdStartFromRecents=0, mTransitionId=5161, mCanUseSpringSlideAnim=false, mTransitionLaunchFrom=0, mFoldChangeType=-1, mAnimStartingPosition=[0, 0, 0, 0], mIsOpeningStkDialogActivity=false, mIsNeedApplyStartTForEmbedded=false, mMergeSecondTaskAnimation=false, mIsLaunchUnityStart=false, mIsLaunchFromAssistantByDefault=false, mSkipRemoteTransitionfalse, mIsStartFromKeyguard=false flags=0x0, mWCT=null, mIsOpenMergeToInValidPredictive=false}]}
03-03 02:33:24.371  5545  5606 V WindowManagerShell: Playing animation for (#5161) android.os.BinderProxy@d13ec61@0
03-03 02:33:24.371  5545  5606 V ShellRecents: RecentsTransitionHandler.startAnimation: no controller found
03-03 02:33:24.371  5545  5606 V WindowManagerShell: start OnePuttTransition animation, info = {id=5161 t=OPEN f=0x0 trk=0 r=[0@Point(0, 0)] c=[{m=OPEN f=FILLS_TASK leash=Surface(name=ActivityRecord{183165340 u0 com.whatsapp/.mediacomposer.ui.app.MediaComposerActivity t28697})/@0xaeb953f sb=Rect(0, 0 - 0, 0) eb=Rect(0, 0 - 1240, 2772) epz=Point(1240, 2772) d=-1->0 r=-1->0:-1 bc=ff303030 component=com.whatsapp/.mediacomposer.ui.app.MediaComposerActivity opt={t=FROM_STYLE mUserId=0}},{m=TO_BACK f=TRANSLUCENT|FILLS_TASK leash=Surface(name=ActivityRecord{138642048 u0 com.whatsapp/.camera.ui.CameraActivity t28697})/@0xb81ee0c sb=Rect(0, 0 - 1240, 2772) eb=Rect(0, 0 - 1240, 2772) epz=Point(1240, 2772) d=0 bc=ff303030 component=com.whatsapp/.camera.ui.CameraActivity opt={t=FROM_STYLE mUserId=0}},{m=TO_BACK f=FILLS_TASK leash=Surface(name=ActivityRecord{105529021 u0 com.whatsapp/.Conversation t28697})/@0x6223355 sb=Rect(0, 0 - 1240, 2772) eb=Rect(0, 0 - 1240, 2772) epz=Point(1240, 2772) d=0 bc=ff303030 component=com.whatsapp/.Conversation opt={t=FROM_STYLE mUserId=0}}] 
03-03 02:33:24.371  5545  5606 V WindowManagerShell: extendInfo=[
03-03 02:33:24.371  5545  5606 V WindowManagerShell:  OplusTransitionExtendedInfo{mTmpFinishT=null, mInOplusCompatMode=false, mIsProcessRunning=false, mHasMismatchBoundsTarget=false, mRecentsController=null, mRemoteTransition=null, mIsTranslucentActivityToHome=false, mAvoidInterceptKeyEventToHome=false, mIsFromHome=false, mParentLeash=null, mBackAnimClosingLeash=null, mIsOplusAnimRes=false, mKeepBgForContinuous=false, mIsBalAllow=false, mTaskNotInRecent=false, mIsPredictiveBackAnim=false, mIsMergedWithPredictive=false, mIsLaunchFromSpruce=false, mIsLaunchFromDrive=false, mGlobalSearchPageSwitch=false, mNeedNoAlphaGlobalSearchScene=false, mAssistScreenShowing=false, mSwipeUpBrowserScreenShowing=false, mUserIdTransition=-1
03-03 02:33:24.371  5545  5606 V WindowManagerShell: , mInRemoteScene=false, mInPreReady=false, mPreStart=false, mToken=null, mAbortByRemoteFromHome=false, mShellApplyToken=null, mRequestTransitionTaskId=28697, mAbortTransitionOnShell=0, mStartFromShortcut=false, mRemovedTaskId=-1, mTransitionInterruptType=0, mMergeSecondTaskId=-1, mTaskIdStartFromRecents=0, mTransitionId=5161, mCanUseSpringSlideAnim=false, mTransitionLaunchFrom=0, mFoldChangeType=-1, mAnimStartingPosition=[0, 0, 0, 0], mIsOpeningStkDialogActivity=false, mIsNeedApplyStartTForEmbedded=false, mMergeSecondTaskAnimation=false, mIsLaunchUnityStart=false, mIsLaunchFromAssistantByDefault=false, mSkipRemoteTransitionfalse, mIsStartFromKeyguard=false flags=0x0, mWCT=null, mIsOpenMergeToInValidPredictive=false}]}
03-03 02:33:24.371  5545  5606 V WindowManagerShell: Transition doesn't have explicit remote, search filters for match for {id=5161 t=OPEN f=0x0 trk=0 r=[0@Point(0, 0)] c=[{m=OPEN f=FILLS_TASK leash=Surface(name=ActivityRecord{183165340 u0 com.whatsapp/.mediacomposer.ui.app.MediaComposerActivity t28697})/@0xaeb953f sb=Rect(0, 0 - 0, 0) eb=Rect(0, 0 - 1240, 2772) epz=Point(1240, 2772) d=-1->0 r=-1->0:-1 bc=ff303030 component=com.whatsapp/.mediacomposer.ui.app.MediaComposerActivity opt={t=FROM_STYLE mUserId=0}},{m=TO_BACK f=TRANSLUCENT|FILLS_TASK leash=Surface(name=ActivityRecord{138642048 u0 com.whatsapp/.camera.ui.CameraActivity t28697})/@0xb81ee0c sb=Rect(0, 0 - 1240, 2772) eb=Rect(0, 0 - 1240, 2772) epz=Point(1240, 2772) d=0 bc=ff303030 component=com.whatsapp/.camera.ui.CameraActivity opt={t=FROM_STYLE mUserId=0}},{m=TO_BACK f=FILLS_TASK leash=Surface(name=ActivityRecord{105529021 u0 com.whatsapp/.Conversation t28697})/@0x6223355 sb=Rect(0, 0 - 1240, 2772) eb=Rect(0, 0 - 1240, 2772) epz=Point(1240, 2772) d=0 bc=ff303030 component=com.whatsapp/.Conversation opt={t=FROM_STYLE mUserId=0}}] 
03-03 02:33:24.371  5545  5606 V WindowManagerShell: extendInfo=[
03-03 02:33:24.371  5545  5606 V WindowManagerShell:  OplusTransitionExtendedInfo{mTmpFinishT=null, mInOplusCompatMode=false, mIsProcessRunning=false, mHasMismatchBoundsTarget=false, mRecentsController=null, mRemoteTransition=null, mIsTranslucentActivityToHome=false, mAvoidInterceptKeyEventToHome=false, mIsFromHome=false, mParentLeash=null, mBackAnimClosingLeash=null, mIsOplusAnimRes=false, mKeepBgForContinuous=false, mIsBalAllow=false, mTaskNotInRecent=false, mIsPredictiveBackAnim=false, mIsMergedWithPredictive=false, mIsLaunchFromSpruce=false, mIsLaunchFromDrive=false, mGlobalSearchPageSwitch=false, mNeedNoAlphaGlobalSearchScene=false, mAssistScreenShowing=false, mSwipeUpBrowserScreenShowing=false, mUserIdTransition=-1
03-03 02:33:24.371  5545  5606 V WindowManagerShell: , mInRemoteScene=false, mInPreReady=false, mPreStart=false, mToken=null, mAbortByRemoteFromHome=false, mShellApplyToken=null, mRequestTransitionTaskId=28697, mAbortTransitionOnShell=0, mStartFromShortcut=false, mRemovedTaskId=-1, mTransitionInterruptType=0, mMergeSecondTaskId=-1, mTaskIdStartFromRecents=0, mTransitionId=5161, mCanUseSpringSlideAnim=false, mTransitionLaunchFrom=0, mFoldChangeType=-1, mAnimStartingPosition=[0, 0, 0, 0], mIsOpeningStkDialogActivity=false, mIsNeedApplyStartTForEmbedded=false, mMergeSecondTaskAnimation=false, mIsLaunchUnityStart=false, mIsLaunchFromAssistantByDefault=false, mSkipRemoteTransitionfalse, mIsStartFromKeyguard=false flags=0x0, mWCT=null, mIsOpenMergeToInValidPredictive=false}]}
03-03 02:33:24.371  5545  5606 V WindowManagerShell:  Checking filter Pair{{types=[] flags=0x0] notFlags=0x100 checks=[{atype=home independent=true modes=[OPEN,TO_FRONT] flags=NONE mustBeTask=false order=TOP topActivity=ComponentInfo{com.android.launcher/com.android.launcher.Launcher} launchCookie=null windowingMode=undefined},{atype=standard independent=true modes=[CLOSE,TO_BACK] flags=NONE mustBeTask=false order=ANY topActivity=null launchCookie=null windowingMode=undefined}]} RemoteTransition { remoteTransition = android.window.IRemoteTransition$Stub$Proxy@bc09e42, appThread = android.app.IApplicationThread$Stub$Proxy@a47ae53, debugName = QuickstepLaunchHome }}
03-03 02:33:24.371  5545  5606 V WindowManagerShell:  Delegate animation for (#5161) to null
03-03 02:33:24.371  5545  5606 V WindowManagerShell: start default transition animation, info = {id=5161 t=OPEN f=0x0 trk=0 r=[0@Point(0, 0)] c=[{m=OPEN f=FILLS_TASK leash=Surface(name=ActivityRecord{183165340 u0 com.whatsapp/.mediacomposer.ui.app.MediaComposerActivity t28697})/@0xaeb953f sb=Rect(0, 0 - 0, 0) eb=Rect(0, 0 - 1240, 2772) epz=Point(1240, 2772) d=-1->0 r=-1->0:-1 bc=ff303030 component=com.whatsapp/.mediacomposer.ui.app.MediaComposerActivity opt={t=FROM_STYLE mUserId=0}},{m=TO_BACK f=TRANSLUCENT|FILLS_TASK leash=Surface(name=ActivityRecord{138642048 u0 com.whatsapp/.camera.ui.CameraActivity t28697})/@0xb81ee0c sb=Rect(0, 0 - 1240, 2772) eb=Rect(0, 0 - 1240, 2772) epz=Point(1240, 2772) d=0 bc=ff303030 component=com.whatsapp/.camera.ui.CameraActivity opt={t=FROM_STYLE mUserId=0}},{m=TO_BACK f=FILLS_TASK leash=Surface(name=ActivityRecord{105529021 u0 com.whatsapp/.Conversation t28697})/@0x6223355 sb=Rect(0, 0 - 1240, 2772) eb=Rect(0, 0 - 1240, 2772) epz=Point(1240, 2772) d=0 bc=ff303030 component=com.whatsapp/.Conversation opt={t=FROM_STYLE mUserId=0}}] 
03-03 02:33:24.371  5545  5606 V WindowManagerShell: extendInfo=[
03-03 02:33:24.371  5545  5606 V WindowManagerShell:  OplusTransitionExtendedInfo{mTmpFinishT=null, mInOplusCompatMode=false, mIsProcessRunning=false, mHasMismatchBoundsTarget=false, mRecentsController=null, mRemoteTransition=null, mIsTranslucentActivityToHome=false, mAvoidInterceptKeyEventToHome=false, mIsFromHome=false, mParentLeash=null, mBackAnimClosingLeash=null, mIsOplusAnimRes=false, mKeepBgForContinuous=false, mIsBalAllow=false, mTaskNotInRecent=false, mIsPredictiveBackAnim=false, mIsMergedWithPredictive=false, mIsLaunchFromSpruce=false, mIsLaunchFromDrive=false, mGlobalSearchPageSwitch=false, mNeedNoAlphaGlobalSearchScene=false, mAssistScreenShowing=false, mSwipeUpBrowserScreenShowing=false, mUserIdTransition=-1
03-03 02:33:24.371  5545  5606 V WindowManagerShell: , mInRemoteScene=false, mInPreReady=false, mPreStart=false, mToken=null, mAbortByRemoteFromHome=false, mShellApplyToken=null, mRequestTransitionTaskId=28697, mAbortTransitionOnShell=0, mStartFromShortcut=false, mRemovedTaskId=-1, mTransitionInterruptType=0, mMergeSecondTaskId=-1, mTaskIdStartFromRecents=0, mTransitionId=5161, mCanUseSpringSlideAnim=false, mTransitionLaunchFrom=0, mFoldChangeType=-1, mAnimStartingPosition=[0, 0, 0, 0], mIsOpeningStkDialogActivity=false, mIsNeedApplyStartTForEmbedded=false, mMergeSecondTaskAnimation=false, mIsLaunchUnityStart=false, mIsLaunchFromAssistantByDefault=false, mSkipRemoteTransitionfalse, mIsStartFromKeyguard=false flags=0x0, mWCT=null, mIsOpenMergeToInValidPredictive=false}]}
03-03 02:33:24.372  3822  3933 I TaskOrganizerController: onTaskInfoChanged taskid 28697 config { mBounds=Rect(0, 0 - 1240, 2772) mAppBounds=Rect(0, 0 - 1240, 2772) mMaxBounds=Rect(0, 0 - 1240, 2772) mDisplayRotation=ROTATION_0 mWindowingMode=fullscreen mActivityType=standard mAlwaysOnTop=undefined mRotation=ROTATION_0}
03-03 02:33:24.372  3822  3933 D OplusFlexibleDragToSplitAnimController: visibleFlexibleTaskInfos delete:28697
03-03 02:33:24.372  3822  3933 E FlexibleWindowManagerService: notifyTaskObserverToAttachController not need to notify!
03-03 02:33:24.372  3822  3933 I FlexibleWindowManagerService: onFlexibleWindowTaskInfoChanged, return for cur task not embedded
03-03 02:33:24.373  5545  5606 V WindowManagerShell: loadAnimation: anim=android.view.animation.AnimationSet@1b5ba36 animAttr=0x5 type=OPEN isEntrance=false
03-03 02:33:24.374  5545  5606 V WindowManagerShell: loadAnimation: anim=android.view.animation.AnimationSet@4e0ed37 animAttr=0x5 type=OPEN isEntrance=false
03-03 02:33:24.375  5545  5606 V WindowManagerShell: loadAnimation: anim=android.view.animation.AnimationSet@c1b43c2 animAttr=0x4 type=OPEN isEntrance=true
03-03 02:33:24.376 18856 18856 W VRI[MediaComposerActivity]: handleResized, msg:, frameChanged:false, configChanged:false, displayChanged:false, attachedFrameChanged:false, compatScaleChanged:false, pendingDragResizing=false
03-03 02:33:24.376  5545  5606 V WindowManagerShell:  animated by com.android.wm.shell.transition.DefaultTransitionHandler@cb05049
03-03 02:33:24.377 18856 18856 W VRI[MediaComposerActivity]: handleResized, msg:, frameChanged:false, configChanged:false, displayChanged:false, attachedFrameChanged:false, compatScaleChanged:false, pendingDragResizing=false
03-03 02:33:24.382  3822  3822 D OplusScreenOffTorchHelper: onTorchModeChanged cameraId = 2 enabled = false
03-03 02:33:24.382  3822  3822 D OplusScreenOffTorchHelper: onTorchModeChanged cameraId = 3 enabled = false
03-03 02:33:24.382  3822  3822 D OplusScreenOffTorchHelper: onTorchModeChanged cameraId = 0 enabled = false
03-03 02:33:24.383  3822  3822 D OplusScreenOffTorchHelper: onTorchModeChanged cameraId = 4 enabled = false
03-03 02:33:24.383  3822  4986 D TorchManagerService: onTorchModeChanged, mbTorchMode: false, mbDoSetTorchModeFalseByUs: false
03-03 02:33:24.387  3822  4986 D TorchManagerService: handleNotifyOut needCloseFlash: false
03-03 02:33:24.387  3822  4986 D TorchManagerService: cancelNotifyIn isNotifyIn: false
03-03 02:33:24.388  3822  5300 I BLASTSyncEngine: onCommitted syncId: 5161, timeout: false ran: false
03-03 02:33:24.389  3822  4986 D TorchManagerService: onTorchModeChanged, mbTorchMode: false, mbDoSetTorchModeFalseByUs: false
03-03 02:33:24.389  3822  4986 D TorchManagerService: handleNotifyOut needCloseFlash: false
03-03 02:33:24.389  3822  4986 D TorchManagerService: cancelNotifyIn isNotifyIn: false
03-03 02:33:24.389  3822  4986 D TorchManagerService: onTorchModeChanged, mbTorchMode: false, mbDoSetTorchModeFalseByUs: false
03-03 02:33:24.389  3822  4986 D TorchManagerService: handleNotifyOut needCloseFlash: false
03-03 02:33:24.389  3822  4986 D TorchManagerService: cancelNotifyIn isNotifyIn: false
03-03 02:33:24.389  3822  4986 D TorchManagerService: onTorchModeChanged, mbTorchMode: false, mbDoSetTorchModeFalseByUs: false
03-03 02:33:24.389  3822  4986 D TorchManagerService: handleNotifyOut needCloseFlash: false
03-03 02:33:24.389  3822  4986 D TorchManagerService: cancelNotifyIn isNotifyIn: false
03-03 02:33:24.391  3822  3929 V WindowManager: Sent Transition (#5161) createdAt=03-03 02:33:24.146 via request=TransitionRequestInfo { type = OPEN, triggerTask = TaskInfo{userId=0 taskId=28697 effectiveUid=10326 displayId=0 isRunning=true baseIntent=Intent { act=android.intent.action.MAIN cat=[android.intent.category.LAUNCHER] flg=0x10200000 cmp=com.whatsapp/.Main mCallingUid=10205 } baseActivity=ComponentInfo{com.whatsapp/com.whatsapp.home.ui.HomeActivity} topActivity=ComponentInfo{com.whatsapp/com.whatsapp.mediacomposer.ui.app.MediaComposerActivity} origActivity=null realActivity=ComponentInfo{com.whatsapp/com.whatsapp.Main}
03-03 02:33:24.391  3822  3929 V WindowManager:  numActivities=4 lastActiveTime=202027425 supportsSplitScreenMultiWindow=true supportsMultiWindow=true supportsPocketStudioMultiWindow=true isInFlexibleEmbedded = false uid = 10326 pid = 0 resizeMode=1 isResizeable=true minWidth=-1 minHeight=-1 defaultMinSize=220 token=WCT{RemoteToken{5a237ba Task{abd8368 #28697 type=standard A=10326:com.whatsapp}}} topActivityType=1 pictureInPictureParams=null shouldDockBigOverlays=false launchIntoPipHostTaskId=-1 lastParentTaskIdBeforePip=-1 displayCutoutSafeInsets=Rect(0, 0 - 0, 0)
03-03 02:33:24.391  3822  3929 V WindowManager:  topActivityInfo=ActivityInfo{f65b423 com.whatsapp.mediacomposer.ui.app.MediaComposerActivity} launchCookies=[android.os.BinderProxy@6643076] positionInParent=Point(0, 0) parentTaskId=-1 isFocused=true isVisible=true isVisibleRequested=true isTopActivityNoDisplay=false isSleeping=false locusId=null displayAreaFeatureId=1 isTopActivityTransparent=false isActivityStackTransparent=false lastNonFullscreenBounds=Rect(329, 835 - 912, 2075) capturedLink=null capturedLinkTimestamp=0 requestedVisibleTypes=-9 topActivityRequestOpenInBrowserEducationTimestamp=0
03-03 02:33:24.391  3822  3929 V WindowManager:  appCompatTaskInfo=AppCompatTaskInfo { topActivityInSizeCompat=false topActivityInOplusCompatMode=false eligibleForLetterboxEducation= false isLetterboxEducationEnabled= false isLetterboxDoubleTapEnabled= false eligibleForUserAspectRatioButton= false topActivityBoundsLetterboxed= false isFromLetterboxDoubleTap= false topActivityLetterboxVerticalPosition= -1 topActivityLetterboxHorizontalPosition= -1 topActivityLetterboxWidth=-1 topActivityLetterboxHeight=-1 topActivityAppBounds=Rect(0, 0 - 1240, 2772) isUserFullscreenOverrideEnabled=false isSystemFullscreenOverrideEnabled=false hasMinAspectRatioOverride=false topActivityLetterboxBounds=null cameraCompatTaskInfo=CameraCompatTaskInfo { freeformCameraCompatMode=inactive}} topActivityMainWindowFrame=null topActivityLetterboxInsets=Rect(0, 0 - 0, 0)
03-03 02:33:24.391  3822  3929 V WindowManager:  mOplusExtraBundle = Bundle[{androidx.flexible.taskFrame=Rect(0, 0 - 0, 0), topOpaqueSystemBarsAppearance=0, androidx.flexible.Alpha=1.0, androidx.activity.task.attach.blur=0, androidx.activity.LaunchInsensible=0, androidx.activity.LaunchCornerRadius=0, key_flexible_task_state=0, topActivitySupportAppInnerSplit=false, key_flexible_task_animating_type=-1, key_flexible_task_root_activity_processname=com.whatsapp, androidx.activity.LaunchScenario=0, is_oplus_clone_task=false, flexible_super_mini_state=false, topRunningActivityHash=183165340, androidx.activity.LaunchScale=1.0, androidx.activity.LaunchShadowRadius=0, is_transient_hide_for_task_info=false, key_flexible_task_root_activity_pid=18856, key_flexible_task_root_activity_uid=10326}]}, pipChange = null, remoteTransition = null, displayChange = null, flags = 0, debugId = 5161 }
03-03 02:33:24.391  3822  3929 V WindowManager:     startWCT=WindowContainerTransaction { changes= {} hops= [] errorCallbackToken=null taskFragmentOrganizer=null }
03-03 02:33:24.392  3822  3929 V WindowManager:     info={id=5161 t=OPEN f=0x0 trk=0 r=[0@Point(0, 0)] c=[
03-03 02:33:24.392  3822  3929 V WindowManager:         {m=OPEN f=FILLS_TASK leash=Surface(name=ActivityRecord{183165340 u0 com.whatsapp/.mediacomposer.ui.app.MediaComposerActivity t28697})/@0xb3cf7ee sb=Rect(0, 0 - 0, 0) eb=Rect(0, 0 - 1240, 2772) epz=Point(1240, 2772) d=-1->0 r=-1->0:-1 bc=ff303030 component=com.whatsapp/.mediacomposer.ui.app.MediaComposerActivity opt={t=FROM_STYLE mUserId=0}},
03-03 02:33:24.392  3822  3929 V WindowManager:         {m=TO_BACK f=TRANSLUCENT|FILLS_TASK leash=Surface(name=ActivityRecord{138642048 u0 com.whatsapp/.camera.ui.CameraActivity t28697})/@0xbe518d1 sb=Rect(0, 0 - 1240, 2772) eb=Rect(0, 0 - 1240, 2772) epz=Point(1240, 2772) d=0 bc=ff303030 component=com.whatsapp/.camera.ui.CameraActivity opt={t=FROM_STYLE mUserId=0}},
03-03 02:33:24.392  3822  3929 V WindowManager:         {m=TO_BACK f=FILLS_TASK leash=Surface(name=ActivityRecord{105529021 u0 com.whatsapp/.Conversation t28697})/@0x56d38f8 sb=Rect(0, 0 - 1240, 2772) eb=Rect(0, 0 - 1240, 2772) epz=Point(1240, 2772) d=0 bc=ff303030 component=com.whatsapp/.Conversation opt={t=FROM_STYLE mUserId=0}}
03-03 02:33:24.392  3822  3929 V WindowManager:     ] 
03-03 02:33:24.392  3822  3929 V WindowManager: extendInfo=[
03-03 02:33:24.392  3822  3929 V WindowManager:  OplusTransitionExtendedInfo{mTmpFinishT=null, mInOplusCompatMode=false, mIsProcessRunning=false, mHasMismatchBoundsTarget=false, mRecentsController=null, mRemoteTransition=null, mIsTranslucentActivityToHome=false, mAvoidInterceptKeyEventToHome=false, mIsFromHome=false, mParentLeash=null, mBackAnimClosingLeash=null, mIsOplusAnimRes=false, mKeepBgForContinuous=false, mIsBalAllow=false, mTaskNotInRecent=false, mIsPredictiveBackAnim=false, mIsMergedWithPredictive=false, mIsLaunchFromSpruce=false, mIsLaunchFromDrive=false, mGlobalSearchPageSwitch=false, mNeedNoAlphaGlobalSearchScene=false, mAssistScreenShowing=false, mSwipeUpBrowserScreenShowing=false, mUserIdTransition=-1
03-03 02:33:24.392  3822  3929 V WindowManager: , mInRemoteScene=false, mInPreReady=false, mPreStart=false, mToken=null, mAbortByRemoteFromHome=false, mShellApplyToken=null, mRequestTransitionTaskId=28697, mAbortTransitionOnShell=0, mStartFromShortcut=false, mRemovedTaskId=-1, mTransitionInterruptType=0, mMergeSecondTaskId=-1, mTaskIdStartFromRecents=0, mTransitionId=5161, mCanUseSpringSlideAnim=false, mTransitionLaunchFrom=0, mFoldChangeType=-1, mAnimStartingPosition=[0, 0, 0, 0], mIsOpeningStkDialogActivity=false, mIsNeedApplyStartTForEmbedded=false, mMergeSecondTaskAnimation=false, mIsLaunchUnityStart=false, mIsLaunchFromAssistantByDefault=false, mSkipRemoteTransitionfalse, mIsStartFromKeyguard=false flags=0x0, mWCT=null, mIsOpenMergeToInValidPredictive=false}]}
03-03 02:33:24.403  3822  4768 V AccessibilityManagerService: onUserStateChangedLocked for user 0 with forceUpdate: false mEnabledServices = [] mCrashedServices = [] hasMagnificationConnection=false
03-03 02:33:24.403  3822  4768 W MagnificationConnectionManager: requestConnection duplicated request: connect=false, mConnectionState=DISCONNECTED
03-03 02:33:24.411  3822  4949 W ContextImpl: Calling a method in the system process without a qualified user: android.app.ContextImpl.sendBroadcast:1281 com.android.server.camera.OplusCameraStateBroadcast.notifyCameraState:52 com.android.server.camera.CameraServiceProxyExtImpl.extendNotifyCameraState:370 com.android.server.camera.CameraServiceProxy.updateActivityCount:1580 com.android.server.camera.CameraServiceProxy.-$$Nest$mupdateActivityCount:0 
03-03 02:33:24.413  3822  4010 W QosScheduler: getScenario failed! scenarios is null, mask=512
03-03 02:33:24.413  3822  4010 W QosScheduler: executeSceneQosStrategy get scenario failed! scenario is null
03-03 02:33:24.413  3822  3933 D OplusZoomTaskCloneController: onCameraOpened cameraId =:0
03-03 02:33:24.419  3822  4949 W UriGrantsManagerService: No permission grants found for com.google.android.apps.photos
03-03 02:33:24.420  3822  4949 W UriGrantsManagerService: No permission grants found for com.google.android.apps.photos
03-03 02:33:24.424  3822  4010 D UserAwareMgr: createNativeProcessInfoIfNecessary :{pkgName='', serviceName='cameraserver_sys', procName=cameraserver_sys, pid=3039, uid=1047, appId=0, owner='cameraserver_sys', flags='', renderTid=0, hwuiTids=null, glTids=null, threadInfos={cameraservice={threadName='cameraservice', tid=3686, currentThreadCount=9, maxThreadCount=16, extendTids=[5157, 3039, 7003, 24269, 21010, 13740, 25336, 25339]}}, mVideoActivityList=[], mStates=0} request ReportRequest{mCallingUid=1047, mCallingPid=3039, mThreadName='cameraservice', mProcessName='cameraserver_sys', mPid=3039, mTid=24269, mEventId=6003} processName cameraserver_sys
03-03 02:33:24.424  3822  4010 E UserAwareMgr: thread exist: {threadName='cameraservice', tid=3686, currentThreadCount=9, maxThreadCount=16, extendTids=[5157, 3039, 7003, 24269, 21010, 13740, 25336, 25339]}
03-03 02:33:24.425  9470  9470 W VRI[OplusOSEdgeFloatBar]: handleResized abandoned!
03-03 02:33:24.431  5545  5899 W VRI[OplusPrivacyIconTopRight]: handleResized abandoned!
03-03 02:33:24.448  1330 24997 I keystore2: system/security/keystore2/watchdog/src/lib.rs:377 - Watchdog thread idle -> terminating. Have a great day.
03-03 02:33:24.458  3822  4001 W LoadedApk: System took : 171ms in onReceive of class android.content.pm.RegisteredServicesCache$1 for action : android.intent.action.PACKAGE_CHANGED
03-03 02:33:24.465  3822  4762 D InputMethodManagerService: isSecurity: attribute.packageName = com.whatsapp mCurMethodId = com.google.android.inputmethod.latin/com.android.inputmethod.latin.LatinIME isSecurity = false ( enable = false needShow = false inBlackList = false isExist = true )
03-03 02:33:24.468  3822  4010 I UserAwareMgr: fg app status not changed, beforeVisible: true, currentVisible: true
03-03 02:33:24.468  3822  5443 V AutofillInlineSuggestionsRequestSession: onInputMethodFinishInput() received
03-03 02:33:24.469  3822  3822 V AutofillInlineSuggestionsRequestSession: maybeUpdateResponseToImeLocked called
03-03 02:33:24.469  3822  5443 V AutofillInlineSuggestionsRequestSession: onInputMethodStartInput() received on 0
03-03 02:33:24.469  3822  3822 V AutofillInlineSuggestionsRequestSession: maybeUpdateResponseToImeLocked called
03-03 02:33:24.470  3822  5210 W PackageConfigPersister: App-specific configuration not found for packageName: com.whatsapp and userId: 0
03-03 02:33:24.473  3822  4949 D WindowManager: setFrameRateStart invalid typeId return!
03-03 02:33:24.486  3822  5483 D ActivityTaskManagerServiceExtImpl: preBindApplication record is null
03-03 02:33:24.494  3822  4949 W JobScheduler: Job didn't exist in JobStore: #com.google.android.apps.photos/1034
03-03 02:33:24.516  3822  4949 D ActivityManager: sync unfroze 24809 com.google.android.projection.gearhead:car for 6
03-03 02:33:24.517  3822  4715 D ActivityManager: reportOneUidFrozenStateChanged uid 10106 frozen = false
03-03 02:33:24.519 25527 25527 V Configuration: Updating configuration, locales updated from [] to [en_GB]
03-03 02:33:24.552  3822  4950 W UriGrantsManagerService: No permission grants found for com.google.android.apps.photos
03-03 02:33:24.555  3822  5354 W UriGrantsManagerService: No permission grants found for com.google.android.apps.photos
03-03 02:33:24.618  3822  4949 W JobScheduler: Job didn't exist in JobStore: #com.google.android.apps.maps/137361750
03-03 02:33:24.619 25527 25527 D ResourcesManagerExtImpl: applyConfigurationToAppResourcesLocked app.getDisplayId() return callback.displayId:-1
03-03 02:33:24.621  3822  4949 D CompatChangeReporter: Compat change id reported: 151861875; UID 10355; state: ENABLED
03-03 02:33:24.636  3822  4030 I ActivityManager: Start proc 25566:com.jio.myjio/u0a355 for service {com.jio.myjio/androidx.work.impl.background.systemjob.SystemJobService}
03-03 02:33:24.638  3822  3930 I ActivityManager: ProcessObserver broadcast disabled
03-03 02:33:24.640  3822  4569 I MemoryOperationUtils: add 25566 to com.jio.myjio
03-03 02:33:24.657  3822  4950 D ActivityManager: Async freezing 24809 com.google.android.projection.gearhead:car
03-03 02:33:24.675  3822  4950 D ActivityTaskManagerServiceExtImpl: preBindApplication record is null
03-03 02:33:24.691 25566 25566 V Configuration: Updating configuration, locales updated from [] to [en_GB]
03-03 02:33:24.691  3822  4721 V AlarmManager: sending alarm Alarm{bd0ff06 type 1 origWhen 1772485404690 whenElapsed 202027960 android} uid 1000 whenElapsed 202027960 windowLength 0 maxWhenElapsed 202027960 repeatInterval 0 action null component null tag StorgaeBandInfoAlarmTag flags 0x9 procName system_server
03-03 02:33:24.776  3822  5210 I ActivityManager: Flag disabled. Ignoring finishAttachApplication from uid: 10318. pid: 25527
03-03 02:33:24.804  3822  4950 D CompatChangeReporter: Compat change id reported: 311208749; UID 10318; state: ENABLED
03-03 02:33:24.804  3822  4950 D CompatChangeReporter: Compat change id reported: 296558535; UID 10318; state: ENABLED
03-03 02:33:24.804  3822  4950 D CompatChangeReporter: Compat change id reported: 317799821; UID 10318; state: ENABLED
03-03 02:33:24.807  3822  4950 D CompatChangeReporter: Compat change id reported: 319471980; UID 10318; state: ENABLED
03-03 02:33:24.808  3822  4950 D CompatChangeReporter: Compat change id reported: 313677553; UID 10318; state: ENABLED
03-03 02:33:24.808  3822  4950 W ActivityManager: Foreground service started from background can not have location/camera/microphone access: service com.oplus.aiwriter/.entrance.AIKitEntryService
03-03 02:33:24.808  3822  4950 E ActivityManager: FGS logic changed: [WIU changed] [BFSL changed] Orig WIU:PROC_STATE_PERSISTENT New WIU:DENIED Orig BFSL:PROC_STATE_PERSISTENT New BFSL:DENIED cmp: {com.oplus.aiwriter/com.oplus.aiwriter.entrance.AIKitEntryService} sdk: 35
03-03 02:33:24.809  3822  4950 W ActivityManager: Background started FGS: Disallowed [callingPackage: com.oplus.aiwriter; callingUid: 10318; uidState: IMPF; uidBFSL: n/a; intent: Intent { act=oplus.exsystemservice.service.action.APP_SWITCH_NOTIFY id=com.whatsapp.mediacomposer.ui.app.MediaComposerActivity pkg=com.oplus.aiwriter mCallingUid=1000 }; code:DENIED; tempAllowListReason:<null>; allowWiu:-1; targetSdkVersion:35; callerTargetSdkVersion:35; startForegroundCount:0; bindFromPackage:null: isBindService:false]
03-03 02:33:24.809  3822  4950 W ActivityManager: Service.startForeground() not allowed due to mAllowStartForeground false: service com.oplus.aiwriter/.entrance.AIKitEntryService
03-03 02:33:24.811 25566 25566 D ResourcesManagerExtImpl: applyConfigurationToAppResourcesLocked app.getDisplayId() return callback.displayId:-1
03-03 02:33:24.818 25527 25527 D OplusInputMethodUtil: init sDebug to false, init sDebugIme to false, init sAlwaysOn to false
03-03 02:33:24.818 25527 25527 D OplusInputMethodManagerInternal: get inputMethodManager extension: com.android.internal.view.IInputMethodManager$Stub$Proxy@cda2391
03-03 02:33:24.836  3822  5354 W UriGrantsManagerService: No permission grants found for com.google.android.apps.photos
03-03 02:33:24.836  3822  5354 W UriGrantsManagerService: No permission grants found for com.google.android.apps.photos
03-03 02:33:24.839  5545  5606 V WindowManagerShell: Transition animation finished (aborted=false), notifying core (#5161) android.os.BinderProxy@d13ec61@0
03-03 02:33:24.839  5545  5606 D SplitScreen-->AppLockManager: setStartFromSafeControl mStartFromSafeControl=false
03-03 02:33:24.840  5143  5143 D ServiceConnectionHolder: onServiceConnected: ComponentInfo{com.oplus.aiwriter/com.oplus.aiwriter.entrance.AIKitEntryService}
03-03 02:33:24.842  3822  4950 D Transition: finishTransition ar ActivityRecord{105529021 u0 com.whatsapp/.Conversation t28697}, isVisibleRequested=false, state=PAUSED, visibleAtTransitionEndTokens={ActivityRecord{183165340 u0 com.whatsapp/.mediacomposer.ui.app.MediaComposerActivity t28697}}, this=TransitionRecord{564f04a id=5161 track=0 type=OPEN flags=0x0 state=2 c=[
03-03 02:33:24.842  3822  4950 D Transition:    ChangeInfo{f9547f0 container=ActivityRecord{105529021 u0 com.whatsapp/.Conversation t28697} flags=0x0}
03-03 02:33:24.842  3822  4950 D Transition:    ChangeInfo{7d65833 container=ActivityRecord{138642048 u0 com.whatsapp/.camera.ui.CameraActivity t28697} flags=0x0}
03-03 02:33:24.842  3822  4950 D Transition:    ChangeInfo{6d0bbb container=Display{#0 state=ON size=1240x2772 ROTATION_0} flags=0x0}
03-03 02:33:24.842  3822  4950 D Transition:    ChangeInfo{5a328d8 container=Task{abd8368 #28697 type=standard A=10326:com.whatsapp} flags=0x0}
03-03 02:33:24.842  3822  4950 D Transition:    ChangeInfo{dda43a2 container=ActivityRecord{183165340 u0 com.whatsapp/.mediacomposer.ui.app.MediaComposerActivity t28697} flags=0x0}
03-03 02:33:24.842  3822  4950 D Transition:    ChangeInfo{bfa6431 container=DefaultTaskDisplayArea@238526314 flags=0x0}
03-03 02:33:24.842  3822  4950 D Transition: ]
03-03 02:33:24.842  3822  4950 D Transition: }
03-03 02:33:24.842  3822  4950 D ActivityTaskManager: commitVisibility: ActivityRecord{105529021 u0 com.whatsapp/.Conversation t28697}: visible=false visibleRequested=false, isInTransition=false 
03-03 02:33:24.842  3822  4950 D WindowManager: NFW_setClientVisible:ActivityRecord{105529021 u0 com.whatsapp/.Conversation t28697} clientVisible:false
03-03 02:33:24.843  3822  4950 I WindowManager: Window{dc478e5 u0 com.whatsapp/com.whatsapp.Conversation} state from HAS_DRAWN to DRAW_PENDING; reason: resetDrawState
03-03 02:33:24.843  3822  4950 D Transition: finishTransition ar ActivityRecord{138642048 u0 com.whatsapp/.camera.ui.CameraActivity t28697}, isVisibleRequested=false, state=PAUSED, visibleAtTransitionEndTokens={ActivityRecord{183165340 u0 com.whatsapp/.mediacomposer.ui.app.MediaComposerActivity t28697}}, this=TransitionRecord{564f04a id=5161 track=0 type=OPEN flags=0x0 state=2 c=[
03-03 02:33:24.843  3822  4950 D Transition:    ChangeInfo{f9547f0 container=ActivityRecord{105529021 u0 com.whatsapp/.Conversation t28697} flags=0x0}
03-03 02:33:24.843  3822  4950 D Transition:    ChangeInfo{7d65833 container=ActivityRecord{138642048 u0 com.whatsapp/.camera.ui.CameraActivity t28697} flags=0x0}
03-03 02:33:24.843  3822  4950 D Transition:    ChangeInfo{6d0bbb container=Display{#0 state=ON size=1240x2772 ROTATION_0} flags=0x0}
03-03 02:33:24.843  3822  4950 D Transition:    ChangeInfo{5a328d8 container=Task{abd8368 #28697 type=standard A=10326:com.whatsapp} flags=0x0}
03-03 02:33:24.843  3822  4950 D Transition:    ChangeInfo{dda43a2 container=ActivityRecord{183165340 u0 com.whatsapp/.mediacomposer.ui.app.MediaComposerActivity t28697} flags=0x0}
03-03 02:33:24.843  3822  4950 D Transition:    ChangeInfo{bfa6431 container=DefaultTaskDisplayArea@238526314 flags=0x0}
03-03 02:33:24.843  3822  4950 D Transition: ]
03-03 02:33:24.843  3822  4950 D Transition: }
03-03 02:33:24.843  3822  4950 D ActivityTaskManager: commitVisibility: ActivityRecord{138642048 u0 com.whatsapp/.camera.ui.CameraActivity t28697}: visible=false visibleRequested=false, isInTransition=false 
03-03 02:33:24.843  3822  4950 D WindowManager: NFW_setClientVisible:ActivityRecord{138642048 u0 com.whatsapp/.camera.ui.CameraActivity t28697} clientVisible:false
03-03 02:33:24.843  3822  4950 I WindowManager: Window{3bd1561 u0 com.whatsapp/com.whatsapp.camera.ui.CameraActivity} state from HAS_DRAWN to DRAW_PENDING; reason: resetDrawState
03-03 02:33:24.843  3822  4950 D Transition: finishTransition ar ActivityRecord{183165340 u0 com.whatsapp/.mediacomposer.ui.app.MediaComposerActivity t28697}, isVisibleRequested=true, state=RESUMED, visibleAtTransitionEndTokens={ActivityRecord{183165340 u0 com.whatsapp/.mediacomposer.ui.app.MediaComposerActivity t28697}}, this=TransitionRecord{564f04a id=5161 track=0 type=OPEN flags=0x0 state=2 c=[
03-03 02:33:24.843  3822  4950 D Transition:    ChangeInfo{f9547f0 container=ActivityRecord{105529021 u0 com.whatsapp/.Conversation t28697} flags=0x0}
03-03 02:33:24.843  3822  4950 D Transition:    ChangeInfo{7d65833 container=ActivityRecord{138642048 u0 com.whatsapp/.camera.ui.CameraActivity t28697} flags=0x0}
03-03 02:33:24.843  3822  4950 D Transition:    ChangeInfo{6d0bbb container=Display{#0 state=ON size=1240x2772 ROTATION_0} flags=0x0}
03-03 02:33:24.843  3822  4950 D Transition:    ChangeInfo{5a328d8 container=Task{abd8368 #28697 type=standard A=10326:com.whatsapp} flags=0x0}
03-03 02:33:24.843  3822  4950 D Transition:    ChangeInfo{dda43a2 container=ActivityRecord{183165340 u0 com.whatsapp/.mediacomposer.ui.app.MediaComposerActivity t28697} flags=0x0}
03-03 02:33:24.843  3822  4950 D Transition:    ChangeInfo{bfa6431 container=DefaultTaskDisplayArea@238526314 flags=0x0}
03-03 02:33:24.843  3822  4950 D Transition: ]
03-03 02:33:24.843  3822  4950 D Transition: }
03-03 02:33:24.844  3822  4950 I OplusAppSwitchManagerService:  handleAppVisible , r = ActivityRecord{183165340 u0 com.whatsapp/.mediacomposer.ui.app.MediaComposerActivity t28697}
03-03 02:33:24.844  3822  4950 D OplusTransitionController: finishTransition, transition: TransitionRecord{564f04a id=5161 track=0 type=OPEN flags=0x0 state=4 c=[
03-03 02:33:24.844  3822  4950 D OplusTransitionController:    ChangeInfo{f9547f0 container=ActivityRecord{105529021 u0 com.whatsapp/.Conversation t28697} flags=0x0}
03-03 02:33:24.844  3822  4950 D OplusTransitionController:    ChangeInfo{7d65833 container=ActivityRecord{138642048 u0 com.whatsapp/.camera.ui.CameraActivity t28697} flags=0x0}
03-03 02:33:24.844  3822  4950 D OplusTransitionController:    ChangeInfo{6d0bbb container=Display{#0 state=ON size=1240x2772 ROTATION_0} flags=0x0}
03-03 02:33:24.844  3822  4950 D OplusTransitionController:    ChangeInfo{5a328d8 container=Task{abd8368 #28697 type=standard A=10326:com.whatsapp} flags=0x0}
03-03 02:33:24.844  3822  4950 D OplusTransitionController:    ChangeInfo{dda43a2 container=ActivityRecord{183165340 u0 com.whatsapp/.mediacomposer.ui.app.MediaComposerActivity t28697} flags=0x0}
03-03 02:33:24.844  3822  4950 D OplusTransitionController:    ChangeInfo{bfa6431 container=DefaultTaskDisplayArea@238526314 flags=0x0}
03-03 02:33:24.844  3822  4950 D OplusTransitionController: ]
03-03 02:33:24.844  3822  4950 D OplusTransitionController: }
03-03 02:33:24.845  3822  4950 D FlexibleTaskTransitionController:  finishTransition pendingRecentToFlexibleTask:null,isRotationTransition:false ,pendingRecentToFlexible:null ,transition:TransitionRecord{564f04a id=5161 track=0 type=OPEN flags=0x0 state=4 c=[
03-03 02:33:24.845  3822  4950 D FlexibleTaskTransitionController:    ChangeInfo{f9547f0 container=ActivityRecord{105529021 u0 com.whatsapp/.Conversation t28697} flags=0x0}
03-03 02:33:24.845  3822  4950 D FlexibleTaskTransitionController:    ChangeInfo{7d65833 container=ActivityRecord{138642048 u0 com.whatsapp/.camera.ui.CameraActivity t28697} flags=0x0}
03-03 02:33:24.845  3822  4950 D FlexibleTaskTransitionController:    ChangeInfo{6d0bbb container=Display{#0 state=ON size=1240x2772 ROTATION_0} flags=0x0}
03-03 02:33:24.845  3822  4950 D FlexibleTaskTransitionController:    ChangeInfo{5a328d8 container=Task{abd8368 #28697 type=standard A=10326:com.whatsapp} flags=0x0}
03-03 02:33:24.845  3822  4950 D FlexibleTaskTransitionController:    ChangeInfo{dda43a2 container=ActivityRecord{183165340 u0 com.whatsapp/.mediacomposer.ui.app.MediaComposerActivity t28697} flags=0x0}
03-03 02:33:24.845  3822  4950 D FlexibleTaskTransitionController:    ChangeInfo{bfa6431 container=DefaultTaskDisplayArea@238526314 flags=0x0}
03-03 02:33:24.845  3822  4950 D FlexibleTaskTransitionController: ]
03-03 02:33:24.845  3822  4950 D FlexibleTaskTransitionController: }
03-03 02:33:24.845  3822  4950 D TransitionControllerExtImpl: NFW_send RECOMPUTE_FOCUS in finishTransition
03-03 02:33:24.846  5545  5606 D ShellTaskOrganizer: onTransitionFinish, isRecent:false
03-03 02:33:24.847  5545  5606 V WindowManagerShell: Track 0 became idle
03-03 02:33:24.847  5545  5606 V WindowManagerShell: All active transition animations finished
03-03 02:33:24.853  3822  3932 D WindowManager: NFW_findFocusedWindowIfNeeded:Window{b89c190 u0 com.whatsapp/com.whatsapp.mediacomposer.ui.app.MediaComposerActivity} mCurrentFocus:Window{b89c190 u0 com.whatsapp/com.whatsapp.mediacomposer.ui.app.MediaComposerActivity}
03-03 02:33:24.858  3822  4950 D Transition: finishTransaction-onCommitted syncId=5161
03-03 02:33:24.866  3822  4950 V WindowManager: Relayout Window{dc478e5 u0 com.whatsapp/com.whatsapp.Conversation}: viewVisibility=8, oldvis=0, req=1240x2772 , apr = 0, vsysui=
03-03 02:33:24.868  3822  4950 D WindowManager: NFW_findFocusedWindowIfNeeded:Window{b89c190 u0 com.whatsapp/com.whatsapp.mediacomposer.ui.app.MediaComposerActivity} mCurrentFocus:Window{b89c190 u0 com.whatsapp/com.whatsapp.mediacomposer.ui.app.MediaComposerActivity}
