03-03 02:41:21.661  3822  4138 I AppsFilter: interaction: PackageSetting{e228f7 it.vfsfitvnm.vimusic.debug/10686} -> PackageSetting{45033be com.android.externalstorage/10074} force queryable
03-03 02:41:21.661  3822  4138 I AppsFilter: interaction: PackageSetting{e228f7 it.vfsfitvnm.vimusic.debug/10686} -> PackageSetting{8d76906 com.android.systemui.oplus.res.overlay/10313} force queryable
03-03 02:41:21.661  3822  4138 I AppsFilter: interaction: PackageSetting{e228f7 it.vfsfitvnm.vimusic.debug/10686} -> PackageSetting{2335e09 com.android.launcher/10205} force queryable
03-03 02:41:21.661  3822  4138 I AppsFilter: interaction: PackageSetting{e228f7 it.vfsfitvnm.vimusic.debug/10686} -> PackageSetting{426272 com.oplus.mediacontroller/10230} force queryable
03-03 02:41:21.661  3822  4138 I AppsFilter: interaction: PackageSetting{e228f7 it.vfsfitvnm.vimusic.debug/10686} -> PackageSetting{7db65d4 com.oplus.location/10229} force queryable
03-03 02:41:21.661  3822  4138 I AppsFilter: interaction: PackageSetting{e228f7 it.vfsfitvnm.vimusic.debug/10686} -> PackageSetting{65bbbc7 aon.frameworkres.overlay.display.product/10061} force queryable
03-03 02:41:21.661  3822  4138 I AppsFilter: interaction: PackageSetting{e228f7 it.vfsfitvnm.vimusic.debug/10686} -> PackageSetting{cdf4de6 com.google.android.federatedcompute/10286} force queryable
03-03 02:41:21.662  3822  4138 I AppsFilter: interaction: PackageSetting{e228f7 it.vfsfitvnm.vimusic.debug/10686} -> PackageSetting{7e8894b com.qualcomm.qti.xrwifi/10336} force queryable
03-03 02:41:21.662  3822  4138 I AppsFilter: interaction: PackageSetting{e228f7 it.vfsfitvnm.vimusic.debug/10686} -> PackageSetting{48f0310 com.android.providers.media/10070} force queryable
03-03 02:41:21.662  3822  4138 I AppsFilter: interaction: PackageSetting{e228f7 it.vfsfitvnm.vimusic.debug/10686} -> PackageSetting{b2fc5f4 com.android.systemui.overlay.fingerprint.anim.xw/10056} force queryable
03-03 02:41:21.662  3822  4138 I AppsFilter: interaction: PackageSetting{e228f7 it.vfsfitvnm.vimusic.debug/10686} -> PackageSetting{5fd11d com.android.systemui.overlay.fingerprint.anim.sw/10051} force queryable
03-03 02:41:21.662  3822  4138 I AppsFilter: interaction: PackageSetting{e228f7 it.vfsfitvnm.vimusic.debug/10686} -> PackageSetting{3f10f92 com.android.systemui.overlay.fingerprint.anim.qy/10308} force queryable
03-03 02:41:21.662  3822  4138 I AppsFilter: interaction: PackageSetting{e228f7 it.vfsfitvnm.vimusic.debug/10686} -> PackageSetting{d4e4d63 com.android.systemui.overlay.fingerprint.anim.fy/10054} force queryable
03-03 02:41:21.662  3822  4138 I AppsFilter: interaction: PackageSetting{e228f7 it.vfsfitvnm.vimusic.debug/10686} -> PackageSetting{7438bd3 com.android.providers.calendar/10193} force queryable
03-03 02:41:21.662  3822  4138 I AppsFilter: interaction: PackageSetting{e228f7 it.vfsfitvnm.vimusic.debug/10686} -> PackageSetting{c1bcba4 com.google.android.googlequicksearchbox/10126} queries component
03-03 02:41:21.662  3822  4138 I AppsFilter: interaction: PackageSetting{e228f7 it.vfsfitvnm.vimusic.debug/10686} -> PackageSetting{11027f8 com.google.android.ext.services/10294} force queryable
03-03 02:41:21.662  3822  4138 I AppsFilter: interaction: PackageSetting{e228f7 it.vfsfitvnm.vimusic.debug/10686} -> PackageSetting{37d4d60 android.frameworkres.overlay/10064} force queryable
03-03 02:41:21.679  3822  5722 I NativeFreezeManager: getCPULoad cpu Loading: 56
03-03 02:41:21.700  3822  4138 D OplusPackageAbiHelper: notifyPackageAddOrChange :it.vfsfitvnm.vimusic.debug primaryabi = null secondabi = null
03-03 02:41:21.702  3822  4029 I ActivityManager: Force stopping it.vfsfitvnm.vimusic.debug appid=10686 user=-1: installPackageLI
03-03 02:41:21.716  3822  4138 I PackageManager: installation completed for package:it.vfsfitvnm.vimusic.debug. Final code path: /data/app/~~uIwcN3NjP_sqwbRtfC0Svw==/it.vfsfitvnm.vimusic.debug-o_IEdlvuK4XBq8CJQXCxdw==
03-03 02:41:21.716  3822  4138 I AppsFilter: interaction: PackageSetting{e35c7f0 com.android.microdroid.empty_payload/10292} -> PackageSetting{1317f5f it.vfsfitvnm.vimusic.debug/10686} BLOCKED
03-03 02:41:21.716  3822  4138 I AppsFilter: interaction: PackageSetting{81177ee com.oplus.locationproxy/10179} -> PackageSetting{1317f5f it.vfsfitvnm.vimusic.debug/10686} BLOCKED
03-03 02:41:21.717  3822  4138 I AppsFilter: interaction: PackageSetting{20ec48f com.android.certinstaller/10217} -> PackageSetting{1317f5f it.vfsfitvnm.vimusic.debug/10686} BLOCKED
03-03 02:41:21.717  3822  4138 I AppsFilter: interaction: PackageSetting{5c7731c com.oplus.location/10229} -> PackageSetting{1317f5f it.vfsfitvnm.vimusic.debug/10686} BLOCKED
03-03 02:41:21.719  3822  4138 D InstallerExtImpl: Avoid to hold lock when rmPackageDir
03-03 02:41:21.720  3822  4138 D InstallerExtImpl: Avoid to hold lock when rmPackageDir
03-03 02:41:21.727  3822  4029 E ActivityManager: Unable to freeze binder for 23461: -11
03-03 02:41:21.727  3822  4029 W ProcessList: skipFreezePackageCgroup: uid=10686, pid=23461, rc=-11
03-03 02:41:21.727  3822  4138 D UserUninstallRecorder: not care it.vfsfitvnm.vimusic.debug installed.
03-03 02:41:21.728  3822  4010 I UserAwareMgr: process killed: {pkgName='it.vfsfitvnm.vimusic.debug', serviceName='', procName=it.vfsfitvnm.vimusic.debug, pid=23461, uid=10686, appId=0, owner='null', flags='bg', renderTid=23492, hwuiTids=[23497, 23498], glTids=null, threadInfos=null, mVideoActivityList=[], mStates=0}
03-03 02:41:21.728  3822  4010 I UserAwareMgr: handleProcessKilled, pkgName: it.vfsfitvnm.vimusic.debug, pid: 23461
03-03 02:41:21.728  3822  4029 I ActivityManager: Killing 23461:it.vfsfitvnm.vimusic.debug/u0a686 (adj 905): stop it.vfsfitvnm.vimusic.debug due to installPackageLI
03-03 02:41:21.735  3822  4029 W ActivityTaskManager: Force removing ActivityRecord{258576132 u0 it.vfsfitvnm.vimusic.debug/it.vfsfitvnm.vimusic.MainActivity t28698 f}}: app died, no saved state
03-03 02:41:21.735  3822  4029 D SnapshotCache: removeRunningEntry id: 28698, callers=com.android.server.wm.SnapshotCache.onAppRemoved:91 com.android.server.wm.AbsAppSnapshotController.onAppRemoved:755 com.android.server.wm.SnapshotController.onAppRemoved:97 
03-03 02:41:21.735  3822  4029 D ActivityTaskManager: removeAppToken: ActivityRecord{258576132 u0 it.vfsfitvnm.vimusic.debug/it.vfsfitvnm.vimusic.MainActivity t28698 f}} delayed=false parent=Task{6a135b3 #28698 type=standard A=10686:it.vfsfitvnm.vimusic.debug} animating=false Callers=com.android.server.wm.DisplayContent.removeAppToken:1755 com.android.server.wm.ActivityRecord.removeFromHistory:4972 com.android.server.wm.ActivityRecord.handleAppDied:5337 com.android.server.wm.WindowProcessController.handleAppDied:1718 
03-03 02:41:21.738  3822  4590 W UsageStatsService: Unexpected activity event reported! (it.vfsfitvnm.vimusic.debug/it.vfsfitvnm.vimusic.MainActivity event : 23 instanceId : 208836464)
03-03 02:41:21.738  3822  4029 D WindowManager: NFW_findFocusedWindowIfNeeded:Window{351db37 u0 com.google.android.youtube/com.google.android.youtube.app.honeycomb.Shell$HomeActivity} mCurrentFocus:Window{351db37 u0 com.google.android.youtube/com.google.android.youtube.app.honeycomb.Shell$HomeActivity}
03-03 02:41:21.740  3822  4029 D OplusMirageWindowManagerService: onTaskRemoved displayid:0 taskId:28698 callers:com.android.server.wm.MirageWindowManagerExtImpl.onTaskRemoved:47 com.android.server.wm.TaskDisplayArea.removeChildTask:391 com.android.server.wm.TaskDisplayArea.removeChild:380 com.android.server.wm.WindowContainer.removeImmediately:1076 com.android.server.wm.TaskFragment.removeImmediately:3761 
03-03 02:41:21.740  3822  4029 I OplusScreenSecurityMask: onStackRemoved task = Task{6a135b3 #28698 type=standard A=10686:it.vfsfitvnm.vimusic.debug} record = null displayId = 0
03-03 02:41:21.744  3822  5144 D OAppNetControlService: Hans update:[10686=false][0|0] blackList:[10041, 10348]
03-03 02:41:21.751  3822  3933 D OplusFlexibleWindowMinimizedManagerHelper: onTaskVanished taskInfo:28698 task:Task{6a135b3 #28698 type=standard A=10686:it.vfsfitvnm.vimusic.debug}
03-03 02:41:21.751  3822  3933 D OplusFlexibleDragToSplitAnimController: visibleFlexibleTaskInfos delete:28698
03-03 02:41:21.751  3822  3933 D FlexibleTaskController: no need releaseFlexibleCaptionView or destroyFlexibleDragLeash when non-caption-view-task vanished, task=Task{6a135b3 #28698 type=standard A=10686:it.vfsfitvnm.vimusic.debug}
03-03 02:41:21.751  3822  3933 D FlexibleWindowManagerService: notifyFlexibleTaskVanish taskId : 28698 is not taskEmbedded
03-03 02:41:21.751  3822  3933 D FlexibleWindowManagerService: onFlexibleWindowTaskVanished: task = 28698,size:0
03-03 02:41:21.753  3822  3933 D OplusFlexibleWindowMinimizedManagerHelper: onTaskVanished taskInfo:28698 task:Task{6a135b3 #28698 type=standard A=10686:it.vfsfitvnm.vimusic.debug}
03-03 02:41:21.753  3822  3933 D OplusFlexibleDragToSplitAnimController: visibleFlexibleTaskInfos delete:28698
03-03 02:41:21.753  3822  3933 D FlexibleTaskController: no need releaseFlexibleCaptionView or destroyFlexibleDragLeash when non-caption-view-task vanished, task=Task{6a135b3 #28698 type=standard A=10686:it.vfsfitvnm.vimusic.debug}
03-03 02:41:21.753  3822  3933 D FlexibleWindowManagerService: notifyFlexibleTaskVanish taskId : 28698 is not taskEmbedded
03-03 02:41:21.753  3822  3933 D FlexibleWindowManagerService: onFlexibleWindowTaskVanished: task = 28698,size:0
03-03 02:41:21.757  3822  4138 I ActivityManager: Force stopping it.vfsfitvnm.vimusic.debug appid=10686 user=0: pkg removed
03-03 02:41:21.762  5545  5606 D FlexibleSeekBarManager: removeAlpha for taskId=28698
03-03 02:41:21.767  3822  4948 D ActivityTaskManager: Skipping, invisible task: Task{63d5c5b #5 type=home I=com.android.launcher/.Launcher}
03-03 02:41:21.768  3822  4948 D OplusSplitScreenManagerService: com.android.settings unSupportsSplitScreen by blockList or ForbidActivityList
03-03 02:41:21.769  3822  4948 D OplusSplitScreenManagerService: com.android.settings unSupportsSplitScreen by blockList or ForbidActivityList
03-03 02:41:21.770  3822  4948 D OplusSplitScreenManagerService: com.oplus.dialer unSupportsSplitScreen by blockList or ForbidActivityList
03-03 02:41:21.773  3822 31470 D OplusOsPackageManager: uploadInstallAppInfos:{installerPkg=null, code=20, abi1=null, abi2=null, update=1, cert=BD2AB2AFA7;, targetSdkVersion=33, source=com.android.shell, app_pkg=it.vfsfitvnm.vimusic.debug, version=0.5.4, initiatingPkg=com.android.shell, md5=dcfc4c7c0cca9539eae079b66d5b9b40}
03-03 02:41:21.774  3822  4948 D ActivityTaskManager: after skip size:20,pre-Filtered:com.google.android.youtube # com.microsoft.teams # com.whatsapp # it.vfsfitvnm.vimusic.debug # com.oneplus.gallery # com.android.settings # com.google.android.googlequicksearchbox # com.android.vending # com.linkedin.android # com.oplus.dialer # com.flipkart.android # com.google.android.gm # com.oneplus.calculator # com.google.android.apps.maps # com.google.android.apps.photos # com.android.chrome # com.oneplus.note # com.phonepe.app # com.google.android.apps.messaging # com.microsoft.office.outlook # 
03-03 02:41:21.798  3822  4001 D AppProfilerExtImpl: Skipped pss collection for CPU busy
03-03 02:41:21.799  3822  4010 W UserAwareMgr: event can not be released, id: 2020, count: 2, releasePid: 5787
03-03 02:41:21.799  3822  4001 V AutofillManagerService: onPackageUpdateStarted(): it.vfsfitvnm.vimusic.debug
03-03 02:41:21.801  3822  4948 D ActivityTaskManager: Skipping, invisible task: Task{63d5c5b #5 type=home I=com.android.launcher/.Launcher}
03-03 02:41:21.801  3822  4948 D OplusSplitScreenManagerService: com.android.settings unSupportsSplitScreen by blockList or ForbidActivityList
03-03 02:41:21.801  3822  4948 D OplusSplitScreenManagerService: com.android.settings unSupportsSplitScreen by blockList or ForbidActivityList
03-03 02:41:21.802  3822  4948 D OplusSplitScreenManagerService: com.oplus.dialer unSupportsSplitScreen by blockList or ForbidActivityList
03-03 02:41:21.802  3822  4948 D ActivityTaskManager: after skip size:20,pre-Filtered:com.google.android.youtube # com.microsoft.teams # com.whatsapp # it.vfsfitvnm.vimusic.debug # com.oneplus.gallery # com.android.settings # com.google.android.googlequicksearchbox # com.android.vending # com.linkedin.android # com.oplus.dialer # com.flipkart.android # com.google.android.gm # com.oneplus.calculator # com.google.android.apps.maps # com.google.android.apps.photos # com.android.chrome # com.oneplus.note # com.phonepe.app # com.google.android.apps.messaging # com.microsoft.office.outlook # 
03-03 02:41:21.823  3822  4947 D ShortcutService: received package broadcast intent: Intent { act=android.intent.action.PACKAGE_REMOVED dat=package: flg=0x4000010 (has extras) }
03-03 02:41:21.826  3822  5009 I Sandbox:Service: onReceive() Intent { act=android.intent.action.PACKAGE_REMOVED dat=package: flg=0x4000010 (has extras) } extra: Bundle[{android.intent.extra.REMOVED_FOR_ALL_USERS=true, android.intent.extra.DONT_KILL_APP=false, android.intent.extra.UID=10686, android.intent.extra.SYSTEM_UPDATE_UNINSTALL=false, android.intent.extra.USER_INITIATED=true, android.intent.extra.DATA_REMOVED=false, android.intent.extra.REPLACING=true, android.intent.extra.user_handle=0}]
03-03 02:41:21.838  3822  5752 I OPM-activity: onPackageStatusChange isReInstall don't care!
03-03 02:41:21.844  3822  4948 D OplusMediaControlService: dispatch getHistoryMediaPlayerInfoList
03-03 02:41:21.855  3822  4948 D OplusMediaControlService: InHistoryPlayInfoWhiteList: com.spotify.music, 0
03-03 02:41:21.855  3822  4948 I OplusMediaControlService: getHistoryMediaPlayerInfoList historyInfoList size: 1
03-03 02:41:21.864  3822  5347 D ActivityManager: pid 27161 com.oplus.romupdate received async transactions while frozen
03-03 02:41:21.866  3822  5347 D ActivityManager: sync unfroze 27161 com.oplus.romupdate for 7
03-03 02:41:21.869  3822  4030 I ActivityManager: Start proc 31473:com.oplus.safecenter/1000 for broadcast {com.oplus.safecenter/com.oplus.safecenter.privacy.control.DeepProtectReceiver}
03-03 02:41:21.870  3822  4030 W ContextImpl: Calling a method in the system process without a qualified user: android.app.ContextImpl.sendBroadcast:1281 com.android.server.am.OplusAppStartupConfig.sendAbnormalNotify:2280 com.android.server.am.OplusAppStartupConfig.notifyAbnormalInfo:2213 com.android.server.am.OplusAppStartupManager.handleStartAppInfo:5811 com.android.server.am.ProcessListExtImpl.hookHandleProcessStart:338 
03-03 02:41:21.871  3822  3930 I ActivityManager: ProcessObserver broadcast disabled
03-03 02:41:21.872  3822  4715 D ActivityManager: reportOneUidFrozenStateChanged uid 10185 frozen = false
03-03 02:41:21.882  3822  4138 E OplusAppQuickStart_AppQuickStartController: Delete all capture files when pkg ratio changed, pkgs: [it.vfsfitvnm.vimusic.debug]
03-03 02:41:21.885  3822  4138 E OplusAppQuickStart_OplusAppQuickStart: success to delete file: it.vfsfitvnm.vimusic.debug_0_33_MAIN.webp
03-03 02:41:21.888 29741 29741 D ActivityThread: Package [it.vfsfitvnm.vimusic.debug] reported as REPLACED, but missing application info. Assuming REMOVED.
03-03 02:41:21.890  9051  9051 D ActivityThread: Package [it.vfsfitvnm.vimusic.debug] reported as REPLACED, but missing application info. Assuming REMOVED.
03-03 02:41:21.890  5331  5331 D ActivityThread: Package [it.vfsfitvnm.vimusic.debug] reported as REPLACED, but missing application info. Assuming REMOVED.
03-03 02:41:21.891  9470  9470 D ActivityThread: Package [it.vfsfitvnm.vimusic.debug] reported as REPLACED, but missing application info. Assuming REMOVED.
03-03 02:41:21.892  3822  5354 I MediaSessionStack: removeSession | record: it.vfsfitvnm.vimusic.debug/PlayerService/66 (userId=0)
03-03 02:41:21.893  3822  4562 I ActivityManager: Death received, pid = 0, processName = it.vfsfitvnm.vimusic.debug for thread android.os.BinderProxy@18ceedf
03-03 02:41:21.893 25948 25948 D ActivityThread: Package [it.vfsfitvnm.vimusic.debug] reported as REPLACED, but missing application info. Assuming REMOVED.
03-03 02:41:21.894 11000 11000 D ActivityThread: Package [it.vfsfitvnm.vimusic.debug] reported as REPLACED, but missing application info. Assuming REMOVED.
03-03 02:41:21.894  5181  5181 D ActivityThread: Package [it.vfsfitvnm.vimusic.debug] reported as REPLACED, but missing application info. Assuming REMOVED.
03-03 02:41:21.894 26352 26352 D ActivityThread: Package [it.vfsfitvnm.vimusic.debug] reported as REPLACED, but missing application info. Assuming REMOVED.
03-03 02:41:21.895 20548 20548 D ActivityThread: Package [it.vfsfitvnm.vimusic.debug] reported as REPLACED, but missing application info. Assuming REMOVED.
03-03 02:41:21.895  4797  4797 D ActivityThread: Package [it.vfsfitvnm.vimusic.debug] reported as REPLACED, but missing application info. Assuming REMOVED.
03-03 02:41:21.895 30827 30827 D ActivityThread: Package [it.vfsfitvnm.vimusic.debug] reported as REPLACED, but missing application info. Assuming REMOVED.
03-03 02:41:21.896  9293  9293 D ActivityThread: Package [it.vfsfitvnm.vimusic.debug] reported as REPLACED, but missing application info. Assuming REMOVED.
03-03 02:41:21.897 25286 25286 D ActivityThread: Package [it.vfsfitvnm.vimusic.debug] reported as REPLACED, but missing application info. Assuming REMOVED.
03-03 02:41:21.897 27243 27243 D ActivityThread: Package [it.vfsfitvnm.vimusic.debug] reported as REPLACED, but missing application info. Assuming REMOVED.
03-03 02:41:21.897  9561  9561 D ActivityThread: Package [it.vfsfitvnm.vimusic.debug] reported as REPLACED, but missing application info. Assuming REMOVED.
03-03 02:41:21.898 17643 17643 D ActivityThread: Package [it.vfsfitvnm.vimusic.debug] reported as REPLACED, but missing application info. Assuming REMOVED.
03-03 02:41:21.899  5272  5272 D ActivityThread: Package [it.vfsfitvnm.vimusic.debug] reported as REPLACED, but missing application info. Assuming REMOVED.
03-03 02:41:21.899 29281 29281 D ActivityThread: Package [it.vfsfitvnm.vimusic.debug] reported as REPLACED, but missing application info. Assuming REMOVED.
03-03 02:41:21.899  9291  9291 D ActivityThread: Package [it.vfsfitvnm.vimusic.debug] reported as REPLACED, but missing application info. Assuming REMOVED.
03-03 02:41:21.899 17669 17669 D ActivityThread: Package [it.vfsfitvnm.vimusic.debug] reported as REPLACED, but missing application info. Assuming REMOVED.
03-03 02:41:21.899 25864 25864 D ActivityThread: Package [it.vfsfitvnm.vimusic.debug] reported as REPLACED, but missing application info. Assuming REMOVED.
03-03 02:41:21.900 11964 11964 D ActivityThread: Package [it.vfsfitvnm.vimusic.debug] reported as REPLACED, but missing application info. Assuming REMOVED.
03-03 02:41:21.900 26896 26896 D ActivityThread: Package [it.vfsfitvnm.vimusic.debug] reported as REPLACED, but missing application info. Assuming REMOVED.
03-03 02:41:21.901 32101 32101 D ActivityThread: Package [it.vfsfitvnm.vimusic.debug] reported as REPLACED, but missing application info. Assuming REMOVED.
03-03 02:41:21.901  5711  5711 D ActivityThread: Package [it.vfsfitvnm.vimusic.debug] reported as REPLACED, but missing application info. Assuming REMOVED.
03-03 02:41:21.902 25722 25722 D ActivityThread: Package [it.vfsfitvnm.vimusic.debug] reported as REPLACED, but missing application info. Assuming REMOVED.
03-03 02:41:21.902 26184 26184 D ActivityThread: Package [it.vfsfitvnm.vimusic.debug] reported as REPLACED, but missing application info. Assuming REMOVED.
03-03 02:41:21.902  5708  5708 D ActivityThread: Package [it.vfsfitvnm.vimusic.debug] reported as REPLACED, but missing application info. Assuming REMOVED.
03-03 02:41:21.903  9256  9256 D ActivityThread: Package [it.vfsfitvnm.vimusic.debug] reported as REPLACED, but missing application info. Assuming REMOVED.
03-03 02:41:21.903  3822  3932 W ActivityManager: setHasOverlayUi called on unknown pid: 23461
03-03 02:41:21.904  5538  5538 D ActivityThread: Package [it.vfsfitvnm.vimusic.debug] reported as REPLACED, but missing application info. Assuming REMOVED.
03-03 02:41:21.901  5435  5435 D ActivityThread: Package [it.vfsfitvnm.vimusic.debug] reported as REPLACED, but missing application info. Assuming REMOVED.
03-03 02:41:21.905  3822  4037 D ActivityManager: Cancel freezing 31078 com.android.vending:background
03-03 02:41:21.905  3822  4037 D ActivityManager: Async freezing 31078 com.android.vending:background
03-03 02:41:21.905  3822  4037 D ActivityManager: Cancel freezing 31078 com.android.vending:background
03-03 02:41:21.905  3822  4037 D ActivityManager: Async freezing 31078 com.android.vending:background
03-03 02:41:21.906  3822  4037 D ActivityManager: Cancel freezing 31078 com.android.vending:background
03-03 02:41:21.907  5787  5787 D ActivityThread: Package [it.vfsfitvnm.vimusic.debug] reported as REPLACED, but missing application info. Assuming REMOVED.
03-03 02:41:21.909 19120 19120 D ActivityThread: Package [it.vfsfitvnm.vimusic.debug] reported as REPLACED, but missing application info. Assuming REMOVED.
03-03 02:41:21.911  3822  8593 V ActivityManager: Got obituary of 23461:it.vfsfitvnm.vimusic.debug
03-03 02:41:21.912 17667 17667 D ActivityThread: Package [it.vfsfitvnm.vimusic.debug] reported as REPLACED, but missing application info. Assuming REMOVED.
03-03 02:41:21.912 31078 31078 D ActivityThread: Package [it.vfsfitvnm.vimusic.debug] reported as REPLACED, but missing application info. Assuming REMOVED.
03-03 02:41:21.912  5880 25981 I iopgp   : PreloadService: TRANSACTION_IOPGP_ON_PACKAGES_CHANGED
03-03 02:41:21.912  3822  4138 E OplusAppQuickStart_AppQuickStartController: Delete all capture files when pkg ratio changed, pkgs: [it.vfsfitvnm.vimusic.debug]
03-03 02:41:21.913  5776  5776 D ActivityThread: Package [it.vfsfitvnm.vimusic.debug] reported as REPLACED, but missing application info. Assuming REMOVED.
03-03 02:41:21.913 29542 29542 D ActivityThread: Package [it.vfsfitvnm.vimusic.debug] reported as REPLACED, but missing application info. Assuming REMOVED.
03-03 02:41:21.913  5880 25981 I iopgp   : Iopgp: TRANSACTION_IOPGP_ON_PACKAGES_CHANGED  pkg_name = it.vfsfitvnm.vimusic.debug pkg_version = 20 isDeleted = 0
03-03 02:41:21.914 31981 31981 D ActivityThread: Package [it.vfsfitvnm.vimusic.debug] reported as REPLACED, but missing application info. Assuming REMOVED.
03-03 02:41:21.914 18799 18799 D ActivityThread: Package [it.vfsfitvnm.vimusic.debug] reported as REPLACED, but missing application info. Assuming REMOVED.
03-03 02:41:21.914  5880  5880 D iopgp   : Same version package it.vfsfitvnm.vimusic.debug with version 20
03-03 02:41:21.914  5880  5880 D iopgp   : OnPackageChangeEvent:old package version is 20
03-03 02:41:21.893  5951  5951 D ActivityThread: Package [it.vfsfitvnm.vimusic.debug] reported as REPLACED, but missing application info. Assuming REMOVED.
03-03 02:41:21.913 26410 26410 D ActivityThread: Package [it.vfsfitvnm.vimusic.debug] reported as REPLACED, but missing application info. Assuming REMOVED.
03-03 02:41:21.917  5713  5713 D ActivityThread: Package [it.vfsfitvnm.vimusic.debug] reported as REPLACED, but missing application info. Assuming REMOVED.
03-03 02:41:21.919  5787  5787 D ActivityThread: Package [it.vfsfitvnm.vimusic.debug] reported as REPLACED, but missing application info. Assuming REMOVED.
03-03 02:41:21.919  9103  9103 D ActivityThread: Package [it.vfsfitvnm.vimusic.debug] reported as REPLACED, but missing application info. Assuming REMOVED.
03-03 02:41:21.919 29741 29741 D ActivityThread: Package [it.vfsfitvnm.vimusic.debug] reported as REPLACED, but missing application info. Assuming REMOVED.
03-03 02:41:21.920 27161 27161 D ActivityThread: Package [it.vfsfitvnm.vimusic.debug] reported as REPLACED, but missing application info. Assuming REMOVED.
03-03 02:41:21.920  9051  9051 D ActivityThread: Package [it.vfsfitvnm.vimusic.debug] reported as REPLACED, but missing application info. Assuming REMOVED.
03-03 02:41:21.920 17668 17668 D ActivityThread: Package [it.vfsfitvnm.vimusic.debug] reported as REPLACED, but missing application info. Assuming REMOVED.
03-03 02:41:21.921  3822  4762 I VibrationEffectConvertor: onInputMethodListUpdated received, info.size = 3
03-03 02:41:21.921  3822  4762 I VibrationEffectConvertor: userid = 0, packageName = com.google.android.tts
03-03 02:41:21.921  3822  4762 I VibrationEffectConvertor: userid = 0, packageName = com.google.android.inputmethod.latin
03-03 02:41:21.921  3822  4762 I VibrationEffectConvertor: userid = 0, packageName = com.oplus.securitykeyboard
03-03 02:41:21.923 30686 30686 D ActivityThread: Package [it.vfsfitvnm.vimusic.debug] reported as REPLACED, but missing application info. Assuming REMOVED.
03-03 02:41:21.922  3822  4762 I VibrationEffectConvertor: onInputMethodListUpdated received, info.size = 3
03-03 02:41:21.924  3822  4762 I VibrationEffectConvertor: userid = 0, packageName = com.google.android.tts
03-03 02:41:21.924  3822  4762 I VibrationEffectConvertor: userid = 0, packageName = com.google.android.inputmethod.latin
03-03 02:41:21.924  3822  4762 I VibrationEffectConvertor: userid = 0, packageName = com.oplus.securitykeyboard
03-03 02:41:21.924  5726  5726 D ActivityThread: Package [it.vfsfitvnm.vimusic.debug] reported as REPLACED, but missing application info. Assuming REMOVED.
03-03 02:41:21.925  9293  9293 D ActivityThread: Package [it.vfsfitvnm.vimusic.debug] reported as REPLACED, but missing application info. Assuming REMOVED.
03-03 02:41:21.926  5272  5272 D ActivityThread: Package [it.vfsfitvnm.vimusic.debug] reported as REPLACED, but missing application info. Assuming REMOVED.
03-03 02:41:21.926 26352 26352 D ActivityThread: Package [it.vfsfitvnm.vimusic.debug] reported as REPLACED, but missing application info. Assuming REMOVED.
03-03 02:41:21.927 25948 25948 D ActivityThread: Package [it.vfsfitvnm.vimusic.debug] reported as REPLACED, but missing application info. Assuming REMOVED.
03-03 02:41:21.920  5692  5692 D ActivityThread: Package [it.vfsfitvnm.vimusic.debug] reported as REPLACED, but missing application info. Assuming REMOVED.
03-03 02:41:21.927 32101 32101 D ActivityThread: Package [it.vfsfitvnm.vimusic.debug] reported as REPLACED, but missing application info. Assuming REMOVED.
03-03 02:41:21.929  3822  4030 I ActivityManager: Start proc 31479:com.oplus.notificationmanager/1000 for service {com.oplus.notificationmanager/com.oplus.notification.NotificationCenterService}
03-03 02:41:21.929  9103  9103 D ActivityThread: Package [it.vfsfitvnm.vimusic.debug] reported as REPLACED, but missing application info. Assuming REMOVED.
03-03 02:41:21.930  3822  3930 I ActivityManager: ProcessObserver broadcast disabled
03-03 02:41:21.930 31981 31981 D ActivityThread: Package [it.vfsfitvnm.vimusic.debug] reported as REPLACED, but missing application info. Assuming REMOVED.
03-03 02:41:21.930  5435  5435 D ActivityThread: Package [it.vfsfitvnm.vimusic.debug] reported as REPLACED, but missing application info. Assuming REMOVED.
03-03 02:41:21.930  9077  9077 D ActivityThread: Package [it.vfsfitvnm.vimusic.debug] reported as REPLACED, but missing application info. Assuming REMOVED.
03-03 02:41:21.930 27161 27161 D ActivityThread: Package [it.vfsfitvnm.vimusic.debug] reported as REPLACED, but missing application info. Assuming REMOVED.
03-03 02:41:21.931 29756 29756 D ActivityThread: Package [it.vfsfitvnm.vimusic.debug] reported as REPLACED, but missing application info. Assuming REMOVED.
03-03 02:41:21.931  9561  9561 D ActivityThread: Package [it.vfsfitvnm.vimusic.debug] reported as REPLACED, but missing application info. Assuming REMOVED.
03-03 02:41:21.931 18937 18937 D ActivityThread: Package [it.vfsfitvnm.vimusic.debug] reported as REPLACED, but missing application info. Assuming REMOVED.
03-03 02:41:21.931 29756 29756 D ActivityThread: Package [it.vfsfitvnm.vimusic.debug] reported as REPLACED, but missing application info. Assuming REMOVED.
03-03 02:41:21.931 17643 17643 D ActivityThread: Package [it.vfsfitvnm.vimusic.debug] reported as REPLACED, but missing application info. Assuming REMOVED.
03-03 02:41:21.931  9256  9256 D ActivityThread: Package [it.vfsfitvnm.vimusic.debug] reported as REPLACED, but missing application info. Assuming REMOVED.
03-03 02:41:21.931 17668 17668 D ActivityThread: Package [it.vfsfitvnm.vimusic.debug] reported as REPLACED, but missing application info. Assuming REMOVED.
03-03 02:41:21.931 26896 26896 D ActivityThread: Package [it.vfsfitvnm.vimusic.debug] reported as REPLACED, but missing application info. Assuming REMOVED.
03-03 02:41:21.932 17669 17669 D ActivityThread: Package [it.vfsfitvnm.vimusic.debug] reported as REPLACED, but missing application info. Assuming REMOVED.
03-03 02:41:21.932 26184 26184 D ActivityThread: Package [it.vfsfitvnm.vimusic.debug] reported as REPLACED, but missing application info. Assuming REMOVED.
03-03 02:41:21.932  5181  5181 D ActivityThread: Package [it.vfsfitvnm.vimusic.debug] reported as REPLACED, but missing application info. Assuming REMOVED.
03-03 02:41:21.932 25722 25722 D ActivityThread: Package [it.vfsfitvnm.vimusic.debug] reported as REPLACED, but missing application info. Assuming REMOVED.
03-03 02:41:21.933 11964 11964 D ActivityThread: Package [it.vfsfitvnm.vimusic.debug] reported as REPLACED, but missing application info. Assuming REMOVED.
03-03 02:41:21.933  3822  5484 D OplusMediaControlService: dispatch getHistoryMediaPlayerInfoList
03-03 02:41:21.933  5951  5951 D ActivityThread: Package [it.vfsfitvnm.vimusic.debug] reported as REPLACED, but missing application info. Assuming REMOVED.
03-03 02:41:21.934 26410 26410 D ActivityThread: Package [it.vfsfitvnm.vimusic.debug] reported as REPLACED, but missing application info. Assuming REMOVED.
03-03 02:41:21.934 19120 19120 D ActivityThread: Package [it.vfsfitvnm.vimusic.debug] reported as REPLACED, but missing application info. Assuming REMOVED.
03-03 02:41:21.934  3822  5484 D OplusMediaControlService: InHistoryPlayInfoWhiteList: com.spotify.music, 0
03-03 02:41:21.934  3822  5484 I OplusMediaControlService: getHistoryMediaPlayerInfoList historyInfoList size: 1
03-03 02:41:21.935  9470  9470 D ActivityThread: Package [it.vfsfitvnm.vimusic.debug] reported as REPLACED, but missing application info. Assuming REMOVED.
03-03 02:41:21.935 19333 19333 D ActivityThread: Package [it.vfsfitvnm.vimusic.debug] reported as REPLACED, but missing application info. Assuming REMOVED.
03-03 02:41:21.935 11000 11000 D ActivityThread: Package [it.vfsfitvnm.vimusic.debug] reported as REPLACED, but missing application info. Assuming REMOVED.
03-03 02:41:21.935  3822  4947 D ShortcutService: received package broadcast intent: Intent { act=android.intent.action.PACKAGE_ADDED dat=package: flg=0x4000010 (has extras) }
03-03 02:41:21.935  3822  4947 D ShortcutService: replacing package: it.vfsfitvnm.vimusic.debug userId=0
03-03 02:41:21.935  3822  4947 D ShortcutService: handlePackageUpdateFinished: it.vfsfitvnm.vimusic.debug userId=0
03-03 02:41:21.935  3822  4947 D ShortcutService: rescanPackageIfNeeded 0@it.vfsfitvnm.vimusic.debug, forceRescan=true , isNewApp=true
03-03 02:41:21.936  3822  4947 D ShortcutService: Package it.vfsfitvnm.vimusic.debug has 0 manifest shortcut(s), and 0 share target(s)
03-03 02:41:21.936 18799 18799 D ActivityThread: Package [it.vfsfitvnm.vimusic.debug] reported as REPLACED, but missing application info. Assuming REMOVED.
03-03 02:41:21.937  3822  4138 E OplusAppQuickStart_AppQuickStartController: Delete all capture files when pkg ratio changed, pkgs: [it.vfsfitvnm.vimusic.debug]
03-03 02:41:21.937  5726  5726 D ActivityThread: Package [it.vfsfitvnm.vimusic.debug] reported as REPLACED, but missing application info. Assuming REMOVED.
03-03 02:41:21.937 27243 27243 D ActivityThread: Package [it.vfsfitvnm.vimusic.debug] reported as REPLACED, but missing application info. Assuming REMOVED.
03-03 02:41:21.937 30686 30686 D ActivityThread: Package [it.vfsfitvnm.vimusic.debug] reported as REPLACED, but missing application info. Assuming REMOVED.
03-03 02:41:21.938 29741 29741 D ActivityThread: Package [it.vfsfitvnm.vimusic.debug] reported as REPLACED, but missing application info. Assuming REMOVED.
03-03 02:41:21.938  5538  5538 D ActivityThread: Package [it.vfsfitvnm.vimusic.debug] reported as REPLACED, but missing application info. Assuming REMOVED.
03-03 02:41:21.938  9293  9293 D ActivityThread: Package [it.vfsfitvnm.vimusic.debug] reported as REPLACED, but missing application info. Assuming REMOVED.
03-03 02:41:21.939  5951  5951 D ActivityThread: Package [it.vfsfitvnm.vimusic.debug] reported as REPLACED, but missing application info. Assuming REMOVED.
03-03 02:41:21.939  5787  5787 D ActivityThread: Package [it.vfsfitvnm.vimusic.debug] reported as REPLACED, but missing application info. Assuming REMOVED.
03-03 02:41:21.939 29542 29542 D ActivityThread: Package [it.vfsfitvnm.vimusic.debug] reported as REPLACED, but missing application info. Assuming REMOVED.
03-03 02:41:21.939 25948 25948 D ActivityThread: Package [it.vfsfitvnm.vimusic.debug] reported as REPLACED, but missing application info. Assuming REMOVED.
03-03 02:41:21.940  5143  5143 D ActivityThread: Package [it.vfsfitvnm.vimusic.debug] reported as REPLACED, but missing application info. Assuming REMOVED.
03-03 02:41:21.940  3822  4569 I MemoryOperationUtils: add 31473 to inactive
03-03 02:41:21.940  3822  4569 I MemoryOperationUtils: add 31479 to inactive
03-03 02:41:21.942  5715  5715 D ActivityThread: Package [it.vfsfitvnm.vimusic.debug] reported as REPLACED, but missing application info. Assuming REMOVED.
03-03 02:41:21.942  5776  5776 D ActivityThread: Package [it.vfsfitvnm.vimusic.debug] reported as REPLACED, but missing application info. Assuming REMOVED.
03-03 02:41:21.942  4797  4797 D ActivityThread: Package [it.vfsfitvnm.vimusic.debug] reported as REPLACED, but missing application info. Assuming REMOVED.
03-03 02:41:21.944  5708  5708 D ActivityThread: Package [it.vfsfitvnm.vimusic.debug] reported as REPLACED, but missing application info. Assuming REMOVED.
03-03 02:41:21.945  5545  5545 D ActivityThread: Package [it.vfsfitvnm.vimusic.debug] reported as REPLACED, but missing application info. Assuming REMOVED.
03-03 02:41:21.945  9291  9291 D ActivityThread: Package [it.vfsfitvnm.vimusic.debug] reported as REPLACED, but missing application info. Assuming REMOVED.
03-03 02:41:21.947  5934  5934 D ActivityThread: Package [it.vfsfitvnm.vimusic.debug] reported as REPLACED, but missing application info. Assuming REMOVED.
03-03 02:41:21.949 19333 19333 D ActivityThread: Package [it.vfsfitvnm.vimusic.debug] reported as REPLACED, but missing application info. Assuming REMOVED.
03-03 02:41:21.952  5545  5545 D ActivityThread: Package [it.vfsfitvnm.vimusic.debug] reported as REPLACED, but missing application info. Assuming REMOVED.
03-03 02:41:21.952  9051  9051 D ActivityThread: Package [it.vfsfitvnm.vimusic.debug] reported as REPLACED, but missing application info. Assuming REMOVED.
03-03 02:41:21.953  5713  5713 D ActivityThread: Package [it.vfsfitvnm.vimusic.debug] reported as REPLACED, but missing application info. Assuming REMOVED.
03-03 02:41:21.953  3822  4775 W PackageConfigPersister: App-specific configuration not found for packageName: it.vfsfitvnm.vimusic.debug and userId: 0
03-03 02:41:21.956  5633  5633 D ActivityThread: Package [it.vfsfitvnm.vimusic.debug] reported as REPLACED, but missing application info. Assuming REMOVED.
03-03 02:41:21.956  5934  5934 D ActivityThread: Package [it.vfsfitvnm.vimusic.debug] reported as REPLACED, but missing application info. Assuming REMOVED.
03-03 02:41:21.958  5742  5742 D ActivityThread: Package [it.vfsfitvnm.vimusic.debug] reported as REPLACED, but missing application info. Assuming REMOVED.
03-03 02:41:21.958 25722 25722 D ActivityThread: Package [it.vfsfitvnm.vimusic.debug] reported as REPLACED, but missing application info. Assuming REMOVED.
03-03 02:41:21.959 18937 18937 D ActivityThread: Package [it.vfsfitvnm.vimusic.debug] reported as REPLACED, but missing application info. Assuming REMOVED.
03-03 02:41:21.959  5331  5331 D ActivityThread: Package [it.vfsfitvnm.vimusic.debug] reported as REPLACED, but missing application info. Assuming REMOVED.
03-03 02:41:21.962 20548 20548 D ActivityThread: Package [it.vfsfitvnm.vimusic.debug] reported as REPLACED, but missing application info. Assuming REMOVED.
03-03 02:41:21.962  5633  5633 D ActivityThread: Package [it.vfsfitvnm.vimusic.debug] reported as REPLACED, but missing application info. Assuming REMOVED.
03-03 02:41:21.962  5715  5715 D ActivityThread: Package [it.vfsfitvnm.vimusic.debug] reported as REPLACED, but missing application info. Assuming REMOVED.
03-03 02:41:21.962 14988 14988 D ActivityThread: Package [it.vfsfitvnm.vimusic.debug] reported as REPLACED, but missing application info. Assuming REMOVED.
03-03 02:41:21.963 27243 27243 D ActivityThread: Package [it.vfsfitvnm.vimusic.debug] reported as REPLACED, but missing application info. Assuming REMOVED.
03-03 02:41:21.964  5331  5331 D ActivityThread: Package [it.vfsfitvnm.vimusic.debug] reported as REPLACED, but missing application info. Assuming REMOVED.
03-03 02:41:21.965 21429 21429 D ActivityThread: Package [it.vfsfitvnm.vimusic.debug] reported as REPLACED, but missing application info. Assuming REMOVED.
03-03 02:41:21.966  5181  5181 D ActivityThread: Package [it.vfsfitvnm.vimusic.debug] reported as REPLACED, but missing application info. Assuming REMOVED.
03-03 02:41:21.954 17053 17053 D ActivityThread: Package [it.vfsfitvnm.vimusic.debug] reported as REPLACED, but missing application info. Assuming REMOVED.
03-03 02:41:21.966 32101 32101 D ActivityThread: Package [it.vfsfitvnm.vimusic.debug] reported as REPLACED, but missing application info. Assuming REMOVED.
03-03 02:41:21.967 26410 26410 D ActivityThread: Package [it.vfsfitvnm.vimusic.debug] reported as REPLACED, but missing application info. Assuming REMOVED.
03-03 02:41:21.967  5272  5272 D ActivityThread: Package [it.vfsfitvnm.vimusic.debug] reported as REPLACED, but missing application info. Assuming REMOVED.
03-03 02:41:21.967 11000 11000 D ActivityThread: Package [it.vfsfitvnm.vimusic.debug] reported as REPLACED, but missing application info. Assuming REMOVED.
03-03 02:41:21.967 26352 26352 D ActivityThread: Package [it.vfsfitvnm.vimusic.debug] reported as REPLACED, but missing application info. Assuming REMOVED.
03-03 02:41:21.967  9470  9470 D ActivityThread: Package [it.vfsfitvnm.vimusic.debug] reported as REPLACED, but missing application info. Assuming REMOVED.
03-03 02:41:21.968  5723  5723 D ActivityThread: Package [it.vfsfitvnm.vimusic.debug] reported as REPLACED, but missing application info. Assuming REMOVED.
03-03 02:41:21.968 14988 14988 D ActivityThread: Package [it.vfsfitvnm.vimusic.debug] reported as REPLACED, but missing application info. Assuming REMOVED.
03-03 02:41:21.968  5723  5723 D ActivityThread: Package [it.vfsfitvnm.vimusic.debug] reported as REPLACED, but missing application info. Assuming REMOVED.
03-03 02:41:21.969  5711  5711 D ActivityThread: Package [it.vfsfitvnm.vimusic.debug] reported as REPLACED, but missing application info. Assuming REMOVED.
03-03 02:41:21.970  9561  9561 D ActivityThread: Package [it.vfsfitvnm.vimusic.debug] reported as REPLACED, but missing application info. Assuming REMOVED.
03-03 02:41:21.971 17669 17669 D ActivityThread: Package [it.vfsfitvnm.vimusic.debug] reported as REPLACED, but missing application info. Assuming REMOVED.
03-03 02:41:21.972 27161 27161 D ActivityThread: Package [it.vfsfitvnm.vimusic.debug] reported as REPLACED, but missing application info. Assuming REMOVED.
03-03 02:41:21.972  5742  5742 D ActivityThread: Package [it.vfsfitvnm.vimusic.debug] reported as REPLACED, but missing application info. Assuming REMOVED.
03-03 02:41:21.972 25864 25864 D ActivityThread: Package [it.vfsfitvnm.vimusic.debug] reported as REPLACED, but missing application info. Assuming REMOVED.
03-03 02:41:21.972 20548 20548 D ActivityThread: Package [it.vfsfitvnm.vimusic.debug] reported as REPLACED, but missing application info. Assuming REMOVED.
03-03 02:41:21.973 25286 25286 D ActivityThread: Package [it.vfsfitvnm.vimusic.debug] reported as REPLACED, but missing application info. Assuming REMOVED.
03-03 02:41:21.973 25286 25286 D ActivityThread: Package [it.vfsfitvnm.vimusic.debug] reported as REPLACED, but missing application info. Assuming REMOVED.
03-03 02:41:21.973 25864 25864 D ActivityThread: Package [it.vfsfitvnm.vimusic.debug] reported as REPLACED, but missing application info. Assuming REMOVED.
03-03 02:41:21.974 17667 17667 D ActivityThread: Package [it.vfsfitvnm.vimusic.debug] reported as REPLACED, but missing application info. Assuming REMOVED.
03-03 02:41:21.974 21429 21429 D ActivityThread: Package [it.vfsfitvnm.vimusic.debug] reported as REPLACED, but missing application info. Assuming REMOVED.
03-03 02:41:21.968 30102 30102 D ActivityThread: Package [it.vfsfitvnm.vimusic.debug] reported as REPLACED, but missing application info. Assuming REMOVED.
03-03 02:41:21.974  5718  5718 D ActivityThread: Package [it.vfsfitvnm.vimusic.debug] reported as REPLACED, but missing application info. Assuming REMOVED.
03-03 02:41:21.975  9077  9077 D ActivityThread: Package [it.vfsfitvnm.vimusic.debug] reported as REPLACED, but missing application info. Assuming REMOVED.
03-03 02:41:21.975  5143  5143 D ActivityThread: Package [it.vfsfitvnm.vimusic.debug] reported as REPLACED, but missing application info. Assuming REMOVED.
03-03 02:41:21.975 17667 17667 D ActivityThread: Package [it.vfsfitvnm.vimusic.debug] reported as REPLACED, but missing application info. Assuming REMOVED.
03-03 02:41:21.976 30102 30102 D ActivityThread: Package [it.vfsfitvnm.vimusic.debug] reported as REPLACED, but missing application info. Assuming REMOVED.
03-03 02:41:21.977 30102 30102 D ActivityThread: Package [it.vfsfitvnm.vimusic.debug] reported as REPLACED, but missing application info. Assuming REMOVED.
03-03 02:41:21.978 26184 26184 D ActivityThread: Package [it.vfsfitvnm.vimusic.debug] reported as REPLACED, but missing application info. Assuming REMOVED.
03-03 02:41:21.978  5718  5718 D ActivityThread: Package [it.vfsfitvnm.vimusic.debug] reported as REPLACED, but missing application info. Assuming REMOVED.
03-03 02:41:21.978 29756 29756 D ActivityThread: Package [it.vfsfitvnm.vimusic.debug] reported as REPLACED, but missing application info. Assuming REMOVED.
03-03 02:41:21.978 29542 29542 D ActivityThread: Package [it.vfsfitvnm.vimusic.debug] reported as REPLACED, but missing application info. Assuming REMOVED.
03-03 02:41:21.979 18937 18937 D ActivityThread: Package [it.vfsfitvnm.vimusic.debug] reported as REPLACED, but missing application info. Assuming REMOVED.
03-03 02:41:21.979  6730  6730 D ActivityThread: Package [it.vfsfitvnm.vimusic.debug] reported as REPLACED, but missing application info. Assuming REMOVED.
03-03 02:41:21.979 18799 18799 D ActivityThread: Package [it.vfsfitvnm.vimusic.debug] reported as REPLACED, but missing application info. Assuming REMOVED.
03-03 02:41:21.980 19333 19333 D ActivityThread: Package [it.vfsfitvnm.vimusic.debug] reported as REPLACED, but missing application info. Assuming REMOVED.
03-03 02:41:21.980  5934  5934 D ActivityThread: Package [it.vfsfitvnm.vimusic.debug] reported as REPLACED, but missing application info. Assuming REMOVED.
03-03 02:41:21.981 17643 17643 D ActivityThread: Package [it.vfsfitvnm.vimusic.debug] reported as REPLACED, but missing application info. Assuming REMOVED.
03-03 02:41:21.981 17668 17668 D ActivityThread: Package [it.vfsfitvnm.vimusic.debug] reported as REPLACED, but missing application info. Assuming REMOVED.
03-03 02:41:21.981 30686 30686 D ActivityThread: Package [it.vfsfitvnm.vimusic.debug] reported as REPLACED, but missing application info. Assuming REMOVED.
03-03 02:41:21.982  6730  6730 D ActivityThread: Package [it.vfsfitvnm.vimusic.debug] reported as REPLACED, but missing application info. Assuming REMOVED.
03-03 02:41:21.982  9077  9077 D ActivityThread: Package [it.vfsfitvnm.vimusic.debug] reported as REPLACED, but missing application info. Assuming REMOVED.
03-03 02:41:21.984 29281 29281 D ActivityThread: Package [it.vfsfitvnm.vimusic.debug] reported as REPLACED, but missing application info. Assuming REMOVED.
03-03 02:41:21.985  5713  5713 D ActivityThread: Package [it.vfsfitvnm.vimusic.debug] reported as REPLACED, but missing application info. Assuming REMOVED.
03-03 02:41:21.985 31981 31981 D ActivityThread: Package [it.vfsfitvnm.vimusic.debug] reported as REPLACED, but missing application info. Assuming REMOVED.
03-03 02:41:21.986  9103  9103 D ActivityThread: Package [it.vfsfitvnm.vimusic.debug] reported as REPLACED, but missing application info. Assuming REMOVED.
03-03 02:41:21.986 26896 26896 D ActivityThread: Package [it.vfsfitvnm.vimusic.debug] reported as REPLACED, but missing application info. Assuming REMOVED.
03-03 02:41:21.986  5711  5711 D ActivityThread: Package [it.vfsfitvnm.vimusic.debug] reported as REPLACED, but missing application info. Assuming REMOVED.
03-03 02:41:21.986  5776  5776 D ActivityThread: Package [it.vfsfitvnm.vimusic.debug] reported as REPLACED, but missing application info. Assuming REMOVED.
03-03 02:41:21.987 11964 11964 D ActivityThread: Package [it.vfsfitvnm.vimusic.debug] reported as REPLACED, but missing application info. Assuming REMOVED.
03-03 02:41:21.987  9291  9291 D ActivityThread: Package [it.vfsfitvnm.vimusic.debug] reported as REPLACED, but missing application info. Assuming REMOVED.
03-03 02:41:21.987  5435  5435 D ActivityThread: Package [it.vfsfitvnm.vimusic.debug] reported as REPLACED, but missing application info. Assuming REMOVED.
03-03 02:41:21.987  9256  9256 D ActivityThread: Package [it.vfsfitvnm.vimusic.debug] reported as REPLACED, but missing application info. Assuming REMOVED.
03-03 02:41:21.987 19120 19120 D ActivityThread: Package [it.vfsfitvnm.vimusic.debug] reported as REPLACED, but missing application info. Assuming REMOVED.
03-03 02:41:21.988  5041  5041 D ActivityThread: Package [it.vfsfitvnm.vimusic.debug] reported as REPLACED, but missing application info. Assuming REMOVED.
03-03 02:41:21.988  5633  5633 D ActivityThread: Package [it.vfsfitvnm.vimusic.debug] reported as REPLACED, but missing application info. Assuming REMOVED.
03-03 02:41:21.988  5723  5723 D ActivityThread: Package [it.vfsfitvnm.vimusic.debug] reported as REPLACED, but missing application info. Assuming REMOVED.
03-03 02:41:21.988  5742  5742 D ActivityThread: Package [it.vfsfitvnm.vimusic.debug] reported as REPLACED, but missing application info. Assuming REMOVED.
03-03 02:41:21.988  5715  5715 D ActivityThread: Package [it.vfsfitvnm.vimusic.debug] reported as REPLACED, but missing application info. Assuming REMOVED.
03-03 02:41:21.989 21429 21429 D ActivityThread: Package [it.vfsfitvnm.vimusic.debug] reported as REPLACED, but missing application info. Assuming REMOVED.
03-03 02:41:21.989  6730  6730 D ActivityThread: Package [it.vfsfitvnm.vimusic.debug] reported as REPLACED, but missing application info. Assuming REMOVED.
03-03 02:41:21.989  5538  5538 D ActivityThread: Package [it.vfsfitvnm.vimusic.debug] reported as REPLACED, but missing application info. Assuming REMOVED.
03-03 02:41:21.990  3822  4138 D PackageInstallerSessionExtImpl: recordSotaAppResult stagedSession is null
03-03 02:41:21.990  3822  4138 D PackageInstallerSession: Marking session 1178850348 as applied
03-03 02:41:21.990  3822  4138 D InstallerExtImpl: Avoid to hold lock when rmPackageDir
03-03 02:41:21.990  5726  5726 D ActivityThread: Package [it.vfsfitvnm.vimusic.debug] reported as REPLACED, but missing application info. Assuming REMOVED.
03-03 02:41:21.990 14988 14988 D ActivityThread: Package [it.vfsfitvnm.vimusic.debug] reported as REPLACED, but missing application info. Assuming REMOVED.
03-03 02:41:21.990  3822  4948 V ActivityManager: Has totaly same connectionRecord, just reuse it!
03-03 02:41:21.990  3822  4138 D OplusInstallAccelerateManager: stopAccelerate()
03-03 02:41:21.991  3822  4138 D OplusInstallAccelerateManager: operateCpuBouncingIfNeeded()
03-03 02:41:21.991  3822  4138 D OplusInstallAccelerateManager: originatingPackageName = unknown
03-03 02:41:21.991  3822  4138 D OplusInstallAccelerateManager: initiatingPackageName = com.android.shell
03-03 02:41:21.991  3822  4138 D OplusInstallAccelerateManager: installerPackageName = unknown
03-03 02:41:21.991  4797  4797 D ActivityThread: Package [it.vfsfitvnm.vimusic.debug] reported as REPLACED, but missing application info. Assuming REMOVED.
03-03 02:41:21.991  5718  5718 D ActivityThread: Package [it.vfsfitvnm.vimusic.debug] reported as REPLACED, but missing application info. Assuming REMOVED.
03-03 02:41:21.991  5545  5545 D ActivityThread: Package [it.vfsfitvnm.vimusic.debug] reported as REPLACED, but missing application info. Assuming REMOVED.
03-03 02:41:21.992  3822  4557 D InstallDependencyHelper: Session complete for 1178850348
03-03 02:41:21.992  5143  5143 D ActivityThread: Package [it.vfsfitvnm.vimusic.debug] reported as REPLACED, but missing application info. Assuming REMOVED.
03-03 02:41:21.992  3822  5483 D ActivityTaskManagerServiceExtImpl: preBindApplication record is null
03-03 02:41:21.996  3822  4103 D OplusInstallAccelerateManager: handleMessage(1000)
03-03 02:41:21.997  3822  4103 D OplusInstallAccelerateManager: recoveryCpuBouncingIfNeeded(1178850348, false)
03-03 02:41:21.997  3822  4103 D OplusInstallAccelerateManager: remove message 1178850348
03-03 02:41:21.997  3822  4103 D OplusInstallAccelerateManager: recoveryCpuBouncing()
03-03 02:41:22.000  5041  5041 D ActivityThread: Package [it.vfsfitvnm.vimusic.debug] reported as REPLACED, but missing application info. Assuming REMOVED.
03-03 02:41:22.002 17053 17053 D ActivityThread: Package [it.vfsfitvnm.vimusic.debug] reported as REPLACED, but missing application info. Assuming REMOVED.
