03-03 02:40:59.938 29741 29741 D VRI[Shell$HomeActivity]: relayoutWindow result, sizeChanged:false, surfaceControlChanged:false, transformHintChanged:false, mSurfaceSize:Point(1240, 2772), mLastSurfaceSize:Point(1240, 2772), mWidth:1240, mHeight:2772, requestedWidth:1240, requestedHeight:2772, transformHint:0, installOrientation:0, displayRotation:0, isSurfaceValid:true, attr.flag:-2122252032, tmpFrames:ClientWindowFrames{frame=[0,0][1240,2772] display=[0,0][1240,2772] parentFrame=[0,0][1240,2772]}, relayoutAsync:true, mSyncSeqId:0
03-03 02:40:59.938 29741 29741 W VRI[Shell$HomeActivity]: updateBlastSurfaceIfNeeded, surfaceSize:Point(1240, 2772), lastSurfaceSize:Point(1240, 2772), format:-3, blastBufferQueue:android.graphics.BLASTBufferQueue@82081b5
03-03 02:40:59.939  3822  5436 V WindowManager: Relayout Window{351db37 u0 com.google.android.youtube/com.google.android.youtube.app.honeycomb.Shell$HomeActivity}: viewVisibility=0, oldvis=0, req=1240x2772 , apr = 0, vsysui=LAYOUT_STABLE LAYOUT_HIDE_NAVIGATION LAYOUT_FULLSCREEN IMMERSIVE_STICKY, x=0, y=0
03-03 02:40:59.941  3822  5436 D OplusAONSmartDim: onWakeLockReleaseLocked: lock=164867314, flags=0x2000000a, packageName=android, tag="WindowManager/displayId:0", ws=WorkSource{10168 com.google.android.youtube}, uid=1000, pid=3822
03-03 02:40:59.941  3822  5436 D PowerManagerService: userActivityNoUpdateLocked: groupId=0, eventTime=91327967, event=other, flags=0x1, uid=1000
03-03 02:41:00.000  3822  4721 V AlarmManager: sending alarm Alarm{ba2ef82 type 3 origWhen 202483270 whenElapsed 202483270 android} uid 1000 whenElapsed 202483270 windowLength 0 maxWhenElapsed 202483270 repeatInterval 0 action null component null tag TIME_TICK flags 0x9 procName system_server
03-03 02:41:00.015  3822  3822 D LightsServiceExtImpl: currentTime is not belong to 700 - 2330
03-03 02:41:00.015  3822  4067 D OplusDisplayBrightnessBroadcastReceiver: onReceive action = android.intent.action.TIME_TICK , listeners = [com.android.server.display.color.eyeprotect.manager.AiCurveManager$RhythmBroadcastReceiverWithUpgradeUI@4f660c]
03-03 02:41:00.073  3822  4010 W QosScheduler: getScenario failed! scenarios is null, mask=32
03-03 02:41:00.073  3822  4010 W QosScheduler: executeSceneQosStrategy get scenario failed! scenario is null
03-03 02:41:00.073  3822  5436 D BatteryStatsServiceExtImpl: report audio global stop...
03-03 02:41:00.073  3822  4010 W QosScheduler: getScenario failed! scenarios is null, mask=64
03-03 02:41:00.073  3822  4010 W QosScheduler: executeSceneQosStrategy get scenario failed! scenario is null
03-03 02:41:00.156  3822  4721 V AlarmManager: sending alarm Alarm{5d8408a type 1 origWhen 1772485860156 whenElapsed 202483426 android} uid 1000 whenElapsed 202483426 windowLength 0 maxWhenElapsed 202483426 repeatInterval 0 action null component null tag StorgaeBandInfoAlarmTag flags 0x9 procName system_server
03-03 02:41:00.482  3822  4715 D ActivityManager: freezing 25716 com.google.android.apps.messaging
03-03 02:41:01.310  3822  4569 D osense.compress: com.google.android.googlequicksearchbox do shrink, target ratio = 85, final ratio = 90, cur ratio = 80
03-03 02:41:01.494  3822  4715 D ActivityManager: Freezer deadlock watchdog
03-03 02:41:02.162  3822  4721 V AlarmManager: sending alarm Alarm{6af067d type 1 origWhen 1772485862159 whenElapsed 202485429 android} uid 1000 whenElapsed 202485429 windowLength 0 maxWhenElapsed 202485429 repeatInterval 0 action null component null tag StorgaeBandInfoAlarmTag flags 0x9 procName system_server
03-03 02:41:04.011  3822  5210 W SettingsStatsUtil: Can not parse value to float: +network
03-03 02:41:04.016  3822  4569 D osense.compress: com.google.android.gms do shrink, target ratio = 78, final ratio = 90, cur ratio = 67
03-03 02:41:04.175  3822  4721 V AlarmManager: sending alarm Alarm{8c68d01 type 1 origWhen 1772485864169 whenElapsed 202487439 android} uid 1000 whenElapsed 202487439 windowLength 0 maxWhenElapsed 202487439 repeatInterval 0 action null component null tag StorgaeBandInfoAlarmTag flags 0x9 procName system_server
03-03 02:41:05.073  3822  4010 I QosScheduler[QoSPolicy]: setSceneQoS begin:false sceneId:5
03-03 02:41:05.074  3822  4010 I QosScheduler[QoSPolicy]: setSceneQoS begin:false sceneId:6
03-03 02:41:05.529  3822  4569 D osense.compress: com.phonepe.app do shrink, target ratio = 85, final ratio = 90, cur ratio = 80
03-03 02:41:06.180  3822  4721 V AlarmManager: sending alarm Alarm{5437832 type 1 origWhen 1772485866179 whenElapsed 202489449 android} uid 1000 whenElapsed 202489449 windowLength 0 maxWhenElapsed 202489449 repeatInterval 0 action null component null tag StorgaeBandInfoAlarmTag flags 0x9 procName system_server
03-03 02:41:07.343  3822  4715 D ActivityManager: freezing 30102 com.google.android.gms.unstable
03-03 02:41:07.573  3822  4063 D PowerManagerService: userActivityNoUpdateLocked: groupId=0, eventTime=91335578, event=touch, flags=0x0, uid=1000
03-03 02:41:07.580  3822  4010 W QosScheduler: getScenario failed! scenarios is null, mask=4
03-03 02:41:07.580  3822  4010 W QosScheduler: executeSceneQosStrategy get scenario failed! scenario is null
03-03 02:41:07.649  3822  3930 D OplusPanoramaWorkBranchController: notifyMotionUpOrCancel
03-03 02:41:07.654 29741 29741 D VRI[Shell$HomeActivity]: relayoutWindow result, sizeChanged:false, surfaceControlChanged:false, transformHintChanged:false, mSurfaceSize:Point(1240, 2772), mLastSurfaceSize:Point(1240, 2772), mWidth:1240, mHeight:2772, requestedWidth:1240, requestedHeight:2772, transformHint:0, installOrientation:0, displayRotation:0, isSurfaceValid:true, attr.flag:-2122251904, tmpFrames:ClientWindowFrames{frame=[0,0][1240,2772] display=[0,0][1240,2772] parentFrame=[0,0][1240,2772]}, relayoutAsync:true, mSyncSeqId:0
03-03 02:41:07.654 29741 29741 W VRI[Shell$HomeActivity]: updateBlastSurfaceIfNeeded, surfaceSize:Point(1240, 2772), lastSurfaceSize:Point(1240, 2772), format:-3, blastBufferQueue:android.graphics.BLASTBufferQueue@82081b5
03-03 02:41:07.655  3822  5333 V WindowManager: Relayout Window{351db37 u0 com.google.android.youtube/com.google.android.youtube.app.honeycomb.Shell$HomeActivity}: viewVisibility=0, oldvis=0, req=1240x2772 , apr = 0, vsysui=LAYOUT_STABLE LAYOUT_HIDE_NAVIGATION LAYOUT_FULLSCREEN IMMERSIVE_STICKY, x=0, y=0
03-03 02:41:07.658  3822  5333 D OplusAONSmartDim: onWakeLockAcquireLocked: lock=164867314, flags=0x2000000a, packageName=android, tag="WindowManager/displayId:0", ws=WorkSource{10168 com.google.android.youtube}, uid=1000, pid=3822
03-03 02:41:07.665  3822  4948 D BatteryStatsServiceExtImpl: report audio global start...
03-03 02:41:07.665  3822  4010 I QosScheduler[QoSPolicy]: setSceneQoS begin:true sceneId:5
03-03 02:41:07.666  3822  4010 W QosScheduler: getScenario failed! scenarios is null, mask=32
03-03 02:41:07.666  3822  4010 W QosScheduler: executeSceneQosStrategy get scenario failed! scenario is null
03-03 02:41:07.666  3822  5333 E AppOps  : attributionTag  not declared in manifest of com.google.android.youtube
03-03 02:41:07.666  3822  4010 I QosScheduler[QoSPolicy]: setSceneQoS begin:true sceneId:6
03-03 02:41:07.666  3822  4010 W QosScheduler: getScenario failed! scenarios is null, mask=64
03-03 02:41:07.666  3822  4010 W QosScheduler: executeSceneQosStrategy get scenario failed! scenario is null
03-03 02:41:07.666  3822  5436 E AppOps  : attributionTag  not declared in manifest of com.google.android.youtube
03-03 02:41:07.674  3822  4948 E AppOps  : attributionTag  not declared in manifest of com.google.android.youtube
03-03 02:41:07.674  3822  4948 E AppOps  : attributionTag  not declared in manifest of com.google.android.youtube
03-03 02:41:07.690  3822  5347 D OplusStartingWindowManager: updateRecordSurfaceViewState windowToken = android.os.BinderProxy@cbda036, surfaceState = true, attachedToWindow = true, inList = false, win = Window{351db37 u0 com.google.android.youtube/com.google.android.youtube.app.honeycomb.Shell$HomeActivity}
03-03 02:41:07.746  3822  5210 D OplusStartingWindowManager: updateRecordSurfaceViewState windowToken = android.os.BinderProxy@cbda036, surfaceState = true, attachedToWindow = true, inList = false, win = Window{351db37 u0 com.google.android.youtube/com.google.android.youtube.app.honeycomb.Shell$HomeActivity}
03-03 02:41:07.747  3822  5347 E AppOps  : attributionTag  not declared in manifest of com.google.android.youtube
03-03 02:41:07.747  3822  5347 E AppOps  : attributionTag  not declared in manifest of com.google.android.youtube
03-03 02:41:08.189  3822  4721 V AlarmManager: sending alarm Alarm{86ad6ef type 1 origWhen 1772485868188 whenElapsed 202491459 android} uid 1000 whenElapsed 202491459 windowLength 0 maxWhenElapsed 202491459 repeatInterval 0 action null component null tag StorgaeBandInfoAlarmTag flags 0x9 procName system_server
03-03 02:41:08.350  3822  4715 D ActivityManager: Freezer deadlock watchdog
03-03 02:41:08.556  3822  4010 W QosScheduler: getScenario failed! scenarios is null, mask=4
03-03 02:41:08.557  3822  4010 W QosScheduler: executeSceneQosStrategy get scenario failed! scenario is null
03-03 02:41:09.531  3822  4569 D osense.compress: com.google.android.apps.messaging do shrink, target ratio = 85, final ratio = 90, cur ratio = 80
03-03 02:41:10.197  3822  4721 V AlarmManager: sending alarm Alarm{28be2ab type 1 origWhen 1772485870197 whenElapsed 202493467 android} uid 1000 whenElapsed 202493467 windowLength 0 maxWhenElapsed 202493467 repeatInterval 0 action null component null tag StorgaeBandInfoAlarmTag flags 0x9 procName system_server
03-03 02:41:11.818  3822  5210 D ActivityManager: sync unfroze 30102 com.google.android.gms.unstable for 6
03-03 02:41:11.833  3822  4948 W ProcessStats: Tracking association SourceState{a791105 com.google.android.youtube/10168 BTop #356750} whose proc state 2 is better than process ProcessState{ba2222b com.google.android.gms.unstable/10117 pkg=com.google.android.gms} proc state 14 (0 skipped)
03-03 02:41:11.939  3822  4948 W SettingsStatsUtil: Can not parse value to float: +network
03-03 02:41:12.203  3822  4721 V AlarmManager: sending alarm Alarm{f62c92c type 1 origWhen 1772485872202 whenElapsed 202495472 android} uid 1000 whenElapsed 202495472 windowLength 0 maxWhenElapsed 202495472 repeatInterval 0 action null component null tag StorgaeBandInfoAlarmTag flags 0x9 procName system_server
03-03 02:41:14.207  3822  4721 V AlarmManager: sending alarm Alarm{1dd61d6 type 1 origWhen 1772485874207 whenElapsed 202497477 android} uid 1000 whenElapsed 202497477 windowLength 0 maxWhenElapsed 202497477 repeatInterval 0 action null component null tag StorgaeBandInfoAlarmTag flags 0x9 procName system_server
03-03 02:41:15.450  3822  4948 D ActivityManager: Async freezing 31078 com.android.vending:background
03-03 02:41:16.213  3822  4721 V AlarmManager: sending alarm Alarm{454021a type 1 origWhen 1772485876212 whenElapsed 202499483 android} uid 1000 whenElapsed 202499483 windowLength 0 maxWhenElapsed 202499483 repeatInterval 0 action null component null tag StorgaeBandInfoAlarmTag flags 0x9 procName system_server
03-03 02:41:17.050  3822  5210 D ActivityManager: Async freezing 30102 com.google.android.gms.unstable
03-03 02:41:18.219  3822  4721 V AlarmManager: sending alarm Alarm{a7f3bde type 1 origWhen 1772485878218 whenElapsed 202501488 android} uid 1000 whenElapsed 202501488 windowLength 0 maxWhenElapsed 202501488 repeatInterval 0 action null component null tag StorgaeBandInfoAlarmTag flags 0x9 procName system_server
03-03 02:41:20.237  3822  4721 V AlarmManager: sending alarm Alarm{1de63d8 type 1 origWhen 1772485880236 whenElapsed 202503506 android} uid 1000 whenElapsed 202503506 windowLength 0 maxWhenElapsed 202503506 repeatInterval 0 action null component null tag StorgaeBandInfoAlarmTag flags 0x9 procName system_server
03-03 02:41:20.981  3822  5210 E OplusCustomizePackageManagerService: getAdbInstallUninstallDisabled start
03-03 02:41:21.322  3822  4569 D osense.compress: com.google.android.googlequicksearchbox do shrink, target ratio = 85, final ratio = 90, cur ratio = 80
03-03 02:41:21.323  3822  5210 D PackageInstallerSessionExtImpl: no pre: undesired name
03-03 02:41:21.324  3822  5210 D OplusInstallAccelerateManager: startAccelerate()
03-03 02:41:21.324  3822  5210 D OplusInstallAccelerateManager: operateCpuBouncingIfNeeded()
03-03 02:41:21.329  3822  5210 D OplusInstallAccelerateManager: originatingPackageName = unknown
03-03 02:41:21.329  3822  5210 D OplusInstallAccelerateManager: initiatingPackageName = com.android.shell
03-03 02:41:21.329  3822  5210 D OplusInstallAccelerateManager: installerPackageName = unknown
03-03 02:41:21.335  3822  5210 D OplusInstallAccelerateManager: disableCpuBouncing()
03-03 02:41:21.343  3822  4557 D PackageInstallerSessionExtImpl: not get pre-parsed ret
03-03 02:41:21.364  3822  3931 D PackageInstallerSessionExtImpl: hasPreExtract: false
03-03 02:41:21.369  3822  3931 I Watchdog: Pausing HandlerChecker: i/o thread for reason: extract_native_libraries. Pause count: 1
03-03 02:41:21.369  3822  3931 I Watchdog: Resuming HandlerChecker: i/o thread for reason: extract_native_libraries. Pause count: 0
03-03 02:41:21.372  3822  4557 D InstallDependencyHelper: No missing dependency for it.vfsfitvnm.vimusic.debug
03-03 02:41:21.380  3822  4557 D OplusPackageInstallInterceptManager: installStage send adb install pkg:it.vfsfitvnm.vimusic.debug   path: /data/app/vmdl1178850348.tmp/base.apk installFlags:4194418
03-03 02:41:21.380  3822  4557 D OplusPackageInstallInterceptManager: installStage send adb replace install, silent
03-03 02:41:21.381  3822  4557 D PackageManager: installStage it.vfsfitvnm.vimusic.debug, dir=/data/app/vmdl1178850348.tmp, installerPackageName=null, installerUid=2000, full=false
03-03 02:41:21.382  3822  4557 D PackageManager: installStage it.vfsfitvnm.vimusic.debug0
03-03 02:41:21.383  3822  4138 D PackageManager: installStage use for0
03-03 02:41:21.390  3822  4138 V Configuration: Updating configuration, locales updated from [] to [en_GB]
03-03 02:41:21.390  3822  4138 D ParsingPackageUtilsExtImpl: adjustXmlValidator skip verify tag packageName: it.vfsfitvnm.vimusic.debug , bootCompleted: true
03-03 02:41:21.399  3822  4138 W OplusCustomizePmsFeature: getCustomDisallowInstallListFromPolicy disallowInstallList: []
03-03 02:41:21.400  3822  4138 W ContextImpl: Calling a method in the system process without a qualified user: android.app.ContextImpl.sendBroadcast:1296 com.android.server.pm.PackageManagerServiceExtImpl.sendOplusBroadcastForDownloadLink:4681 com.android.server.pm.InstallPackageHelper.preparePackage:2127 com.android.server.pm.InstallPackageHelper.prepareInstallPackages:1350 com.android.server.pm.InstallPackageHelper.installPackagesTraced:1096 
03-03 02:41:21.404  3822  4138 I PackageManager: Update package it.vfsfitvnm.vimusic.debug code path from /data/app/~~zXot6sG3rnvo4DtGi8DBdA==/it.vfsfitvnm.vimusic.debug-9AhRsOnvjVBPknRd8JqI6g== to /data/app/vmdl1178850348.tmp; Retain data and using new
03-03 02:41:21.405  3822  4138 W TangoPackage: Update package from arm64 to arm64
03-03 02:41:21.611  3822  5062 D OplusDexSceneManager: Starting attach context  for  it.vfsfitvnm.vimusic.debug reason: install
03-03 02:41:21.614  3822  5062 D OplusDexSceneManager: isTopAppFront ======= com.google.android.youtube:false
03-03 02:41:21.615  3822  5062 D OplusDexSceneManager: OplusDex Framework didnot works!
03-03 02:41:21.615  3822  5062 W OplusSingleDexoptContainerImpl: oplus checkAndSetBeforeStart success: packageName= it.vfsfitvnm.vimusic.debug priority= 60 compilerFilter= skip
03-03 02:41:21.637  3822  4138 I AppsFilter: interaction: PackageSetting{107995e com.android.microdroid.empty_payload/10292} -> PackageSetting{2807577 it.vfsfitvnm.vimusic.debug/10686} BLOCKED
03-03 02:41:21.638  3822  4138 I AppsFilter: interaction: PackageSetting{dba7e83 com.oplus.locationproxy/10179} -> PackageSetting{2807577 it.vfsfitvnm.vimusic.debug/10686} BLOCKED
03-03 02:41:21.638  3822  4138 I AppsFilter: interaction: PackageSetting{df48382 com.android.certinstaller/10217} -> PackageSetting{2807577 it.vfsfitvnm.vimusic.debug/10686} BLOCKED
03-03 02:41:21.638  3822  4138 I AppsFilter: interaction: PackageSetting{7db65d4 com.oplus.location/10229} -> PackageSetting{2807577 it.vfsfitvnm.vimusic.debug/10686} BLOCKED
03-03 02:41:21.639  3822  4138 I AppsFilter: interaction: PackageSetting{107995e com.android.microdroid.empty_payload/10292} -> PackageSetting{e228f7 it.vfsfitvnm.vimusic.debug/10686} BLOCKED
03-03 02:41:21.639  3822  4138 I AppsFilter: interaction: PackageSetting{dba7e83 com.oplus.locationproxy/10179} -> PackageSetting{e228f7 it.vfsfitvnm.vimusic.debug/10686} BLOCKED
03-03 02:41:21.639  3822  4138 I AppsFilter: interaction: PackageSetting{df48382 com.android.certinstaller/10217} -> PackageSetting{e228f7 it.vfsfitvnm.vimusic.debug/10686} BLOCKED
03-03 02:41:21.640  3822  4138 I AppsFilter: interaction: PackageSetting{7db65d4 com.oplus.location/10229} -> PackageSetting{e228f7 it.vfsfitvnm.vimusic.debug/10686} BLOCKED
03-03 02:41:21.643  3822  4138 W PackageManager: Skipping non-preload apk path: /data/app/~~zXot6sG3rnvo4DtGi8DBdA==/it.vfsfitvnm.vimusic.debug-9AhRsOnvjVBPknRd8JqI6g==/base.apk
03-03 02:41:21.657  3822  4138 I AppsFilter: interaction: PackageSetting{e228f7 it.vfsfitvnm.vimusic.debug/10686} -> PackageSetting{b0482b com.oplus.nfcengineertest/10222} force queryable
03-03 02:41:21.657  3822  4138 I AppsFilter: interaction: PackageSetting{e228f7 it.vfsfitvnm.vimusic.debug/10686} -> PackageSetting{ed0e364 com.android.cellbroadcastreceiver.overlay.common/10023} force queryable
03-03 02:41:21.657  3822  4138 I AppsFilter: interaction: PackageSetting{e228f7 it.vfsfitvnm.vimusic.debug/10686} -> PackageSetting{14048df com.android.providers.contacts/10069} force queryable
03-03 02:41:21.657  3822  4138 I AppsFilter: interaction: PackageSetting{e228f7 it.vfsfitvnm.vimusic.debug/10686} -> PackageSetting{2e21a0f com.oplus.plugin/10331} force queryable
03-03 02:41:21.657  3822  4138 I AppsFilter: interaction: PackageSetting{e228f7 it.vfsfitvnm.vimusic.debug/10686} -> PackageSetting{9586ae9 com.qualcomm.timeservice/10098} force queryable
03-03 02:41:21.657  3822  4138 I AppsFilter: interaction: PackageSetting{e228f7 it.vfsfitvnm.vimusic.debug/10686} -> PackageSetting{6deb770 com.oneplus.colorx/10048} force queryable
03-03 02:41:21.657  3822  4138 I AppsFilter: interaction: PackageSetting{e228f7 it.vfsfitvnm.vimusic.debug/10686} -> PackageSetting{4a9d5b3 com.qualcomm.qti.gpudrivers.pineapple.api34/10096} force queryable
03-03 02:41:21.657  3822  4138 I AppsFilter: interaction: PackageSetting{e228f7 it.vfsfitvnm.vimusic.debug/10686} -> PackageSetting{50ceced com.oplus.nrMode/10199} force queryable
03-03 02:41:21.657  3822  4138 I AppsFilter: interaction: PackageSetting{e228f7 it.vfsfitvnm.vimusic.debug/10686} -> PackageSetting{553af04 com.qti.qcc/10233} force queryable
03-03 02:41:21.657  3822  4138 I AppsFilter: interaction: PackageSetting{e228f7 it.vfsfitvnm.vimusic.debug/10686} -> PackageSetting{a085f17 com.qti.dcf/10210} force queryable
03-03 02:41:21.657  3822  4138 I AppsFilter: interaction: PackageSetting{e228f7 it.vfsfitvnm.vimusic.debug/10686} -> PackageSetting{e5696b1 com.qualcomm.qti.qms.service.trustzoneaccess/10097} force queryable
03-03 02:41:21.657  3822  4138 I AppsFilter: interaction: PackageSetting{e228f7 it.vfsfitvnm.vimusic.debug/10686} -> PackageSetting{4de9558 com.oplus.linker/10129} force queryable
03-03 02:41:21.657  3822  4138 I AppsFilter: interaction: PackageSetting{e228f7 it.vfsfitvnm.vimusic.debug/10686} -> PackageSetting{aea68ca com.android.traceur/10094} force queryable
03-03 02:41:21.657  3822  4138 I AppsFilter: interaction: PackageSetting{e228f7 it.vfsfitvnm.vimusic.debug/10686} -> PackageSetting{9df1ebe com.oplus.appsense/10360} force queryable
03-03 02:41:21.657  3822  4138 I AppsFilter: interaction: PackageSetting{e228f7 it.vfsfitvnm.vimusic.debug/10686} -> PackageSetting{e289d72 com.google.android.ondevicepersonalization.services/10285} force queryable
03-03 02:41:21.657  3822  4138 I AppsFilter: interaction: PackageSetting{e228f7 it.vfsfitvnm.vimusic.debug/10686} -> PackageSetting{c891b01 com.android.systemui/10208} force queryable
03-03 02:41:21.657  3822  4138 I AppsFilter: interaction: PackageSetting{e228f7 it.vfsfitvnm.vimusic.debug/10686} -> PackageSetting{45a68d4 com.qualcomm.qti.xrcb/10215} force queryable
03-03 02:41:21.657  3822  4138 I AppsFilter: interaction: PackageSetting{e228f7 it.vfsfitvnm.vimusic.debug/10686} -> PackageSetting{ad6851a com.oplus.camera/10154} force queryable
03-03 02:41:21.657  3822  4138 I AppsFilter: interaction: PackageSetting{e228f7 it.vfsfitvnm.vimusic.debug/10686} -> PackageSetting{98d120b com.android.providers.userdictionary/10069} force queryable
03-03 02:41:21.657  3822  4138 I AppsFilter: interaction: PackageSetting{e228f7 it.vfsfitvnm.vimusic.debug/10686} -> PackageSetting{4a2ddda com.android.providers.blockednumber/10069} force queryable
03-03 02:41:21.657  3822  4138 I AppsFilter: interaction: PackageSetting{e228f7 it.vfsfitvnm.vimusic.debug/10686} -> PackageSetting{47b160e com.android.wallpaperbackup/10315} force queryable
03-03 02:41:21.657  3822  4138 I AppsFilter: interaction: PackageSetting{e228f7 it.vfsfitvnm.vimusic.debug/10686} -> PackageSetting{536f1d3 com.oplus.cosa/10169} force queryable
03-03 02:41:21.657  3822  4138 I AppsFilter: interaction: PackageSetting{e228f7 it.vfsfitvnm.vimusic.debug/10686} -> PackageSetting{69cbfc2 com.oplus.cast/10121} force queryable
03-03 02:41:21.657  3822  4138 I AppsFilter: interaction: PackageSetting{e228f7 it.vfsfitvnm.vimusic.debug/10686} -> PackageSetting{b88640d com.oplus.blur/10322} force queryable
03-03 02:41:21.657  3822  4138 I AppsFilter: interaction: PackageSetting{e228f7 it.vfsfitvnm.vimusic.debug/10686} -> PackageSetting{92fed6a com.fido.uafclient/10236} force queryable
03-03 02:41:21.657  3822  4138 I AppsFilter: interaction: PackageSetting{e228f7 it.vfsfitvnm.vimusic.debug/10686} -> PackageSetting{8ea9f55 com.android.vpndialogs/10209} force queryable
03-03 02:41:21.657  3822  4138 I AppsFilter: interaction: PackageSetting{e228f7 it.vfsfitvnm.vimusic.debug/10686} -> PackageSetting{79179cd android.framework.res.rro.oneplus/10060} force queryable
03-03 02:41:21.657  3822  4138 I AppsFilter: interaction: PackageSetting{e228f7 it.vfsfitvnm.vimusic.debug/10686} -> PackageSetting{bb88a0c com.oplus.gesture/10228} force queryable
03-03 02:41:21.657  3822  4138 I AppsFilter: interaction: PackageSetting{e228f7 it.vfsfitvnm.vimusic.debug/10686} -> PackageSetting{dab213f com.oplus.tai.wifiqoe/10341} force queryable
03-03 02:41:21.657  3822  4138 I AppsFilter: interaction: PackageSetting{e228f7 it.vfsfitvnm.vimusic.debug/10686} -> PackageSetting{d9b8282 com.qualcomm.qti.uimGbaApp/10142} force queryable
03-03 02:41:21.657  3822  4138 I AppsFilter: interaction: PackageSetting{e228f7 it.vfsfitvnm.vimusic.debug/10686} -> PackageSetting{6d0ae12 com.oplus.motionsense/10365} force queryable
03-03 02:41:21.657  3822  4138 I AppsFilter: interaction: PackageSetting{e228f7 it.vfsfitvnm.vimusic.debug/10686} -> PackageSetting{398d99d com.heytap.accessory/10113} force queryable
03-03 02:41:21.657  3822  4138 I AppsFilter: interaction: PackageSetting{e228f7 it.vfsfitvnm.vimusic.debug/10686} -> PackageSetting{f865d93 com.google.android.overlay.modules.modulemetadata.forframework/10033} force queryable
03-03 02:41:21.657  3822  4138 I AppsFilter: interaction: PackageSetting{e228f7 it.vfsfitvnm.vimusic.debug/10686} -> PackageSetting{7ae32e5 com.oplus.engineercamera/10224} force queryable
03-03 02:41:21.657  3822  4138 I AppsFilter: interaction: PackageSetting{e228f7 it.vfsfitvnm.vimusic.debug/10686} -> PackageSetting{f6ad1d0 com.qualcomm.location/10211} force queryable
03-03 02:41:21.657  3822  4138 I AppsFilter: interaction: PackageSetting{e228f7 it.vfsfitvnm.vimusic.debug/10686} -> PackageSetting{a66f1dc com.oplus.multiapp/10231} force queryable
03-03 02:41:21.657  3822  4138 I AppsFilter: interaction: PackageSetting{e228f7 it.vfsfitvnm.vimusic.debug/10686} -> PackageSetting{716064f com.oplus.virtualcomm/10202} force queryable
03-03 02:41:21.658  3822  4138 I AppsFilter: interaction: PackageSetting{e228f7 it.vfsfitvnm.vimusic.debug/10686} -> PackageSetting{348e5c9 com.google.android.overlay.modules.captiveportallogin.forframework/10024} force queryable
03-03 02:41:21.658  3822  4138 I AppsFilter: interaction: PackageSetting{e228f7 it.vfsfitvnm.vimusic.debug/10686} -> PackageSetting{df6dab0 com.heytap.browser/10272} queries component
03-03 02:41:21.658  3822  4138 I AppsFilter: interaction: PackageSetting{e228f7 it.vfsfitvnm.vimusic.debug/10686} -> PackageSetting{c1cec1b com.qualcomm.qti.cne/10095} force queryable
03-03 02:41:21.658  3822  4138 I AppsFilter: interaction: PackageSetting{e228f7 it.vfsfitvnm.vimusic.debug/10686} -> PackageSetting{3b41e44 com.android.storagemanager/10206} force queryable
03-03 02:41:21.658  3822  4138 I AppsFilter: interaction: PackageSetting{e228f7 it.vfsfitvnm.vimusic.debug/10686} -> PackageSetting{65a9098 com.google.android.gms.supervision/10104} force queryable
03-03 02:41:21.658  3822  4138 I AppsFilter: interaction: PackageSetting{e228f7 it.vfsfitvnm.vimusic.debug/10686} -> PackageSetting{ec63a7b com.oplus.keyguard.clock.graffiti/10338} force queryable
03-03 02:41:21.658  3822  4138 I AppsFilter: interaction: PackageSetting{e228f7 it.vfsfitvnm.vimusic.debug/10686} -> PackageSetting{e8344ce com.android.safetycenter.styles.overlay/10017} force queryable
03-03 02:41:21.658  3822  4138 I AppsFilter: interaction: PackageSetting{e228f7 it.vfsfitvnm.vimusic.debug/10686} -> PackageSetting{3a8a3b9 com.google.mainline.adservices/10138} force queryable
03-03 02:41:21.658  3822  4138 I AppsFilter: interaction: PackageSetting{e228f7 it.vfsfitvnm.vimusic.debug/10686} -> PackageSetting{7548814 com.oplus.keyguard.clock.magazine/10340} force queryable
03-03 02:41:21.658  3822  4138 I AppsFilter: interaction: PackageSetting{e228f7 it.vfsfitvnm.vimusic.debug/10686} -> PackageSetting{e7c9626 com.android.wallpaper.livepicker/10238} force queryable
03-03 02:41:21.658  3822  4138 I AppsFilter: interaction: PackageSetting{e228f7 it.vfsfitvnm.vimusic.debug/10686} -> PackageSetting{6e9c581 com.fido.fido2client/10219} force queryable
03-03 02:41:21.658  3822  4138 I AppsFilter: interaction: PackageSetting{e228f7 it.vfsfitvnm.vimusic.debug/10686} -> PackageSetting{22f3fef com.android.role.notes.enabled/10038} force queryable
03-03 02:41:21.658  3822  4138 I AppsFilter: interaction: PackageSetting{e228f7 it.vfsfitvnm.vimusic.debug/10686} -> PackageSetting{803057c com.oplus.stdsp/10158} force queryable
03-03 02:41:21.658  3822  4138 I AppsFilter: interaction: PackageSetting{e228f7 it.vfsfitvnm.vimusic.debug/10686} -> PackageSetting{a4da46f com.android.devicediagnostics/10155} force queryable
03-03 02:41:21.658  3822  4138 I AppsFilter: interaction: PackageSetting{e228f7 it.vfsfitvnm.vimusic.debug/10686} -> PackageSetting{ef7a13 com.oplus.keyguard.style.widgets/10353} force queryable
03-03 02:41:21.658  3822  4138 I AppsFilter: interaction: PackageSetting{e228f7 it.vfsfitvnm.vimusic.debug/10686} -> PackageSetting{5733afc com.google.android.permissioncontroller.overlay.oplus/10011} force queryable
03-03 02:41:21.658  3822  4138 I AppsFilter: interaction: PackageSetting{e228f7 it.vfsfitvnm.vimusic.debug/10686} -> PackageSetting{8f11585 com.android.wifi.resources.overlay.pineapple/10068} force queryable
03-03 02:41:21.658  3822  4138 I AppsFilter: interaction: PackageSetting{e228f7 it.vfsfitvnm.vimusic.debug/10686} -> PackageSetting{d12dfda com.oplus.framework.rro.oneplus/10063} force queryable
03-03 02:41:21.658  3822  4138 I AppsFilter: interaction: PackageSetting{e228f7 it.vfsfitvnm.vimusic.debug/10686} -> PackageSetting{d41224d com.google.mainline.telemetry/10145} force queryable
03-03 02:41:21.659  3822  4138 I AppsFilter: interaction: PackageSetting{e228f7 it.vfsfitvnm.vimusic.debug/10686} -> PackageSetting{5da7d77 com.oplus.beaconlink/10170} force queryable
03-03 02:41:21.659  3822  4138 I AppsFilter: interaction: PackageSetting{e228f7 it.vfsfitvnm.vimusic.debug/10686} -> PackageSetting{5a3529b com.android.managedprovisioning/10077} force queryable
03-03 02:41:21.659  3822  4138 I AppsFilter: interaction: PackageSetting{e228f7 it.vfsfitvnm.vimusic.debug/10686} -> PackageSetting{ebe86aa com.oplus.networksense/10356} force queryable
03-03 02:41:21.659  3822  4138 I AppsFilter: interaction: PackageSetting{e228f7 it.vfsfitvnm.vimusic.debug/10686} -> PackageSetting{dd9ec0b com.oplus.framework.res.overlay/10311} force queryable
03-03 02:41:21.659  3822  4138 I AppsFilter: interaction: PackageSetting{e228f7 it.vfsfitvnm.vimusic.debug/10686} -> PackageSetting{7370ae8 com.google.android.overlay.modules.permissioncontroller.forframework/10032} force queryable
03-03 02:41:21.659  3822  4138 I AppsFilter: interaction: PackageSetting{e228f7 it.vfsfitvnm.vimusic.debug/10686} -> PackageSetting{5cfaba3 com.android.providers.contactkeys/10069} force queryable
03-03 02:41:21.659  3822  4138 I AppsFilter: interaction: PackageSetting{e228f7 it.vfsfitvnm.vimusic.debug/10686} -> PackageSetting{3a987dd com.qualcomm.qti.workloadclassifier/10240} force queryable
03-03 02:41:21.659  3822  4138 I AppsFilter: interaction: PackageSetting{e228f7 it.vfsfitvnm.vimusic.debug/10686} -> PackageSetting{2c71fb4 com.android.intentresolver/10075} force queryable
03-03 02:41:21.659  3822  4138 I AppsFilter: interaction: PackageSetting{e228f7 it.vfsfitvnm.vimusic.debug/10686} -> PackageSetting{f328501 com.google.android.wifi.resources.overlay.pineapple/10067} force queryable
03-03 02:41:21.659  3822  4138 I AppsFilter: interaction: PackageSetting{e228f7 it.vfsfitvnm.vimusic.debug/10686} -> PackageSetting{c5f3cc6 com.android.proxyhandler/10079} force queryable
03-03 02:41:21.659  3822  4138 I AppsFilter: interaction: PackageSetting{e228f7 it.vfsfitvnm.vimusic.debug/10686} -> PackageSetting{2d8d334 com.qualcomm.qti.devicestatisticsservice/10214} force queryable
03-03 02:41:21.659  3822  4138 I AppsFilter: interaction: PackageSetting{e228f7 it.vfsfitvnm.vimusic.debug/10686} -> PackageSetting{2d35b08 com.android.credentialmanager/10073} force queryable
03-03 02:41:21.659  3822  4138 I AppsFilter: interaction: PackageSetting{e228f7 it.vfsfitvnm.vimusic.debug/10686} -> PackageSetting{732e8ab com.oplus.uxdesign/10237} force queryable
03-03 02:41:21.659  3822  4138 I AppsFilter: interaction: PackageSetting{e228f7 it.vfsfitvnm.vimusic.debug/10686} -> PackageSetting{cb56afa com.qualcomm.qti.powersavemode/10232} force queryable
03-03 02:41:21.659  3822  4138 I AppsFilter: interaction: PackageSetting{e228f7 it.vfsfitvnm.vimusic.debug/10686} -> PackageSetting{3e85925 com.aiunit.aon/10148} force queryable
03-03 02:41:21.659  3822  4138 I AppsFilter: interaction: PackageSetting{e228f7 it.vfsfitvnm.vimusic.debug/10686} -> PackageSetting{2b4c91c com.android.carrierdefaultapp/10086} force queryable
03-03 02:41:21.659  3822  4138 I AppsFilter: interaction: PackageSetting{e228f7 it.vfsfitvnm.vimusic.debug/10686} -> PackageSetting{fa3b28f com.oplus.ambient.livealert/10329} force queryable
03-03 02:41:21.659  3822  4138 I AppsFilter: interaction: PackageSetting{e228f7 it.vfsfitvnm.vimusic.debug/10686} -> PackageSetting{ccf1fa6 com.android.server.telecom.overlay.common/10044} force queryable
03-03 02:41:21.659  3822  4138 I AppsFilter: interaction: PackageSetting{e228f7 it.vfsfitvnm.vimusic.debug/10686} -> PackageSetting{d352f69 com.android.cameraextensions/10085} force queryable
03-03 02:41:21.659  3822  4138 I AppsFilter: interaction: PackageSetting{e228f7 it.vfsfitvnm.vimusic.debug/10686} -> PackageSetting{393de7 com.android.systemui.overlay.common/10042} force queryable
03-03 02:41:21.659  3822  4138 I AppsFilter: interaction: PackageSetting{e228f7 it.vfsfitvnm.vimusic.debug/10686} -> PackageSetting{2d9e446 com.android.calllogbackup/10069} force queryable
03-03 02:41:21.659  3822  4138 I AppsFilter: interaction: PackageSetting{e228f7 it.vfsfitvnm.vimusic.debug/10686} -> PackageSetting{e5ed94 com.android.carrierconfig.overlay.common/10020} force queryable
03-03 02:41:21.659  3822  4138 I AppsFilter: interaction: PackageSetting{e228f7 it.vfsfitvnm.vimusic.debug/10686} -> PackageSetting{4c1703d com.android.phone.overlay.common/10045} force queryable
03-03 02:41:21.659  3822  4138 I AppsFilter: interaction: PackageSetting{e228f7 it.vfsfitvnm.vimusic.debug/10686} -> PackageSetting{e9049a2 com.google.android.tts/10157} force queryable
03-03 02:41:21.659  3822  4138 I AppsFilter: interaction: PackageSetting{e228f7 it.vfsfitvnm.vimusic.debug/10686} -> PackageSetting{b90f821 com.google.android.gsf/10117} force queryable
03-03 02:41:21.659  3822  4138 I AppsFilter: interaction: PackageSetting{e228f7 it.vfsfitvnm.vimusic.debug/10686} -> PackageSetting{e48d688 com.google.android.gms/10117} force queryable
03-03 02:41:21.659  3822  4138 I AppsFilter: interaction: PackageSetting{e228f7 it.vfsfitvnm.vimusic.debug/10686} -> PackageSetting{7b34d84 com.google.android.packageinstaller/10242} force queryable
03-03 02:41:21.659  3822  4138 I AppsFilter: interaction: PackageSetting{e228f7 it.vfsfitvnm.vimusic.debug/10686} -> PackageSetting{2bd9032 com.google.android.overlay.modules.healthfitness.forframework/10303} force queryable
03-03 02:41:21.660  3822  4138 I AppsFilter: interaction: PackageSetting{e228f7 it.vfsfitvnm.vimusic.debug/10686} -> PackageSetting{1579b4a com.android.chrome/10156} queries component
03-03 02:41:21.660  3822  4138 I AppsFilter: interaction: PackageSetting{e228f7 it.vfsfitvnm.vimusic.debug/10686} -> PackageSetting{551d183 aon.frameworkres.overlay.product/10058} force queryable
03-03 02:41:21.660  3822  4138 I AppsFilter: interaction: PackageSetting{e228f7 it.vfsfitvnm.vimusic.debug/10686} -> PackageSetting{ffe4f00 com.android.SystemUIResOverlay/10062} force queryable
03-03 02:41:21.660  3822  4138 I AppsFilter: interaction: PackageSetting{e228f7 it.vfsfitvnm.vimusic.debug/10686} -> PackageSetting{559d339 android.frameworkres.overlay.Network/10016} force queryable
03-03 02:41:21.660  3822  4138 I AppsFilter: interaction: PackageSetting{e228f7 it.vfsfitvnm.vimusic.debug/10686} -> PackageSetting{318c6fd com.oplus.pscanvas/10227} force queryable
03-03 02:41:21.660  3822  4138 I AppsFilter: interaction: PackageSetting{e228f7 it.vfsfitvnm.vimusic.debug/10686} -> PackageSetting{6bf86a7 com.android.cellbroadcastreceiver/10072} force queryable
03-03 02:41:21.660  3822  4138 I AppsFilter: interaction: PackageSetting{e228f7 it.vfsfitvnm.vimusic.debug/10686} -> PackageSetting{d1668a8 com.oplus.keyguard.clock.base/10337} force queryable
03-03 02:41:21.660  3822  4138 I AppsFilter: interaction: PackageSetting{e228f7 it.vfsfitvnm.vimusic.debug/10686} -> PackageSetting{5fa179a com.oplus.aiwriter/10318} force queryable
03-03 02:41:21.660  3822  4138 I AppsFilter: interaction: PackageSetting{e228f7 it.vfsfitvnm.vimusic.debug/10686} -> PackageSetting{6175445 com.google.android.modulemetadata/10139} force queryable
03-03 02:41:21.660  3822  4138 I AppsFilter: interaction: PackageSetting{e228f7 it.vfsfitvnm.vimusic.debug/10686} -> PackageSetting{cb07d7e com.android.settings.overlay.common/10043} force queryable
03-03 02:41:21.660  3822  4138 I AppsFilter: interaction: PackageSetting{e228f7 it.vfsfitvnm.vimusic.debug/10686} -> PackageSetting{905c253 com.oplus.nwestimate/10359} force queryable
03-03 02:41:21.660  3822  4138 I AppsFilter: interaction: PackageSetting{e228f7 it.vfsfitvnm.vimusic.debug/10686} -> PackageSetting{b31a08d com.oplus.sense.netprediction/10357} force queryable
03-03 02:41:21.660  3822  4138 I AppsFilter: interaction: PackageSetting{e228f7 it.vfsfitvnm.vimusic.debug/10686} -> PackageSetting{330c1b7 com.oplus.virtualcomm2/10332} force queryable
03-03 02:41:21.660  3822  4138 I AppsFilter: interaction: PackageSetting{e228f7 it.vfsfitvnm.vimusic.debug/10686} -> PackageSetting{4b1dfea com.coloros.translate.engine/10258} force queryable
03-03 02:41:21.660  3822  4138 I AppsFilter: interaction: PackageSetting{e228f7 it.vfsfitvnm.vimusic.debug/10686} -> PackageSetting{71763de com.fido.asm/10220} force queryable
03-03 02:41:21.660  3822  4138 I AppsFilter: interaction: PackageSetting{e228f7 it.vfsfitvnm.vimusic.debug/10686} -> PackageSetting{ccd719 com.google.android.apps.wellbeing/10111} force queryable
03-03 02:41:21.660  3822  4138 I AppsFilter: interaction: PackageSetting{e228f7 it.vfsfitvnm.vimusic.debug/10686} -> PackageSetting{ad602df com.google.android.overlay.modules.ext.services/10030} force queryable
03-03 02:41:21.660  3822  4138 I AppsFilter: interaction: PackageSetting{e228f7 it.vfsfitvnm.vimusic.debug/10686} -> PackageSetting{9795b2c com.android.wifi.resources.overlay.common/10052} force queryable
03-03 02:41:21.660  3822  4138 I AppsFilter: interaction: PackageSetting{e228f7 it.vfsfitvnm.vimusic.debug/10686} -> PackageSetting{f7d1a06 com.coloros.accessibilityassistant/10174} force queryable
03-03 02:41:21.660  3822  4138 I AppsFilter: interaction: PackageSetting{e228f7 it.vfsfitvnm.vimusic.debug/10686} -> PackageSetting{b23f65 com.oplus.eyeprotect/10226} force queryable
03-03 02:41:21.660  3822  4138 I AppsFilter: interaction: PackageSetting{e228f7 it.vfsfitvnm.vimusic.debug/10686} -> PackageSetting{8f9605c com.android.oemextensions/10089} force queryable
03-03 02:41:21.660  3822  4138 I AppsFilter: interaction: PackageSetting{e228f7 it.vfsfitvnm.vimusic.debug/10686} -> PackageSetting{379d32e com.oplus.sense.netscore/10358} force queryable
03-03 02:41:21.660  3822  4138 I AppsFilter: interaction: PackageSetting{e228f7 it.vfsfitvnm.vimusic.debug/10686} -> PackageSetting{a131a9 com.android.sharedstoragebackup/10078} force queryable
03-03 02:41:21.660  3822  4138 I AppsFilter: interaction: PackageSetting{e228f7 it.vfsfitvnm.vimusic.debug/10686} -> PackageSetting{5c76130 com.oplus.cell.map/10364} force queryable
03-03 02:41:21.660  3822  4138 I AppsFilter: interaction: PackageSetting{e228f7 it.vfsfitvnm.vimusic.debug/10686} -> PackageSetting{40f80b1 com.qualcomm.qcrilmsgtunnel/10214} force queryable
03-03 02:41:21.660  3822  4138 I AppsFilter: interaction: PackageSetting{e228f7 it.vfsfitvnm.vimusic.debug/10686} -> PackageSetting{6080e73 com.google.android.setupwizard/10243} queries component
03-03 02:41:21.660  3822  4138 I AppsFilter: interaction: PackageSetting{e228f7 it.vfsfitvnm.vimusic.debug/10686} -> PackageSetting{27b69f5 com.google.android.wifi.resources.overlay.common/10046} force queryable
03-03 02:41:21.660  3822  4138 I AppsFilter: interaction: PackageSetting{e228f7 it.vfsfitvnm.vimusic.debug/10686} -> PackageSetting{152f38a com.android.carrierconfig.oplus.overlay/10039} force queryable
03-03 02:41:21.660  3822  4138 I AppsFilter: interaction: PackageSetting{e228f7 it.vfsfitvnm.vimusic.debug/10686} -> PackageSetting{e03eae2 com.oplus.tai.borderpresearch/10361} force queryable
03-03 02:41:21.660  3822  4138 I AppsFilter: interaction: PackageSetting{e228f7 it.vfsfitvnm.vimusic.debug/10686} -> PackageSetting{5f2c7ad com.google.android.permissioncontroller/10280} force queryable
03-03 02:41:21.660  3822  4138 I AppsFilter: interaction: PackageSetting{e228f7 it.vfsfitvnm.vimusic.debug/10686} -> PackageSetting{e308bd7 com.android.systemui.accessibility.accessibilitymenu/10194} force queryable
03-03 02:41:21.660  3822  4138 I AppsFilter: interaction: PackageSetting{e228f7 it.vfsfitvnm.vimusic.debug/10686} -> PackageSetting{d41edfb com.android.systemui.overlay.fingerprint.anim.huanying/10149} force queryable
03-03 02:41:21.660  3822  4138 I AppsFilter: interaction: PackageSetting{e228f7 it.vfsfitvnm.vimusic.debug/10686} -> PackageSetting{6b6fe18 com.google.android.cellbroadcastservice.overlay/10008} force queryable
03-03 02:41:21.660  3822  4138 I AppsFilter: interaction: PackageSetting{e228f7 it.vfsfitvnm.vimusic.debug/10686} -> PackageSetting{65c2f56 com.android.settings.intelligence/10204} force queryable
03-03 02:41:21.660  3822  4138 I AppsFilter: interaction: PackageSetting{e228f7 it.vfsfitvnm.vimusic.debug/10686} -> PackageSetting{be5b071 android.overlay.target/10066} force queryable
03-03 02:41:21.660  3822  4138 I AppsFilter: interaction: PackageSetting{e228f7 it.vfsfitvnm.vimusic.debug/10686} -> PackageSetting{59c7fdf com.android.statementservice/10080} force queryable
03-03 02:41:21.660  3822  4138 I AppsFilter: interaction: PackageSetting{e228f7 it.vfsfitvnm.vimusic.debug/10686} -> PackageSetting{4f4be56 org.codeaurora.ims/10213} force queryable
03-03 02:41:21.660  3822  4138 I AppsFilter: interaction: PackageSetting{e228f7 it.vfsfitvnm.vimusic.debug/10686} -> PackageSetting{a5ac839 com.coloros.assistantscreen/10264} force queryable
03-03 02:41:21.660  3822  4138 I AppsFilter: interaction: PackageSetting{e228f7 it.vfsfitvnm.vimusic.debug/10686} -> PackageSetting{ab76ed7 com.google.android.cellbroadcastreceiver.overlay/10010} force queryable
03-03 02:41:21.660  3822  4138 I AppsFilter: interaction: PackageSetting{e228f7 it.vfsfitvnm.vimusic.debug/10686} -> PackageSetting{745f800 com.android.backupconfirm/10071} force queryable
03-03 02:41:21.661  3822  4138 I AppsFilter: interaction: PackageSetting{e228f7 it.vfsfitvnm.vimusic.debug/10686} -> PackageSetting{10e51f com.android.mtp/10070} force queryable
03-03 02:41:21.661  3822  4138 I AppsFilter: interaction: PackageSetting{e228f7 it.vfsfitvnm.vimusic.debug/10686} -> PackageSetting{fd8d132 com.android.egg/10090} force queryable
03-03 02:41:21.661  3822  4138 I AppsFilter: interaction: PackageSetting{e228f7 it.vfsfitvnm.vimusic.debug/10686} -> PackageSetting{e2d153d com.google.android.sdksandbox/10289} force queryable
03-03 02:41:21.661  3822  4138 I AppsFilter: interaction: PackageSetting{e228f7 it.vfsfitvnm.vimusic.debug/10686} -> PackageSetting{10850a6 com.oplus.keyguard.personality.clocks/10352} force queryable
03-03 02:41:21.661  3822  4138 I AppsFilter: interaction: PackageSetting{e228f7 it.vfsfitvnm.vimusic.debug/10686} -> PackageSetting{13693e8 com.oneplus.gallery/10260} force queryable
03-03 02:41:21.661  3822  4138 I AppsFilter: interaction: PackageSetting{e228f7 it.vfsfitvnm.vimusic.debug/10686} -> PackageSetting{36df90b com.qualcomm.wfd.service/10212} force queryable
03-03 02:41:21.661  3822  4138 I AppsFilter: interaction: PackageSetting{e228f7 it.vfsfitvnm.vimusic.debug/10686} -> PackageSetting{d6b00da com.oplus.systemui.plugins/10342} force queryable
03-03 02:41:21.661  3822  4138 I AppsFilter: interaction: PackageSetting{e228f7 it.vfsfitvnm.vimusic.debug/10686} -> PackageSetting{75c33fc com.oplus.phonemanager/10316} force queryable
03-03 02:41:21.661  3822  4138 I AppsFilter: interaction: PackageSetting{e228f7 it.vfsfitvnm.vimusic.debug/10686} -> PackageSetting{315040 com.qti.qualcomm.datastatusnotification/10214} force queryable
03-03 02:41:21.661  3822  4138 I AppsFilter: interaction: PackageSetting{e228f7 it.vfsfitvnm.vimusic.debug/10686} -> PackageSetting{bf29ac9 com.brave.browser/10690} queries component
03-03 02:41:21.661  3822  4138 I AppsFilter: interaction: PackageSetting{e228f7 it.vfsfitvnm.vimusic.debug/10686} -> PackageSetting{863ad0 com.google.android.marvin.talkback/10167} force queryable
03-03 02:41:21.661  3822  4138 I AppsFilter: interaction: PackageSetting{e228f7 it.vfsfitvnm.vimusic.debug/10686} -> PackageSetting{9b9ca93 com.android.carrierconfig/10195} force queryable
03-03 02:41:21.661  3822  4138 I AppsFilter: interaction: PackageSetting{e228f7 it.vfsfitvnm.vimusic.debug/10686} -> PackageSetting{529e3c4 com.oplus.framework_bluetooth.overlay/10013} force queryable
03-03 02:41:21.661  3822  4138 I AppsFilter: interaction: PackageSetting{e228f7 it.vfsfitvnm.vimusic.debug/10686} -> PackageSetting{df48382 com.android.certinstaller/10217} force queryable
03-03 02:41:21.661  3822  4138 I AppsFilter: interaction: PackageSetting{e228f7 it.vfsfitvnm.vimusic.debug/10686} -> PackageSetting{3d7bc64 com.oplus.cellularqoe/10363} force queryable
03-03 02:41:21.661  3822  4138 I AppsFilter: interaction: PackageSetting{e228f7 it.vfsfitvnm.vimusic.debug/10686} -> PackageSetting{3d3e2ad android.overlay.common/10028} force queryable
03-03 02:41:21.661  3822  4138 I AppsFilter: interaction: PackageSetting{e228f7 it.vfsfitvnm.vimusic.debug/10686} -> PackageSetting{8e67df6 com.microsoftsdk.crossdeviceservicebroker/10087} force queryable
03-03 02:41:21.661  3822  4138 I AppsFilter: interaction: PackageSetting{e228f7 it.vfsfitvnm.vimusic.debug/10686} -> PackageSetting{fce2a91 com.google.android.adservices.api/10288} force queryable
03-03 02:41:21.661  3822  4138 I AppsFilter: interaction: PackageSetting{e228f7 it.vfsfitvnm.vimusic.debug/10686} -> PackageSetting{849f92a com.android.pacprocessor/10091} force queryable
03-03 02:41:21.661  3822  4138 I AppsFilter: interaction: PackageSetting{e228f7 it.vfsfitvnm.vimusic.debug/10686} -> PackageSetting{4ba8215 com.android.vending/10116} force queryable
03-03 02:41:21.661  3822  4138 I AppsFilter: interaction: PackageSetting{e228f7 it.vfsfitvnm.vimusic.debug/10686} -> PackageSetting{4b3df72 com.android.providers.downloads.ui/10070} force queryable
03-03 02:41:21.661  3822  4138 I AppsFilter: interaction: PackageSetting{e228f7 it.vfsfitvnm.vimusic.debug/10686} -> PackageSetting{f1669e2 com.android.se.overlay.target/10065} force queryable
03-03 02:41:21.661  3822  4138 I AppsFilter: interaction: PackageSetting{e228f7 it.vfsfitvnm.vimusic.debug/10686} -> PackageSetting{79a2173 com.qualcomm.uimremoteserver/10147} force queryable
03-03 02:41:21.661  3822  4138 I AppsFilter: interaction: PackageSetting{e228f7 it.vfsfitvnm.vimusic.debug/10686} -> PackageSetting{321a959 com.android.avatarpicker/10330} force queryable
03-03 02:41:21.661  3822  4138 I AppsFilter: interaction: PackageSetting{e228f7 it.vfsfitvnm.vimusic.debug/10686} -> PackageSetting{8d6f2a3 com.oplus.keyguard.clock.gallery/10339} force queryable
03-03 02:41:21.661  3822  4138 I AppsFilter: interaction: PackageSetting{e228f7 it.vfsfitvnm.vimusic.debug/10686} -> PackageSetting{bcc01d2 com.google.android.providers.media.module/10281} force queryable
03-03 02:41:21.661  3822  4138 I AppsFilter: interaction: PackageSetting{e228f7 it.vfsfitvnm.vimusic.debug/10686} -> PackageSetting{aee747d vendor.qti.iwlan/10095} force queryable
03-03 02:41:21.661  3822  4138 I AppsFilter: interaction: PackageSetting{e228f7 it.vfsfitvnm.vimusic.debug/10686} -> PackageSetting{2e3b188 com.oplus.vdc/10207} force queryable
03-03 02:41:21.661  3822  4138 I AppsFilter: interaction: PackageSetting{e228f7 it.vfsfitvnm.vimusic.debug/10686} -> PackageSetting{84be5a5 com.oplus.ota/10223} force queryable
03-03 02:41:21.661  3822  4138 I AppsFilter: interaction: PackageSetting{e228f7 it.vfsfitvnm.vimusic.debug/10686} -> PackageSetting{874b79c com.oplus.eid/10218} force queryable
03-03 02:41:21.661  3822  4138 I AppsFilter: interaction: PackageSetting{e228f7 it.vfsfitvnm.vimusic.debug/10686} -> PackageSetting{4c37830 android.frameworkres.overlay.display.product/10059} force queryable
03-03 02:41:21.661  3822  4138 I AppsFilter: interaction: PackageSetting{e228f7 it.vfsfitvnm.vimusic.debug/10686} -> PackageSetting{af8fca9 com.android.bluetooth.oplus.overlay/10012} force queryable
03-03 02:41:21.661  3822  4138 I AppsFilter: interaction: PackageSetting{e228f7 it.vfsfitvnm.vimusic.debug/10686} -> PackageSetting{c082428 com.qualcomm.qti.telephonyservice/10214} force queryable
03-03 02:41:21.661  3822  4138 I AppsFilter: interaction: PackageSetting{e228f7 it.vfsfitvnm.vimusic.debug/10686} -> PackageSetting{4017017 com.oplus.deepthinker/10200} force queryable
03-03 02:41:21.661  3822  4138 I AppsFilter: interaction: PackageSetting{e228f7 it.vfsfitvnm.vimusic.debug/10686} -> PackageSetting{cb5422e com.android.camerabigballconfig.overlay/10144} force queryable
03-03 02:41:21.661  3822  4138 I AppsFilter: interaction: PackageSetting{e228f7 it.vfsfitvnm.vimusic.debug/10686} -> PackageSetting{d03871a vendor.qti.hardware.cacert.server/10095} force queryable
03-03 02:41:21.661  3822  4138 I AppsFilter: interaction: PackageSetting{e228f7 it.vfsfitvnm.vimusic.debug/10686} -> PackageSetting{eb61cf com.android.systemui.overlay.fingerprint.anim.xklc/10053} force queryable
03-03 02:41:21.661  3822  4138 I AppsFilter: interaction: PackageSetting{e228f7 it.vfsfitvnm.vimusic.debug/10686} -> PackageSetting{11fe75c com.android.systemui.overlay.fingerprint.anim.none/10055} force queryable
03-03 02:41:21.661  3822  4138 I AppsFilter: interaction: PackageSetting{e228f7 it.vfsfitvnm.vimusic.debug/10686} -> PackageSetting{3bba65 com.android.systemui.overlay.fingerprint.anim.jslz/10049} force queryable
03-03 02:41:21.661  3822  4138 I AppsFilter: interaction: PackageSetting{e228f7 it.vfsfitvnm.vimusic.debug/10686} -> PackageSetting{b57533a com.android.systemui.overlay.fingerprint.anim.halo/10310} force queryable
03-03 02:41:21.661  3822  4138 I AppsFilter: interaction: PackageSetting{e228f7 it.vfsfitvnm.vimusic.debug/10686} -> PackageSetting{8664beb com.android.systemui.overlay.fingerprint.anim.ccyh/10057} force queryable
03-03 02:41:21.661  3822  4138 I AppsFilter: interaction: PackageSetting{e228f7 it.vfsfitvnm.vimusic.debug/10686} -> PackageSetting{8c9403c com.android.providers.downloads/10070} force queryable
03-03 02:41:21.661  3822  4138 I AppsFilter: interaction: PackageSetting{e228f7 it.vfsfitvnm.vimusic.debug/10686} -> PackageSetting{d7e4535 com.android.companiondevicemanager/10088} force queryable
03-03 02:41:21.661  3822  4138 I AppsFilter: interaction: PackageSetting{e228f7 it.vfsfitvnm.vimusic.debug/10686} -> PackageSetting{1721d48 com.android.safetycenter.resources.overlay/10015} force queryable
03-03 02:41:21.661  3822  4138 I AppsFilter: interaction: PackageSetting{e228f7 it.vfsfitvnm.vimusic.debug/10686} -> PackageSetting{3297e1 com.qualcomm.uimremoteclient/10146} force queryable
