03-03 02:10:44.113  3822  5483 I FlexibleWindowManagerService: onFlexibleWindowTaskInfoChanged, return for cur task not embedded
03-03 02:10:44.113  3822  5483 D OplusTransitionController: tryFinishAheadIfNeed transition 5105 , SyncGroup: com.android.server.wm.BLASTSyncEngine$SyncGroup@79257b4
03-03 02:10:44.113  3822  5483 D ActivityTaskManager: commitVisibility: ActivityRecord{82493695 u0 com.whatsapp/.home.ui.HomeActivity t28691}: visible=true visibleRequested=true, isInTransition=true 
03-03 02:10:44.113  3822  5483 D Transition: collectOrderChanges onTopTasksEnd: [Task{d8322c #28691 type=standard A=10326:com.whatsapp}], reportedOnTop:null, mOnTopTasksStart: [Task{2d5e9a #1 type=home}, Task{63d5c5b #5 type=home I=com.android.launcher/.Launcher}], TDA child: [Task{44bb559 #28684 type=standard A=10173:com.oneplus.calculator}, Task{8eafb7b #28683 type=standard A=10277:com.google.android.apps.photos}, Task{870a5ad #28641 type=standard A=10348:com.phonepe.app nonResizable}, Task{bddfc68 #28664 type=standard A=10259:com.google.android.apps.messaging}, Task{c6f60c3 #2 type=undefined}, Task{40ca6bc #28536 type=standard A=10156:com.android.chrome}, Task{cbd9799 #28387 type=standard A=10041:com.microsoft.teams}, Task{232517e #28647 type=standard A=10164:com.google.android.apps.maps}, Task{23bfea4 #28333 type=standard A=10162:com.google.android.gm}, Task{e4c9e12 #28688 type=standard A=10347:com.flipkart.android}, Task{47895c5 #28329 type=standard A=10368:android.task.contacts}, Task{1a01eb #28608 type=standard A=10050:com.linkedin.android}, Task{dc0370a #28625 type=standard A=10260:com.oppo.gallery3d.app.Gallery}, Task{88188be #28687 type=standard A=10116:com.android.vending}, Task{ff94c47 #28581 type=standard A=10126:com.google.android.googlequicksearchbox.googleapp}, Task{c5eeaf0 #28334 type=standard A=10168:com.google.android.youtube}, Task{d2265cd #28689 type=standard A=1000:com.android.settings.root}, Task{2d5e9a #1 type=home}, Task{d8322c #28691 type=standard A=10326:com.whatsapp}]
03-03 02:10:44.113  3822  5483 D Transition: collectOrderChanges **mParticipants add task: Task{d8322c #28691 type=standard A=10326:com.whatsapp}
03-03 02:10:44.114  3822  5483 D OplusFlexibleActivityTransitionManager: fixTransitType type result:1, targets: [ChangeInfo{80dca8f container=Task{d8322c #28691 type=standard A=10326:com.whatsapp} flags=0x30}, ChangeInfo{b5515e4 container=Task{2d5e9a #1 type=home} flags=0x10}]
03-03 02:10:44.114  3822  5483 D OplusTransitionAnimationManager: activityRecordCount0fullScreenArBeHindStartingWindow null
03-03 02:10:44.114  3822  5483 D OplusTransitionAnimationManager: activityRecordCount0fullScreenArBeHindStartingWindow null
03-03 02:10:44.114  3822  5483 D QuickBackInputPolicy: resetInputInterceptState for remoteTransition: true
03-03 02:10:44.115  3822  5483 D OplusTransitionController: onTransactionReady, transition: 5105, info: {id=5105 t=OPEN f=0x0 trk=0 r=[0@Point(0, 0)] c=[{WCT{RemoteToken{2ed4806 Task{d8322c #28691 type=standard A=10326:com.whatsapp}}} m=TO_FRONT f=MOVE_TO_TOP leash=Surface(name=Task=28691)/@0xda0d4f6 sb=Rect(0, 0 - 1240, 2772) eb=Rect(0, 0 - 1240, 2772) epz=Point(1240, 2772) d=0 taskParent=-1},{WCT{RemoteToken{d7cf702 Task{2d5e9a #1 type=home}}} m=TO_BACK f=SHOW_WALLPAPER leash=Surface(name=Task=1)/@0x7031b77 sb=Rect(0, 0 - 1240, 2772) eb=Rect(0, 0 - 1240, 2772) epz=Point(1240, 2772) d=0 taskParent=-1}] 
03-03 02:10:44.115  3822  5483 D OplusTransitionController: extendInfo=[
03-03 02:10:44.115  3822  5483 D OplusTransitionController:  OplusTransitionExtendedInfo{mTmpFinishT=null, mInOplusCompatMode=false, mIsProcessRunning=true, mHasMismatchBoundsTarget=false, mRecentsController=null, mRemoteTransition=null, mIsTranslucentActivityToHome=false, mAvoidInterceptKeyEventToHome=false, mIsFromHome=true, mParentLeash=null, mBackAnimClosingLeash=null, mIsOplusAnimRes=false, mKeepBgForContinuous=false, mIsBalAllow=false, mTaskNotInRecent=false, mIsPredictiveBackAnim=false, mIsMergedWithPredictive=false, mIsLaunchFromSpruce=false, mIsLaunchFromDrive=false, mGlobalSearchPageSwitch=false, mNeedNoAlphaGlobalSearchScene=false, mAssistScreenShowing=false, mSwipeUpBrowserScreenShowing=false, mUserIdTransition=0
03-03 02:10:44.115  3822  5483 D OplusTransitionController: , mInRemoteScene=false, mInPreReady=true, mPreStart=false, mToken=Token{2db1308 TransitionRecord{630d5ee id=5105 track=0 type=OPEN flags=0x0 state=2 c=[
03-03 02:10:44.115  3822  5483 D OplusTransitionController:    ChangeInfo{b5515e4 container=Task{2d5e9a #1 type=home} flags=0x10}
03-03 02:10:44.115  3822  5483 D OplusTransitionController:    ChangeInfo{80dca8f container=Task{d8322c #28691 type=standard A=10326:com.whatsapp} flags=0x30}
03-03 02:10:44.115  3822  5483 D OplusTransitionController:    ChangeInfo{b353902 container=ActivityRecord{77230470 u0 com.android.launcher/.Launcher t5} flags=0x0}
03-03 02:10:44.115  3822  5483 D OplusTransitionController:    ChangeInfo{b31011c container=ActivityRecord{82493695 u0 com.whatsapp/.home.ui.HomeActivity t28691} flags=0x0}
03-03 02:10:44.115  3822  5483 D OplusTransitionController:    ChangeInfo{6941213 container=Task{63d5c5b #5 type=home I=com.android.launcher/.Launcher} flags=0x10}
03-03 02:10:44.115  3822  5483 D OplusTransitionController:    ChangeInfo{9dc3125 container=Display{#0 state=ON size=1240x2772 ROTATION_0} flags=0x0}
03-03 02:10:44.115  3822  5483 D OplusTransitionController:    ChangeInfo{15862fa container=ActivityRecord{175537731 u0 com.whatsapp/.Main t-1} flags=0x0}
03-03 02:10:44.115  3822  5483 D OplusTransitionController:    ChangeInfo{83fac50 container=WallpaperWindowToken{c0e66a1 showWhenLocked=true} flags=0x0}
03-03 02:10:44.115  3822  5483 D OplusTransitionController:    ChangeInfo{82680ab container=DefaultTaskDisplayArea@238526314 flags=0x0}
03-03 02:10:44.115  3822  5483 D OplusTransitionController: ]
03-03 02:10:44.115  3822  5483 D OplusTransitionController: }}, mAbortByRemoteFromHome=false, mShellApplyToken=null, mRequestTransitionTaskId=28691, mAbortTransitionOnShell=0, mStartFromShortcut=false, mRemovedTaskId=-1, mTransitionInterruptType=0, mMergeSecondTaskId=-1, mTaskIdStartFromRecents=0, mTransitionId=5105, mCanUseSpringSlideAnim=false, mTransitionLaunchFrom=0, mFoldChangeType=-1, mAnimStartingPosition=[0, 0, 0, 0], mIsOpeningStkDialogActivity=false, mIsNeedApplyStartTForEmbedded=false, mMergeSecondTaskAnimation=false, mIsLaunchUnityStart=false, mIsLaunchFromAssistantByDefault=false, mSkipRemoteTransitionfalse, mIsStartFromKeyguard=false flags=0x0, mWCT=null, mIsOpenMergeToInValidPredictive=false}]}, targets : [ChangeInfo{80dca8f container=Task{d8322c #28691 type=standard A=10326:com.whatsapp} flags=0x30}, ChangeInfo{b5515e4 container=Task{2d5e9a #1 type=home} flags=0x10}], participants: {Task{d8322c #28691 type=standard A=10326:com.whatsapp}, ActivityRecord{77230470 u0 com.android.launcher/.Launcher t5}, ActivityRecord{82493695 u0 com.whatsapp/.home.ui.HomeActivity t28691}, ActivityRecord{175537731 u0 com.whatsapp/.Main t-1}, WallpaperWindowToken{c0e66a1 showWhenLocked=true}}
03-03 02:10:44.117  3822  5483 D osense.compress: notifyActivityLaunched pkgName = com.whatsapp, userId = 0
03-03 02:10:44.117  3822  5483 I ActivityTaskManager: START u0 {act=android.intent.action.MAIN cat=[android.intent.category.LAUNCHER] flg=0x10200000 xflg=0x4 cmp=com.whatsapp/.Main bnds=[916,1815][1198,2125] (has extras) mCallingUid=10205} with LAUNCH_MULTIPLE from uid 10205 (sr=77230470) (BAL_ALLOW_VISIBLE_WINDOW (callingUid has visible window)) result code=2
03-03 02:10:44.118  5545 18588 V WindowManagerShell: onTransitionReady(transaction=16415365352645)
03-03 02:10:44.118  3822  4564 I OplusJoystickManager: handleApplicationSwitch deprecated!
03-03 02:10:44.118  3822  4564 I GameManagerServiceExt-GameManagerServiceExt: on FG change: com.android.launcher|com.whatsapp
03-03 02:10:44.118  5545  5606 V WindowManagerShell: onTransitionReady (#5105) android.os.BinderProxy@d4c7240: {id=5105 t=OPEN f=0x0 trk=0 r=[0@Point(0, 0)] c=[
03-03 02:10:44.118  5545  5606 V WindowManagerShell:         {m=TO_FRONT f=MOVE_TO_TOP leash=Surface(name=Task=28691)/@0xb4dfcca sb=Rect(0, 0 - 1240, 2772) eb=Rect(0, 0 - 1240, 2772) epz=Point(1240, 2772) d=0 taskParent=-1},
03-03 02:10:44.118  5545  5606 V WindowManagerShell:         {m=TO_BACK f=SHOW_WALLPAPER leash=Surface(name=Task=1)/@0x1765e3b sb=Rect(0, 0 - 1240, 2772) eb=Rect(0, 0 - 1240, 2772) epz=Point(1240, 2772) d=0 taskParent=-1}
03-03 02:10:44.118  5545  5606 V WindowManagerShell:     ] 
03-03 02:10:44.118  5545  5606 V WindowManagerShell: extendInfo=[
03-03 02:10:44.118  5545  5606 V WindowManagerShell:  OplusTransitionExtendedInfo{mTmpFinishT=null, mInOplusCompatMode=false, mIsProcessRunning=true, mHasMismatchBoundsTarget=false, mRecentsController=null, mRemoteTransition=null, mIsTranslucentActivityToHome=false, mAvoidInterceptKeyEventToHome=false, mIsFromHome=true, mParentLeash=null, mBackAnimClosingLeash=null, mIsOplusAnimRes=false, mKeepBgForContinuous=false, mIsBalAllow=false, mTaskNotInRecent=false, mIsPredictiveBackAnim=false, mIsMergedWithPredictive=false, mIsLaunchFromSpruce=false, mIsLaunchFromDrive=false, mGlobalSearchPageSwitch=false, mNeedNoAlphaGlobalSearchScene=false, mAssistScreenShowing=false, mSwipeUpBrowserScreenShowing=false, mUserIdTransition=0
03-03 02:10:44.118  5545  5606 V WindowManagerShell: , mInRemoteScene=false, mInPreReady=true, mPreStart=false, mToken=android.os.BinderProxy@d4c7240, mAbortByRemoteFromHome=false, mShellApplyToken=null, mRequestTransitionTaskId=28691, mAbortTransitionOnShell=0, mStartFromShortcut=false, mRemovedTaskId=-1, mTransitionInterruptType=0, mMergeSecondTaskId=-1, mTaskIdStartFromRecents=0, mTransitionId=5105, mCanUseSpringSlideAnim=false, mTransitionLaunchFrom=0, mFoldChangeType=-1, mAnimStartingPosition=[0, 0, 0, 0], mIsOpeningStkDialogActivity=false, mIsNeedApplyStartTForEmbedded=false, mMergeSecondTaskAnimation=false, mIsLaunchUnityStart=false, mIsLaunchFromAssistantByDefault=false, mSkipRemoteTransitionfalse, mIsStartFromKeyguard=false flags=0x0, mWCT=null, mIsOpenMergeToInValidPredictive=false}]}
03-03 02:10:44.119  3822  4010 W QosScheduler: getScenario failed! scenarios is null, mask=2
03-03 02:10:44.119  3822  4010 W QosScheduler: executeSceneQosStrategy get scenario failed! scenario is null
03-03 02:10:44.119  3822  4010 I UserAwareMgr: event is already released: SceneEvent{id=5007, maxWorkDurationMs=200, caller='[android]', eventFlags=256, fbPriority=1, keyThreads=[KeyThread{name=binder, owner=android, schedPolicy=ux, priority=HEAVY, maxThreadCount=16}], vipBinderGroup=null}, callingPid: 3822, appPid: 0
03-03 02:10:44.120  3822  5347 D OplusWindowAnimationManager: setInputConsumerEnabled from launcher enabled=false last=true
03-03 02:10:44.120  5545  5606 V WindowManagerShell: Transition (#5105) android.os.BinderProxy@d4c7240@0 ready while (#5104) android.os.BinderProxy@f2102a4@0 is still animating. Notify the animating transition in case they can be merged
03-03 02:10:44.121  3822  5347 D AppQuickStartController: rescheduleStartingSurfaceTimeoutIfNeeded, transition=TransitionRecord{630d5ee id=5105 track=0 type=OPEN flags=0x0 state=2 c=[
03-03 02:10:44.121  3822  5347 D AppQuickStartController:    ChangeInfo{b5515e4 container=Task{2d5e9a #1 type=home} flags=0x10}
03-03 02:10:44.121  3822  5347 D AppQuickStartController:    ChangeInfo{80dca8f container=Task{d8322c #28691 type=standard A=10326:com.whatsapp} flags=0x30}
03-03 02:10:44.121  3822  5347 D AppQuickStartController:    ChangeInfo{b353902 container=ActivityRecord{77230470 u0 com.android.launcher/.Launcher t5} flags=0x0}
03-03 02:10:44.121  3822  5347 D AppQuickStartController:    ChangeInfo{b31011c container=ActivityRecord{82493695 u0 com.whatsapp/.home.ui.HomeActivity t28691} flags=0x0}
03-03 02:10:44.121  3822  5347 D AppQuickStartController:    ChangeInfo{6941213 container=Task{63d5c5b #5 type=home I=com.android.launcher/.Launcher} flags=0x10}
03-03 02:10:44.121  3822  5347 D AppQuickStartController:    ChangeInfo{9dc3125 container=Display{#0 state=ON size=1240x2772 ROTATION_0} flags=0x0}
03-03 02:10:44.121  3822  5347 D AppQuickStartController:    ChangeInfo{15862fa container=ActivityRecord{175537731 u0 com.whatsapp/.Main t-1} flags=0x0}
03-03 02:10:44.121  3822  5347 D AppQuickStartController:    ChangeInfo{83fac50 container=WallpaperWindowToken{c0e66a1 showWhenLocked=true} flags=0x0}
03-03 02:10:44.121  3822  5347 D AppQuickStartController:    ChangeInfo{82680ab container=DefaultTaskDisplayArea@238526314 flags=0x0}
03-03 02:10:44.121  3822  5347 D AppQuickStartController: ]
03-03 02:10:44.121  3822  5347 D AppQuickStartController: }, isRecents=false, targetTaskId=28691
03-03 02:10:44.123  3822  3933 I TaskOrganizerController: onTaskInfoChanged taskid 28691 config { mBounds=Rect(0, 0 - 1240, 2772) mAppBounds=Rect(0, 0 - 1240, 2772) mMaxBounds=Rect(0, 0 - 1240, 2772) mDisplayRotation=ROTATION_0 mWindowingMode=fullscreen mActivityType=standard mAlwaysOnTop=undefined mRotation=ROTATION_0}
03-03 02:10:44.123  3822  4067 D OplusAppSwitchListener: App Activity Change
03-03 02:10:44.124  3822  3933 D OplusSplitScreenManagerService: com.android.settings unSupportsSplitScreen by blockList or ForbidActivityList
03-03 02:10:44.124  3822  3933 D OplusSplitScreenManagerService: com.android.settings unSupportsSplitScreen by blockList or ForbidActivityList
03-03 02:10:44.124  3822  3933 D OplusVisibleTasks:  notifyTasksNumChange no need to notify.
03-03 02:10:44.124  3822  3933 D OplusFlexibleDragToSplitAnimController: visibleFlexibleTaskInfos delete:28691
03-03 02:10:44.125  3822  3933 E FlexibleWindowManagerService: notifyTaskObserverToAttachController not need to notify!
03-03 02:10:44.125  3822  3933 I FlexibleWindowManagerService: onFlexibleWindowTaskInfoChanged, return for cur task not embedded
03-03 02:10:44.125  3822  4067 D OplusAppSwitchListener: Detect com.android.launcher switch to background
03-03 02:10:44.125  3822  4067 D OplusFeatureReduceBrightness: onAppExit , info = com.android.launcher
03-03 02:10:44.125  3822  4957 D OplusWallpaperAnimationManager: cancelSurfaceAnimation reason: play_animation, isAnimating: true, by window: Window{6e9707c u0 com.android.launcher/com.android.launcher.Launcher}
03-03 02:10:44.125  3822  4957 D OplusWallpaperAnimationManager: startScaleAnimation frame: Rect(0, 0 - 1240, 2772) parentFrame: Rect(0, 0 - 1240, 2772) from: 1.004677 to: 1.2 duration: 650 mTargetZoom: -1.0 targetZoom: -1.0 by window: Window{6e9707c u0 com.android.launcher/com.android.launcher.Launcher}
03-03 02:10:44.125  3822  3934 D OplusWallpaperSurfaceAnimation: setAnimationState curState: INTERRUPT
03-03 02:10:44.125  3822  3934 D OplusWallpaperAnimationManager: onAnimationCancel
03-03 02:10:44.125  3822  3934 D OplusWallpaperSurfaceAnimation: resetEnable curState: INTERRUPT
03-03 02:10:44.125  3822  3934 D OplusWallpaperSurfaceAnimation: setAnimationState curState: INITIALIZED
03-03 02:10:44.125  3822  3934 D OplusWallpaperAnimationManager: onAnimationStart
03-03 02:10:44.125  3822  3934 D OplusWallpaperAnimationManager: setSkipUpdateWallpaperPosition skip: true, wallpaper: Window{c1fb69b u0 com.android.wallpaper.livepicker.service.video.op.Avalon2VideoWallpaper}
03-03 02:10:44.125  3822  3934 D OplusWallpaperSurfaceAnimation: setAnimationState curState: STARTED
03-03 02:10:44.126  3822  3932 D OomAdjusterSocExtImpl: App adj change from cached state to fg state : 18856 com.whatsapp
03-03 02:10:44.126  3822  3929 V WindowManager: Sent Transition (#5105) createdAt=03-03 02:10:44.082 via request=TransitionRequestInfo { type = OPEN, triggerTask = TaskInfo{userId=0 taskId=28691 effectiveUid=10326 displayId=0 isRunning=true baseIntent=Intent { flg=0x10100000 cmp=com.whatsapp/.home.ui.HomeActivity mCallingUid=10326 } baseActivity=ComponentInfo{com.whatsapp/com.whatsapp.home.ui.HomeActivity} topActivity=ComponentInfo{com.whatsapp/com.whatsapp.home.ui.HomeActivity} origActivity=null realActivity=ComponentInfo{com.whatsapp/com.whatsapp.home.ui.HomeActivity}
03-03 02:10:44.126  3822  3929 V WindowManager:  numActivities=1 lastActiveTime=200667376 supportsSplitScreenMultiWindow=true supportsMultiWindow=true supportsPocketStudioMultiWindow=true isInFlexibleEmbedded = false uid = 10326 pid = 18856 resizeMode=1 isResizeable=true minWidth=-1 minHeight=-1 defaultMinSize=220 token=WCT{RemoteToken{2ed4806 Task{d8322c #28691 type=standard A=10326:com.whatsapp}}} topActivityType=1 pictureInPictureParams=null shouldDockBigOverlays=false launchIntoPipHostTaskId=-1 lastParentTaskIdBeforePip=-1 displayCutoutSafeInsets=Rect(0, 0 - 0, 0)
03-03 02:10:44.126  3822  3929 V WindowManager:  topActivityInfo=ActivityInfo{90e0656 com.whatsapp.home.ui.HomeActivity} launchCookies=[android.os.BinderProxy@b9d2605] positionInParent=Point(0, 0) parentTaskId=-1 isFocused=true isVisible=false isVisibleRequested=true isTopActivityNoDisplay=false isSleeping=false locusId=null displayAreaFeatureId=1 isTopActivityTransparent=false isActivityStackTransparent=false lastNonFullscreenBounds=Rect(329, 835 - 912, 2075) capturedLink=null capturedLinkTimestamp=0 requestedVisibleTypes=-9 topActivityRequestOpenInBrowserEducationTimestamp=0
03-03 02:10:44.126  3822  3929 V WindowManager:  appCompatTaskInfo=AppCompatTaskInfo { topActivityInSizeCompat=false topActivityInOplusCompatMode=false eligibleForLetterboxEducation= false isLetterboxEducationEnabled= false isLetterboxDoubleTapEnabled= false eligibleForUserAspectRatioButton= false topActivityBoundsLetterboxed= false isFromLetterboxDoubleTap= false topActivityLetterboxVerticalPosition= -1 topActivityLetterboxHorizontalPosition= -1 topActivityLetterboxWidth=-1 topActivityLetterboxHeight=-1 topActivityAppBounds=Rect(0, 0 - 1240, 2772) isUserFullscreenOverrideEnabled=false isSystemFullscreenOverrideEnabled=false hasMinAspectRatioOverride=false topActivityLetterboxBounds=null cameraCompatTaskInfo=CameraCompatTaskInfo { freeformCameraCompatMode=inactive}} topActivityMainWindowFrame=null topActivityLetterboxInsets=Rect(0, 0 - 0, 0)
03-03 02:10:44.126  3822  3929 V WindowManager:  mOplusExtraBundle = Bundle[{androidx.flexible.taskFrame=Rect(0, 0 - 0, 0), topOpaqueSystemBarsAppearance=0, androidx.flexible.Alpha=1.0, androidx.activity.task.attach.blur=0, androidx.activity.LaunchInsensible=0, androidx.activity.LaunchCornerRadius=0, key_flexible_task_state=0, topActivitySupportAppInnerSplit=false, key_flexible_task_animating_type=-1, key_flexible_task_root_activity_processname=com.whatsapp, androidx.activity.LaunchScenario=0, is_oplus_clone_task=false, flexible_super_mini_state=false, topRunningActivityHash=82493695, androidx.activity.LaunchScale=1.0, androidx.activity.LaunchShadowRadius=0, is_transient_hide_for_task_info=false, key_flexible_task_root_activity_pid=18856, key_flexible_task_root_activity_uid=10326}]}, pipChange = null, remoteTransition = RemoteTransition { remoteTransition = android.window.IRemoteTransition$Stub$Proxy@5ce65a, appThread = android.app.IApplicationThread$Stub$Proxy@959b08b, debugName = QuickstepLaunch }, displayChange = null, flags = 0, debugId = 5105 }
03-03 02:10:44.126  3822  3929 V WindowManager:     startWCT=null
03-03 02:10:44.128  5545  5606 V ShellRecents: [149329499] RecentsController.merge
03-03 02:10:44.129  5545  5606 V ShellRecents:   opening new leaf taskId=28691 has preready
03-03 02:10:44.129  3822  4045 E OplusThermalStats: Error getting package info: com.whatsapp
03-03 02:10:44.129  5545  5606 V ShellRecents: [149329499] RecentsController.merge: consuming merge
03-03 02:10:44.130  5545  5606 V ShellRecents: [149329499] RecentsController.merge: calling onTasksAppeared
03-03 02:10:44.130  3822  4067 D OplusAppSwitchListener: Detect com.whatsapp switch to foreground
03-03 02:10:44.132  5545  5606 V ShellRecents: RecentsController.setInputConsumerEnabled: skip, cb?=true enabled?=false
03-03 02:10:44.133  5545  5606 D WindowManagerShell: setLauncherKeepClearAreaHeight: visible=false, height=252
03-03 02:10:44.133  5545  5606 V WindowManagerShell: Transition was merged: (#5105) android.os.BinderProxy@d4c7240@0 into (#5104) android.os.BinderProxy@f2102a4@0
03-03 02:10:44.130  3822  4067 D OplusFeatureReduceBrightness: onAppEnter , info = com.whatsapp
03-03 02:10:44.136  3822  5347 D ContinuousTransitionController: notifyTransitionMergedInner playing=Token{51c1d35 TransitionRecord{2cc934a id=5104 track=0 type=TO_FRONT flags=0x80 state=2 c=[
03-03 02:10:44.136  3822  5347 D ContinuousTransitionController:    ChangeInfo{175abbe container=Task{2d5e9a #1 type=home} flags=0x30}
03-03 02:10:44.136  3822  5347 D ContinuousTransitionController:    ChangeInfo{b3772bb container=ActivityRecord{77230470 u0 com.android.launcher/.Launcher t5} flags=0x0}
03-03 02:10:44.136  3822  5347 D ContinuousTransitionController:    ChangeInfo{33303d8 container=Task{63d5c5b #5 type=home I=com.android.launcher/.Launcher} flags=0x30}
03-03 02:10:44.136  3822  5347 D ContinuousTransitionController:    ChangeInfo{8f4a331 container=Display{#0 state=ON size=1240x2772 ROTATION_0} flags=0x0}
03-03 02:10:44.136  3822  5347 D ContinuousTransitionController:    ChangeInfo{abd36c container=WallpaperWindowToken{c0e66a1 showWhenLocked=true} flags=0x0}
03-03 02:10:44.136  3822  5347 D ContinuousTransitionController:    ChangeInfo{c62341f container=Task{d2265cd #28689 type=standard A=1000:com.android.settings.root} flags=0x4}
03-03 02:10:44.136  3822  5347 D ContinuousTransitionController:    ChangeInfo{2c89a16 container=DefaultTaskDisplayArea@238526314 flags=0x0}
03-03 02:10:44.136  3822  5347 D ContinuousTransitionController: ]
03-03 02:10:44.136  3822  5347 D ContinuousTransitionController: }}, merged=Token{2db1308 TransitionRecord{630d5ee id=5105 track=0 type=OPEN flags=0x0 state=2 c=[
03-03 02:10:44.136  3822  5347 D ContinuousTransitionController:    ChangeInfo{b5515e4 container=Task{2d5e9a #1 type=home} flags=0x10}
03-03 02:10:44.136  3822  5347 D ContinuousTransitionController:    ChangeInfo{80dca8f container=Task{d8322c #28691 type=standard A=10326:com.whatsapp} flags=0x30}
03-03 02:10:44.136  3822  5347 D ContinuousTransitionController:    ChangeInfo{b353902 container=ActivityRecord{77230470 u0 com.android.launcher/.Launcher t5} flags=0x0}
03-03 02:10:44.136  3822  5347 D ContinuousTransitionController:    ChangeInfo{b31011c container=ActivityRecord{82493695 u0 com.whatsapp/.home.ui.HomeActivity t28691} flags=0x0}
03-03 02:10:44.136  3822  5347 D ContinuousTransitionController:    ChangeInfo{6941213 container=Task{63d5c5b #5 type=home I=com.android.launcher/.Launcher} flags=0x10}
03-03 02:10:44.136  3822  5347 D ContinuousTransitionController:    ChangeInfo{9dc3125 container=Display{#0 state=ON size=1240x2772 ROTATION_0} flags=0x0}
03-03 02:10:44.136  3822  5347 D ContinuousTransitionController:    ChangeInfo{15862fa container=ActivityRecord{175537731 u0 com.whatsapp/.Main t-1} flags=0x0}
03-03 02:10:44.136  3822  5347 D ContinuousTransitionController:    ChangeInfo{83fac50 container=WallpaperWindowToken{c0e66a1 showWhenLocked=true} flags=0x0}
03-03 02:10:44.136  3822  5347 D ContinuousTransitionController:    ChangeInfo{82680ab container=DefaultTaskDisplayArea@238526314 flags=0x0}
03-03 02:10:44.136  3822  5347 D ContinuousTransitionController: ]
03-03 02:10:44.136  3822  5347 D ContinuousTransitionController: }}
03-03 02:10:44.136  3822  5347 D ContinuousTransitionController: processMergedTransition TransitionRecord{630d5ee id=5105 track=0 type=OPEN flags=0x0 state=2 c=[
03-03 02:10:44.136  3822  5347 D ContinuousTransitionController:    ChangeInfo{b5515e4 container=Task{2d5e9a #1 type=home} flags=0x10}
03-03 02:10:44.136  3822  5347 D ContinuousTransitionController:    ChangeInfo{80dca8f container=Task{d8322c #28691 type=standard A=10326:com.whatsapp} flags=0x30}
03-03 02:10:44.136  3822  5347 D ContinuousTransitionController:    ChangeInfo{b353902 container=ActivityRecord{77230470 u0 com.android.launcher/.Launcher t5} flags=0x0}
03-03 02:10:44.136  3822  5347 D ContinuousTransitionController:    ChangeInfo{b31011c container=ActivityRecord{82493695 u0 com.whatsapp/.home.ui.HomeActivity t28691} flags=0x0}
03-03 02:10:44.136  3822  5347 D ContinuousTransitionController:    ChangeInfo{6941213 container=Task{63d5c5b #5 type=home I=com.android.launcher/.Launcher} flags=0x10}
03-03 02:10:44.136  3822  5347 D ContinuousTransitionController:    ChangeInfo{9dc3125 container=Display{#0 state=ON size=1240x2772 ROTATION_0} flags=0x0}
03-03 02:10:44.136  3822  5347 D ContinuousTransitionController:    ChangeInfo{15862fa container=ActivityRecord{175537731 u0 com.whatsapp/.Main t-1} flags=0x0}
03-03 02:10:44.136  3822  5347 D ContinuousTransitionController:    ChangeInfo{83fac50 container=WallpaperWindowToken{c0e66a1 showWhenLocked=true} flags=0x0}
03-03 02:10:44.136  3822  5347 D ContinuousTransitionController:    ChangeInfo{82680ab container=DefaultTaskDisplayArea@238526314 flags=0x0}
03-03 02:10:44.136  3822  5347 D ContinuousTransitionController: ]
03-03 02:10:44.136  3822  5347 D ContinuousTransitionController: }
03-03 02:10:44.136  3822  5347 D ContinuousTransitionController: pauseActiveTransitionTask task=Task{d2265cd #28689 type=standard A=1000:com.android.settings.root}, activeTransition=TransitionRecord{2cc934a id=5104 track=0 type=TO_FRONT flags=0x80 state=2 c=[
03-03 02:10:44.136  3822  5347 D ContinuousTransitionController:    ChangeInfo{175abbe container=Task{2d5e9a #1 type=home} flags=0x30}
03-03 02:10:44.136  3822  5347 D ContinuousTransitionController:    ChangeInfo{b3772bb container=ActivityRecord{77230470 u0 com.android.launcher/.Launcher t5} flags=0x0}
03-03 02:10:44.136  3822  5347 D ContinuousTransitionController:    ChangeInfo{33303d8 container=Task{63d5c5b #5 type=home I=com.android.launcher/.Launcher} flags=0x30}
03-03 02:10:44.136  3822  5347 D ContinuousTransitionController:    ChangeInfo{8f4a331 container=Display{#0 state=ON size=1240x2772 ROTATION_0} flags=0x0}
03-03 02:10:44.136  3822  5347 D ContinuousTransitionController:    ChangeInfo{abd36c container=WallpaperWindowToken{c0e66a1 showWhenLocked=true} flags=0x0}
03-03 02:10:44.136  3822  5347 D ContinuousTransitionController:    ChangeInfo{c62341f container=Task{d2265cd #28689 type=standard A=1000:com.android.settings.root} flags=0x4}
03-03 02:10:44.136  3822  5347 D ContinuousTransitionController:    ChangeInfo{2c89a16 container=DefaultTaskDisplayArea@238526314 flags=0x0}
03-03 02:10:44.136  3822  5347 D ContinuousTransitionController: ]
03-03 02:10:44.136  3822  5347 D ContinuousTransitionController: }
03-03 02:10:44.136  3822  5347 W WindowManager: captureTaskSnapshot mSnapshotMode= 0 source=Task{d2265cd #28689 type=standard A=1000:com.android.settings.root}
03-03 02:10:44.136  3822  5347 D OplusSplitScreenManagerService: com.android.settings unSupportsSplitScreen by blockList or ForbidActivityList
03-03 02:10:44.137  3822  5347 D OplusSplitScreenManagerService: com.android.settings unSupportsSplitScreen by blockList or ForbidActivityList
03-03 02:10:44.137  3822  5347 D OplusSplitScreenManagerService: com.android.settings unSupportsSplitScreen by blockList or ForbidActivityList
03-03 02:10:44.137  3822  5347 D OplusSplitScreenManagerService: com.android.settings unSupportsSplitScreen by blockList or ForbidActivityList
03-03 02:10:44.137  3822  5347 D OplusSplitScreenManagerService: com.android.settings unSupportsSplitScreen by blockList or ForbidActivityList
03-03 02:10:44.137  3822  5347 D OplusSplitScreenManagerService: com.android.settings unSupportsSplitScreen by blockList or ForbidActivityList
03-03 02:10:44.137  3822  5347 D TaskSnapshotControllerExtImpl: createTaskSnapshot isCompatMode:false, isCompactWindow:false
03-03 02:10:44.137  3822  5347 W AbsAppSnapshotControllerExtImpl: updateExcludeLayers, addExcludeLayerList is null or empty, return excludeLayers
03-03 02:10:44.144  3822  5347 D TaskSnapshotCache: putSnapshot mRunningCache top= ActivityRecord{154485758 u0 com.android.settings/.Settings t28689}, mTaskId=28689, snapshot=TaskSnapshot{ mId=1772484044136 mCaptureTime=200667414416329 mTopActivityComponent=com.android.settings/com.oplus.settings.feature.homepage.OplusSettingsHomepageActivity mSnapshot=android.hardware.HardwareBuffer@130ca67 (1240x2772) mColorSpace=sRGB IEC61966-2.1 (id=0, model=RGB) mOrientation=1 mRotation=0 mTaskSize=Point(1240, 2772) mOplusCompatMode=false mTopActivityBounds=[0,0][1240,2772] mHasDimLayer=false mContentInsets=[0,139][0,0] mLetterboxInsets=[0,0][0,0] mIsLowResolution=false mIsRealSnapshot=true mWindowingMode=1 mAppearance=0 mIsTranslucent=false mHasImeSurface=false mInternalReferences=2 mUiMode=21, mAppIdMap size= 19
03-03 02:10:44.145  3822  5347 D TaskFragmentExtImpl: shouldSetReadyFalse and resumedActivity: ActivityRecord{82493695 u0 com.whatsapp/.home.ui.HomeActivity t28691} prev: ActivityRecord{154485758 u0 com.android.settings/.Settings t28689} resumedLaunchFromLauncher: true prevLaunchFromApp: false transitionType: 0
03-03 02:10:44.145  3822  5347 D ContinuousTransitionController: updateRecentsActivityForContinuousIfNeed, recentsTask=Task{2d5e9a #1 type=home}, isMergedToRecents=true
03-03 02:10:44.145  3822  5483 I BLASTSyncEngine: onCommitted syncId: 5105, timeout: false ran: false
03-03 02:10:44.149  3822  3929 V WindowManager:     info={id=5105 t=OPEN f=0x0 trk=0 r=[0@Point(0, 0)] c=[
03-03 02:10:44.149  3822  3929 V WindowManager:         {WCT{RemoteToken{2ed4806 Task{d8322c #28691 type=standard A=10326:com.whatsapp}}} m=TO_FRONT f=MOVE_TO_TOP leash=Surface(name=Task=28691)/@0xda0d4f6 sb=Rect(0, 0 - 1240, 2772) eb=Rect(0, 0 - 1240, 2772) epz=Point(1240, 2772) d=0 taskParent=-1},
03-03 02:10:44.149  3822  3929 V WindowManager:         {WCT{RemoteToken{d7cf702 Task{2d5e9a #1 type=home}}} m=TO_BACK f=SHOW_WALLPAPER leash=Surface(name=Task=1)/@0x7031b77 sb=Rect(0, 0 - 1240, 2772) eb=Rect(0, 0 - 1240, 2772) epz=Point(1240, 2772) d=0 taskParent=-1}
03-03 02:10:44.149  3822  3929 V WindowManager:     ] 
03-03 02:10:44.149  3822  3929 V WindowManager: extendInfo=[
03-03 02:10:44.149  3822  3929 V WindowManager:  OplusTransitionExtendedInfo{mTmpFinishT=null, mInOplusCompatMode=false, mIsProcessRunning=true, mHasMismatchBoundsTarget=false, mRecentsController=null, mRemoteTransition=null, mIsTranslucentActivityToHome=false, mAvoidInterceptKeyEventToHome=false, mIsFromHome=true, mParentLeash=null, mBackAnimClosingLeash=null, mIsOplusAnimRes=false, mKeepBgForContinuous=false, mIsBalAllow=false, mTaskNotInRecent=false, mIsPredictiveBackAnim=false, mIsMergedWithPredictive=false, mIsLaunchFromSpruce=false, mIsLaunchFromDrive=false, mGlobalSearchPageSwitch=false, mNeedNoAlphaGlobalSearchScene=false, mAssistScreenShowing=false, mSwipeUpBrowserScreenShowing=false, mUserIdTransition=0
03-03 02:10:44.149  3822  3929 V WindowManager: , mInRemoteScene=false, mInPreReady=true, mPreStart=false, mToken=Token{2db1308 TransitionRecord{630d5ee id=5105 track=0 type=OPEN flags=0x0 state=2 c=[
03-03 02:10:44.149  3822  3929 V WindowManager:    ChangeInfo{b5515e4 container=Task{2d5e9a #1 type=home} flags=0x10}
03-03 02:10:44.149  3822  3929 V WindowManager:    ChangeInfo{80dca8f container=Task{d8322c #28691 type=standard A=10326:com.whatsapp} flags=0x30}
03-03 02:10:44.149  3822  3929 V WindowManager:    ChangeInfo{b353902 container=ActivityRecord{77230470 u0 com.android.launcher/.Launcher t5} flags=0x0}
03-03 02:10:44.149  3822  3929 V WindowManager:    ChangeInfo{b31011c container=ActivityRecord{82493695 u0 com.whatsapp/.home.ui.HomeActivity t28691} flags=0x0}
03-03 02:10:44.149  3822  3929 V WindowManager:    ChangeInfo{6941213 container=Task{63d5c5b #5 type=home I=com.android.launcher/.Launcher} flags=0x10}
03-03 02:10:44.149  3822  3929 V WindowManager:    ChangeInfo{9dc3125 container=Display{#0 state=ON size=1240x2772 ROTATION_0} flags=0x0}
03-03 02:10:44.149  3822  3929 V WindowManager:    ChangeInfo{15862fa container=ActivityRecord{175537731 u0 com.whatsapp/.Main t-1} flags=0x0}
03-03 02:10:44.149  3822  3929 V WindowManager:    ChangeInfo{83fac50 container=WallpaperWindowToken{c0e66a1 showWhenLocked=true} flags=0x0}
03-03 02:10:44.149  3822  3929 V WindowManager:    ChangeInfo{82680ab container=DefaultTaskDisplayArea@238526314 flags=0x0}
03-03 02:10:44.149  3822  3929 V WindowManager: ]
03-03 02:10:44.149  3822  3929 V WindowManager: }}, mAbortByRemoteFromHome=false, mShellApplyToken=null, mRequestTransitionTaskId=28691, mAbortTransitionOnShell=0, mStartFromShortcut=false, mRemovedTaskId=-1, mTransitionInterruptType=0, mMergeSecondTaskId=-1, mTaskIdStartFromRecents=0, mTransitionId=5105, mCanUseSpringSlideAnim=false, mTransitionLaunchFrom=0, mFoldChangeType=-1, mAnimStartingPosition=[0, 0, 0, 0], mIsOpeningStkDialogActivity=false, mIsNeedApplyStartTForEmbedded=false, mMergeSecondTaskAnimation=false, mIsLaunchUnityStart=false, mIsLaunchFromAssistantByDefault=false, mSkipRemoteTransitionfalse, mIsStartFromKeyguard=false flags=0x0, mWCT=null, mIsOpenMergeToInValidPredictive=false}]}
03-03 02:10:44.152  3822  4067 D OplusFeatureReduceBrightness: reduce onAppEnter pkg=com.whatsapp
03-03 02:10:44.152  3822  4067 D OplusFeatureGlobalLimitBrightness: switch to display extreme mode 
03-03 02:10:44.154  3822  4062 D OplusFeatureReduceBrightness: reduce for pkg=com.whatsapp
03-03 02:10:44.155  3822  4062 D OplusBiometricsDisplayHelper: isFold: false, isUnblockByFp: null
03-03 02:10:44.156  3822  3932 D FlexibleTaskController: check task which not have enough child, isInSingleWhiteList:false isCloneTask:false
03-03 02:10:44.159  5545  5606 D WindowManagerShell: onActivityRestartAttempt: topActivity=ComponentInfo{com.whatsapp/com.whatsapp.home.ui.HomeActivity}, wasVisible=true
03-03 02:10:44.160  3822  3932 V WindowManager: Unknown focus tokens, dropping reportFocusChanged
03-03 02:10:44.161  3822  4957 D FlexibleTaskController: check task which not have enough child, isInSingleWhiteList:false isCloneTask:false
03-03 02:10:44.163  3822  4957 D ActivityTaskManager: Skipping, invisible task: Task{63d5c5b #5 type=home I=com.android.launcher/.Launcher}
03-03 02:10:44.164  3822  4957 D OplusSplitScreenManagerService: com.android.settings unSupportsSplitScreen by blockList or ForbidActivityList
03-03 02:10:44.164  3822  4957 D OplusSplitScreenManagerService: com.android.settings unSupportsSplitScreen by blockList or ForbidActivityList
03-03 02:10:44.164  3822  4957 D RecentTasksExtImpl: isExcludeFromRecents scenario:0 task:Task{fdfe335 #28693 type=standard I=com.android.vending/com.google.android.finsky.protectdialogs.activity.PlayProtectDialogsActivity} embedded:false res:true
03-03 02:10:44.164  3822  4957 D ActivityTaskManager: Skipping, invisible task by policy range: Task{fdfe335 #28693 type=standard I=com.android.vending/com.google.android.finsky.protectdialogs.activity.PlayProtectDialogsActivity},position:3
03-03 02:10:44.164  3822  4957 D OplusSplitScreenManagerService: com.oplus.dialer unSupportsSplitScreen by blockList or ForbidActivityList
03-03 02:10:44.164  3822  4957 D ActivityTaskManager: after skip size:19,pre-Filtered:com.whatsapp # com.android.settings # com.google.android.youtube # com.google.android.googlequicksearchbox # com.android.vending # com.oneplus.gallery # com.linkedin.android # com.oplus.dialer # com.flipkart.android # com.google.android.gm # com.oneplus.calculator # com.google.android.apps.maps # com.google.android.apps.photos # com.microsoft.teams # com.android.chrome # com.oneplus.note # com.phonepe.app # com.google.android.apps.messaging # com.microsoft.office.outlook # 
03-03 02:10:44.165  3822  4010 W QosScheduler: getScenario failed! scenarios is null, mask=4
03-03 02:10:44.165  3822  4010 W QosScheduler: executeSceneQosStrategy get scenario failed! scenario is null
03-03 02:10:44.175  3822  5483 D OplusDexSceneManager:  High temp 382 with highTemperatureThreshold 380 pkg:com.android.settings reason: extra-second-dex
03-03 02:10:44.175  3822  5483 D OplusDexSceneManager:  High temp 382 with highTemperatureThreshold 380 pkg:com.whatsapp reason: extra-second-dex
03-03 02:10:44.175  3822  5483 D ActivityTaskManager: setAppVisibility(Token{6b80ce ActivityRecord{154485758 u0 com.android.settings/.Settings t28689}}, visible=false):  visible=true mVisibleRequested=true
03-03 02:10:44.175  3822  5483 W ActivityTaskManager: Set invisible without transition ActivityRecord{154485758 u0 com.android.settings/.Settings t28689}
03-03 02:10:44.175  3822  5483 D ActivityTaskManager: setVisibility defer change visibility for:ActivityRecord{154485758 u0 com.android.settings/.Settings t28689} visible:false
03-03 02:10:44.175  3822  5483 D ActivityTaskManager: commitVisibility: ActivityRecord{154485758 u0 com.android.settings/.Settings t28689}: visible=false visibleRequested=false, isInTransition=true 
03-03 02:10:44.176  3822  5483 D WindowManager: NFW_findFocusedWindowIfNeeded:null mCurrentFocus:null
03-03 02:10:44.176  3822  5483 D WindowManager: NFW_setClientVisible:ActivityRecord{154485758 u0 com.android.settings/.Settings t28689} clientVisible:false
03-03 02:10:44.176  3822  5483 I WindowManager: Window{5647474 u0 com.android.settings/com.android.settings.Settings} state from HAS_DRAWN to DRAW_PENDING; reason: resetDrawState
03-03 02:10:44.177  3822  5483 D OplusDexSceneManager:  High temp 382 with highTemperatureThreshold 380 pkg:com.whatsapp reason: extra-second-dex
03-03 02:10:44.178  3822  5483 D WindowManager: setFrameRateStart invalid typeId return!
03-03 02:10:44.178  3822  5483 D WindowManager: setFrameRateStart invalid typeId return!
03-03 02:10:44.179  3822  5483 D OplusSplitScreenManagerService: com.android.settings unSupportsSplitScreen by blockList or ForbidActivityList
03-03 02:10:44.179  3822  5483 D OplusSplitScreenManagerService: com.android.settings unSupportsSplitScreen by blockList or ForbidActivityList
03-03 02:10:44.179  3822  5483 I TaskOrganizerController: onTaskInfoChanged taskid 28689 config { mBounds=Rect(0, 0 - 1240, 2772) mAppBounds=Rect(0, 0 - 1240, 2772) mMaxBounds=Rect(0, 0 - 1240, 2772) mDisplayRotation=ROTATION_0 mWindowingMode=fullscreen mActivityType=standard mAlwaysOnTop=undefined mRotation=ROTATION_0}
03-03 02:10:44.180  3822  5483 D OplusSplitScreenManagerService: com.android.settings unSupportsSplitScreen by blockList or ForbidActivityList
03-03 02:10:44.180  3822  5483 D OplusSplitScreenManagerService: com.android.settings unSupportsSplitScreen by blockList or ForbidActivityList
03-03 02:10:44.180  3822  5483 D OplusFlexibleDragToSplitAnimController: visibleFlexibleTaskInfos delete:28689
03-03 02:10:44.180  3822  5483 E FlexibleWindowManagerService: notifyTaskObserverToAttachController not need to notify!
03-03 02:10:44.180  3822  5483 I FlexibleWindowManagerService: onFlexibleWindowTaskInfoChanged, return for cur task not embedded
03-03 02:10:44.188 18856 18856 D ActivityThread: ComponentInfo{com.whatsapp/com.whatsapp.home.ui.HomeActivity} checkFinished=false 2
03-03 02:10:44.189 18856 18856 D ResourcesManagerExtImpl: applyConfigurationToAppResourcesLocked app.getDisplayId() return callback.displayId:0
03-03 02:10:44.193  3822  4951 D BackgroundInstallControlService: Package event received: 0
03-03 02:10:44.193  3822  4951 D BackgroundInstallControlService: Package event received: 0
03-03 02:10:44.193  3822  4951 D BackgroundInstallControlService: Package event received: 0
03-03 02:10:44.195  3822  5898 D OplusEapManager: mTargetExitName :com.android.launcher
03-03 02:10:44.197  3822  5898 D OplusAppSwitchRuleInfo: generateAppEnterInfo - launch_source_type = launcherWorkspace , launch_source_traceid = 
03-03 02:10:44.197  3822  5898 D OplusAppSwitchRuleInfo: generateAppEnterInfo - launch_source_type = launcherWorkspace , launch_source_traceid = 
03-03 02:10:44.198  3822  5898 D OplusAppSwitchRuleInfo: generateAppEnterInfo - launch_source_type = launcherWorkspace , launch_source_traceid = 
03-03 02:10:44.205  3822  5898 D OplusEapManager: mTargetEnterName :com.whatsapp
03-03 02:10:44.205  3822  5898 D OplusAppSwitchRuleInfo: generateAppEnterInfo - launch_source_type = launcherWorkspace , launch_source_traceid = 
03-03 02:10:44.205  3822  5898 D OplusAppSwitchRuleInfo: generateAppEnterInfo - launch_source_type = launcherWorkspace , launch_source_traceid = 
03-03 02:10:44.206  3822  5898 D OplusAppSwitchRuleInfo: generateAppEnterInfo - launch_source_type = launcherWorkspace , launch_source_traceid = 
03-03 02:10:44.206  3822  5483 D OplusBatteryServiceFeature: setSmartCoolDown: coolDown = 6, normalCoolDown = 6, pkgName = com.whatsapp
03-03 02:10:44.207  3822  5898 D OplusAppSwitchRuleInfo: generateAppEnterInfo - launch_source_type = launcherWorkspace , launch_source_traceid = 
03-03 02:10:44.208  3822  4085 D VRR [OPlusRefreshRateService]: handleFrontAppChange pkgName: null
03-03 02:10:44.210  3822  5898 D OplusAppSwitchRuleInfo: generateAppEnterInfo - launch_source_type = launcherWorkspace , launch_source_traceid = 
03-03 02:10:44.210  3822  5898 D OplusAppSwitchRuleInfo: generateAppEnterInfo - launch_source_type = launcherWorkspace , launch_source_traceid = 
03-03 02:10:44.218  3822  5898 D OplusAppSwitchRuleInfo: generateAppEnterInfo - launch_source_type = launcherWorkspace , launch_source_traceid = 
03-03 02:10:44.219  3822  5898 D OplusAppSwitchRuleInfo: generateActivityEnterInfo - launch_source_type = launcherWorkspace , launch_source_traceid = 
03-03 02:10:44.219  3822  4085 D VRR [OPlusRefreshRateService]: handleFrontAppChange pkgName: com.whatsapp
03-03 02:10:44.226  3822  5482 V WindowManager: Relayout Window{22f67b6 u0 com.whatsapp/com.whatsapp.home.ui.HomeActivity}: viewVisibility=0, oldvis=8, req=1240x2772 , apr = 0, vsysui=LAYOUT_FULLSCREEN, x=0, y=0
03-03 02:10:44.226  3822  5482 I WindowManager: Window{22f67b6 u0 com.whatsapp/com.whatsapp.home.ui.HomeActivity} state from NO_SURFACE to DRAW_PENDING; reason: resetDrawState
03-03 02:10:44.228  3822  5482 D WindowManager: NFW_findFocusedWindowIfNeeded:Window{22f67b6 u0 com.whatsapp/com.whatsapp.home.ui.HomeActivity} mCurrentFocus:null
03-03 02:10:44.228  3822  5482 D WindowManager: attachImeScreenshotOnTargetIfNeeded, mImeHiding = false, requestedVisibleTypes = -9
03-03 02:10:44.229  3822  5482 V WindowManager: Changing focus from null to Window{22f67b6 u0 com.whatsapp/com.whatsapp.home.ui.HomeActivity},diplayid=0
03-03 02:10:44.230  3822  5483 V WindowManager: Relayout Window{5647474 u0 com.android.settings/com.android.settings.Settings}: viewVisibility=8, oldvis=0, req=1240x2772 , apr = 0, vsysui=LAYOUT_STABLE LAYOUT_HIDE_NAVIGATION LAYOUT_FULLSCREEN IMMERSIVE_STICKY
03-03 02:10:44.231 18856 18856 D VRI[HomeActivity]: relayoutWindow result, sizeChanged:false, surfaceControlChanged:true, transformHintChanged:false, mSurfaceSize:Point(1240, 2772), mLastSurfaceSize:Point(1240, 2772), mWidth:1240, mHeight:2772, requestedWidth:1240, requestedHeight:2772, transformHint:0, installOrientation:0, displayRotation:0, isSurfaceValid:true, attr.flag:-2122252032, tmpFrames:ClientWindowFrames{frame=[0,0][1240,2772] display=[0,0][1240,2772] parentFrame=[0,0][0,0]}, relayoutAsync:false, mSyncSeqId:0
03-03 02:10:44.231 18856 18856 W VRI[HomeActivity]: updateBlastSurfaceIfNeeded, surfaceSize:Point(1240, 2772), lastSurfaceSize:Point(1240, 2772), format:-2, blastBufferQueue:null
03-03 02:10:44.235  3822  5483 D WindowManager: NFW_findFocusedWindowIfNeeded:Window{22f67b6 u0 com.whatsapp/com.whatsapp.home.ui.HomeActivity} mCurrentFocus:Window{22f67b6 u0 com.whatsapp/com.whatsapp.home.ui.HomeActivity}
03-03 02:10:44.237 19625 19625 D VRI[Settings]: relayoutWindow result, sizeChanged:false, surfaceControlChanged:true, transformHintChanged:false, mSurfaceSize:Point(1240, 2772), mLastSurfaceSize:Point(1240, 2772), mWidth:1240, mHeight:2772, requestedWidth:1240, requestedHeight:2772, transformHint:0, installOrientation:0, displayRotation:0, isSurfaceValid:false, attr.flag:-2122252032, tmpFrames:ClientWindowFrames{frame=[0,0][1240,2772] display=[0,0][1240,2772] parentFrame=[0,0][0,0]}, relayoutAsync:false, mSyncSeqId:0
03-03 02:10:44.255   452   452 D ResourcesManagerExtImpl: applyConfigurationToAppResourcesLocked app.getDisplayId() return callback.displayId:-1
03-03 02:10:44.307  3822  4957 W PackageManager: package com.oppo.quicksearchbox uid 10252 pid 452 call SetEnabledSetting(com.oppo.quicksearchbox component = androidx.work.impl.background.systemjob.SystemJobService, 1, 0)
03-03 02:10:44.375 18856 18856 D ResourcesManagerExtImpl: applyConfigurationToAppResourcesLocked app.getDisplayId() return callback.displayId:0
03-03 02:10:44.375  3822  4957 I WindowManager: Window{22f67b6 u0 com.whatsapp/com.whatsapp.home.ui.HomeActivity} state from DRAW_PENDING to COMMIT_DRAW_PENDING; reason: finishDrawingLocked
03-03 02:10:44.381  3822  4957 D OplusStartingWindowManager: isLayerMatchToStartingWindow error, mStartingRecords empty or inValid layerName:com.whatsapp/com.whatsapp.home.ui.HomeActivity#51373
03-03 02:10:44.381  3822  3933 I WindowManager: Window{22f67b6 u0 com.whatsapp/com.whatsapp.home.ui.HomeActivity} state from COMMIT_DRAW_PENDING to READY_TO_SHOW; reason: commitFinishDrawingLocked
03-03 02:10:44.381  3822  3933 D CoreBackPreview:  return markWindowHasDrawn mComposed: false  mWaitTransition: false
03-03 02:10:44.381  3822  3933 D ActivityTaskManager: Clearing startingData for activity=ActivityRecord{82493695 u0 com.whatsapp/.home.ui.HomeActivity t28691} mStartingData=null mStartingSurface=null
03-03 02:10:44.383  3822  3933 D QuickBackInputPolicy: setAppLaunchEndTime update timePair=Pair{ActivityRecord{82493695 u0 com.whatsapp/.home.ui.HomeActivity t28691} 89512409}
03-03 02:10:44.384  3822  3933 I WindowManager: Window{22f67b6 u0 com.whatsapp/com.whatsapp.home.ui.HomeActivity} state from READY_TO_SHOW to HAS_DRAWN; reason: performShowLocked
03-03 02:10:44.388  3822  3933 D CoreBackPreview:  return markWindowHasDrawn mComposed: false  mWaitTransition: false
03-03 02:10:44.426  3822  4762 D InputMethodManagerService: isSecurity: attribute.packageName = com.whatsapp mCurMethodId = com.google.android.inputmethod.latin/com.android.inputmethod.latin.LatinIME isSecurity = false ( enable = false needShow = false inBlackList = false isExist = true )
03-03 02:10:44.433  3822  4010 I UserAwareMgr: fg app status not changed, beforeVisible: true, currentVisible: true
03-03 02:10:44.436  3822  4564 D WindowManager: setFrameRateStart invalid typeId return!
03-03 02:10:44.436  3822  5483 V AutofillInlineSuggestionsRequestSession: onInputMethodFinishInput() received
03-03 02:10:44.441  3822  5482 V AutofillInlineSuggestionsRequestSession: onInputMethodStartInput() received on 0
03-03 02:10:44.448  3822  5482 W PackageConfigPersister: App-specific configuration not found for packageName: com.whatsapp and userId: 0
03-03 02:10:44.479  3822  4994 D JobSchedulerServiceExtImpl: updateOsenseRestrictMode for 1 false false
03-03 02:10:44.532  3822  5483 I ActivityManager: Flag disabled. Ignoring finishAttachApplication from uid: 10252. pid: 452
03-03 02:10:44.550  3822  5482 W ActivityManager: Receiver with filter android.content.IntentFilter@8eab38c already registered for pid 452, callerPackage is com.oppo.quicksearchbox
03-03 02:10:44.586  3822  4564 W ActivityManager: Receiver with filter android.content.IntentFilter@a8ac8a3 already registered for pid 452, callerPackage is com.oppo.quicksearchbox
03-03 02:10:44.601  3822  5543 W ActivityManager: Receiver with filter android.content.IntentFilter@c564373 already registered for pid 452, callerPackage is com.oppo.quicksearchbox
03-03 02:10:44.658  3822  5482 D QuickBackInputPolicy: setInterceptInputKeyStatus, enable=false, enableFlag=1, inputCallback=android.window.IRemoteTransitionInputCallback$Stub$Proxy@9d5162
03-03 02:10:44.660  5545  5606 V ShellRecents: [149329499] RecentsController.finishInner: toHome=false userLeave=false willFinishToHome=false state=1 hasPausingTasks=true reason=requested
03-03 02:10:44.660  5545  5606 V ShellRecents:   normal finish
03-03 02:10:44.661  3822  5543 D OplusWindowAnimationManager: setInputConsumerEnabled from launcher enabled=false last=false
03-03 02:10:44.665  3822  4948 W ActivityManager: Receiver with filter android.content.IntentFilter@adcaa29 already registered for pid 452, callerPackage is com.oppo.quicksearchbox
03-03 02:10:44.666  5545  5606 V ShellRecents: [149329499] RecentsController.finishInner: Completing finish
03-03 02:10:44.667  5545  5606 V WindowManagerShell: Transition animation finished (aborted=false), notifying core (#5104) android.os.BinderProxy@f2102a4@0
03-03 02:10:44.667  5545  5606 D SplitScreen-->AppLockManager: setStartFromSafeControl mStartFromSafeControl=false
03-03 02:10:44.669  5545  5606 D ShellTaskOrganizer: onLandScapeSceneExit, isRecent is: false
03-03 02:10:44.669  3822  4564 E TransitionChain: Can't collect into a chain with no transition
03-03 02:10:44.669  3822  4564 D Transition: finishTransition ar ActivityRecord{77230470 u0 com.android.launcher/.Launcher t5}, isVisibleRequested=false, state=PAUSED, visibleAtTransitionEndTokens={}, this=TransitionRecord{2cc934a id=5104 track=0 type=TO_FRONT flags=0x80 state=2 c=[
03-03 02:10:44.669  3822  4564 D Transition:    ChangeInfo{175abbe container=Task{2d5e9a #1 type=home} flags=0x30}
03-03 02:10:44.669  3822  4564 D Transition:    ChangeInfo{b3772bb container=ActivityRecord{77230470 u0 com.android.launcher/.Launcher t5} flags=0x0}
03-03 02:10:44.669  3822  4564 D Transition:    ChangeInfo{33303d8 container=Task{63d5c5b #5 type=home I=com.android.launcher/.Launcher} flags=0x30}
03-03 02:10:44.669  3822  4564 D Transition:    ChangeInfo{8f4a331 container=Display{#0 state=ON size=1240x2772 ROTATION_0} flags=0x0}
03-03 02:10:44.669  3822  4564 D Transition:    ChangeInfo{abd36c container=WallpaperWindowToken{c0e66a1 showWhenLocked=true} flags=0x0}
