03-03 02:52:56.434  3822  4010 W QosScheduler: executeSceneQosStrategy get scenario failed! scenario is null
03-03 02:52:56.625  3822  4721 V AlarmManager: sending alarm Alarm{2f418bc type 1 origWhen 1772486576625 whenElapsed 203199895 android} uid 1000 whenElapsed 203199895 windowLength 0 maxWhenElapsed 203199895 repeatInterval 0 action null component null tag StorgaeBandInfoAlarmTag flags 0x9 procName system_server
03-03 02:52:56.633  3822  4063 D PowerManagerService: userActivityNoUpdateLocked: groupId=0, eventTime=92044655, event=touch, flags=0x0, uid=1000
03-03 02:52:56.735  3822  4063 D PowerManagerService: userActivityNoUpdateLocked: groupId=0, eventTime=92044758, event=touch, flags=0x0, uid=1000
03-03 02:52:56.737  3822  3930 D OplusPanoramaWorkBranchController: notifyMotionUpOrCancel
03-03 02:52:56.743  3822  3822 D OplusMediaControlService: onPlaybackStateChanged same state as last time, no push state, state = 0
03-03 02:52:56.746  3822  5332 W ForegroundServiceTypeLoggerModule: Logger should be tracking FGS types correctly for UID 10686 in package it.vfsfitvnm.vimusic.debug
03-03 02:52:56.751  3822  4029 D NotificationService--OplusNotificationFixHelper: fixAppIcon: pkg=it.vfsfitvnm.vimusic.debug
03-03 02:52:56.751  3822  4029 D NotificationService--OplusNotificationFixHelper: fixAppIcon: appIcon = null, pkg = it.vfsfitvnm.vimusic.debug
03-03 02:52:56.751  3822  5332 D NotificationService--OplusNotificationFixHelper: fixAppIcon: pkg=it.vfsfitvnm.vimusic.debug
03-03 02:52:56.751  3822  5332 D NotificationService--OplusNotificationFixHelper: fixAppIcon: appIcon = null, pkg = it.vfsfitvnm.vimusic.debug
03-03 02:52:56.752  3822  4029 I OplusStatusBarManagerServiceEnhance:  getTopIsFullscreen mTopIsFullscreen: false
03-03 02:52:56.752  3822  3822 D NotificationService--OplusNotificationManagerServiceExtImpl: isForwardToAssistants: true, case : Is local notification
03-03 02:52:56.752  3822  3822 D NotificationService: This application enqueue notifications is need postDelayed mcsAssistantDelayTime: 200
03-03 02:52:56.752  3822  5332 I OplusStatusBarManagerServiceEnhance:  getTopIsFullscreen mTopIsFullscreen: false
03-03 02:52:56.752  3822  5332 W ActivityManager: Permission Denial: getTopApplicationInfo from pid=32413, uid=10686 requires oplus.permission.OPLUS_COMPONENT_SAFE
03-03 02:52:56.755  3822  3822 D NotificationService--OplusNotificationManagerServiceExtImpl: isForwardToAssistants: true, case : Is local notification
03-03 02:52:56.755  3822  3822 D NotificationService: This application enqueue notifications is need postDelayed mcsAssistantDelayTime: 200
03-03 02:52:56.762  3822  5332 I OplusMediaControlService: updateControllerMap begin
03-03 02:52:56.762  3822  5332 D OplusMediaControlService: isInMediaBlackList: com.google.android.youtube, 0
03-03 02:52:56.762  3822  5332 V OplusMediaControlService: this app is in media black list, pkgName: com.google.android.youtube
03-03 02:52:56.762  3822  5332 D OplusMediaControlService: isInMediaBlackList: com.google.android.youtube, 0
03-03 02:52:56.762  3822  5332 V OplusMediaControlService: this app is in media black list, pkgName: com.google.android.youtube
03-03 02:52:56.762  3822  5332 I OplusMediaControlService: updataPlayStateMap begin
03-03 02:52:56.762  3822  5332 I OplusMediaControlService: updateMetadataMap begin
03-03 02:52:56.762  3822  5332 I OplusMediaControlService: getPlayerInfo, playerId: 134470918, pkgname: it.vfsfitvnm.vimusic.debug
03-03 02:52:56.763  3822  5332 I OplusMediaControlService: getPlayerInfo, playerId: 172325190, pkgname: com.microsoft.teams
03-03 02:52:56.763  3822  5332 D OplusMediaControlService: isInMediaBlackList: com.google.android.youtube, 0
03-03 02:52:56.763  3822  5332 V OplusMediaControlService: this app is in media black list, pkgName: com.google.android.youtube
03-03 02:52:56.763  3822  5332 I OplusMediaControlService: getCurrentPlayerInfoList InfoList size: 2
03-03 02:52:56.768  3822  5332 I OplusMediaControlService: updateControllerMap begin
03-03 02:52:56.768  3822  5332 D OplusMediaControlService: isInMediaBlackList: com.google.android.youtube, 0
03-03 02:52:56.768  3822  5332 V OplusMediaControlService: this app is in media black list, pkgName: com.google.android.youtube
03-03 02:52:56.768  3822  5332 D OplusMediaControlService: isInMediaBlackList: com.google.android.youtube, 0
03-03 02:52:56.768  3822  5332 V OplusMediaControlService: this app is in media black list, pkgName: com.google.android.youtube
03-03 02:52:56.768  3822  5332 I OplusMediaControlService: updataPlayStateMap begin
03-03 02:52:56.768  3822  5332 I OplusMediaControlService: updateMetadataMap begin
03-03 02:52:56.768  3822  5332 I OplusMediaControlService: getPlayerInfo, playerId: 134470918, pkgname: it.vfsfitvnm.vimusic.debug
03-03 02:52:56.769  3822  5332 I OplusMediaControlService: getPlayerInfo, playerId: 172325190, pkgname: com.microsoft.teams
03-03 02:52:56.769  3822  5332 D OplusMediaControlService: isInMediaBlackList: com.google.android.youtube, 0
03-03 02:52:56.769  3822  5332 V OplusMediaControlService: this app is in media black list, pkgName: com.google.android.youtube
03-03 02:52:56.769  3822  5332 I OplusMediaControlService: getCurrentPlayerInfoList InfoList size: 2
03-03 02:52:56.774  3822  5484 I OplusMediaControlService: updateControllerMap begin
03-03 02:52:56.774  3822  5484 D OplusMediaControlService: isInMediaBlackList: com.google.android.youtube, 0
03-03 02:52:56.774  3822  5484 V OplusMediaControlService: this app is in media black list, pkgName: com.google.android.youtube
03-03 02:52:56.774  3822  5484 D OplusMediaControlService: isInMediaBlackList: com.google.android.youtube, 0
03-03 02:52:56.774  3822  5484 V OplusMediaControlService: this app is in media black list, pkgName: com.google.android.youtube
03-03 02:52:56.774  3822  5484 I OplusMediaControlService: updataPlayStateMap begin
03-03 02:52:56.774  3822  5484 I OplusMediaControlService: updateMetadataMap begin
03-03 02:52:56.774  3822  5484 I OplusMediaControlService: getPlayerInfo, playerId: 134470918, pkgname: it.vfsfitvnm.vimusic.debug
03-03 02:52:56.774  3822  5484 I OplusMediaControlService: getPlayerInfo, playerId: 172325190, pkgname: com.microsoft.teams
03-03 02:52:56.775  3822  5484 D OplusMediaControlService: isInMediaBlackList: com.google.android.youtube, 0
03-03 02:52:56.775  3822  5484 V OplusMediaControlService: this app is in media black list, pkgName: com.google.android.youtube
03-03 02:52:56.775  3822  5484 I OplusMediaControlService: getCurrentPlayerInfoList InfoList size: 2
03-03 02:52:56.812  3822  5367 W PackageManager: package com.microsoft.office.outlook uid 10349 pid 10761 call SetEnabledSetting(com.microsoft.office.outlook component = com.acompli.acompli.InboxWidgetProvider, 1, 0)
03-03 02:52:56.813  3822  5367 W PackageManager: package com.microsoft.office.outlook uid 10349 pid 10761 call SetEnabledSetting(com.microsoft.office.outlook component = com.acompli.acompli.AgendaWidgetProvider, 1, 0)
03-03 02:52:57.136  3822  4063 D PowerManagerService: userActivityNoUpdateLocked: groupId=0, eventTime=92045158, event=touch, flags=0x0, uid=1000
03-03 02:52:57.240  3822  4063 D PowerManagerService: userActivityNoUpdateLocked: groupId=0, eventTime=92045263, event=touch, flags=0x0, uid=1000
03-03 02:52:57.258  3822  3930 D OplusPanoramaWorkBranchController: notifyMotionUpOrCancel
03-03 02:52:57.264  3822  3822 I OplusMediaControlService: onPlaybackStateChanged begin, state: 2, playerId: 134470918
03-03 02:52:57.264  3822  3822 I OplusMediaControlService: sendOnEventMessage begin, eventType: 4, observer: android.os.BinderProxy@c1628f9
03-03 02:52:57.265  3822  3822 I OplusMediaControlService: on event EventType: 4
03-03 02:52:57.272  3822  5484 D NotificationService--OplusNotificationFixHelper: fixAppIcon: pkg=it.vfsfitvnm.vimusic.debug
03-03 02:52:57.272  3822  5484 D NotificationService--OplusNotificationFixHelper: fixAppIcon: appIcon = null, pkg = it.vfsfitvnm.vimusic.debug
03-03 02:52:57.273  3822  5484 I OplusStatusBarManagerServiceEnhance:  getTopIsFullscreen mTopIsFullscreen: false
03-03 02:52:57.273  3822  5484 W ActivityManager: Permission Denial: getTopApplicationInfo from pid=32413, uid=10686 requires oplus.permission.OPLUS_COMPONENT_SAFE
03-03 02:52:57.274  3822  3822 D NotificationService--OplusNotificationManagerServiceExtImpl: isForwardToAssistants: true, case : Is local notification
03-03 02:52:57.274  3822  3822 D NotificationService: This application enqueue notifications is need postDelayed mcsAssistantDelayTime: 200
03-03 02:52:57.279  3822  3822 D OplusMediaControlService: onPlaybackStateChanged same state as last time, no push state, state = 2
03-03 02:52:57.286  3822  5484 I OplusMediaControlService: updateControllerMap begin
03-03 02:52:57.286  3822  5484 D OplusMediaControlService: isInMediaBlackList: com.google.android.youtube, 0
03-03 02:52:57.286  3822  5484 V OplusMediaControlService: this app is in media black list, pkgName: com.google.android.youtube
03-03 02:52:57.286  3822  5484 D OplusMediaControlService: isInMediaBlackList: com.google.android.youtube, 0
03-03 02:52:57.286  3822  5484 V OplusMediaControlService: this app is in media black list, pkgName: com.google.android.youtube
03-03 02:52:57.286  3822  5484 I OplusMediaControlService: updataPlayStateMap begin
03-03 02:52:57.286  3822  5484 I OplusMediaControlService: updateMetadataMap begin
03-03 02:52:57.286  3822  5484 I OplusMediaControlService: getPlayerInfo, playerId: 134470918, pkgname: it.vfsfitvnm.vimusic.debug
03-03 02:52:57.287  3822  5484 I OplusMediaControlService: getPlayerInfo, playerId: 172325190, pkgname: com.microsoft.teams
03-03 02:52:57.287  3822  5484 D OplusMediaControlService: isInMediaBlackList: com.google.android.youtube, 0
03-03 02:52:57.287  3822  5484 V OplusMediaControlService: this app is in media black list, pkgName: com.google.android.youtube
03-03 02:52:57.287  3822  5484 I OplusMediaControlService: getCurrentPlayerInfoList InfoList size: 2
03-03 02:52:57.288  3822  5443 D NotificationService--OplusNotificationFixHelper: fixAppIcon: pkg=it.vfsfitvnm.vimusic.debug
03-03 02:52:57.288  3822  5443 D NotificationService--OplusNotificationFixHelper: fixAppIcon: appIcon = null, pkg = it.vfsfitvnm.vimusic.debug
03-03 02:52:57.289  3822  5443 I OplusStatusBarManagerServiceEnhance:  getTopIsFullscreen mTopIsFullscreen: false
03-03 02:52:57.289  3822  5443 W ActivityManager: Permission Denial: getTopApplicationInfo from pid=32413, uid=10686 requires oplus.permission.OPLUS_COMPONENT_SAFE
03-03 02:52:57.290  3822  3822 D NotificationService--OplusNotificationManagerServiceExtImpl: isForwardToAssistants: true, case : Is local notification
03-03 02:52:57.290  3822  3822 D NotificationService: This application enqueue notifications is need postDelayed mcsAssistantDelayTime: 200
03-03 02:52:57.296  3822  3822 D OplusMediaControlService: onPlaybackStateChanged same state as last time, no push state, state = 2
03-03 02:52:57.296  3822  3822 D OplusMediaControlService: onPlaybackStateChanged same state as last time, no push state, state = 2
03-03 02:52:57.299  3822  5443 I OplusMediaControlService: updateControllerMap begin
03-03 02:52:57.299  3822  5443 D OplusMediaControlService: isInMediaBlackList: com.google.android.youtube, 0
03-03 02:52:57.299  3822  5443 V OplusMediaControlService: this app is in media black list, pkgName: com.google.android.youtube
03-03 02:52:57.299  3822  5443 D OplusMediaControlService: isInMediaBlackList: com.google.android.youtube, 0
03-03 02:52:57.299  3822  5443 V OplusMediaControlService: this app is in media black list, pkgName: com.google.android.youtube
03-03 02:52:57.299  3822  5443 I OplusMediaControlService: updataPlayStateMap begin
03-03 02:52:57.299  3822  5443 I OplusMediaControlService: updateMetadataMap begin
03-03 02:52:57.299  3822  5443 I OplusMediaControlService: getPlayerInfo, playerId: 134470918, pkgname: it.vfsfitvnm.vimusic.debug
03-03 02:52:57.300  3822  5443 I OplusMediaControlService: getPlayerInfo, playerId: 172325190, pkgname: com.microsoft.teams
03-03 02:52:57.300  3822  5443 D OplusMediaControlService: isInMediaBlackList: com.google.android.youtube, 0
03-03 02:52:57.300  3822  5443 V OplusMediaControlService: this app is in media black list, pkgName: com.google.android.youtube
03-03 02:52:57.300  3822  5443 I OplusMediaControlService: getCurrentPlayerInfoList InfoList size: 2
03-03 02:52:57.328  3822  3822 D OplusMediaControlService: onMetadataChanged same metadata as last time, skip push, data = android.media.MediaMetadata@3133891c
03-03 02:52:57.330  3822  5443 D NotificationService--OplusNotificationFixHelper: fixAppIcon: pkg=it.vfsfitvnm.vimusic.debug
03-03 02:52:57.330  3822  5443 D NotificationService--OplusNotificationFixHelper: fixAppIcon: appIcon = null, pkg = it.vfsfitvnm.vimusic.debug
03-03 02:52:57.331  3822  5443 I OplusStatusBarManagerServiceEnhance:  getTopIsFullscreen mTopIsFullscreen: false
03-03 02:52:57.331  3822  5443 W ActivityManager: Permission Denial: getTopApplicationInfo from pid=32413, uid=10686 requires oplus.permission.OPLUS_COMPONENT_SAFE
03-03 02:52:57.332  3822  3822 D NotificationService--OplusNotificationManagerServiceExtImpl: isForwardToAssistants: true, case : Is local notification
03-03 02:52:57.332  3822  3822 D NotificationService: This application enqueue notifications is need postDelayed mcsAssistantDelayTime: 200
03-03 02:52:57.343  3822  5443 I OplusMediaControlService: updateControllerMap begin
03-03 02:52:57.345  3822  5443 D OplusMediaControlService: isInMediaBlackList: com.google.android.youtube, 0
03-03 02:52:57.345  3822  5443 V OplusMediaControlService: this app is in media black list, pkgName: com.google.android.youtube
03-03 02:52:57.345  3822  5443 D OplusMediaControlService: isInMediaBlackList: com.google.android.youtube, 0
03-03 02:52:57.345  3822  5443 V OplusMediaControlService: this app is in media black list, pkgName: com.google.android.youtube
03-03 02:52:57.345  3822  5443 I OplusMediaControlService: updataPlayStateMap begin
03-03 02:52:57.345  3822  5443 I OplusMediaControlService: updateMetadataMap begin
03-03 02:52:57.345  3822  5443 I OplusMediaControlService: getPlayerInfo, playerId: 134470918, pkgname: it.vfsfitvnm.vimusic.debug
03-03 02:52:57.351  3822  5443 I OplusMediaControlService: getPlayerInfo, playerId: 172325190, pkgname: com.microsoft.teams
03-03 02:52:57.352  3822  5443 D OplusMediaControlService: isInMediaBlackList: com.google.android.youtube, 0
03-03 02:52:57.352  3822  5443 V OplusMediaControlService: this app is in media black list, pkgName: com.google.android.youtube
03-03 02:52:57.352  3822  5443 I OplusMediaControlService: getCurrentPlayerInfoList InfoList size: 2
03-03 02:52:57.584  3822  4949 D ActivityManager: Cancel freezing 10789 com.android.vending
03-03 02:52:57.598  3822  5334 D ActivityManager: Async freezing 10789 com.android.vending
03-03 02:52:57.616  3822  3822 I OplusMediaControlService: onPlaybackStateChanged begin, state: 0, playerId: 134470918
03-03 02:52:57.616  3822  3822 I OplusMediaControlService: sendOnEventMessage begin, eventType: 4, observer: android.os.BinderProxy@c1628f9
03-03 02:52:57.616  3822  3822 I OplusMediaControlService: on event EventType: 4
03-03 02:52:57.622  3822  5334 D NotificationService--OplusNotificationFixHelper: fixAppIcon: pkg=it.vfsfitvnm.vimusic.debug
03-03 02:52:57.622  3822  5334 D NotificationService--OplusNotificationFixHelper: fixAppIcon: appIcon = null, pkg = it.vfsfitvnm.vimusic.debug
03-03 02:52:57.622  3822  5334 I OplusStatusBarManagerServiceEnhance:  getTopIsFullscreen mTopIsFullscreen: false
03-03 02:52:57.622  3822  5334 W ActivityManager: Permission Denial: getTopApplicationInfo from pid=32413, uid=10686 requires oplus.permission.OPLUS_COMPONENT_SAFE
03-03 02:52:57.624  3822  3822 D NotificationService--OplusNotificationManagerServiceExtImpl: isForwardToAssistants: true, case : Is local notification
03-03 02:52:57.624  3822  3822 D NotificationService: This application enqueue notifications is need postDelayed mcsAssistantDelayTime: 200
03-03 02:52:57.631  3822  5334 I OplusMediaControlService: updateControllerMap begin
03-03 02:52:57.631  3822  5334 D OplusMediaControlService: isInMediaBlackList: com.google.android.youtube, 0
03-03 02:52:57.631  3822  5334 V OplusMediaControlService: this app is in media black list, pkgName: com.google.android.youtube
03-03 02:52:57.631  3822  5334 D OplusMediaControlService: isInMediaBlackList: com.google.android.youtube, 0
03-03 02:52:57.631  3822  5334 V OplusMediaControlService: this app is in media black list, pkgName: com.google.android.youtube
03-03 02:52:57.631  3822  5334 I OplusMediaControlService: updataPlayStateMap begin
03-03 02:52:57.631  3822  5334 I OplusMediaControlService: updateMetadataMap begin
03-03 02:52:57.631  3822  5334 I OplusMediaControlService: getPlayerInfo, playerId: 134470918, pkgname: it.vfsfitvnm.vimusic.debug
03-03 02:52:57.632  3822  5334 I OplusMediaControlService: getPlayerInfo, playerId: 172325190, pkgname: com.microsoft.teams
03-03 02:52:57.633  3822  5334 D OplusMediaControlService: isInMediaBlackList: com.google.android.youtube, 0
03-03 02:52:57.633  3822  5334 V OplusMediaControlService: this app is in media black list, pkgName: com.google.android.youtube
03-03 02:52:57.633  3822  5334 I OplusMediaControlService: getCurrentPlayerInfoList InfoList size: 2
03-03 02:52:57.741  5545  6299 I Quality : BitmapCompressInfo:896,896,1,85,332745365
03-03 02:52:58.195  3822  4715 D ActivityManager: freezing 9862 com.oneplus.deskclock:clockWidget
03-03 02:52:58.197  3822  4715 D ActivityManager: Freeze process 9862, not check file locks
03-03 02:52:58.197  3822  4715 D ActivityManager: reportOneUidFrozenStateChanged uid 10172 frozen = true
03-03 02:52:58.229  3822  4063 D PowerManagerService: userActivityNoUpdateLocked: groupId=0, eventTime=92046249, event=touch, flags=0x0, uid=1000
03-03 02:52:58.315  3822  3930 D OplusPanoramaWorkBranchController: notifyMotionUpOrCancel
03-03 02:52:58.318  3822  5484 I AS.FadeOutManager: unfadeOutUid() uid:10686
03-03 02:52:58.322  3822  5334 I MediaSessionStack: onPlaybackStateChanged - Pushing session to top | record: it.vfsfitvnm.vimusic.debug/PlayerService/69 (userId=0)
03-03 02:52:58.324  3822  3822 I OplusMediaControlService: onPlaybackStateChanged begin, state: 6, playerId: 134470918
03-03 02:52:58.324  3822  3822 I OplusMediaControlService: sendOnEventMessage begin, eventType: 4, observer: android.os.BinderProxy@c1628f9
03-03 02:52:58.324  3822  3822 I OplusMediaControlService: on event EventType: 4
03-03 02:52:58.326  3822  4001 W ProcessCpuTracker: Failed to stat(/proc/11763): android.system.ErrnoException: stat failed: ENOENT (No such file or directory)
03-03 02:52:58.326  3822  4001 W ProcessCpuTracker: Skipping unknown process pid 11763
03-03 02:52:58.326  3822  4001 W ProcessCpuTracker: Failed to stat(/proc/11764): android.system.ErrnoException: stat failed: ENOENT (No such file or directory)
03-03 02:52:58.326  3822  4001 W ProcessCpuTracker: Skipping unknown process pid 11764
03-03 02:52:58.327  3822  5334 I ActivityManager: Background started FGS: Allowed [callingPackage: it.vfsfitvnm.vimusic.debug; callingUid: 10686; uidState: TOP ; uidBFSL: [BFSL]; intent: Intent { xflg=0x4 cmp=it.vfsfitvnm.vimusic.debug/it.vfsfitvnm.vimusic.service.PlayerService mCallingUid=10686 }; code:PROC_STATE_TOP; tempAllowListReason:<null>; allowWiu:12; targetSdkVersion:33; callerTargetSdkVersion:33; startForegroundCount:1; bindFromPackage:null: isBindService:false]
03-03 02:52:58.330  3822  5334 W ActivityManager: Starting FGS with type mediaPlayback code=4 callerApp=ProcessRecord{fbed943 32413:it.vfsfitvnm.vimusic.debug/u0a686} targetSDK=33 requiredPermissions=all of the permissions allOf=true [android.permission.FOREGROUND_SERVICE_MEDIA_PLAYBACK] 
03-03 02:52:58.335  3822  4029 D NotificationService--OplusNotificationFixHelper: fixAppIcon: pkg=it.vfsfitvnm.vimusic.debug
03-03 02:52:58.335  3822  4029 D NotificationService--OplusNotificationFixHelper: fixAppIcon: appIcon = null, pkg = it.vfsfitvnm.vimusic.debug
03-03 02:52:58.336  3822  4029 I OplusStatusBarManagerServiceEnhance:  getTopIsFullscreen mTopIsFullscreen: false
03-03 02:52:58.336  3822  3822 D NotificationService--OplusNotificationManagerServiceExtImpl: isForwardToAssistants: true, case : Is local notification
03-03 02:52:58.336  3822  3822 D NotificationService: This application enqueue notifications is need postDelayed mcsAssistantDelayTime: 200
03-03 02:52:58.345  3822  4001 D ProcessCpuTrackerExtImpl: mContext is already set, return now! 
03-03 02:52:58.346  3822  5334 I OplusMediaControlService: updateControllerMap begin
03-03 02:52:58.346  3822  5334 D OplusMediaControlService: isInMediaBlackList: com.google.android.youtube, 0
03-03 02:52:58.346  3822  5334 V OplusMediaControlService: this app is in media black list, pkgName: com.google.android.youtube
03-03 02:52:58.346  3822  5334 D OplusMediaControlService: isInMediaBlackList: com.google.android.youtube, 0
03-03 02:52:58.346  3822  5334 V OplusMediaControlService: this app is in media black list, pkgName: com.google.android.youtube
03-03 02:52:58.346  3822  5334 I OplusMediaControlService: updataPlayStateMap begin
03-03 02:52:58.346  3822  5334 I OplusMediaControlService: updateMetadataMap begin
03-03 02:52:58.346  3822  5334 I OplusMediaControlService: getPlayerInfo, playerId: 134470918, pkgname: it.vfsfitvnm.vimusic.debug
03-03 02:52:58.347  3822  5334 I OplusMediaControlService: getPlayerInfo, playerId: 172325190, pkgname: com.microsoft.teams
03-03 02:52:58.348  3822  5334 D OplusMediaControlService: isInMediaBlackList: com.google.android.youtube, 0
03-03 02:52:58.348  3822  5334 V OplusMediaControlService: this app is in media black list, pkgName: com.google.android.youtube
03-03 02:52:58.348  3822  5334 I OplusMediaControlService: getCurrentPlayerInfoList InfoList size: 2
03-03 02:52:58.358  3822  3822 D OplusMediaControlService: onPlaybackStateChanged same state as last time, no push state, state = 6
03-03 02:52:58.375  3822  4031 I ActivityManager: Process PhantomProcessRecord {f889485 11770:11065:getprop/u0a328} died
03-03 02:52:58.442  3822  4031 I ActivityManager: Process PhantomProcessRecord {6611ec4 11773:11065:sh/u0a328} died
03-03 02:52:58.626  3822  4721 V AlarmManager: sending alarm Alarm{a2ec2c7 type 1 origWhen 1772486578626 whenElapsed 203201896 android} uid 1000 whenElapsed 203201896 windowLength 0 maxWhenElapsed 203201896 repeatInterval 0 action null component null tag StorgaeBandInfoAlarmTag flags 0x9 procName system_server
03-03 02:52:58.766  3822  3822 I OplusMediaControlService: onPlaybackStateChanged begin, state: 0, playerId: 134470918
03-03 02:52:58.766  3822  3822 I OplusMediaControlService: sendOnEventMessage begin, eventType: 4, observer: android.os.BinderProxy@c1628f9
03-03 02:52:58.766  3822  3822 I OplusMediaControlService: on event EventType: 4
03-03 02:52:58.776  3822  5334 D NotificationService--OplusNotificationFixHelper: fixAppIcon: pkg=it.vfsfitvnm.vimusic.debug
03-03 02:52:58.776  3822  5334 D NotificationService--OplusNotificationFixHelper: fixAppIcon: appIcon = null, pkg = it.vfsfitvnm.vimusic.debug
03-03 02:52:58.777  3822  5334 I OplusStatusBarManagerServiceEnhance:  getTopIsFullscreen mTopIsFullscreen: false
03-03 02:52:58.777  3822  5334 W ActivityManager: Permission Denial: getTopApplicationInfo from pid=32413, uid=10686 requires oplus.permission.OPLUS_COMPONENT_SAFE
03-03 02:52:58.778  3822  3822 D NotificationService--OplusNotificationManagerServiceExtImpl: isForwardToAssistants: true, case : Is local notification
03-03 02:52:58.778  3822  3822 D NotificationService: This application enqueue notifications is need postDelayed mcsAssistantDelayTime: 200
03-03 02:52:58.792  3822  5334 I OplusMediaControlService: updateControllerMap begin
03-03 02:52:58.792  3822  5334 D OplusMediaControlService: isInMediaBlackList: com.google.android.youtube, 0
03-03 02:52:58.792  3822  5334 V OplusMediaControlService: this app is in media black list, pkgName: com.google.android.youtube
03-03 02:52:58.792  3822  5334 D OplusMediaControlService: isInMediaBlackList: com.google.android.youtube, 0
03-03 02:52:58.792  3822  5334 V OplusMediaControlService: this app is in media black list, pkgName: com.google.android.youtube
03-03 02:52:58.792  3822  5334 I OplusMediaControlService: updataPlayStateMap begin
03-03 02:52:58.792  3822  5334 I OplusMediaControlService: updateMetadataMap begin
03-03 02:52:58.792  3822  5334 I OplusMediaControlService: getPlayerInfo, playerId: 134470918, pkgname: it.vfsfitvnm.vimusic.debug
03-03 02:52:58.793  3822  5334 I OplusMediaControlService: getPlayerInfo, playerId: 172325190, pkgname: com.microsoft.teams
03-03 02:52:58.793  3822  5334 D OplusMediaControlService: isInMediaBlackList: com.google.android.youtube, 0
03-03 02:52:58.794  3822  5334 V OplusMediaControlService: this app is in media black list, pkgName: com.google.android.youtube
03-03 02:52:58.794  3822  5334 I OplusMediaControlService: getCurrentPlayerInfoList InfoList size: 2
03-03 02:53:00.000  3822  4721 V AlarmManager: sending alarm Alarm{ef1cb01 type 3 origWhen 203203270 whenElapsed 203203270 android} uid 1000 whenElapsed 203203270 windowLength 0 maxWhenElapsed 203203270 repeatInterval 0 action null component null tag TIME_TICK flags 0x9 procName system_server
03-03 02:53:00.027  3822  4067 D OplusDisplayBrightnessBroadcastReceiver: onReceive action = android.intent.action.TIME_TICK , listeners = [com.android.server.display.color.eyeprotect.manager.AiCurveManager$RhythmBroadcastReceiverWithUpgradeUI@4f660c]
03-03 02:53:00.027  3822  3822 D LightsServiceExtImpl: currentTime is not belong to 700 - 2330
03-03 02:53:00.028  3822  5144 D CommSceneService: notify align tick changed state=1
03-03 02:53:00.028  3822  5144 D OSysNetControlService: handle comm scene=1006 state=1 phoneId=-1
03-03 02:53:00.028  3822  5144 D OSysNetControlService: condition id=1 state=false not match!
03-03 02:53:00.028  3822  5144 D OSysNetControlService: condition id=2 delay not match!
03-03 02:53:00.629  3822  4721 V AlarmManager: sending alarm Alarm{ef80151 type 1 origWhen 1772486580628 whenElapsed 203203898 android} uid 1000 whenElapsed 203203898 windowLength 0 maxWhenElapsed 203203898 repeatInterval 0 action null component null tag StorgaeBandInfoAlarmTag flags 0x9 procName system_server
03-03 02:53:01.150  3822  4715 D ActivityManager: freezing 9902 com.google.android.googlequicksearchbox:search
03-03 02:53:01.177  3822  4715 D ActivityManager: freezing 10672 com.google.android.as.oss
03-03 02:53:01.181  3822  4715 D ActivityManager: Freeze process 10672, not check file locks
03-03 02:53:01.181  3822  4715 D ActivityManager: reportOneUidFrozenStateChanged uid 10262 frozen = true
03-03 02:53:02.155  3822  4715 D ActivityManager: Freezer deadlock watchdog
03-03 02:53:02.634  3822  4721 V AlarmManager: sending alarm Alarm{5c76749 type 1 origWhen 1772486582632 whenElapsed 203205903 android} uid 1000 whenElapsed 203205903 windowLength 0 maxWhenElapsed 203205903 repeatInterval 0 action null component null tag StorgaeBandInfoAlarmTag flags 0x9 procName system_server
03-03 02:53:02.753  3822  4030 I ActivityManager: Start proc 11934:com.android.vending:background/u0a116 for service {com.android.vending/com.google.frameworks.client.data.android.server.play.BackgroundProcessEndpointService}
03-03 02:53:02.754  3822  3930 I ActivityManager: ProcessObserver broadcast disabled
03-03 02:53:02.755  3822  4569 I MemoryOperationUtils: add 11934 to com.android.vending
03-03 02:53:02.819 11934 11934 V Configuration: Updating configuration, locales updated from [] to [en_GB]
03-03 02:53:02.963 11934 11934 D ResourcesManagerExtImpl: applyConfigurationToAppResourcesLocked app.getDisplayId() return callback.displayId:-1
03-03 02:53:02.975  3822  5332 W PackageManager: package com.android.vending uid 10116 pid 10789 call SetEnabledSetting(com.android.vending component = com.android.vending.AssetBrowserActivity, 1, 0)
03-03 02:53:03.046  3822  4949 W PackageManager: package com.android.vending uid 10116 pid 10789 call SetEnabledSetting(com.android.vending component = com.google.android.finsky.wearsupport.WearSupportService, 2, 0)
03-03 02:53:03.048  3822  4949 W PackageManager: package com.android.vending uid 10116 pid 10789 call SetEnabledSetting(com.android.vending component = com.google.android.finsky.wearsupport.WearChangeListenerService, 2, 0)
03-03 02:53:03.123  3822  4949 I ActivityManager: Flag disabled. Ignoring finishAttachApplication from uid: 10116. pid: 11934
03-03 02:53:03.144  3822  4949 D ActivityManager: Async freezing 11934 com.android.vending:background
03-03 02:53:03.652  3822  4569 D osense.compress: com.linkedin.android do shrink, target ratio = 79, final ratio = 90, cur ratio = 68
03-03 02:53:04.043  3822  4949 W SettingsStatsUtil: Can not parse value to float: +network
03-03 02:53:04.113  3822  5144 D OAppNetControlService: Close socket:[10328] cause:App bg(IMMEDIATELY) success!
03-03 02:53:04.113  3822  5144 D OAppNetControlService: Hans update:[10328=true][0|0] blackList:[10041, 10328]
03-03 02:53:04.588  3822  4715 D ActivityManager: freezing 10543 com.google.android.rkpdapp
03-03 02:53:04.594  3822  4715 D ActivityManager: Freeze process 10543, not check file locks
03-03 02:53:04.594  3822  4715 D ActivityManager: reportOneUidFrozenStateChanged uid 10298 frozen = true
03-03 02:53:04.643  3822  4721 V AlarmManager: sending alarm Alarm{45e1851 type 1 origWhen 1772486584642 whenElapsed 203207912 android} uid 1000 whenElapsed 203207912 windowLength 0 maxWhenElapsed 203207912 repeatInterval 0 action null component null tag StorgaeBandInfoAlarmTag flags 0x9 procName system_server
03-03 02:53:05.009  3822  5144 D OAppNetControlService: Hans update:[10362=true][0|0] blackList:[10041, 10328, 10362]
03-03 02:53:05.775  3822  4715 D ActivityManager: freezing 9949 com.facebook.appmanager
03-03 02:53:05.781  3822  4715 D ActivityManager: Freeze process 9949, not check file locks
03-03 02:53:05.781  3822  4715 D ActivityManager: freezing 10739 com.facebook.system
03-03 02:53:05.784  3822  4715 D ActivityManager: Freeze process 10739, not check file locks
03-03 02:53:05.784  3822  4715 D ActivityManager: reportOneUidFrozenStateChanged uid 10263 frozen = true
03-03 02:53:05.784  3822  4715 D ActivityManager: reportOneUidFrozenStateChanged uid 10249 frozen = true
03-03 02:53:06.648  3822  4721 V AlarmManager: sending alarm Alarm{7679df9 type 1 origWhen 1772486586648 whenElapsed 203209918 android} uid 1000 whenElapsed 203209918 windowLength 0 maxWhenElapsed 203209918 repeatInterval 0 action null component null tag StorgaeBandInfoAlarmTag flags 0x9 procName system_server
03-03 02:53:06.965  3822  4948 D CompatChangeReporter: Compat change id reported: 311402873; UID 10349; state: ENABLED
03-03 02:53:06.965  3822  4948 D CompatChangeReporter: Compat change id reported: 323349338; UID 10349; state: ENABLED
03-03 02:53:07.020  3822  4948 D ShortcutService: rescanPackageIfNeeded 0@com.microsoft.office.outlook, forceRescan=false , isNewApp=false
03-03 02:53:07.043  3822  4948 D ActivityManager: Cancel freezing 10789 com.android.vending
03-03 02:53:07.043  3822  4948 D ActivityManager: Cancel freezing 11934 com.android.vending:background
03-03 02:53:07.202  3822  4949 D CompatChangeReporter: Compat change id reported: 311208629; UID 10349; state: ENABLED
03-03 02:53:07.215  3822  4949 D ActivityManager: Async freezing 10789 com.android.vending
03-03 02:53:07.215  3822  4949 D ActivityManager: Async freezing 11934 com.android.vending:background
03-03 02:53:07.280  3822  5354 D ActivityManager: Cancel freezing 10789 com.android.vending
03-03 02:53:07.281  3822  5354 D ActivityManager: Cancel freezing 11934 com.android.vending:background
03-03 02:53:07.295  3822  5354 D ActivityManager: Async freezing 10789 com.android.vending
03-03 02:53:07.296  3822  5354 D ActivityManager: Async freezing 11934 com.android.vending:background
03-03 02:53:07.303  1330 10304 I keystore2: system/security/keystore2/watchdog/src/lib.rs:377 - Watchdog thread idle -> terminating. Have a great day.
03-03 02:53:07.415  3822  5354 D ShortcutService: rescanPackageIfNeeded 0@com.microsoft.office.outlook, forceRescan=false , isNewApp=false
03-03 02:53:07.416  3822  5354 E ShortcutService: Invalid icon type in shortcut ITCS@isb.edu. Bitmaps are not allowed in long-lived shortcuts. Use Resource icons, or Uri-based icons instead.
03-03 02:53:07.474  3822  4949 D CompatChangeReporter: Compat change id reported: 297989574; UID 1000; state: ENABLED
03-03 02:53:07.571  3822  4947 D ShortcutService: Saving package item com.microsoft.office.outlook to /data/system_ce/0/shortcut_service/packages/com.microsoft.office.outlook.xml
03-03 02:53:07.571  3822  3929 D ShortcutService: Getting shortcuts for launcher= com.android.launcheruserId=0 pkg=com.microsoft.office.outlook
03-03 02:53:07.576  3822  4947 D ShortcutService: Persisting shortcuts from 0@com.microsoft.office.outlook
03-03 02:53:07.576  3822  4947 D ShortcutService: Niranjana_R@isb.edu [DynIc-fStrLiv]
03-03 02:53:07.578  3822  4947 D ShortcutService: ITCS@isb.edu [DynIc-fStrLiv]
03-03 02:53:07.578  3822  4947 D ShortcutService: Rajareddy_Bujunoori@isb.edu [DynIc-fStrLiv]
03-03 02:53:07.579  3822  4947 D ShortcutService: Ashirbad_Mishra_fpm2023@isb.edu [DynIc-fStrLiv]
03-03 02:53:07.579  3822  4947 D ShortcutService: new_event [ImManIc-rStr]
03-03 02:53:07.579  3822  4947 D ShortcutService: compose [ImManIc-rStr]
03-03 02:53:07.579  3822  4947 D ShortcutService: mohan_ramanath@isb.edu [DynIc-fStrLiv]
03-03 02:53:07.579  3822  4947 D ShortcutService: view_calendar [ImManIc-rStr]
03-03 02:53:07.584  3822  3929 D ShortcutService: Getting shortcuts for launcher= com.android.systemuiuserId=0 pkg=com.microsoft.office.outlook
03-03 02:53:07.585  3822  3929 D ShortcutService: Getting shortcuts for launcher= com.google.android.asuserId=0 pkg=com.microsoft.office.outlook
03-03 02:53:08.444  3822  4569 D osense.compress: com.azure.authenticator do shrink, target ratio = 74, final ratio = 90, cur ratio = 58
03-03 02:53:08.652  3822  4721 V AlarmManager: sending alarm Alarm{9c92640 type 1 origWhen 1772486588652 whenElapsed 203211922 android} uid 1000 whenElapsed 203211922 windowLength 0 maxWhenElapsed 203211922 repeatInterval 0 action null component null tag StorgaeBandInfoAlarmTag flags 0x9 procName system_server
03-03 02:53:09.087  3822  4569 D osense.compress: com.google.android.gms do shrink, target ratio = 71, final ratio = 90, cur ratio = 52
03-03 02:53:09.091  3822  4569 D osense.compress: in.amazon.mShop.android.shopping do shrink, target ratio = 63, final ratio = 90, cur ratio = 37
03-03 02:53:09.588  3822  4569 D osense.compress: com.google.android.apps.messaging do shrink, target ratio = 90, final ratio = 90, cur ratio = 86
03-03 02:53:10.007  3822  4569 D osense.compress: com.Slack do shrink, target ratio = 72, final ratio = 90, cur ratio = 55
03-03 02:53:10.184  3822  4721 V AlarmManager: sending alarm Alarm{9018acc type 3 origWhen 203213454 whenElapsed 203213454 android} uid 1000 whenElapsed 203213454 windowLength 0 maxWhenElapsed 203213454 repeatInterval 0 action null component null tag *job.delay* flags 0x0 procName system_server
03-03 02:53:10.187  3822  5144 D OAppNetControlService: Hans update:[10362=false][0|0] blackList:[10041, 10328]
03-03 02:53:10.232  3822  5354 D CompatChangeReporter: Compat change id reported: 311402873; UID 10362; state: ENABLED
03-03 02:53:10.232  3822  5354 D CompatChangeReporter: Compat change id reported: 323349338; UID 10362; state: ENABLED
03-03 02:53:10.661  3822  4721 V AlarmManager: sending alarm Alarm{1725f2c type 1 origWhen 1772486590660 whenElapsed 203213930 android} uid 1000 whenElapsed 203213930 windowLength 0 maxWhenElapsed 203213930 repeatInterval 0 action null component null tag StorgaeBandInfoAlarmTag flags 0x9 procName system_server
03-03 02:53:10.780  3822  4029 D CompatChangeReporter: Compat change id reported: 151861875; UID 10348; state: ENABLED
03-03 02:53:10.815  3822  4030 I ActivityManager: Start proc 12102:com.phonepe.app/u0a348 for service {com.phonepe.app/com.phonepe.app.tappay.services.CardsTapPayService}
03-03 02:53:10.817  3822  4569 I MemoryOperationUtils: add 12102 to com.phonepe.app
03-03 02:53:10.817  3822  3930 I ActivityManager: ProcessObserver broadcast disabled
03-03 02:53:10.896 12102 12102 V Configuration: Updating configuration, locales updated from [] to [en_GB]
03-03 02:53:10.994  3822  4949 D CompatChangeReporter: Compat change id reported: 311208629; UID 10362; state: ENABLED
03-03 02:53:11.052 12102 12102 D ResourcesManagerExtImpl: applyConfigurationToAppResourcesLocked app.getDisplayId() return callback.displayId:-1
03-03 02:53:11.154  3822  5354 D CompatChangeReporter: Compat change id reported: 297989574; UID 10348; state: ENABLED
03-03 02:53:11.160  3822  4949 I ActivityManager: Flag disabled. Ignoring finishAttachApplication from uid: 10348. pid: 12102
03-03 02:53:11.204  3822  4949 D CompatChangeReporter: Compat change id reported: 319212206; UID 10348; state: ENABLED
03-03 02:53:11.245 12102 12102 V ActivityThread: getPackageInfo() caused update to cached ApplicationInfo for package com.phonepe.app
03-03 02:53:11.248  3822  4949 D ActivityManager: Cancel freezing 10789 com.android.vending
03-03 02:53:11.249  3822  4949 D ActivityManager: Cancel freezing 11934 com.android.vending:background
03-03 02:53:11.308  3822  5332 D CompatChangeReporter: Compat change id reported: 311402873; UID 10348; state: ENABLED
03-03 02:53:11.308  3822  5332 D CompatChangeReporter: Compat change id reported: 323349338; UID 10348; state: ENABLED
03-03 02:53:12.381  3822  5443 W PackageManager: package com.phonepe.app uid 10348 pid 12102 call SetEnabledSetting(com.phonepe.app component = com.phonepe.app.ui.activity.IntentRegistrationActivity, 1, 0)
03-03 02:53:12.399  3822  5443 W PackageManager: package com.phonepe.app uid 10348 pid 12102 call SetEnabledSetting(com.phonepe.app component = com.phonepe.app.ui.activity.IntentRegistrationActivity, 1, 0)
03-03 02:53:12.441  3822  5443 W PackageManager: package com.phonepe.app uid 10348 pid 12102 call SetEnabledSetting(com.phonepe.app component = com.phonepe.usecases.edge.receiver.SMSBroadcastReceiver, 2, 0)
03-03 02:53:12.663  3822  4721 V AlarmManager: sending alarm Alarm{4f8fa5d type 1 origWhen 1772486592663 whenElapsed 203215933 android} uid 1000 whenElapsed 203215933 windowLength 0 maxWhenElapsed 203215933 repeatInterval 0 action null component null tag StorgaeBandInfoAlarmTag flags 0x9 procName system_server
03-03 02:53:13.237  3822  4569 D osense.compress: com.google.android.gm do shrink, target ratio = 76, final ratio = 90, cur ratio = 63
03-03 02:53:14.668  3822  4721 V AlarmManager: sending alarm Alarm{a987494 type 1 origWhen 1772486594667 whenElapsed 203217938 android} uid 1000 whenElapsed 203217938 windowLength 0 maxWhenElapsed 203217938 repeatInterval 0 action null component null tag StorgaeBandInfoAlarmTag flags 0x9 procName system_server
03-03 02:53:15.053  3822  4569 D osense.compress: com.linkedin.android do shrink, target ratio = 83, final ratio = 90, cur ratio = 77
03-03 02:53:15.211  3822  5144 D OAppNetControlService: Close socket:[10362] cause:App bg(IMMEDIATELY) success!
03-03 02:53:15.211  3822  5144 D OAppNetControlService: Hans update:[10362=true][0|0] blackList:[10041, 10328, 10362]
03-03 02:53:16.673  3822  4721 V AlarmManager: sending alarm Alarm{65e4651 type 1 origWhen 1772486596673 whenElapsed 203219943 android} uid 1000 whenElapsed 203219943 windowLength 0 maxWhenElapsed 203219943 repeatInterval 0 action null component null tag StorgaeBandInfoAlarmTag flags 0x9 procName system_server
03-03 02:53:16.682  3822  5144 D OAppNetControlService: Hans update:[10362=false][0|0] blackList:[10041, 10328]
03-03 02:53:17.031 25864 11336 E ActivityThread: Failed to find provider info for gmail-ofls
03-03 02:53:18.183 25864 11336 E ActivityThread: Failed to find provider info for gmail-ofls
03-03 02:53:18.683  3822  4721 V AlarmManager: sending alarm Alarm{8114d97 type 1 origWhen 1772486598683 whenElapsed 203221953 android} uid 1000 whenElapsed 203221953 windowLength 0 maxWhenElapsed 203221953 repeatInterval 0 action null component null tag StorgaeBandInfoAlarmTag flags 0x9 procName system_server
03-03 02:53:20.210  3822  4569 D osense.compress: com.Slack do shrink, target ratio = 66, final ratio = 90, cur ratio = 43
03-03 02:53:20.691  3822  4721 V AlarmManager: sending alarm Alarm{f78db4 type 1 origWhen 1772486600690 whenElapsed 203223960 android} uid 1000 whenElapsed 203223960 windowLength 0 maxWhenElapsed 203223960 repeatInterval 0 action null component null tag StorgaeBandInfoAlarmTag flags 0x9 procName system_server
03-03 02:53:20.811  3822  4030 I ActivityManager: Start proc 12335:com.oplus.camera/u0a154 for service {com.oplus.camera/com.oplus.camera.aps.service.ApsService}
03-03 02:53:20.820  3822  4569 I MemoryOperationUtils: add 12335 to active
03-03 02:53:20.821  3822  3930 I ActivityManager: ProcessObserver broadcast disabled
03-03 02:53:20.881  3822  4948 D ActivityTaskManagerServiceExtImpl: preBindApplication record is null
03-03 02:53:20.899  3822  5269 D osense-camera: uid running : 10154
03-03 02:53:21.161 12335 12335 I Quality : GetResourcesInfo:64076407,/product/app/OplusCamera/OplusCamera.apk
03-03 02:53:21.175 12335 12335 D ResourcesManagerExtImpl: applyConfigurationToAppResourcesLocked app.getDisplayId() return callback.displayId:-1
03-03 02:53:21.197  1330 12063 I keystore2: system/security/keystore2/watchdog/src/lib.rs:377 - Watchdog thread idle -> terminating. Have a great day.
03-03 02:53:21.372  3822  4948 I ActivityManager: Flag disabled. Ignoring finishAttachApplication from uid: 10154. pid: 12335
03-03 02:53:21.372  3822  4010 W UserAwareMgr: can not find match thread: TemporaryThread for process com.oplus.camera Pid: 12335
03-03 02:53:21.372  3822  4010 W UserAwareMgr: can not find match thread: CameraHandlerThread for process com.oplus.camera Pid: 12335
03-03 02:53:21.372  3822  4010 W UserAwareMgr: can not find match thread: UIBoosterUx for process com.oplus.camera Pid: 12335
03-03 02:53:21.373  3822  4010 W UserAwareMgr: can not find match thread: ApsUxThread for process com.oplus.camera Pid: 12335
03-03 02:53:21.373  3822  4010 W UserAwareMgr: can not find match thread: ImageProcessThread for process com.oplus.camera Pid: 12335
03-03 02:53:21.373  3822  4010 W UserAwareMgr: can not find match thread: CaptureImageThread for process com.oplus.camera Pid: 12335
03-03 02:53:21.373  3822  4010 W UserAwareMgr: can not find match thread: ConfigInitThread for process com.oplus.camera Pid: 12335
03-03 02:53:21.373  3822  4010 W UserAwareMgr: can not find match thread: UnitHandlerThread for process com.oplus.camera Pid: 12335
03-03 02:53:21.373  3822  4010 W UserAwareMgr: can not find match thread: PreviewProcessThread for process com.oplus.camera Pid: 12335
03-03 02:53:21.373  3822  4010 W UserAwareMgr: can not find match thread: PreviewImageThread for process com.oplus.camera Pid: 12335
03-03 02:53:21.373  3822  4010 W UserAwareMgr: can not find match thread: PictureMetaArriveThread for process com.oplus.camera Pid: 12335
03-03 02:53:21.373  3822  4010 W UserAwareMgr: can not find match thread: PreviewFrameThread for process com.oplus.camera Pid: 12335
03-03 02:53:21.374  3822  4010 W UserAwareMgr: can not find match thread: PreviewGLThread for process com.oplus.camera Pid: 12335
03-03 02:53:21.374  3822  4010 W UserAwareMgr: can not find match thread: CustomGLThread for process com.oplus.camera Pid: 12335
03-03 02:53:21.502  3822  5332 D ShortcutService: rescanPackageIfNeeded 0@com.oplus.camera, forceRescan=false , isNewApp=false
03-03 02:53:21.707  3822  5144 D OAppNetControlService: Hans update:[10362=true][0|0] blackList:[10041, 10328, 10362]
03-03 02:53:21.901  3822  5144 D OAppNetControlService: Close socket:[10348] cause:App bg(IMMEDIATELY) success!
03-03 02:53:21.901  3822  5144 D OAppNetControlService: Hans update:[10348=true][0|0] blackList:[10041, 10328, 10362, 10348]
03-03 02:53:22.698  3822  4721 V AlarmManager: sending alarm Alarm{d035d86 type 1 origWhen 1772486602697 whenElapsed 203225967 android} uid 1000 whenElapsed 203225967 windowLength 0 maxWhenElapsed 203225967 repeatInterval 0 action null component null tag StorgaeBandInfoAlarmTag flags 0x9 procName system_server
03-03 02:53:22.703  3822  5144 D OAppNetControlService: Hans update:[10362=false][0|0] blackList:[10041, 10328, 10348]
03-03 02:53:24.666  3822  4063 D PowerManagerService: userActivityNoUpdateLocked: groupId=0, eventTime=92072678, event=touch, flags=0x0, uid=1000
03-03 02:53:24.720  3822  4721 V AlarmManager: sending alarm Alarm{616df37 type 1 origWhen 1772486604720 whenElapsed 203227990 android} uid 1000 whenElapsed 203227990 windowLength 0 maxWhenElapsed 203227990 repeatInterval 0 action null component null tag StorgaeBandInfoAlarmTag flags 0x9 procName system_server
03-03 02:53:24.734  3822  4010 W QosScheduler: getScenario failed! scenarios is null, mask=4
03-03 02:53:24.734  3822  4010 W QosScheduler: executeSceneQosStrategy get scenario failed! scenario is null
03-03 02:53:24.758  3822  4063 D PowerManagerService: userActivityNoUpdateLocked: groupId=0, eventTime=92072781, event=touch, flags=0x0, uid=1000
03-03 02:53:24.862  3822  4063 D PowerManagerService: userActivityNoUpdateLocked: groupId=0, eventTime=92072885, event=touch, flags=0x0, uid=1000
03-03 02:53:24.968  3822  3930 D OplusPanoramaWorkBranchController: notifyMotionUpOrCancel
03-03 02:53:25.038  3822  4010 W QosScheduler: getScenario failed! scenarios is null, mask=4
03-03 02:53:25.038  3822  4010 W QosScheduler: executeSceneQosStrategy get scenario failed! scenario is null
03-03 02:53:26.249  3822  4569 D osense.compress: com.microsoft.office.outlook do shrink, target ratio = 72, final ratio = 90, cur ratio = 54
03-03 02:53:26.705  3822  4569 D osense.compress: com.Slack do shrink, target ratio = 70, final ratio = 90, cur ratio = 51
03-03 02:53:26.723  3822  4721 V AlarmManager: sending alarm Alarm{aaa207 type 1 origWhen 1772486606723 whenElapsed 203229993 android} uid 1000 whenElapsed 203229993 windowLength 0 maxWhenElapsed 203229993 repeatInterval 0 action null component null tag StorgaeBandInfoAlarmTag flags 0x9 procName system_server
03-03 02:53:26.900  3822  4569 D osense.compress: com.phonepe.app do shrink, target ratio = 53, final ratio = 90, cur ratio = 16
03-03 02:53:27.199  3822  4593 W JobServiceContext: Sending onNetworkChanged for a job that isn't started. JobStatus{c10dad2 androidx.work.systemjobscheduler:u0a362/52481 @androidx.work.systemjobscheduler@com.Slack/androidx.work.impl.background.systemjob.SystemJobService u=0 s=10362 NET READY}
03-03 02:53:27.735  3822  5830 D OplusProxyWakeLock: check proxy  [ 10362] owner wakelock failed, reason:WORKCHAIN
03-03 02:53:27.740  3822  5144 D OAppNetControlService: Close socket:[10362] cause:App bg(IMMEDIATELY) success!
03-03 02:53:27.740  3822  5144 D OAppNetControlService: Hans update:[10362=true][0|0] blackList:[10041, 10328, 10348, 10362]
03-03 02:53:27.755  3822  5144 D OAppNetControlService: Hans update:[10362=false][0|0] blackList:[10041, 10328, 10348]
03-03 02:53:28.446  3822  4569 D osense.compress: com.azure.authenticator do shrink, target ratio = 86, final ratio = 90, cur ratio = 81
03-03 02:53:28.725  3822  4721 V AlarmManager: sending alarm Alarm{f5b1281 type 1 origWhen 1772486608725 whenElapsed 203231995 android} uid 1000 whenElapsed 203231995 windowLength 0 maxWhenElapsed 203231995 repeatInterval 0 action null component null tag StorgaeBandInfoAlarmTag flags 0x9 procName system_server
03-03 02:53:29.085  3822  4569 D osense.compress: com.google.android.gms do shrink, target ratio = 64, final ratio = 90, cur ratio = 39
03-03 02:53:29.091  3822  4569 D osense.compress: in.amazon.mShop.android.shopping do shrink, target ratio = 79, final ratio = 90, cur ratio = 68
03-03 02:53:30.729  3822  4721 V AlarmManager: sending alarm Alarm{8dd857 type 1 origWhen 1772486610729 whenElapsed 203233999 android} uid 1000 whenElapsed 203233999 windowLength 0 maxWhenElapsed 203233999 repeatInterval 0 action null component null tag StorgaeBandInfoAlarmTag flags 0x9 procName system_server
03-03 02:53:32.735  3822  4721 V AlarmManager: sending alarm Alarm{73c282d type 1 origWhen 1772486612734 whenElapsed 203236004 android} uid 1000 whenElapsed 203236004 windowLength 0 maxWhenElapsed 203236004 repeatInterval 0 action null component null tag StorgaeBandInfoAlarmTag flags 0x9 procName system_server
03-03 02:53:32.737  3822  4569 D osense.compress: com.Slack do shrink, target ratio = 59, final ratio = 90, cur ratio = 29
03-03 02:53:32.790  3822  5144 D OAppNetControlService: Close socket:[10362] cause:App bg(IMMEDIATELY) success!
03-03 02:53:32.790  3822  5144 D OAppNetControlService: Hans update:[10362=true][0|0] blackList:[10041, 10328, 10348, 10362]
03-03 02:53:33.237  3822  4569 D osense.compress: com.google.android.gm do shrink, target ratio = 80, final ratio = 90, cur ratio = 71
03-03 02:53:33.681  3822  4063 D PowerManagerService: userActivityNoUpdateLocked: groupId=0, eventTime=92081698, event=touch, flags=0x0, uid=1000
03-03 02:53:33.749  3822  3930 D OplusPanoramaWorkBranchController: notifyMotionUpOrCancel
03-03 02:53:33.758  3822  4949 I MediaSessionStack: onPlaybackStateChanged - Pushing session to top | record: it.vfsfitvnm.vimusic.debug/PlayerService/69 (userId=0)
03-03 02:53:33.783  3822  4949 D NotificationService--OplusNotificationFixHelper: fixAppIcon: pkg=it.vfsfitvnm.vimusic.debug
03-03 02:53:33.783  3822  4949 D NotificationService--OplusNotificationFixHelper: fixAppIcon: appIcon = null, pkg = it.vfsfitvnm.vimusic.debug
