--------- beginning of crash
08-16 14:34:07.837  1085  1085 F libc    : Fatal signal 6 (SIGABRT), code -1 (SI_QUEUE) in tid 1085 (init), pid 1085 (init)
08-16 14:34:07.869  1085  1085 F libc    : Crash due to signal: crash_dump helper failed to exec, or was killed
02-28 18:27:27.424  6665  6665 F libc    : Fatal signal 6 (SIGABRT), code -1 (SI_QUEUE) in tid 6665 (init), pid 6665 (init)
02-28 18:27:27.753  6665  6665 F libc    : Crash due to signal: crash_dump helper failed to exec, or was killed
02-28 18:29:24.768 17078 17078 E AndroidRuntime: FATAL EXCEPTION: main
02-28 18:29:24.768 17078 17078 E AndroidRuntime: Process: com.mobikwik_new, PID: 17078
02-28 18:29:24.768 17078 17078 E AndroidRuntime: java.lang.NoClassDefFoundError: Failed resolution of: Lg9/g;
02-28 18:29:24.768 17078 17078 E AndroidRuntime: 	at dalvik.system.VMRuntime.runHeapTasks(Native Method)
02-28 18:29:24.768 17078 17078 E AndroidRuntime: 	at java.lang.Daemons$HeapTaskDaemon.runInternal(Daemons.java:766)
02-28 18:29:24.768 17078 17078 E AndroidRuntime: 	at java.lang.Daemons$Daemon.run(Daemons.java:135)
02-28 18:29:24.768 17078 17078 E AndroidRuntime: 	at java.lang.Thread.run(Thread.java:1564)
02-28 18:29:24.768 17078 17078 E AndroidRuntime: Caused by: java.lang.ClassNotFoundException: g9.g
02-28 18:29:24.768 17078 17078 E AndroidRuntime: 	... 4 more
02-28 18:29:25.170 17078 17078 E AndroidRuntime: Error reporting crash
02-28 18:29:25.170 17078 17078 E AndroidRuntime: java.lang.NullPointerException: Parameter specified as non-null is null: method vo.f.g, parameter context
02-28 18:29:25.170 17078 17078 E AndroidRuntime: 	at vo.f.g(SourceFile:2)
02-28 18:29:25.170 17078 17078 E AndroidRuntime: 	at Vi.b.c(SourceFile:15)
02-28 18:29:25.170 17078 17078 E AndroidRuntime: 	at Vi.b.b(SourceFile:1)
02-28 18:29:25.170 17078 17078 E AndroidRuntime: 	at com.mobikwik_new.b.S(SourceFile:1)
02-28 18:29:25.170 17078 17078 E AndroidRuntime: 	at com.mobikwik_new.MyApp.y(SourceFile:103)
02-28 18:29:25.170 17078 17078 E AndroidRuntime: 	at com.mobikwik_new.MyApp.o(SourceFile:1)
02-28 18:29:25.170 17078 17078 E AndroidRuntime: 	at com.mobikwik_new.k1.uncaughtException(SourceFile:1)
02-28 18:29:25.170 17078 17078 E AndroidRuntime: 	at java.lang.ThreadGroup.uncaughtException(ThreadGroup.java:1098)
02-28 18:29:25.170 17078 17078 E AndroidRuntime: 	at java.lang.ThreadGroup.uncaughtException(ThreadGroup.java:1093)
02-28 18:29:25.170 17078 17078 E AndroidRuntime: 	at com.android.internal.os.RuntimeInitExtImpl.uncaughtExceptionExt(RuntimeInitExtImpl.java:72)
02-28 18:29:25.170 17078 17078 E AndroidRuntime: 	at com.android.internal.os.RuntimeInit$LoggingHandler.uncaughtException(RuntimeInit.java:138)
02-28 18:29:25.170 17078 17078 E AndroidRuntime: 	at java.lang.Thread.dispatchUncaughtException(Thread.java:3372)
--------- beginning of system
03-03 02:52:48.659  3822  3934 D OplusWallpaperAnimationManager: setSkipUpdateWallpaperPosition skip: false, wallpaper: Window{c1fb69b u0 com.android.wallpaper.livepicker.service.video.op.Avalon2VideoWallpaper}
03-03 02:52:48.659  3822  3934 D OplusWallpaperSurfaceAnimation: setAnimationState curState: IDLE
03-03 02:52:48.688  3822  4593 W JobServiceContext: Sending onNetworkChanged for a job that isn't started. JobStatus{60757a9 #u0a328/-1578490490 in.amazon.mShop.android.shopping/com.amazon.mls.config.internal.sushi.uploader.BackupUploaderService u=0 s=10328 TIME=-36s208ms:+40m18s211ms NET PERIODIC READY}
03-03 02:52:48.691  3822  5443 D ActivityTaskManagerServiceExtImpl: preBindApplication record is null
03-03 02:52:48.704  5545  5606 D WindowManagerShell: setLauncherKeepClearAreaHeight: visible=true, height=252
03-03 02:52:48.706  3822  5443 W WindowManager: captureTaskSnapshot mSnapshotMode= 0 source=Task{c5eeaf0 #28334 type=standard A=10168:com.google.android.youtube}
03-03 02:52:48.706  3822  5443 D TaskSnapshotControllerExtImpl: createTaskSnapshot isCompatMode:false, isCompactWindow:false
03-03 02:52:48.706  3822  5443 W AbsAppSnapshotControllerExtImpl: updateExcludeLayers, addExcludeLayerList is null or empty, return excludeLayers
03-03 02:52:48.718  3822  5443 D TaskSnapshotCache: putSnapshot mRunningCache top= ActivityRecord{33030765 u0 com.google.android.youtube/.app.honeycomb.Shell$HomeActivity t28334}, mTaskId=28334, snapshot=TaskSnapshot{ mId=1772486568706 mCaptureTime=203191988120626 mTopActivityComponent=com.google.android.youtube/com.google.android.apps.youtube.app.watchwhile.MainActivity mSnapshot=android.hardware.HardwareBuffer@61f2645 (1240x2772) mColorSpace=sRGB IEC61966-2.1 (id=0, model=RGB) mOrientation=1 mRotation=0 mTaskSize=Point(1240, 2772) mOplusCompatMode=false mTopActivityBounds=[0,0][1240,2772] mHasDimLayer=false mContentInsets=[0,139][0,0] mLetterboxInsets=[0,0][0,0] mIsLowResolution=false mIsRealSnapshot=true mWindowingMode=1 mAppearance=0 mIsTranslucent=true mHasImeSurface=false mInternalReferences=2 mUiMode=21, mAppIdMap size= 18
03-03 02:52:48.731  3822  5354 W WindowManager: captureTaskSnapshot mSnapshotMode= 0 source=Task{c5eeaf0 #28334 type=standard A=10168:com.google.android.youtube}
03-03 02:52:48.731  3822  5354 D TaskSnapshotControllerExtImpl: createTaskSnapshot isCompatMode:false, isCompactWindow:false
03-03 02:52:48.731  3822  5354 W AbsAppSnapshotControllerExtImpl: updateExcludeLayers, addExcludeLayerList is null or empty, return excludeLayers
03-03 02:52:48.740  3822  5354 D TaskSnapshotCache: putSnapshot mRunningCache top= ActivityRecord{33030765 u0 com.google.android.youtube/.app.honeycomb.Shell$HomeActivity t28334}, mTaskId=28334, snapshot=TaskSnapshot{ mId=1772486568731 mCaptureTime=203192010599272 mTopActivityComponent=com.google.android.youtube/com.google.android.apps.youtube.app.watchwhile.MainActivity mSnapshot=android.hardware.HardwareBuffer@8ea733e (1240x2772) mColorSpace=sRGB IEC61966-2.1 (id=0, model=RGB) mOrientation=1 mRotation=0 mTaskSize=Point(1240, 2772) mOplusCompatMode=false mTopActivityBounds=[0,0][1240,2772] mHasDimLayer=false mContentInsets=[0,139][0,0] mLetterboxInsets=[0,0][0,0] mIsLowResolution=false mIsRealSnapshot=true mWindowingMode=1 mAppearance=0 mIsTranslucent=true mHasImeSurface=false mInternalReferences=2 mUiMode=21, mAppIdMap size= 18
03-03 02:52:48.755  3822  5436 D ActivityManager: Cancel freezing 25864 com.google.android.gms
03-03 02:52:48.770  9949  9949 V Configuration: Updating configuration, locales updated from [] to [en_GB]
03-03 02:52:48.772  3822  5368 D QuickBackInputPolicy: setInterceptInputKeyStatus, enable=false, enableFlag=1, inputCallback=android.window.IRemoteTransitionInputCallback$Stub$Proxy@b94a811
03-03 02:52:48.772  5545  5606 V ShellRecents: [170496440] RecentsController.finishInner: toHome=true userLeave=false willFinishToHome=true state=0 hasPausingTasks=true reason=requested
03-03 02:52:48.772  5545  5606 V ShellRecents:   normal finish
03-03 02:52:48.772  3822  5368 D OplusWindowAnimationManager: setInputConsumerEnabled from launcher enabled=false last=true
03-03 02:52:48.775  5545  5606 V ShellRecents: [170496440] RecentsController.finishInner: Completing finish
03-03 02:52:48.775  5545  5606 V WindowManagerShell: Transition animation finished (aborted=false), notifying core (#5191) android.os.BinderProxy@7460fcd@0
03-03 02:52:48.775  5545  5606 D SplitScreen-->AppLockManager: setStartFromSafeControl mStartFromSafeControl=false
03-03 02:52:48.778  5545  5606 D ShellTaskOrganizer: onLandScapeSceneExit, isRecent is: false
03-03 02:52:48.779  3822  5436 E TransitionChain: Can't collect into a chain with no transition
03-03 02:52:48.780  3822  5436 D ActivityTaskManager: setAppVisibility(Token{59f5869 ActivityRecord{33030765 u0 com.google.android.youtube/.app.honeycomb.Shell$HomeActivity t28334}}, visible=false):  visible=true mVisibleRequested=true
03-03 02:52:48.780  3822  5436 D ActivityTaskManager: setVisibility defer change visibility for:ActivityRecord{33030765 u0 com.google.android.youtube/.app.honeycomb.Shell$HomeActivity t28334} visible:false
03-03 02:52:48.780  3822  5436 D ActivityTaskManager: setVisibility(Token{59f5869 ActivityRecord{33030765 u0 com.google.android.youtube/.app.honeycomb.Shell$HomeActivity t28334}}, visible=false) defer commitVisibility for inFinishingTransition
03-03 02:52:48.781  3822  5368 D Transition: finishTransaction-onCommitted syncId=5191
03-03 02:52:48.781  3822  5436 D Transition: finishTransition ar ActivityRecord{33030765 u0 com.google.android.youtube/.app.honeycomb.Shell$HomeActivity t28334}, isVisibleRequested=false, state=RESUMED, visibleAtTransitionEndTokens={}, this=TransitionRecord{d0c6b02 id=5191 track=0 type=TO_FRONT flags=0x80 state=2 c=[
03-03 02:52:48.781  3822  5436 D Transition:    ChangeInfo{b33b289 container=Task{2d5e9a #1 type=home} flags=0x30}
03-03 02:52:48.781  3822  5436 D Transition:    ChangeInfo{c705c13 container=ActivityRecord{77230470 u0 com.android.launcher/.Launcher t5} flags=0x0}
03-03 02:52:48.781  3822  5436 D Transition:    ChangeInfo{1972e50 container=Task{63d5c5b #5 type=home I=com.android.launcher/.Launcher} flags=0x30}
03-03 02:52:48.781  3822  5436 D Transition:    ChangeInfo{f5b4849 container=Display{#0 state=ON size=1240x2772 ROTATION_0} flags=0x0}
03-03 02:52:48.781  3822  5436 D Transition:    ChangeInfo{228baaf container=WallpaperWindowToken{c0e66a1 showWhenLocked=true} flags=0x0}
03-03 02:52:48.781  3822  5436 D Transition:    ChangeInfo{45ef28e container=Task{c5eeaf0 #28334 type=standard A=10168:com.google.android.youtube} flags=0x4}
03-03 02:52:48.781  3822  5436 D Transition:    ChangeInfo{b5a354e container=DefaultTaskDisplayArea@238526314 flags=0x0}
03-03 02:52:48.781  3822  5436 D Transition: ]
03-03 02:52:48.781  3822  5436 D Transition: }
03-03 02:52:48.781  3822  5436 D ActivityTaskManager: commitVisibility: ActivityRecord{33030765 u0 com.google.android.youtube/.app.honeycomb.Shell$HomeActivity t28334}: visible=false visibleRequested=false, isInTransition=false 
03-03 02:52:48.781  3822  5436 D Transition: finishTransition ar ActivityRecord{77230470 u0 com.android.launcher/.Launcher t5}, isVisibleRequested=true, state=RESUMED, visibleAtTransitionEndTokens={}, this=TransitionRecord{d0c6b02 id=5191 track=0 type=TO_FRONT flags=0x80 state=2 c=[
03-03 02:52:48.781  3822  5436 D Transition:    ChangeInfo{b33b289 container=Task{2d5e9a #1 type=home} flags=0x30}
03-03 02:52:48.781  3822  5436 D Transition:    ChangeInfo{c705c13 container=ActivityRecord{77230470 u0 com.android.launcher/.Launcher t5} flags=0x0}
03-03 02:52:48.781  3822  5436 D Transition:    ChangeInfo{1972e50 container=Task{63d5c5b #5 type=home I=com.android.launcher/.Launcher} flags=0x30}
03-03 02:52:48.781  3822  5436 D Transition:    ChangeInfo{f5b4849 container=Display{#0 state=ON size=1240x2772 ROTATION_0} flags=0x0}
03-03 02:52:48.781  3822  5436 D Transition:    ChangeInfo{228baaf container=WallpaperWindowToken{c0e66a1 showWhenLocked=true} flags=0x0}
03-03 02:52:48.781  3822  5436 D Transition:    ChangeInfo{45ef28e container=Task{c5eeaf0 #28334 type=standard A=10168:com.google.android.youtube} flags=0x4}
03-03 02:52:48.781  3822  5436 D Transition:    ChangeInfo{b5a354e container=DefaultTaskDisplayArea@238526314 flags=0x0}
03-03 02:52:48.781  3822  5436 D Transition: ]
03-03 02:52:48.781  3822  5436 D Transition: }
03-03 02:52:48.781  3822  5436 I OplusAppSwitchManagerService:  handleAppVisible , r = ActivityRecord{77230470 u0 com.android.launcher/.Launcher t5}
03-03 02:52:48.782  3822  5436 D OplusTransitionController: finishTransition, transition: TransitionRecord{d0c6b02 id=5191 track=0 type=TO_FRONT flags=0x80 state=4 c=[
03-03 02:52:48.782  3822  5436 D OplusTransitionController:    ChangeInfo{b33b289 container=Task{2d5e9a #1 type=home} flags=0x30}
03-03 02:52:48.782  3822  5436 D OplusTransitionController:    ChangeInfo{c705c13 container=ActivityRecord{77230470 u0 com.android.launcher/.Launcher t5} flags=0x0}
03-03 02:52:48.782  3822  5436 D OplusTransitionController:    ChangeInfo{1972e50 container=Task{63d5c5b #5 type=home I=com.android.launcher/.Launcher} flags=0x30}
03-03 02:52:48.782  3822  5436 D OplusTransitionController:    ChangeInfo{f5b4849 container=Display{#0 state=ON size=1240x2772 ROTATION_0} flags=0x0}
03-03 02:52:48.782  3822  5436 D OplusTransitionController:    ChangeInfo{228baaf container=WallpaperWindowToken{c0e66a1 showWhenLocked=true} flags=0x0}
03-03 02:52:48.782  3822  5436 D OplusTransitionController:    ChangeInfo{45ef28e container=Task{c5eeaf0 #28334 type=standard A=10168:com.google.android.youtube} flags=0x4}
03-03 02:52:48.782  3822  5436 D OplusTransitionController:    ChangeInfo{b5a354e container=DefaultTaskDisplayArea@238526314 flags=0x0}
03-03 02:52:48.782  3822  5436 D OplusTransitionController: ]
03-03 02:52:48.782  3822  5436 D OplusTransitionController: }
03-03 02:52:48.783  3822  5436 I OplusRecentsAnimationController: finishTransition transition.mType=3,task=null
03-03 02:52:48.783  3822  5436 D FlexibleTaskTransitionController:  finishTransition pendingRecentToFlexibleTask:null,isRotationTransition:false ,pendingRecentToFlexible:null ,transition:TransitionRecord{d0c6b02 id=5191 track=0 type=TO_FRONT flags=0x80 state=4 c=[
03-03 02:52:48.783  3822  5436 D FlexibleTaskTransitionController:    ChangeInfo{b33b289 container=Task{2d5e9a #1 type=home} flags=0x30}
03-03 02:52:48.783  3822  5436 D FlexibleTaskTransitionController:    ChangeInfo{c705c13 container=ActivityRecord{77230470 u0 com.android.launcher/.Launcher t5} flags=0x0}
03-03 02:52:48.783  3822  5436 D FlexibleTaskTransitionController:    ChangeInfo{1972e50 container=Task{63d5c5b #5 type=home I=com.android.launcher/.Launcher} flags=0x30}
03-03 02:52:48.783  3822  5436 D FlexibleTaskTransitionController:    ChangeInfo{f5b4849 container=Display{#0 state=ON size=1240x2772 ROTATION_0} flags=0x0}
03-03 02:52:48.783  3822  5436 D FlexibleTaskTransitionController:    ChangeInfo{228baaf container=WallpaperWindowToken{c0e66a1 showWhenLocked=true} flags=0x0}
03-03 02:52:48.783  3822  5436 D FlexibleTaskTransitionController:    ChangeInfo{45ef28e container=Task{c5eeaf0 #28334 type=standard A=10168:com.google.android.youtube} flags=0x4}
03-03 02:52:48.783  3822  5436 D FlexibleTaskTransitionController:    ChangeInfo{b5a354e container=DefaultTaskDisplayArea@238526314 flags=0x0}
03-03 02:52:48.783  3822  5436 D FlexibleTaskTransitionController: ]
03-03 02:52:48.783  3822  5436 D FlexibleTaskTransitionController: }
03-03 02:52:48.783  3822  5436 D OplusShortcutContinuesTransitionPolicy: finishTransition transition=TransitionRecord{d0c6b02 id=5191 track=0 type=TO_FRONT flags=0x80 state=4 c=[
03-03 02:52:48.783  3822  5436 D OplusShortcutContinuesTransitionPolicy:    ChangeInfo{b33b289 container=Task{2d5e9a #1 type=home} flags=0x30}
03-03 02:52:48.783  3822  5436 D OplusShortcutContinuesTransitionPolicy:    ChangeInfo{c705c13 container=ActivityRecord{77230470 u0 com.android.launcher/.Launcher t5} flags=0x0}
03-03 02:52:48.783  3822  5436 D OplusShortcutContinuesTransitionPolicy:    ChangeInfo{1972e50 container=Task{63d5c5b #5 type=home I=com.android.launcher/.Launcher} flags=0x30}
03-03 02:52:48.783  3822  5436 D OplusShortcutContinuesTransitionPolicy:    ChangeInfo{f5b4849 container=Display{#0 state=ON size=1240x2772 ROTATION_0} flags=0x0}
03-03 02:52:48.783  3822  5436 D OplusShortcutContinuesTransitionPolicy:    ChangeInfo{228baaf container=WallpaperWindowToken{c0e66a1 showWhenLocked=true} flags=0x0}
03-03 02:52:48.783  3822  5436 D OplusShortcutContinuesTransitionPolicy:    ChangeInfo{45ef28e container=Task{c5eeaf0 #28334 type=standard A=10168:com.google.android.youtube} flags=0x4}
03-03 02:52:48.783  3822  5436 D OplusShortcutContinuesTransitionPolicy:    ChangeInfo{b5a354e container=DefaultTaskDisplayArea@238526314 flags=0x0}
03-03 02:52:48.783  3822  5436 D OplusShortcutContinuesTransitionPolicy: ]
03-03 02:52:48.783  3822  5436 D OplusShortcutContinuesTransitionPolicy: }
03-03 02:52:48.784  3822  5436 D ActivityTaskManager: setVisibility after transition for:ActivityRecord{33030765 u0 com.google.android.youtube/.app.honeycomb.Shell$HomeActivity t28334}
03-03 02:52:48.784  3822  5436 D TransitionControllerExtImpl: NFW_send RECOMPUTE_FOCUS in finishTransition
03-03 02:52:48.784  5545  5606 D ShellTaskOrganizer: onTransitionFinish, isRecent:true
03-03 02:52:48.785  5545  5606 V WindowManagerShell: Track 0 became idle
03-03 02:52:48.785  5545  5606 V WindowManagerShell: All active transition animations finished
03-03 02:52:48.785  5545  5606 V ShellRecents: [170496440] RecentsController.cleanup
03-03 02:52:48.787  5545  5606 V ShellRecents: RecentsController.setInputConsumerEnabled: skip, cb?=false enabled?=false
03-03 02:52:48.803  3822  3933 I TaskOrganizerController: onTaskInfoChanged taskid 28334 config { mBounds=Rect(0, 0 - 1240, 2772) mAppBounds=Rect(0, 0 - 1240, 2772) mMaxBounds=Rect(0, 0 - 1240, 2772) mDisplayRotation=ROTATION_0 mWindowingMode=fullscreen mActivityType=standard mAlwaysOnTop=undefined mRotation=ROTATION_0}
03-03 02:52:48.805  3822  3933 D OplusFlexibleDragToSplitAnimController: visibleFlexibleTaskInfos delete:28334
03-03 02:52:48.805  3822  3933 E FlexibleWindowManagerService: notifyTaskObserverToAttachController not need to notify!
03-03 02:52:48.805  3822  3933 I FlexibleWindowManagerService: onFlexibleWindowTaskInfoChanged, return for cur task not embedded
03-03 02:52:48.813  9948  9948 V Configuration: Updating configuration, locales updated from [] to [en_GB]
03-03 02:52:48.820  3822  4063 D PowerManagerService: userActivityNoUpdateLocked: groupId=0, eventTime=92036841, event=touch, flags=0x0, uid=1000
03-03 02:52:48.823  3822  3932 D QuickBackInputPolicy: hasMultiChildrenInTask: false
03-03 02:52:48.824  3822  3932 D WindowManager: NFW_findFocusedWindowIfNeeded:Window{6e9707c u0 com.android.launcher/com.android.launcher.Launcher} mCurrentFocus:Window{6e9707c u0 com.android.launcher/com.android.launcher.Launcher}
03-03 02:52:48.826  3822  3932 V WindowManager: Unknown focus tokens, dropping reportFocusChanged
03-03 02:52:48.828  3822  4010 I UserAwareMgr: handleAppChangedToBg, pkgName: com.google.android.youtube, pid: 29741
03-03 02:52:48.834  3822  4762 D InputMethodManagerService: isSecurity: attribute.packageName = com.android.launcher mCurMethodId = com.google.android.inputmethod.latin/com.android.inputmethod.latin.LatinIME isSecurity = false ( enable = false needShow = false inBlackList = false isExist = true )
03-03 02:52:48.840  3822  4010 I UserAwareMgr: fg app status not changed, beforeVisible: true, currentVisible: true
03-03 02:52:48.840  3822  5368 V AutofillInlineSuggestionsRequestSession: onInputMethodFinishInput() received
03-03 02:52:48.841  3822  5443 D WindowManager: setFrameRateStart invalid typeId return!
03-03 02:52:48.845  3822  5368 V AutofillInlineSuggestionsRequestSession: onInputMethodStartInput() received on 0
03-03 02:52:48.852  3822  5443 W PackageConfigPersister: App-specific configuration not found for packageName: com.android.launcher and userId: 0
03-03 02:52:48.854  3822  4951 D BackgroundInstallControlService: Package event received: 0
03-03 02:52:48.884  9949  9949 D ResourcesManagerExtImpl: applyConfigurationToAppResourcesLocked app.getDisplayId() return callback.displayId:-1
03-03 02:52:48.901  3822  5443 I ActivityManager: Flag disabled. Ignoring finishAttachApplication from uid: 10126. pid: 9902
03-03 02:52:48.914  3822  3930 D OplusPanoramaWorkBranchController: notifyMotionUpOrCancel
03-03 02:52:48.916  3822  5484 D CoreBackPreview: Window{351db37 u0 com.google.android.youtube/com.google.android.youtube.app.honeycomb.Shell$HomeActivity}: Setting back callback OnBackInvokedCallbackInfo{mCallback=android.window.IOnBackInvokedCallback$Stub$Proxy@79ba74, mPriority=-1, mIsAnimationCallback=false, mOverrideBehavior=0}
03-03 02:52:48.918  3822  5368 D OplusFlexibleWindowMinimizedManagerHelper: needExitMinimizedBeforeStartRecent mode:-1
03-03 02:52:48.918  3822  5368 E OplusSplitScreenManagerService: checkCallingFromSystemUI, caller is not SystemUI, callerUid=10205, SystemUI uid=10208
03-03 02:52:48.918  3822  5368 D FlexibleTaskController: onStartActivityFromRecents task:Task{6a135b3 #28698 type=standard A=10686:it.vfsfitvnm.vimusic.debug}, options:ActivityOptions(73132957), mPackageName=null, mAnimationType=13, mStartX=0, mStartY=0, mWidth=0, mHeight=0, mLaunchDisplayId=0 ,taskForceMaximized:false ,isFlexibleTask:false ,pendingLaunchZoom:false ,zoomLaunchFlags:3
03-03 02:52:48.919  3822  5368 I TaskFragmentExtImpl: reset pause in recents anim for mTaskFragment: Task{6a135b3 #28698 type=standard A=10686:it.vfsfitvnm.vimusic.debug}
03-03 02:52:48.919  3822  5368 D FlexibleTaskController: shouldKeepFlexibleTask flexibleTask not active.
03-03 02:52:48.919  3822  5368 E OplusAppQuickStart_AppQuickStartController: notifyStartActivityFromRecents task:Task{6a135b3 #28698 type=standard A=10686:it.vfsfitvnm.vimusic.debug} mStartFromRecents:true mStartFromSlide:false callingUid:10205
03-03 02:52:48.919  3822  4010 W QosScheduler: getScenario failed! scenarios is null, mask=2
03-03 02:52:48.919  3822  4010 W QosScheduler: executeSceneQosStrategy get scenario failed! scenario is null
03-03 02:52:48.919  3822  5368 I ActivityTaskManager: moveTaskToFrontLocked callingPid:3822, callingUid:1000, taskId:28698
03-03 02:52:48.920  3822  5368 W ActivityTaskManager: callingPackage for (uid=-1, pid=-1) has no WPC
03-03 02:52:48.920  3822  5368 D ContinuousTransitionController: tasId: 28698 start from recents, mark on transition: 5192
03-03 02:52:48.924  3822  5368 D OplusProxyWakeLock: acquireProxyWakeLock failed, prevent uid: 1000 tag:*laun...   WorkSource{10686} result: TAG_ILLEGAL
03-03 02:52:48.924  3822  5368 D ActivityTaskManager: setAppVisibility(Token{a7e30a4 ActivityRecord{77230470 u0 com.android.launcher/.Launcher t5}}, visible=false):  visible=true mVisibleRequested=true
03-03 02:52:48.925  3822  5368 D ActivityTaskManager: setVisibility(Token{a7e30a4 ActivityRecord{77230470 u0 com.android.launcher/.Launcher t5}}, visible=false) defer commitVisibility for transition collecting
03-03 02:52:48.926  3822  5144 D OAppNetControlService: Hans update:[10686=false][1|1] blackList:[10041]
03-03 02:52:48.927  3822  5368 D RefreshRate: boostRefreshId choose max:currentRefreshRate:120.00001 targetRefreshRate:60.0 mCurrentPickRate:120.00001
03-03 02:52:48.927  3822  5368 D RefreshRate: Trigger app switch boost, ar=ActivityRecord{88248206 u0 it.vfsfitvnm.vimusic.debug/it.vfsfitvnm.vimusic.MainActivity t28698},currDisplayRate=120.00001,boostId=3
03-03 02:52:48.927  3822  4085 D RefreshRate: do setDisplayConfigSpecs  
03-03 02:52:48.927  3822  5368 D RefreshRate: setDisplayConfigSpecs complete: targetMode={id=1, width=1240, height=2772, fps=120.00001, vsync=120.00001, synthetic=false, alternativeRefreshRates=[60.000004, 90.0], supportedHdrTypes=[2, 3, 4]},srcMode={id=1, width=1240, height=2772, fps=120.00001, vsync=120.00001, synthetic=false, alternativeRefreshRates=[60.000004, 90.0], supportedHdrTypes=[2, 3, 4]},sfModId=0,rate=120.00001
03-03 02:52:48.927  3822  5368 D RefreshRate: startAppSwitchBoost targetMode={id=1, width=1240, height=2772, fps=120.00001, vsync=120.00001, synthetic=false, alternativeRefreshRates=[60.000004, 90.0], supportedHdrTypes=[2, 3, 4]} record=ActivityRecord{88248206 u0 it.vfsfitvnm.vimusic.debug/it.vfsfitvnm.vimusic.MainActivity t28698}: votes=PRIORITY_START_ANIMATION_BOOST -> Vote{mRefreshRate=120.0, mMinRefreshRate=120.0, mRequestSource=null};PRIORITY_WINDOW_REQUEST -> Vote{mRefreshRate=120.0, mMinRefreshRate=120.0, mRequestSource=null};
03-03 02:52:48.927  3822  4994 D JobSchedulerServiceExtImpl: updateOsenseRestrictMode for 1 true false
03-03 02:52:48.927  3822  4085 D DisplayModeDirector: setAppRequest displayId : 0  modeId: 1  requestedRefreshRate: 120.00001  requestedMinRefreshRateRange: 120.00001  requestedMaxRefreshRateRange: 120.00001
03-03 02:52:48.927  3822  5368 D ActivityTaskManager: setAppVisibility(Token{8d5ef45 ActivityRecord{88248206 u0 it.vfsfitvnm.vimusic.debug/it.vfsfitvnm.vimusic.MainActivity t28698}}, visible=true):  visible=false mVisibleRequested=false
03-03 02:52:48.928  3822  5368 D WindowManager: NFW_setClientVisible:ActivityRecord{88248206 u0 it.vfsfitvnm.vimusic.debug/it.vfsfitvnm.vimusic.MainActivity t28698} clientVisible:true
03-03 02:52:48.928  3822  5368 D ActivityTaskManager: setVisibility(Token{8d5ef45 ActivityRecord{88248206 u0 it.vfsfitvnm.vimusic.debug/it.vfsfitvnm.vimusic.MainActivity t28698}}, visible=true) defer commitVisibility for transition collecting
03-03 02:52:48.928  3822  4010 I UserAwareMgr: handleTopAppChanged: it.vfsfitvnm.vimusic.debug, pid: 32413, uid: 10686
03-03 02:52:48.928  3822  5368 D ActivityTaskManager: onWindowFocusChanged Task{6a135b3 #28698 type=standard A=10686:it.vfsfitvnm.vimusic.debug} would transfer to compact
03-03 02:52:48.928  3822  5368 D ActivityTaskManager: NFW_setLastResumedActivityUncheckLocked:true r:ActivityRecord{88248206 u0 it.vfsfitvnm.vimusic.debug/it.vfsfitvnm.vimusic.MainActivity t28698} currentFocus:Window{6e9707c u0 com.android.launcher/com.android.launcher.Launcher}
03-03 02:52:48.929  3822  5368 D WindowManager: NFW_findFocusedWindowIfNeeded:null mCurrentFocus:Window{6e9707c u0 com.android.launcher/com.android.launcher.Launcher}
03-03 02:52:48.929  3822  5368 V WindowManager: Changing focus from Window{6e9707c u0 com.android.launcher/com.android.launcher.Launcher} to null,diplayid=0
03-03 02:52:48.929  3822  5368 D FlexibleTaskController: onTaskFocusChanged prevTask:Task{63d5c5b #5 type=home I=com.android.launcher/.Launcher} ,currentTask:Task{6a135b3 #28698 type=standard A=10686:it.vfsfitvnm.vimusic.debug}, reason: resumeTopActivity - onActivityStateChanged
03-03 02:52:48.929  3822  5368 D OplusFlexibleDCSManager: onNextPkgChanged pkg = it.vfsfitvnm.vimusic.debug
03-03 02:52:48.930  3822  5722 D NativeFreezeManager: freezeForAppSwitchScene mAppLaunchFzDxEnable enter, mFgAppPkgname it.vfsfitvnm.vimusic.debug
03-03 02:52:48.930  3822  5354 D OomAdjusterSocExtImpl: App adj change from cached state to fg state : 32413 it.vfsfitvnm.vimusic.debug
03-03 02:52:48.930  3822  5368 D WindowManager: rotation(ROTATION_0) no changed  displayId = 0, lastOrientation = -1
03-03 02:52:48.931  3822  5368 D OplusFeatureColorMode: ColorMode getColorMode =3
03-03 02:52:48.931  3822  5368 D ColorDisplayServiceExtImpl: getWCGVersion1App, packageName=it.vfsfitvnm.vimusic.debug, sSupportWCG1 = true, sSupportWCG3 = false, nRet = 0
03-03 02:52:48.932  3822  4045 E OplusThermalStats: Error getting package info: it.vfsfitvnm.vimusic.debug
03-03 02:52:48.932  3822  5368 D WindowManager: attachImeScreenshotOnTargetIfNeeded, mImeHiding = false, requestedVisibleTypes = -9
03-03 02:52:48.932  3822  5368 D ActivityTaskManager: validateStartingWindowTheme:  Pkg=it.vfsfitvnm.vimusic.debug, Translucent=false, Floating=false, ShowWallpaper=false, Disable=false, LaunchSource=2, Prev=null, LaunchedFromPackage=com.android.launcher
03-03 02:52:48.932  3822  5368 D ActivityTaskManager: addStartingWindow for ActivityRecord{88248206 u0 it.vfsfitvnm.vimusic.debug/it.vfsfitvnm.vimusic.MainActivity t28698}, mainWin=Window{19afc01 u0 it.vfsfitvnm.vimusic.debug/it.vfsfitvnm.vimusic.MainActivity}, mVisible=false, mVisibleRequested=true, drawn=false, mDestroying=false, state=RESUMED, isKeyguardLocked=false, isKeyguardGoingAway=false
03-03 02:52:48.932  3822  5368 D ActivityTaskManager: getStartingWindowType: , newTask=false, taskSwitch=true, processRunning=true, allowTaskSnapshot=true, activityCreated=true, activityAllDrawn=false, snapshot exist: true
03-03 02:52:48.932  3822  5368 D ActivityTaskManager: isSnapshotCompatible: w=1240, h=2772, taskSize=Point(1240, 2772)
03-03 02:52:48.932  3822  5368 D ActivityRecordExtImpl: handleStartingWindowForCompactWindow origin type:1, adjustType : 1
03-03 02:52:48.935  3822  4010 W UserAwareMgr: can not find match thread: UiThreadHelper for process system_server Pid: 3822
03-03 02:52:48.937  5545  5606 V WindowManagerShell: Transition requested (#5192): android.os.BinderProxy@c2fe671 TransitionRequestInfo { type = TO_FRONT, triggerTask = TaskInfo{userId=0 taskId=28698 effectiveUid=10686 displayId=0 isRunning=true baseIntent=Intent { act=android.intent.action.MAIN cat=[android.intent.category.LAUNCHER] flg=0x10300000 cmp=it.vfsfitvnm.vimusic.debug/it.vfsfitvnm.vimusic.MainActivity mCallingUid=10205 } baseActivity=ComponentInfo{it.vfsfitvnm.vimusic.debug/it.vfsfitvnm.vimusic.MainActivity} topActivity=ComponentInfo{it.vfsfitvnm.vimusic.debug/it.vfsfitvnm.vimusic.MainActivity} origActivity=null realActivity=ComponentInfo{it.vfsfitvnm.vimusic.debug/it.vfsfitvnm.vimusic.MainActivity}
03-03 02:52:48.937  5545  5606 V WindowManagerShell:  numActivities=1 lastActiveTime=203192198 supportsSplitScreenMultiWindow=true supportsMultiWindow=true supportsPocketStudioMultiWindow=true isInFlexibleEmbedded = false uid = 10686 pid = 32413 resizeMode=1 isResizeable=true minWidth=-1 minHeight=-1 defaultMinSize=220 token=WCT{android.window.IWindowContainerToken$Stub$Proxy@501bc56} topActivityType=1 pictureInPictureParams=null shouldDockBigOverlays=false launchIntoPipHostTaskId=-1 lastParentTaskIdBeforePip=-1 displayCutoutSafeInsets=Rect(0, 0 - 0, 0)
03-03 02:52:48.937  5545  5606 V WindowManagerShell:  topActivityInfo=ActivityInfo{9a394d7 it.vfsfitvnm.vimusic.MainActivity} launchCookies=[] positionInParent=Point(0, 0) parentTaskId=-1 isFocused=true isVisible=false isVisibleRequested=true isTopActivityNoDisplay=false isSleeping=false locusId=null displayAreaFeatureId=1 isTopActivityTransparent=false isActivityStackTransparent=false lastNonFullscreenBounds=Rect(329, 835 - 912, 2075) capturedLink=null capturedLinkTimestamp=0 requestedVisibleTypes=-9 topActivityRequestOpenInBrowserEducationTimestamp=0
03-03 02:52:48.937  5545  5606 V WindowManagerShell:  appCompatTaskInfo=AppCompatTaskInfo { topActivityInSizeCompat=false topActivityInOplusCompatMode=false eligibleForLetterboxEducation= false isLetterboxEducationEnabled= false isLetterboxDoubleTapEnabled= false eligibleForUserAspectRatioButton= false topActivityBoundsLetterboxed= false isFromLetterboxDoubleTap= false topActivityLetterboxVerticalPosition= -1 topActivityLetterboxHorizontalPosition= -1 topActivityLetterboxWidth=-1 topActivityLetterboxHeight=-1 topActivityAppBounds=Rect(0, 139 - 1240, 2772) isUserFullscreenOverrideEnabled=false isSystemFullscreenOverrideEnabled=false hasMinAspectRatioOverride=false topActivityLetterboxBounds=null cameraCompatTaskInfo=CameraCompatTaskInfo { freeformCameraCompatMode=inactive}} topActivityMainWindowFrame=null topActivityLetterboxInsets=Rect(0, 0 - 0, 0)
03-03 02:52:48.937  5545  5606 V WindowManagerShell:  mOplusExtraBundle = Bundle[mParcelledData.dataSize=1556]}, pipChange = null, remoteTransition = RemoteTransition { remoteTransition = android.window.IRemoteTransition$Stub$Proxy@74a11c4, appThread = android.app.IApplicationThread$Stub$Proxy@d8b78ad, debugName = QuickstepLaunch }, displayChange = null, flags = 0, debugId = 5192 }
03-03 02:52:48.937  3822  5368 D CompatChangeReporter: Compat change id reported: 194833441; UID 10686; state: ENABLED
03-03 02:52:48.937  3822  5368 D osense.compress: notifyActivityLaunched pkgName = it.vfsfitvnm.vimusic.debug, userId = 0
03-03 02:52:48.937  5545  5606 D ShellSplitScreen: logExit: no-op, mLoggerSessionId is null
03-03 02:52:48.937  5545  5606 V WindowManagerShell: RemoteTransition directly requested for (#5192) android.os.BinderProxy@c2fe671: RemoteTransition { remoteTransition = android.window.IRemoteTransition$Stub$Proxy@74a11c4, appThread = android.app.IApplicationThread$Stub$Proxy@d8b78ad, debugName = QuickstepLaunch }
03-03 02:52:48.937  5545  5606 V WindowManagerShell: Transition (#5192): request handled by DefaultMixedHandler
03-03 02:52:48.938  3822  5368 D DisplayModeDirector: setAppRequest displayId : 0  modeId: 1  requestedRefreshRate: 0.0  requestedMinRefreshRateRange: 0.0  requestedMaxRefreshRateRange: 120.00001
03-03 02:52:48.939  3822  5368 I TaskOrganizerController: onTaskInfoChanged taskid 1 config { mBounds=Rect(0, 0 - 1240, 2772) mAppBounds=Rect(0, 0 - 1240, 2772) mMaxBounds=Rect(0, 0 - 1240, 2772) mDisplayRotation=ROTATION_0 mWindowingMode=fullscreen mActivityType=home mAlwaysOnTop=undefined mRotation=ROTATION_0}
03-03 02:52:48.939  3822  5368 D OplusVisibleTasks:  notifyTaskFocusChange no need.
03-03 02:52:48.939  3822  5368 D OplusFlexibleDragToSplitAnimController: visibleFlexibleTaskInfos delete:1
03-03 02:52:48.939  3822  5368 E FlexibleWindowManagerService: notifyTaskObserverToAttachController not need to notify!
03-03 02:52:48.939  3822  5368 I FlexibleWindowManagerService: onFlexibleWindowTaskInfoChanged, return for cur task not embedded
03-03 02:52:48.939  3822  5368 I TaskOrganizerController: onTaskInfoChanged taskid 28698 config { mBounds=Rect(0, 0 - 1240, 2772) mAppBounds=Rect(0, 0 - 1240, 2772) mMaxBounds=Rect(0, 0 - 1240, 2772) mDisplayRotation=ROTATION_0 mWindowingMode=fullscreen mActivityType=standard mAlwaysOnTop=undefined mRotation=ROTATION_0}
03-03 02:52:48.939  3822  5368 D OplusFlexibleDragToSplitAnimController: visibleFlexibleTaskInfos delete:28698
03-03 02:52:48.939  3822  5368 E FlexibleWindowManagerService: notifyTaskObserverToAttachController not need to notify!
03-03 02:52:48.939  3822  5368 I FlexibleWindowManagerService: onFlexibleWindowTaskInfoChanged, return for cur task not embedded
03-03 02:52:48.942  3822  3933 D OplusTransitionController: tryFinishAheadIfNeed transition 5192 , SyncGroup: com.android.server.wm.BLASTSyncEngine$SyncGroup@75ed9c5
03-03 02:52:48.942  3822  3933 D ActivityTaskManager: commitVisibility: ActivityRecord{88248206 u0 it.vfsfitvnm.vimusic.debug/it.vfsfitvnm.vimusic.MainActivity t28698}: visible=true visibleRequested=true, isInTransition=true 
03-03 02:52:48.942  3822  3933 D Transition: collectOrderChanges onTopTasksEnd: [Task{6a135b3 #28698 type=standard A=10686:it.vfsfitvnm.vimusic.debug}], reportedOnTop:null, mOnTopTasksStart: [Task{2d5e9a #1 type=home}, Task{63d5c5b #5 type=home I=com.android.launcher/.Launcher}], TDA child: [Task{cbd9799 #28387 type=standard A=10041:com.microsoft.teams}, Task{dc0370a #28625 type=standard A=10260:com.oppo.gallery3d.app.Gallery}, Task{44bb559 #28684 type=standard A=10173:com.oneplus.calculator}, Task{8eafb7b #28683 type=standard A=10277:com.google.android.apps.photos}, Task{870a5ad #28641 type=standard A=10348:com.phonepe.app nonResizable}, Task{bddfc68 #28664 type=standard A=10259:com.google.android.apps.messaging}, Task{c6f60c3 #2 type=undefined}, Task{40ca6bc #28536 type=standard A=10156:com.android.chrome}, Task{232517e #28647 type=standard A=10164:com.google.android.apps.maps}, Task{23bfea4 #28333 type=standard A=10162:com.google.android.gm}, Task{e4c9e12 #28688 type=standard A=10347:com.flipkart.android}, Task{47895c5 #28329 type=standard A=10368:android.task.contacts}, Task{1a01eb #28608 type=standard A=10050:com.linkedin.android}, Task{88188be #28687 type=standard A=10116:com.android.vending}, Task{ff94c47 #28581 type=standard A=10126:com.google.android.googlequicksearchbox.googleapp}, Task{d2265cd #28689 type=standard A=1000:com.android.settings.root}, Task{c5eeaf0 #28334 type=standard A=10168:com.google.android.youtube}, Task{2d5e9a #1 type=home}, Task{6a135b3 #28698 type=standard A=10686:it.vfsfitvnm.vimusic.debug}]
03-03 02:52:48.942  3822  3933 D Transition: collectOrderChanges **mParticipants add task: Task{6a135b3 #28698 type=standard A=10686:it.vfsfitvnm.vimusic.debug}
03-03 02:52:48.942  3822  3933 D OplusFlexibleActivityTransitionManager: fixTransitType type result:3, targets: [ChangeInfo{d1aef1a container=Task{6a135b3 #28698 type=standard A=10686:it.vfsfitvnm.vimusic.debug} flags=0x30}, ChangeInfo{16dea4b container=Task{2d5e9a #1 type=home} flags=0x10}]
03-03 02:52:48.943  3822  3933 D OplusTransitionAnimationManager: activityRecordCount0fullScreenArBeHindStartingWindow null
03-03 02:52:48.943  3822  3933 D OplusTransitionAnimationManager: activityRecordCount0fullScreenArBeHindStartingWindow null
03-03 02:52:48.944  3822  3933 D QuickBackInputPolicy: resetInputInterceptState for remoteTransition: true
03-03 02:52:48.944  3822  3933 D OplusTransitionController: onTransactionReady, transition: 5192, info: {id=5192 t=TO_FRONT f=0x0 trk=0 r=[0@Point(0, 0)] c=[{WCT{RemoteToken{dd2bca0 Task{6a135b3 #28698 type=standard A=10686:it.vfsfitvnm.vimusic.debug}}} m=TO_FRONT f=MOVE_TO_TOP leash=Surface(name=Task=28698)/@0x650701c sb=Rect(0, 0 - 1240, 2772) eb=Rect(0, 0 - 1240, 2772) epz=Point(1240, 2772) d=0 taskParent=-1},{WCT{RemoteToken{d7cf702 Task{2d5e9a #1 type=home}}} m=TO_BACK f=SHOW_WALLPAPER leash=Surface(name=Task=1)/@0x7031b77 sb=Rect(0, 0 - 1240, 2772) eb=Rect(0, 0 - 1240, 2772) epz=Point(1240, 2772) d=0 taskParent=-1}] 
03-03 02:52:48.944  3822  3933 D OplusTransitionController: extendInfo=[
03-03 02:52:48.944  3822  3933 D OplusTransitionController:  OplusTransitionExtendedInfo{mTmpFinishT=null, mInOplusCompatMode=false, mIsProcessRunning=true, mHasMismatchBoundsTarget=false, mRecentsController=null, mRemoteTransition=null, mIsTranslucentActivityToHome=false, mAvoidInterceptKeyEventToHome=false, mIsFromHome=true, mParentLeash=null, mBackAnimClosingLeash=null, mIsOplusAnimRes=false, mKeepBgForContinuous=false, mIsBalAllow=false, mTaskNotInRecent=false, mIsPredictiveBackAnim=false, mIsMergedWithPredictive=false, mIsLaunchFromSpruce=false, mIsLaunchFromDrive=false, mGlobalSearchPageSwitch=false, mNeedNoAlphaGlobalSearchScene=false, mAssistScreenShowing=false, mSwipeUpBrowserScreenShowing=false, mUserIdTransition=0
03-03 02:52:48.944  3822  3933 D OplusTransitionController: , mInRemoteScene=false, mInPreReady=false, mPreStart=false, mToken=null, mAbortByRemoteFromHome=false, mShellApplyToken=null, mRequestTransitionTaskId=28698, mAbortTransitionOnShell=0, mStartFromShortcut=false, mRemovedTaskId=-1, mTransitionInterruptType=0, mMergeSecondTaskId=-1, mTaskIdStartFromRecents=28698, mTransitionId=5192, mCanUseSpringSlideAnim=false, mTransitionLaunchFrom=0, mFoldChangeType=-1, mAnimStartingPosition=[0, 0, 0, 0], mIsOpeningStkDialogActivity=false, mIsNeedApplyStartTForEmbedded=false, mMergeSecondTaskAnimation=false, mIsLaunchUnityStart=false, mIsLaunchFromAssistantByDefault=false, mSkipRemoteTransitionfalse, mIsStartFromKeyguard=false flags=0x0, mWCT=null, mIsOpenMergeToInValidPredictive=false}]}, targets : [ChangeInfo{d1aef1a container=Task{6a135b3 #28698 type=standard A=10686:it.vfsfitvnm.vimusic.debug} flags=0x30}, ChangeInfo{16dea4b container=Task{2d5e9a #1 type=home} flags=0x10}], participants: {ActivityRecord{77230470 u0 com.android.launcher/.Launcher t5}, ActivityRecord{88248206 u0 it.vfsfitvnm.vimusic.debug/it.vfsfitvnm.vimusic.MainActivity t28698}, Task{6a135b3 #28698 type=standard A=10686:it.vfsfitvnm.vimusic.debug}, WallpaperWindowToken{c0e66a1 showWhenLocked=true}}
03-03 02:52:48.945 32413 32413 D ActivityThread: ComponentInfo{it.vfsfitvnm.vimusic.debug/it.vfsfitvnm.vimusic.MainActivity} checkFinished=false 2
03-03 02:52:48.945  5545  5606 D WindowManagerShell: setLauncherKeepClearAreaHeight: visible=false, height=252
03-03 02:52:48.945  3822  5443 I OplusJoystickManager: handleApplicationSwitch deprecated!
03-03 02:52:48.945  3822  5443 I GameManagerServiceExt-GameManagerServiceExt: on FG change: com.android.launcher|it.vfsfitvnm.vimusic.debug
03-03 02:52:48.946  3822  4067 D OplusAppSwitchListener: App Activity Change
03-03 02:52:48.946  3822  4067 D OplusAppSwitchListener: Detect com.android.launcher switch to background
03-03 02:52:48.946  3822  4067 D OplusFeatureReduceBrightness: onAppExit , info = com.android.launcher
03-03 02:52:48.946  3822  4067 D OplusAppSwitchListener: Detect it.vfsfitvnm.vimusic.debug switch to foreground
03-03 02:52:48.946  3822  4067 D OplusFeatureGlobalLimitBrightness: switch to display extreme mode 
03-03 02:52:48.947  3822  4062 D OplusBiometricsDisplayHelper: isFold: false, isUnblockByFp: null
03-03 02:52:48.947  3822  3929 V WindowManager: Sent Transition (#5192) createdAt=03-03 02:52:48.920 via request=TransitionRequestInfo { type = TO_FRONT, triggerTask = TaskInfo{userId=0 taskId=28698 effectiveUid=10686 displayId=0 isRunning=true baseIntent=Intent { act=android.intent.action.MAIN cat=[android.intent.category.LAUNCHER] flg=0x10300000 cmp=it.vfsfitvnm.vimusic.debug/it.vfsfitvnm.vimusic.MainActivity mCallingUid=10205 } baseActivity=ComponentInfo{it.vfsfitvnm.vimusic.debug/it.vfsfitvnm.vimusic.MainActivity} topActivity=ComponentInfo{it.vfsfitvnm.vimusic.debug/it.vfsfitvnm.vimusic.MainActivity} origActivity=null realActivity=ComponentInfo{it.vfsfitvnm.vimusic.debug/it.vfsfitvnm.vimusic.MainActivity}
03-03 02:52:48.947  3822  3929 V WindowManager:  numActivities=1 lastActiveTime=203192198 supportsSplitScreenMultiWindow=true supportsMultiWindow=true supportsPocketStudioMultiWindow=true isInFlexibleEmbedded = false uid = 10686 pid = 32413 resizeMode=1 isResizeable=true minWidth=-1 minHeight=-1 defaultMinSize=220 token=WCT{RemoteToken{dd2bca0 Task{6a135b3 #28698 type=standard A=10686:it.vfsfitvnm.vimusic.debug}}} topActivityType=1 pictureInPictureParams=null shouldDockBigOverlays=false launchIntoPipHostTaskId=-1 lastParentTaskIdBeforePip=-1 displayCutoutSafeInsets=Rect(0, 0 - 0, 0)
03-03 02:52:48.947  3822  3929 V WindowManager:  topActivityInfo=ActivityInfo{649ea97 it.vfsfitvnm.vimusic.MainActivity} launchCookies=[] positionInParent=Point(0, 0) parentTaskId=-1 isFocused=true isVisible=false isVisibleRequested=true isTopActivityNoDisplay=false isSleeping=false locusId=null displayAreaFeatureId=1 isTopActivityTransparent=false isActivityStackTransparent=false lastNonFullscreenBounds=Rect(329, 835 - 912, 2075) capturedLink=null capturedLinkTimestamp=0 requestedVisibleTypes=-9 topActivityRequestOpenInBrowserEducationTimestamp=0
03-03 02:52:48.947  3822  3929 V WindowManager:  appCompatTaskInfo=AppCompatTaskInfo { topActivityInSizeCompat=false topActivityInOplusCompatMode=false eligibleForLetterboxEducation= false isLetterboxEducationEnabled= false isLetterboxDoubleTapEnabled= false eligibleForUserAspectRatioButton= false topActivityBoundsLetterboxed= false isFromLetterboxDoubleTap= false topActivityLetterboxVerticalPosition= -1 topActivityLetterboxHorizontalPosition= -1 topActivityLetterboxWidth=-1 topActivityLetterboxHeight=-1 topActivityAppBounds=Rect(0, 139 - 1240, 2772) isUserFullscreenOverrideEnabled=false isSystemFullscreenOverrideEnabled=false hasMinAspectRatioOverride=false topActivityLetterboxBounds=null cameraCompatTaskInfo=CameraCompatTaskInfo { freeformCameraCompatMode=inactive}} topActivityMainWindowFrame=null topActivityLetterboxInsets=Rect(0, 0 - 0, 0)
03-03 02:52:48.947  3822  3929 V WindowManager:  mOplusExtraBundle = Bundle[{androidx.flexible.taskFrame=Rect(0, 0 - 0, 0), topOpaqueSystemBarsAppearance=0, androidx.flexible.Alpha=1.0, androidx.activity.task.attach.blur=0, androidx.activity.LaunchInsensible=0, androidx.activity.LaunchCornerRadius=0, key_flexible_task_state=0, topActivitySupportAppInnerSplit=false, key_flexible_task_animating_type=-1, key_flexible_task_root_activity_processname=it.vfsfitvnm.vimusic.debug, androidx.activity.LaunchScenario=0, is_oplus_clone_task=false, flexible_super_mini_state=false, topRunningActivityHash=88248206, androidx.activity.LaunchScale=1.0, androidx.activity.LaunchShadowRadius=0, is_transient_hide_for_task_info=false, key_flexible_task_root_activity_pid=32413, key_flexible_task_root_activity_uid=10686}]}, pipChange = null, remoteTransition = RemoteTransition { remoteTransition = android.window.IRemoteTransition$Stub$Proxy@3504772, appThread = android.app.IApplicationThread$Stub$Proxy@31f57c3, debugName = QuickstepLaunch }, displayChange = null, flags = 0, debugId = 5192 }
03-03 02:52:48.947  3822  3929 V WindowManager:     startWCT=WindowContainerTransaction { changes= {} hops= [] errorCallbackToken=null taskFragmentOrganizer=null }
03-03 02:52:48.947  3822  3929 V WindowManager:     info={id=5192 t=TO_FRONT f=0x0 trk=0 r=[0@Point(0, 0)] c=[
03-03 02:52:48.947  3822  3929 V WindowManager:         {WCT{RemoteToken{dd2bca0 Task{6a135b3 #28698 type=standard A=10686:it.vfsfitvnm.vimusic.debug}}} m=TO_FRONT f=MOVE_TO_TOP leash=Surface(name=Task=28698)/@0x650701c sb=Rect(0, 0 - 1240, 2772) eb=Rect(0, 0 - 1240, 2772) epz=Point(1240, 2772) d=0 taskParent=-1},
03-03 02:52:48.947  3822  3929 V WindowManager:         {WCT{RemoteToken{d7cf702 Task{2d5e9a #1 type=home}}} m=TO_BACK f=SHOW_WALLPAPER leash=Surface(name=Task=1)/@0x7031b77 sb=Rect(0, 0 - 1240, 2772) eb=Rect(0, 0 - 1240, 2772) epz=Point(1240, 2772) d=0 taskParent=-1}
03-03 02:52:48.947  3822  3929 V WindowManager:     ] 
03-03 02:52:48.947  3822  3929 V WindowManager: extendInfo=[
03-03 02:52:48.947  3822  3929 V WindowManager:  OplusTransitionExtendedInfo{mTmpFinishT=null, mInOplusCompatMode=false, mIsProcessRunning=true, mHasMismatchBoundsTarget=false, mRecentsController=null, mRemoteTransition=null, mIsTranslucentActivityToHome=false, mAvoidInterceptKeyEventToHome=false, mIsFromHome=true, mParentLeash=null, mBackAnimClosingLeash=null, mIsOplusAnimRes=false, mKeepBgForContinuous=false, mIsBalAllow=false, mTaskNotInRecent=false, mIsPredictiveBackAnim=false, mIsMergedWithPredictive=false, mIsLaunchFromSpruce=false, mIsLaunchFromDrive=false, mGlobalSearchPageSwitch=false, mNeedNoAlphaGlobalSearchScene=false, mAssistScreenShowing=false, mSwipeUpBrowserScreenShowing=false, mUserIdTransition=0
03-03 02:52:48.947  3822  3929 V WindowManager: , mInRemoteScene=false, mInPreReady=false, mPreStart=false, mToken=null, mAbortByRemoteFromHome=false, mShellApplyToken=null, mRequestTransitionTaskId=28698, mAbortTransitionOnShell=0, mStartFromShortcut=false, mRemovedTaskId=-1, mTransitionInterruptType=0, mMergeSecondTaskId=-1, mTaskIdStartFromRecents=28698, mTransitionId=5192, mCanUseSpringSlideAnim=false, mTransitionLaunchFrom=0, mFoldChangeType=-1, mAnimStartingPosition=[0, 0, 0, 0], mIsOpeningStkDialogActivity=false, mIsNeedApplyStartTForEmbedded=false, mMergeSecondTaskAnimation=false, mIsLaunchUnityStart=false, mIsLaunchFromAssistantByDefault=false, mSkipRemoteTransitionfalse, mIsStartFromKeyguard=false flags=0x0, mWCT=null, mIsOpenMergeToInValidPredictive=false}]}
03-03 02:52:48.949  3822  3933 I TaskOrganizerController: onTaskInfoChanged taskid 28698 config { mBounds=Rect(0, 0 - 1240, 2772) mAppBounds=Rect(0, 0 - 1240, 2772) mMaxBounds=Rect(0, 0 - 1240, 2772) mDisplayRotation=ROTATION_0 mWindowingMode=fullscreen mActivityType=standard mAlwaysOnTop=undefined mRotation=ROTATION_0}
03-03 02:52:48.949  3822  3933 D OplusVisibleTasks:  notifyTasksNumChange no need to notify.
03-03 02:52:48.949  3822  3933 D OplusFlexibleDragToSplitAnimController: visibleFlexibleTaskInfos delete:28698
03-03 02:52:48.949  3822  3933 E FlexibleWindowManagerService: notifyTaskObserverToAttachController not need to notify!
03-03 02:52:48.949  3822  3933 I FlexibleWindowManagerService: onFlexibleWindowTaskInfoChanged, return for cur task not embedded
03-03 02:52:48.949  5545  9158 V WindowManagerShell: onTransitionReady(transaction=16415365362568)
03-03 02:52:48.950  5545  5606 V WindowManagerShell: onTransitionReady (#5192) android.os.BinderProxy@c2fe671: {id=5192 t=TO_FRONT f=0x0 trk=0 r=[0@Point(0, 0)] c=[
03-03 02:52:48.950  5545  5606 V WindowManagerShell:         {m=TO_FRONT f=MOVE_TO_TOP leash=Surface(name=Task=28698)/@0x5f547e2 sb=Rect(0, 0 - 1240, 2772) eb=Rect(0, 0 - 1240, 2772) epz=Point(1240, 2772) d=0 taskParent=-1},
03-03 02:52:48.950  5545  5606 V WindowManagerShell:         {m=TO_BACK f=SHOW_WALLPAPER leash=Surface(name=Task=1)/@0x22a773 sb=Rect(0, 0 - 1240, 2772) eb=Rect(0, 0 - 1240, 2772) epz=Point(1240, 2772) d=0 taskParent=-1}
03-03 02:52:48.950  5545  5606 V WindowManagerShell:     ] 
03-03 02:52:48.950  5545  5606 V WindowManagerShell: extendInfo=[
03-03 02:52:48.950  5545  5606 V WindowManagerShell:  OplusTransitionExtendedInfo{mTmpFinishT=null, mInOplusCompatMode=false, mIsProcessRunning=true, mHasMismatchBoundsTarget=false, mRecentsController=null, mRemoteTransition=null, mIsTranslucentActivityToHome=false, mAvoidInterceptKeyEventToHome=false, mIsFromHome=true, mParentLeash=null, mBackAnimClosingLeash=null, mIsOplusAnimRes=false, mKeepBgForContinuous=false, mIsBalAllow=false, mTaskNotInRecent=false, mIsPredictiveBackAnim=false, mIsMergedWithPredictive=false, mIsLaunchFromSpruce=false, mIsLaunchFromDrive=false, mGlobalSearchPageSwitch=false, mNeedNoAlphaGlobalSearchScene=false, mAssistScreenShowing=false, mSwipeUpBrowserScreenShowing=false, mUserIdTransition=0
03-03 02:52:48.950  5545  5606 V WindowManagerShell: , mInRemoteScene=false, mInPreReady=false, mPreStart=false, mToken=null, mAbortByRemoteFromHome=false, mShellApplyToken=null, mRequestTransitionTaskId=28698, mAbortTransitionOnShell=0, mStartFromShortcut=false, mRemovedTaskId=-1, mTransitionInterruptType=0, mMergeSecondTaskId=-1, mTaskIdStartFromRecents=28698, mTransitionId=5192, mCanUseSpringSlideAnim=false, mTransitionLaunchFrom=0, mFoldChangeType=-1, mAnimStartingPosition=[0, 0, 0, 0], mIsOpeningStkDialogActivity=false, mIsNeedApplyStartTForEmbedded=false, mMergeSecondTaskAnimation=false, mIsLaunchUnityStart=false, mIsLaunchFromAssistantByDefault=false, mSkipRemoteTransitionfalse, mIsStartFromKeyguard=false flags=0x0, mWCT=null, mIsOpenMergeToInValidPredictive=false}]}
03-03 02:52:48.950  5545  5606 V WindowManagerShell: Playing animation for (#5192) android.os.BinderProxy@c2fe671@0
03-03 02:52:48.950  3822  3933 D WindowManager: setFrameRateStart invalid typeId return!
03-03 02:52:48.950  5545  5606 V WindowManagerShell:  try firstHandler com.android.wm.shell.transition.DefaultMixedHandler@a85b275
03-03 02:52:48.950  5545  5606 V WindowManagerShell: Mixed transition for opening an intent with a remote transition and PIP or Desktop #5192
03-03 02:52:48.950  5545  5606 V WindowManagerShell: tryAnimateOpenIntentWithRemoteAndPipOrDesktop
