03-03 02:10:40.910  3822  4030 I ActivityManager: Start proc 32338:com.oplus.securepay/u0a321 for content provider {com.oplus.securepay/com.oplus.securepay.provider.ProtectedAppProvider}
03-03 02:10:40.910  3822  4030 W ActivityManager: Slow operation: 117ms so far, now at startProcess: starting to update pids map
03-03 02:10:40.910  3822  4030 W ActivityManager: Slow operation: 117ms so far, now at startProcess: done updating pids map
03-03 02:10:40.910  3822  3930 I ActivityManager: ProcessObserver broadcast disabled
03-03 02:10:40.911  3822  4569 I MemoryOperationUtils: add 32338 to inactive
03-03 02:10:40.912  3822  5654 W AppOpService: Ignored setUidMode call for runtime permission app op: uid = 10106, code = FINE_LOCATION, mode = foreground, callingUid = 1000, oldMode = foreground
03-03 02:10:40.912  3822  5654 W AppOpService: Ignored setUidMode call for runtime permission app op: uid = 10106, code = COARSE_LOCATION, mode = foreground, callingUid = 1000, oldMode = foreground
03-03 02:10:40.914  3822  4762 I VibrationEffectConvertor: onInputMethodListUpdated received, info.size = 3
03-03 02:10:40.914  3822  4762 I VibrationEffectConvertor: userid = 0, packageName = com.google.android.tts
03-03 02:10:40.914  3822  4762 I VibrationEffectConvertor: userid = 0, packageName = com.google.android.inputmethod.latin
03-03 02:10:40.915  3822  4762 I VibrationEffectConvertor: userid = 0, packageName = com.oplus.securitykeyboard
03-03 02:10:40.919  3822  5654 W AppOps  : setUidMode() called with a mode inconsistent with runtime permission state, this is discouraged and you should revoke the runtime permission instead: uid=10250, switchCode=0, mode=4, permission=android.permission.ACCESS_BACKGROUND_LOCATION
03-03 02:10:40.919  3822  5654 W AppOpService: Ignored setUidMode call for runtime permission app op: uid = 10250, code = COARSE_LOCATION, mode = foreground, callingUid = 1000, oldMode = foreground
03-03 02:10:40.926  3822  4768 V AccessibilityManagerService: onUserStateChangedLocked for user 0 with forceUpdate: false mEnabledServices = [] mCrashedServices = [] hasMagnificationConnection=false
03-03 02:10:40.926  3822  4768 W MagnificationConnectionManager: requestConnection duplicated request: connect=false, mConnectionState=DISCONNECTED
03-03 02:10:40.928  5181  5433 V OplusCustomizeCacheManager: queryCache name: cache_key.system_server.common_customize_cache16005 param: Bundle[{}]
03-03 02:10:40.928  5181  5433 V OplusCustomizeCacheManager: start recompute
03-03 02:10:40.934  3822  4030 W ActivityManager: Slow operation: 57ms so far, now at startProcess: returned from zygote!
03-03 02:10:40.934  3822  4030 W ActivityManager: Slow operation: 57ms so far, now at startProcess: done updating battery stats
03-03 02:10:40.934  3822  4030 W ActivityManager: Slow operation: 58ms so far, now at startProcess: building log message
03-03 02:10:40.934  3822  4030 I ActivityManager: Start proc 32353:com.oplus.uxdesign/u0a237 for service {com.oplus.uxdesign/com.oplus.uxdesign.icon.service.LaunchIconService}
03-03 02:10:40.934  3822  4030 W ActivityManager: Slow operation: 58ms so far, now at startProcess: starting to update pids map
03-03 02:10:40.934  3822  4030 W ActivityManager: Slow operation: 58ms so far, now at startProcess: done updating pids map
03-03 02:10:40.935  3822  3930 I ActivityManager: ProcessObserver broadcast disabled
03-03 02:10:40.936  3822  5484 D ActivityTaskManagerServiceExtImpl: preBindApplication record is null
03-03 02:10:40.940  3822  3930 D OplusSplitScreenManagerService: com.android.settings unSupportsSplitScreen by blockList or ForbidActivityList
03-03 02:10:40.940  3822  3930 D OplusSplitScreenManagerService: com.android.settings unSupportsSplitScreen by blockList or ForbidActivityList
03-03 02:10:40.942  3822  4569 I MemoryOperationUtils: add 32353 to inactive
03-03 02:10:40.953 32337 32337 V Configuration: Updating configuration, locales updated from [] to [en_GB]
03-03 02:10:40.960  3822  5654 W AppOpService: Ignored setUidMode call for runtime permission app op: uid = 10156, code = FINE_LOCATION, mode = foreground, callingUid = 1000, oldMode = foreground
03-03 02:10:40.960  3822  5654 W AppOpService: Ignored setUidMode call for runtime permission app op: uid = 10156, code = COARSE_LOCATION, mode = foreground, callingUid = 1000, oldMode = foreground
03-03 02:10:40.978  3822  4030 W ActivityManager: Slow operation: 70ms so far, now at startProcess: done updating battery stats
03-03 02:10:40.978  3822  4030 W ActivityManager: Slow operation: 70ms so far, now at startProcess: building log message
03-03 02:10:40.978  3822  4030 I ActivityManager: Start proc 32356:com.heytap.mcs.statistics/1000 for content provider {com.heytap.mcs/com.heytap.mcs.biz.statistics.provider.StatisticsContentProvider}
03-03 02:10:40.978  3822  4030 W ActivityManager: Slow operation: 70ms so far, now at startProcess: starting to update pids map
03-03 02:10:40.978  3822  4030 W ActivityManager: Slow operation: 70ms so far, now at startProcess: done updating pids map
03-03 02:10:40.978  3822  3930 I ActivityManager: ProcessObserver broadcast disabled
03-03 02:10:40.978  3822  4569 I MemoryOperationUtils: add 32356 to inactive
03-03 02:10:40.981  3822  5483 D ActivityTaskManagerServiceExtImpl: preBindApplication record is null
03-03 02:10:40.986  3822  3822 W Looper  : Slow dispatch took 112ms main app=system_server main=true group=UNKNOWN h=android.app.ActivityThread$H c=android.app.LoadedApk$ReceiverDispatcher$Args$$ExternalSyntheticLambda0@100d19a m=0
03-03 02:10:40.989  3822  4037 D CompatChangeReporter: Compat change id reported: 151861875; UID 10240; state: ENABLED
03-03 02:10:40.991  3822  5484 D ActivityTaskManagerServiceExtImpl: preBindApplication record is null
03-03 02:10:40.996  3822  5300 D ActivityTaskManagerServiceExtImpl: preBindApplication record is null
03-03 02:10:40.999  3822  3930 D OplusSplitScreenManagerService: com.android.settings unSupportsSplitScreen by blockList or ForbidActivityList
03-03 02:10:40.999  3822  3930 D OplusSplitScreenManagerService: com.android.settings unSupportsSplitScreen by blockList or ForbidActivityList
03-03 02:10:40.999  3822  3930 D OplusSplitScreenManagerService: com.android.settings unSupportsSplitScreen by blockList or ForbidActivityList
03-03 02:10:40.999  3822  3930 D OplusSplitScreenManagerService: com.android.settings unSupportsSplitScreen by blockList or ForbidActivityList
03-03 02:10:41.001  3822  4030 I ActivityManager: Start proc 32380:com.oplus.cosa/u0a169 for service {com.oplus.cosa/com.oplus.cosa.service.GameDaemonService}
03-03 02:10:41.001  3822  3930 I ActivityManager: ProcessObserver broadcast disabled
03-03 02:10:41.002  3822  4569 I MemoryOperationUtils: add 32380 to inactive
03-03 02:10:41.003  3822  3822 D BackupManagerConstants: getFullBackupIntervalMilliseconds(...) returns 86400000
03-03 02:10:41.003  3822  3822 D BackupManagerConstants: getFullBackupRequiredNetworkType(...) returns 2
03-03 02:10:41.004  3822  3822 D BackupManagerConstants: getFullBackupRequireCharging(...) returns true
03-03 02:10:41.005 32338 32338 V Configuration: Updating configuration, locales updated from [] to [en_GB]
03-03 02:10:41.012 32325 32325 V Configuration: Updating configuration, locales updated from [] to [en_GB]
03-03 02:10:41.027  3822  3822 I AppsFilter: interaction: PackageSetting{e35c7f0 com.android.microdroid.empty_payload/10292} -> PackageSetting{3717169 it.vfsfitvnm.vimusic.debug/10686} BLOCKED
03-03 02:10:41.027  3822  3822 I AppsFilter: interaction: PackageSetting{81177ee com.oplus.locationproxy/10179} -> PackageSetting{3717169 it.vfsfitvnm.vimusic.debug/10686} BLOCKED
03-03 02:10:41.028  3822  3822 I AppsFilter: interaction: PackageSetting{20ec48f com.android.certinstaller/10217} -> PackageSetting{3717169 it.vfsfitvnm.vimusic.debug/10686} BLOCKED
03-03 02:10:41.028  3822  3822 I AppsFilter: interaction: PackageSetting{5c7731c com.oplus.location/10229} -> PackageSetting{3717169 it.vfsfitvnm.vimusic.debug/10686} BLOCKED
03-03 02:10:41.038  3822  4947 D ShortcutService: received package broadcast intent: Intent { act=android.intent.action.PACKAGE_CHANGED dat=package: flg=0x5000010 (has extras) }
03-03 02:10:41.038  3822  4947 D ShortcutService: changing package: it.vfsfitvnm.vimusic.debug userId=0
03-03 02:10:41.039  3822  4947 D ShortcutService: handlePackageChanged: it.vfsfitvnm.vimusic.debug userId=0
03-03 02:10:41.039  3822  4947 D ShortcutService: rescanPackageIfNeeded 0@it.vfsfitvnm.vimusic.debug, forceRescan=true , isNewApp=true
03-03 02:10:41.040  3822  4947 D ShortcutService: Package it.vfsfitvnm.vimusic.debug has 0 manifest shortcut(s), and 0 share target(s)
03-03 02:10:41.044  3822  3822 D PermissionPolicyService: ignore updating user sensitive for uid 10686
03-03 02:10:41.047  3822  4037 D ActivityManager: pid 27216 com.android.vending received async transactions while frozen
03-03 02:10:41.049  3822  4037 D ActivityManager: sync unfroze 27216 com.android.vending for 3
03-03 02:10:41.049  3822  4037 D ActivityManager: Async freezing 27216 com.android.vending
03-03 02:10:41.049  3822  4037 D ActivityManager: Cancel freezing 27216 com.android.vending
03-03 02:10:41.049  3822  4037 D ActivityManager: Async freezing 27216 com.android.vending
03-03 02:10:41.050  3822  4715 D ActivityManager: reportOneUidFrozenStateChanged uid 10116 frozen = false
03-03 02:10:41.053  3822  4037 D ActivityManager: Cancel freezing 27216 com.android.vending
03-03 02:10:41.055  3822  4030 W ActivityManager: Slow operation: 66ms so far, now at startProcess: done updating battery stats
03-03 02:10:41.056  3822  4030 W ActivityManager: Slow operation: 66ms so far, now at startProcess: building log message
03-03 02:10:41.056  3822  4030 I ActivityManager: Start proc 32395:com.qualcomm.qti.workloadclassifier/u0a240 for broadcast {com.qualcomm.qti.workloadclassifier/com.qualcomm.qti.workloadclassifier.WLCReceiver}
03-03 02:10:41.056  3822  4030 W ActivityManager: Slow operation: 66ms so far, now at startProcess: starting to update pids map
03-03 02:10:41.056  3822  4030 W ActivityManager: Slow operation: 66ms so far, now at startProcess: done updating pids map
03-03 02:10:41.056  3822  3930 I ActivityManager: ProcessObserver broadcast disabled
03-03 02:10:41.058  3822  3858 D ActivityTaskManagerServiceExtImpl: preBindApplication record is null
03-03 02:10:41.058  3822  4569 I MemoryOperationUtils: add 32395 to inactive
03-03 02:10:41.061  3822  3930 D OplusSplitScreenManagerService: com.android.settings unSupportsSplitScreen by blockList or ForbidActivityList
03-03 02:10:41.061  3822  3930 D OplusSplitScreenManagerService: com.android.settings unSupportsSplitScreen by blockList or ForbidActivityList
03-03 02:10:41.069  3822  5347 W AppOpService: Ignored setUidMode call for runtime permission app op: uid = 10259, code = READ_CELL_BROADCASTS, mode = allow, callingUid = 1001, oldMode = allow
03-03 02:10:41.071 32353 32353 V Configuration: Updating configuration, locales updated from [] to [en_GB]
03-03 02:10:41.071 32380 32380 V Configuration: Updating configuration, locales updated from [] to [en_GB]
03-03 02:10:41.078 32337 32337 D ResourcesManagerExtImpl: applyConfigurationToAppResourcesLocked app.getDisplayId() return callback.displayId:-1
03-03 02:10:41.080  3822  3858 W AppOpService: Ignored setUidMode call for runtime permission app op: uid = 1001, code = READ_SMS, mode = allow, callingUid = 1001, oldMode = allow
03-03 02:10:41.084  3822  3858 W AppOpService: Ignored setUidMode call for runtime permission app op: uid = 1001, code = RECEIVE_SMS, mode = allow, callingUid = 1001, oldMode = allow
03-03 02:10:41.084  3822  3858 W AppOpService: Ignored setUidMode call for runtime permission app op: uid = 1001, code = RECEIVE_WAP_PUSH, mode = allow, callingUid = 1001, oldMode = allow
03-03 02:10:41.084  3822  3858 W AppOpService: Ignored setUidMode call for runtime permission app op: uid = 1001, code = SEND_SMS, mode = allow, callingUid = 1001, oldMode = allow
03-03 02:10:41.084  3822  3858 W AppOpService: Ignored setUidMode call for runtime permission app op: uid = 1001, code = READ_CELL_BROADCASTS, mode = allow, callingUid = 1001, oldMode = allow
03-03 02:10:41.088  3822  3858 D ActivityTaskManagerServiceExtImpl: preBindApplication record is null
03-03 02:10:41.093  3822  3930 D OplusSplitScreenManagerService: com.android.settings unSupportsSplitScreen by blockList or ForbidActivityList
03-03 02:10:41.093  3822  3930 D OplusSplitScreenManagerService: com.android.settings unSupportsSplitScreen by blockList or ForbidActivityList
03-03 02:10:41.109  3822  5347 D CompatChangeReporter: Compat change id reported: 151861875; UID 1000; state: ENABLED
03-03 02:10:41.109  3822  5347 D ActivityTaskManagerServiceExtImpl: preBindApplication record is null
03-03 02:10:41.144  3822  4768 V AccessibilityManagerService: onUserStateChangedLocked for user 0 with forceUpdate: false mEnabledServices = [] mCrashedServices = [] hasMagnificationConnection=false
03-03 02:10:41.144  3822  4768 W MagnificationConnectionManager: requestConnection duplicated request: connect=false, mConnectionState=DISCONNECTED
03-03 02:10:41.152 32356 32356 V Configuration: Updating configuration, locales updated from [] to [en_GB]
03-03 02:10:41.152  3822  4762 I VibrationEffectConvertor: onInputMethodListUpdated received, info.size = 3
03-03 02:10:41.152  3822  4762 I VibrationEffectConvertor: userid = 0, packageName = com.google.android.tts
03-03 02:10:41.152  3822  4762 I VibrationEffectConvertor: userid = 0, packageName = com.google.android.inputmethod.latin
03-03 02:10:41.152  3822  4762 I VibrationEffectConvertor: userid = 0, packageName = com.oplus.securitykeyboard
03-03 02:10:41.156 32338 32338 D ResourcesManagerExtImpl: applyConfigurationToAppResourcesLocked app.getDisplayId() return callback.displayId:-1
03-03 02:10:41.165 32395 32395 V Configuration: Updating configuration, locales updated from [] to [en_GB]
03-03 02:10:41.170 32380 32380 D ResourcesManagerExtImpl: applyConfigurationToAppResourcesLocked app.getDisplayId() return callback.displayId:-1
03-03 02:10:41.183 32353 32353 D ResourcesManagerExtImpl: applyConfigurationToAppResourcesLocked app.getDisplayId() return callback.displayId:-1
03-03 02:10:41.198  3822  5482 D ActivityManager: sync unfroze 31888 com.heytap.mcs.appservice for 6
03-03 02:10:41.202  3822  5482 I ActivityManager: Flag disabled. Ignoring finishAttachApplication from uid: 10185. pid: 32337
03-03 02:10:41.206  3822  5482 W ContentProviderHelper: Permission Denial: opening provider com.pantanal.server.decision.result.DecisionProvider from ProcessRecord{c6c3a4a 32338:com.oplus.securepay/u0a321} (pid=32338, uid=10321) requires com.oplus.permission.safe.ASSISTANT or com.oplus.permission.safe.ASSISTANT
03-03 02:10:41.227 32395 32395 E OplusCustomizePackageManager: mIOplusCustomizePackageManagerService is null
03-03 02:10:41.228 32395 32395 E OplusCustomizePackageManager: mIOplusCustomizePackageManagerService is null
03-03 02:10:41.228 32395 32395 E OplusCustomizePackageManager: isOplusCertificatePackage Errorjava.lang.NullPointerException: Attempt to invoke interface method 'boolean android.os.customize.IOplusCustomizePackageManagerService.isOplusCertificatePackage(java.lang.String)' on a null object reference
03-03 02:10:41.231  3822  3858 D UsageStatsService: User[0] type=3 b=1740948041229 e=1772484041229 cb=1752638131799 ce=1772484041195 disk=0 all=450
03-03 02:10:41.255  3822  3822 D HealthConnectTrackerManagerImpl: No packages eligible for step tracking. Aborting initialization.
03-03 02:10:41.258  3822  5482 I ActivityManager: Flag disabled. Ignoring finishAttachApplication from uid: 10321. pid: 32338
03-03 02:10:41.264  3822  5334 D ActivityManager: Async freezing 31888 com.heytap.mcs.appservice
03-03 02:10:41.265  3822  4030 I ActivityManager: Start proc 32486:com.google.android.packageinstaller/u0a242 for broadcast {com.google.android.packageinstaller/com.android.packageinstaller.PackageInstalledReceiver}
03-03 02:10:41.265  3822  4569 I MemoryOperationUtils: add 32486 to inactive
03-03 02:10:41.266  3822  3930 I ActivityManager: ProcessObserver broadcast disabled
03-03 02:10:41.291 31888 31926 W ContextImpl: Calling a method in the system process without a qualified user: android.app.ContextImpl.startService:2032 android.content.ContextWrapper.startService:865 n4.b.O:9 m4.a.a:1 com.heytap.mcs.biz.appservice.command.b.b:24 
03-03 02:10:41.291  3822  5483 W ActivityManager: Unable to start service Intent { act= xflg=0x4 pkg=com.oplus.romupdate (has extras) mCallingUid=1000 } U=0: not found
03-03 02:10:41.298  3822  5484 D ActivityTaskManagerServiceExtImpl: preBindApplication record is null
03-03 02:10:41.308  3822  3930 D OplusSplitScreenManagerService: com.android.settings unSupportsSplitScreen by blockList or ForbidActivityList
03-03 02:10:41.308  3822  3930 D OplusSplitScreenManagerService: com.android.settings unSupportsSplitScreen by blockList or ForbidActivityList
03-03 02:10:41.330 32395 32395 D ResourcesManagerExtImpl: applyConfigurationToAppResourcesLocked app.getDisplayId() return callback.displayId:-1
03-03 02:10:41.335  3822  5483 I ActivityManager: Flag disabled. Ignoring finishAttachApplication from uid: 1000. pid: 32325
03-03 02:10:41.340  3822  3858 D UsageStatsService: User[0] type=3 b=1740948041334 e=1772484041334 cb=1752638131799 ce=1772484041195 disk=0 all=450
03-03 02:10:41.341  3822  3858 D CompatChangeReporter: Compat change id reported: 297989574; UID 1000; state: ENABLED
03-03 02:10:41.344  3822  3858 I ActivityManager: Flag disabled. Ignoring finishAttachApplication from uid: 10240. pid: 32395
03-03 02:10:41.345  3822  3858 D ActivityManager: Async freezing 32325 com.oplus.securitypermission
03-03 02:10:41.361  3822  5484 D ActivityManager: Async freezing 32395 com.qualcomm.qti.workloadclassifier
03-03 02:10:41.368  3822  4950 D ActivityManager: Cancel freezing 32395 com.qualcomm.qti.workloadclassifier
03-03 02:10:41.374  3822  4030 I ActivityManager: Start proc 32548:com.android.vending:background/u0a116 for broadcast {com.android.vending/com.google.android.finsky.packagemonitor.backgroundimpl.BackgroundPackageMonitorReceiverImpl$RegisteredReceiver}
03-03 02:10:41.375  3822  3930 I ActivityManager: ProcessObserver broadcast disabled
03-03 02:10:41.378 32486 32486 V Configuration: Updating configuration, locales updated from [] to [en_GB]
03-03 02:10:41.412  3822  4569 I MemoryOperationUtils: add 32548 to com.android.vending
03-03 02:10:41.413  3822  4564 D CompatChangeReporter: Compat change id reported: 311402873; UID 10200; state: ENABLED
03-03 02:10:41.413  3822  4564 D CompatChangeReporter: Compat change id reported: 323349338; UID 10200; state: ENABLED
03-03 02:10:41.423  3822  5210 D UsageStatsService: User[0] type=3 b=1740948041422 e=1772484041422 cb=1752638131799 ce=1772484041195 disk=0 all=450
03-03 02:10:41.427  3822  4721 V AlarmManager: sending alarm Alarm{f155346 type 2 origWhen 200664696 whenElapsed 200664696 android} uid 1000 whenElapsed 200664696 windowLength 0 maxWhenElapsed 200664696 repeatInterval 0 action null component null tag *job.deadline* flags 0x0 procName system_server
03-03 02:10:41.428  3822  5444 V AutofillManagerServiceImpl: setAugmentedAutofillWhitelistLocked(packages=[com.whatsapp, jp.naver.line.android, org.thoughtcrime.securesms, com.google.android.apps.miphone.aiai.autofill.testapps.autofillapp, com.google.android.apps.miphone.aiai.translate.testapps.chatapp, com.google.android.apps.messaging, com.google.android.apps.maps, com.ubercab, com.google.android.dialer], activities=null)
03-03 02:10:41.428  3822  5444 V AutofillManagerServiceImpl: whitelisting packages: [com.whatsapp, jp.naver.line.android, org.thoughtcrime.securesms, com.google.android.apps.miphone.aiai.autofill.testapps.autofillapp, com.google.android.apps.miphone.aiai.translate.testapps.chatapp, com.google.android.apps.messaging, com.google.android.apps.maps, com.ubercab, com.google.android.dialer]and activities: null
03-03 02:10:41.443  3822  5722 I NativeFreezeManager: Get dex2oat pid more than 3 times
03-03 02:10:41.468  3822  4721 V AlarmManager: sending alarm Alarm{3f7d238 type 2 origWhen 200625048 whenElapsed 200625048 com.facebook.services} uid 10247 whenElapsed 200625048 windowLength 224999 maxWhenElapsed 200850047 repeatInterval 0 action com.facebook.rti.fbns.intent.ACTION_ALARM.FBNS_SCHEDULED_REDELIVERY component null flags 0x20 procName com.facebook.services
03-03 02:10:41.532  3822  5485 D ActivityManager: Async freezing 27216 com.android.vending
03-03 02:10:41.542 17669 18705 E ActivityThread: Failed to find provider info for com.oplus.phonemanager.GrayProductProvider
03-03 02:10:41.549 32548 32548 V Configuration: Updating configuration, locales updated from [] to [en_GB]
03-03 02:10:41.554  3822  5347 I ActivityManager: Flag disabled. Ignoring finishAttachApplication from uid: 1000. pid: 32356
03-03 02:10:41.554 17669 18705 E ActivityThread: Failed to find provider info for com.oplus.phonemanager.GrayProductProvider
03-03 02:10:41.558  3822  4030 W ActivityManager: Slow operation: 53ms so far, now at startProcess: done updating battery stats
03-03 02:10:41.559  3822  4030 W ActivityManager: Slow operation: 54ms so far, now at startProcess: building log message
03-03 02:10:41.559  3822  4030 I ActivityManager: Start proc 32583:com.oplus.pantanal.ums:uiSetting/u0a134 for content provider {com.oplus.pantanal.ums/com.ums.aisetting.provider.AISettingDataProvider}
03-03 02:10:41.559  3822  4030 W ActivityManager: Slow operation: 54ms so far, now at startProcess: starting to update pids map
03-03 02:10:41.560  3822  4030 W ActivityManager: Slow operation: 54ms so far, now at startProcess: done updating pids map
03-03 02:10:41.561  3822  3930 I ActivityManager: ProcessObserver broadcast disabled
03-03 02:10:41.565  3822  4569 I MemoryOperationUtils: add 32583 to inactive
03-03 02:10:41.565  3822  4562 I ActivityManager: Flag disabled. Ignoring finishAttachApplication from uid: 10237. pid: 32353
03-03 02:10:41.578  3822  4030 I ActivityManager: Start proc 32598:com.google.android.apps.nbu.files/u0a251 for broadcast {com.google.android.apps.nbu.files/com.google.android.apps.nbu.files.documentbrowser.browselanding.rootcontainerlist.receiver.PackageChangeReceiver_Receiver}
03-03 02:10:41.578  3822  3930 I ActivityManager: ProcessObserver broadcast disabled
03-03 02:10:41.580  3822  4569 I MemoryOperationUtils: add 32598 to com.google.android.apps.nbu.files
03-03 02:10:41.601  3822  4562 D PackageManager_InfoGetNullLogPrint: Target:com.heytap.quicksearchbox callingUid=10205 userid=0 flag=0xc0000 reason is AppInfo not found in mPackages
03-03 02:10:41.621 32486 32486 D ResourcesManagerExtImpl: applyConfigurationToAppResourcesLocked app.getDisplayId() return callback.displayId:-1
03-03 02:10:41.634  3822  4721 V AlarmManager: sending alarm Alarm{f1b9860 type 1 origWhen 1772484041627 whenElapsed 200664897 android} uid 1000 whenElapsed 200664897 windowLength 0 maxWhenElapsed 200664897 repeatInterval 0 action null component null tag StorgaeBandInfoAlarmTag flags 0x9 procName system_server
03-03 02:10:41.675  3822  4593 D CompatChangeReporter: Compat change id reported: 151861875; UID 10200; state: ENABLED
03-03 02:10:41.685  3822  3822 W Looper  : Slow dispatch took 223ms main app=system_server main=true group=UNKNOWN h=com.android.server.alarm.AlarmManagerService$AlarmHandler c=null m=7
03-03 02:10:41.685  3822  3822 W Looper  : Slow delivery took 237ms main app=system_server main=true group=UNKNOWN h=com.android.server.alarm.AlarmManagerService$AlarmHandler c=null m=7
03-03 02:10:41.700  3822  4030 I ActivityManager: Start proc 32634:com.oplus.deepthinker:worker/u0a200 for service {com.oplus.deepthinker/com.oplus.deepthinker.internal.inner.proton.schedule.TrainJobService}
03-03 02:10:41.702  3822  3930 I ActivityManager: ProcessObserver broadcast disabled
03-03 02:10:41.702  3822  4562 D ActivityTaskManagerServiceExtImpl: preBindApplication record is null
03-03 02:10:41.706  3822  3822 W Looper  : Drained
03-03 02:10:41.708  3822  4956 W ActivityManager: Receiver with filter android.content.IntentFilter@596365b already registered for pid 32356, callerPackage is com.heytap.mcs
03-03 02:10:41.711  3822  5368 I ActivityManager: Flag disabled. Ignoring finishAttachApplication from uid: 10242. pid: 32486
03-03 02:10:41.713  3822  5347 I GameManagerServiceExt-GameRemoteCallbackManager: setCosaCallback: android.os.BinderProxy@4e6e80d
03-03 02:10:41.714  3822  5444 D ActivityTaskManagerServiceExtImpl: preBindApplication record is null
03-03 02:10:41.715  3822  4950 W PackageManager: package com.oplus.dmp uid 10317 pid 28144 call SetEnabledSetting(com.oplus.dmp component = androidx.work.impl.background.systemalarm.RescheduleReceiver, 1, 0)
03-03 02:10:41.719  3822  4569 I MemoryOperationUtils: add 32634 to inactive
03-03 02:10:41.719  3822  3930 D OplusSplitScreenManagerService: com.android.settings unSupportsSplitScreen by blockList or ForbidActivityList
03-03 02:10:41.719  3822  3930 D OplusSplitScreenManagerService: com.android.settings unSupportsSplitScreen by blockList or ForbidActivityList
03-03 02:10:41.727 32583 32583 V Configuration: Updating configuration, locales updated from [] to [en_GB]
03-03 02:10:41.728  3822  4956 I ActivityManager: Flag disabled. Ignoring finishAttachApplication from uid: 10169. pid: 32380
03-03 02:10:41.731  3822  5332 D ActivityManager: Async freezing 32486 com.google.android.packageinstaller
03-03 02:10:41.744 32598 32598 V Configuration: Updating configuration, locales updated from [] to [en_GB]
03-03 02:10:41.744  3822  5543 W ActivityManager: Receiver with filter android.content.IntentFilter@36f2071 already registered for pid 32356, callerPackage is com.heytap.mcs
03-03 02:10:41.811 32583 32583 D ResourcesManagerExtImpl: applyConfigurationToAppResourcesLocked app.getDisplayId() return callback.displayId:-1
03-03 02:10:41.816  3822  5334 D UsageStatsService: User[0] type=0 b=1772482577695 e=1772484041799 cb=1772438906584 ce=1772484041706 disk=0 all=215
03-03 02:10:41.816  3822  5486 D ActivityTaskManagerServiceExtImpl: preBindApplication record is null
03-03 02:10:41.840 32634 32634 V Configuration: Updating configuration, locales updated from [] to [en_GB]
03-03 02:10:41.859  3822  4950 I ActivityManager: Flag disabled. Ignoring finishAttachApplication from uid: 10134. pid: 32583
03-03 02:10:41.879  3822  5654 W AppOps  : setUidMode() called with a mode inconsistent with runtime permission state, this is discouraged and you should revoke the runtime permission instead: uid=10250, switchCode=0, mode=4, permission=android.permission.ACCESS_BACKGROUND_LOCATION
03-03 02:10:41.879  3822  5654 W AppOpService: Ignored setUidMode call for runtime permission app op: uid = 10250, code = COARSE_LOCATION, mode = foreground, callingUid = 1000, oldMode = foreground
03-03 02:10:41.879  3822  5654 W AppOpService: Ignored setUidMode call for runtime permission app op: uid = 10106, code = FINE_LOCATION, mode = foreground, callingUid = 1000, oldMode = foreground
03-03 02:10:41.879  3822  5654 W AppOpService: Ignored setUidMode call for runtime permission app op: uid = 10106, code = COARSE_LOCATION, mode = foreground, callingUid = 1000, oldMode = foreground
03-03 02:10:41.890  3822  5654 W AppOps  : setUidMode() called with a mode inconsistent with runtime permission state, this is discouraged and you should revoke the runtime permission instead: uid=10250, switchCode=0, mode=4, permission=android.permission.ACCESS_BACKGROUND_LOCATION
03-03 02:10:41.890  3822  5654 W AppOpService: Ignored setUidMode call for runtime permission app op: uid = 10250, code = COARSE_LOCATION, mode = foreground, callingUid = 1000, oldMode = foreground
03-03 02:10:41.899  3822  5654 W AppOpService: Ignored setUidMode call for runtime permission app op: uid = 10156, code = FINE_LOCATION, mode = foreground, callingUid = 1000, oldMode = foreground
03-03 02:10:41.899  3822  5654 W AppOpService: Ignored setUidMode call for runtime permission app op: uid = 10156, code = COARSE_LOCATION, mode = foreground, callingUid = 1000, oldMode = foreground
03-03 02:10:41.921 32634 32634 D ResourcesManagerExtImpl: applyConfigurationToAppResourcesLocked app.getDisplayId() return callback.displayId:-1
03-03 02:10:41.944  3822  4569 D osense.compress: com.google.android.inputmethod.latin do shrink, target ratio = 85, final ratio = 90, cur ratio = 80
03-03 02:10:41.944  3822  5484 I ActivityManager: Flag disabled. Ignoring finishAttachApplication from uid: 10200. pid: 32634
03-03 02:10:41.991 32548 32548 D ResourcesManagerExtImpl: applyConfigurationToAppResourcesLocked app.getDisplayId() return callback.displayId:-1
03-03 02:10:42.025  3822  5444 D ActivityManager: Cancel freezing 27216 com.android.vending
03-03 02:10:42.097 32598 32598 D ResourcesManagerExtImpl: applyConfigurationToAppResourcesLocked app.getDisplayId() return callback.displayId:-1
03-03 02:10:42.127  3822  4001 W AnrLogEnhancementHelperImpl: app side detected 3822 dynamic_receiver cost time = 1185
03-03 02:10:42.127  3822  4001 W LoadedApk: System took : 1186ms in onReceive of class android.content.pm.RegisteredServicesCache$1 for action : android.intent.action.PACKAGE_ADDED
03-03 02:10:42.143  3822  4029 D ActivityManager: Async freezing 28493 com.oplus.screenrecorder
03-03 02:10:42.206  3822  5484 D ActivityManager: Async freezing 27216 com.android.vending
03-03 02:10:42.286  3822  4001 W LoadedApk: System took : 158ms in onReceive of class android.content.pm.RegisteredServicesCache$1 for action : android.intent.action.PACKAGE_ADDED
03-03 02:10:42.286  3822  4001 V AutofillManagerService: onPackageModified(): it.vfsfitvnm.vimusic.debug
03-03 02:10:42.324  3822  5017 D OplusDeepThinkerExService: appType onReceive
03-03 02:10:42.328  3822  5543 D CompatChangeReporter: Compat change id reported: 311208629; UID 10200; state: ENABLED
03-03 02:10:42.328  3822  5486 I ActivityManager: Flag disabled. Ignoring finishAttachApplication from uid: 10251. pid: 32598
03-03 02:10:42.329  3822  5017 D AppTypeHttpClient: getAppStoreKindInfo
03-03 02:10:42.393  3822  5444 I ActivityManager: Flag disabled. Ignoring finishAttachApplication from uid: 10116. pid: 32548
03-03 02:10:42.456  3822  4001 D AppProfilerExtImpl: Skipped pss collection for bg CPU busy
03-03 02:10:42.481  3822  4956 I ActivityManager: Death received, pid = 32634, processName = com.oplus.deepthinker:worker for thread android.os.BinderProxy@25db1cc
03-03 02:10:42.482  3822  8593 I ActivityManager: Process com.oplus.deepthinker:worker (pid 32634) has died: cch+5 CEM 
03-03 02:10:42.535  3822  5017 D AppTypeHttpClient: HttpResponse OK
03-03 02:10:42.536  3822  5017 D AppTypeHttpClient: response size: 155
03-03 02:10:42.539  3822  5017 W LoadedApk: System took : 215ms in onReceive of class com.oplus.deepthinker.service.OplusDeepThinkerExService$1 for action : oplus.intent.action.DEEPTHINKER_GET_APP_STORE_INFO
03-03 02:10:42.556  3822  4948 D ActivityManager: Async freezing 32548 com.android.vending:background
03-03 02:10:42.716  3822  4138 I AppsFilter: interaction: PackageSetting{e35c7f0 com.android.microdroid.empty_payload/10292} -> PackageSetting{6d28186 com.oplus.dmp/10317} BLOCKED
03-03 02:10:42.716  3822  4138 I AppsFilter: interaction: PackageSetting{3717169 it.vfsfitvnm.vimusic.debug/10686} -> PackageSetting{6d28186 com.oplus.dmp/10317} BLOCKED
03-03 02:10:42.716  3822  4138 I AppsFilter: interaction: PackageSetting{81177ee com.oplus.locationproxy/10179} -> PackageSetting{6d28186 com.oplus.dmp/10317} BLOCKED
03-03 02:10:42.716  3822  4138 I AppsFilter: interaction: PackageSetting{20ec48f com.android.certinstaller/10217} -> PackageSetting{6d28186 com.oplus.dmp/10317} BLOCKED
03-03 02:10:42.716  3822  4138 I AppsFilter: interaction: PackageSetting{5c7731c com.oplus.location/10229} -> PackageSetting{6d28186 com.oplus.dmp/10317} BLOCKED
03-03 02:10:42.731  3822  4762 I VibrationEffectConvertor: onInputMethodListUpdated received, info.size = 3
03-03 02:10:42.731  3822  4762 I VibrationEffectConvertor: userid = 0, packageName = com.google.android.tts
03-03 02:10:42.731  3822  4762 I VibrationEffectConvertor: userid = 0, packageName = com.google.android.inputmethod.latin
03-03 02:10:42.731  3822  4762 I VibrationEffectConvertor: userid = 0, packageName = com.oplus.securitykeyboard
03-03 02:10:42.735  3822  4768 V AccessibilityManagerService: onUserStateChangedLocked for user 0 with forceUpdate: false mEnabledServices = [] mCrashedServices = [] hasMagnificationConnection=false
03-03 02:10:42.735  3822  4768 W MagnificationConnectionManager: requestConnection duplicated request: connect=false, mConnectionState=DISCONNECTED
03-03 02:10:42.775  3822  4001 V AutofillManagerService: onPackageModified(): com.oplus.dmp
03-03 02:10:43.075  3822  4948 W AppOpService: Ignored setUidMode call for runtime permission app op: uid = 10259, code = READ_CELL_BROADCASTS, mode = allow, callingUid = 1001, oldMode = allow
03-03 02:10:43.083  3822  4948 W AppOpService: Ignored setUidMode call for runtime permission app op: uid = 1001, code = READ_SMS, mode = allow, callingUid = 1001, oldMode = allow
03-03 02:10:43.084  3822  4948 W AppOpService: Ignored setUidMode call for runtime permission app op: uid = 1001, code = RECEIVE_SMS, mode = allow, callingUid = 1001, oldMode = allow
03-03 02:10:43.085  3822  4948 W AppOpService: Ignored setUidMode call for runtime permission app op: uid = 1001, code = RECEIVE_WAP_PUSH, mode = allow, callingUid = 1001, oldMode = allow
03-03 02:10:43.085  3822  4948 W AppOpService: Ignored setUidMode call for runtime permission app op: uid = 1001, code = SEND_SMS, mode = allow, callingUid = 1001, oldMode = allow
03-03 02:10:43.086  3822  4948 W AppOpService: Ignored setUidMode call for runtime permission app op: uid = 1001, code = READ_CELL_BROADCASTS, mode = allow, callingUid = 1001, oldMode = allow
03-03 02:10:43.148  3822  4029 D ActivityManager: Async freezing 28519 com.heytap.cloud
03-03 02:10:43.148  3822  4029 D ActivityManager: Async freezing 28422 com.oplus.aiwriter
03-03 02:10:43.149  3822  4029 D ActivityManager: Async freezing 28725 com.oplus.sos
03-03 02:10:43.149  3822  4029 D ActivityManager: Async freezing 30904 com.google.android.googlequicksearchbox:search
03-03 02:10:43.149  3822  4029 D ActivityManager: Async freezing 28723 com.android.phone:satellite
03-03 02:10:43.150  3822  4029 D ActivityManager: Async freezing 28564 com.google.android.projection.gearhead:projection
03-03 02:10:43.174  3822  4063 D PowerManagerService: userActivityNoUpdateLocked: groupId=0, eventTime=89511193, event=touch, flags=0x0, uid=1000
03-03 02:10:43.228  3822  4010 W QosScheduler: getScenario failed! scenarios is null, mask=4
03-03 02:10:43.229  3822  4010 W QosScheduler: executeSceneQosStrategy get scenario failed! scenario is null
03-03 02:10:43.230  3822  4948 I VibratorManagerServiceExtImpl: cancelVibrate uid=10205, pid=5787, usageFilter=-1, token=97679557
03-03 02:10:43.230  3822  4014 D OplusSplitScreenManagerService: com.android.settings unSupportsSplitScreen by blockList or ForbidActivityList
03-03 02:10:43.231  3822  4014 D OplusSplitScreenManagerService: com.android.settings unSupportsSplitScreen by blockList or ForbidActivityList
03-03 02:10:43.231  3822  4014 D OplusSplitScreenManagerService: com.android.settings unSupportsSplitScreen by blockList or ForbidActivityList
03-03 02:10:43.231  3822  4014 D OplusSplitScreenManagerService: com.android.settings unSupportsSplitScreen by blockList or ForbidActivityList
03-03 02:10:43.252  3822  3930 D SystemGestures: detectSwipe: 2
03-03 02:10:43.253  5545  5606 V ShellRecents: RecentsTransitionHandler.startRecentsTransition
03-03 02:10:43.256  5545  5606 V WindowManagerShell: Directly starting a new transition type=TO_FRONT wct=WindowContainerTransaction { changes= {} hops= [{pendingIntent: options=Bundle[{android.activity.splashScreenStyle=-1, android.activity.sourceInfo=Supplier{VAL_PARCELABLE@148+104}, deviceintegration:remotetask.launchOption=-1, android:activity.animAbortListener=null, trigger_preBoot_limit_size=-1, androidx.activity.extra=Bundle[EMPTY_PARCEL], android.activity.transientLaunch=true, android:activity.mZoomLaunchFlags=0}]}] errorCallbackToken=null taskFragmentOrganizer=null } handler=com.android.wm.shell.recents.RecentsTransitionHandler@11efed9
03-03 02:10:43.257  3822  3930 D WindowManager: request show transient bar, navigationBar already visible
03-03 02:10:43.262  3822  4948 D RefreshRate: Trigger app switch boost, ar=ActivityRecord{77230470 u0 com.android.launcher/.Launcher t5},currDisplayRate=120.00001,boostId=3
03-03 02:10:43.262  3822  4948 D RefreshRate: setDisplayConfigSpecs complete: targetMode={id=1, width=1240, height=2772, fps=120.00001, vsync=120.00001, synthetic=false, alternativeRefreshRates=[60.000004, 90.0], supportedHdrTypes=[2, 3, 4]},srcMode={id=1, width=1240, height=2772, fps=120.00001, vsync=120.00001, synthetic=false, alternativeRefreshRates=[60.000004, 90.0], supportedHdrTypes=[2, 3, 4]},sfModId=0,rate=120.00001
03-03 02:10:43.262  3822  4948 D RefreshRate: startAppSwitchBoost targetMode={id=1, width=1240, height=2772, fps=120.00001, vsync=120.00001, synthetic=false, alternativeRefreshRates=[60.000004, 90.0], supportedHdrTypes=[2, 3, 4]} record=ActivityRecord{77230470 u0 com.android.launcher/.Launcher t5}: votes=PRIORITY_START_ANIMATION_BOOST -> Vote{mRefreshRate=120.0, mMinRefreshRate=120.0, mRequestSource=null};PRIORITY_WINDOW_REQUEST -> Vote{mRefreshRate=120.0, mMinRefreshRate=120.0, mRequestSource=null};
03-03 02:10:43.262  3822  4948 D ActivityTaskManager: setAppVisibility(Token{a7e30a4 ActivityRecord{77230470 u0 com.android.launcher/.Launcher t5}}, visible=true):  visible=false mVisibleRequested=false
03-03 02:10:43.263  3822  4948 D WindowManager: NFW_setClientVisible:ActivityRecord{77230470 u0 com.android.launcher/.Launcher t5} clientVisible:true
03-03 02:10:43.264  3822  4085 D RefreshRate: do setDisplayConfigSpecs  
03-03 02:10:43.265  3822  4948 D ActivityTaskManager: setVisibility(Token{a7e30a4 ActivityRecord{77230470 u0 com.android.launcher/.Launcher t5}}, visible=true) defer commitVisibility for transition collecting
03-03 02:10:43.265  3822  4010 I UserAwareMgr: handleTopAppChanged: com.android.launcher, pid: 5787, uid: 10205
03-03 02:10:43.266  3822  4948 D FlexibleTaskController: onTaskFocusChanged prevTask:Task{d2265cd #28689 type=standard A=1000:com.android.settings.root} ,currentTask:Task{63d5c5b #5 type=home I=com.android.launcher/.Launcher}, reason: resumeTopActivity - onActivityStateChanged
03-03 02:10:43.266  3822  4948 D OplusFlexibleDCSManager: onNextPkgChanged pkg = com.android.launcher
03-03 02:10:43.266  3822  4085 D DisplayModeDirector: setAppRequest displayId : 0  modeId: 1  requestedRefreshRate: 120.00001  requestedMinRefreshRateRange: 120.00001  requestedMaxRefreshRateRange: 120.00001
03-03 02:10:43.267  3822  4948 D WindowManager: rotation(ROTATION_0) no changed  displayId = 0, lastOrientation = 5
03-03 02:10:43.268  3822  4948 D OplusFeatureColorMode: ColorMode getColorMode =3
03-03 02:10:43.268  3822  4948 D ColorDisplayServiceExtImpl: getWCGVersion1App, packageName=com.android.launcher, sSupportWCG1 = true, sSupportWCG3 = false, nRet = 0
03-03 02:10:43.270  3822  4948 D WindowManager: NFW_setClientVisible:WallpaperWindowToken{c0e66a1 showWhenLocked=true} clientVisible:true
03-03 02:10:43.271  3822  4948 D DisplayModeDirector: setAppRequest displayId : 0  modeId: 1  requestedRefreshRate: 0.0  requestedMinRefreshRateRange: 0.0  requestedMaxRefreshRateRange: 120.00001
03-03 02:10:43.273  3822  4948 D WindowManager: onSyncFinishedDrawing: Window{6e9707c u0 com.android.launcher/com.android.launcher.Launcher}
03-03 02:10:43.273  3822  4010 I UserAwareMgr: handleTopAppChanged: com.google.android.googlequicksearchbox, pid: 25722, uid: 10126
03-03 02:10:43.273  3822  4948 D ActivityTaskManager: commitVisibility: ActivityRecord{77230470 u0 com.android.launcher/.Launcher t5}: visible=true visibleRequested=true, isInTransition=true 
03-03 02:10:43.273  3822  4948 E OplusAppQuickStart_AppQuickStartController: not start from launcher transition:5104
03-03 02:10:43.273  3822  4948 D Transition: collectOrderChanges onTopTasksEnd: [Task{2d5e9a #1 type=home}, Task{63d5c5b #5 type=home I=com.android.launcher/.Launcher}], reportedOnTop:null, mOnTopTasksStart: [Task{d2265cd #28689 type=standard A=1000:com.android.settings.root}], TDA child: [Task{44bb559 #28684 type=standard A=10173:com.oneplus.calculator}, Task{8eafb7b #28683 type=standard A=10277:com.google.android.apps.photos}, Task{870a5ad #28641 type=standard A=10348:com.phonepe.app nonResizable}, Task{bddfc68 #28664 type=standard A=10259:com.google.android.apps.messaging}, Task{c6f60c3 #2 type=undefined}, Task{40ca6bc #28536 type=standard A=10156:com.android.chrome}, Task{cbd9799 #28387 type=standard A=10041:com.microsoft.teams}, Task{232517e #28647 type=standard A=10164:com.google.android.apps.maps}, Task{23bfea4 #28333 type=standard A=10162:com.google.android.gm}, Task{e4c9e12 #28688 type=standard A=10347:com.flipkart.android}, Task{47895c5 #28329 type=standard A=10368:android.task.contacts}, Task{1a01eb #28608 type=standard A=10050:com.linkedin.android}, Task{dc0370a #28625 type=standard A=10260:com.oppo.gallery3d.app.Gallery}, Task{88188be #28687 type=standard A=10116:com.android.vending}, Task{ff94c47 #28581 type=standard A=10126:com.google.android.googlequicksearchbox.googleapp}, Task{d8322c #28691 type=standard A=10326:com.whatsapp}, Task{c5eeaf0 #28334 type=standard A=10168:com.google.android.youtube}, Task{d2265cd #28689 type=standard A=1000:com.android.settings.root}, Task{2d5e9a #1 type=home}]
03-03 02:10:43.273  3822  4948 D Transition: collectOrderChanges **mParticipants add task: Task{63d5c5b #5 type=home I=com.android.launcher/.Launcher}
03-03 02:10:43.273  3822  4948 D Transition: collectOrderChanges **mParticipants add task: Task{2d5e9a #1 type=home}
03-03 02:10:43.274  3822  4010 I UserAwareMgr: handleTopAppChanged: com.google.android.googlequicksearchbox, pid: 32101, uid: 10126
03-03 02:10:43.274  3822  4948 D OplusFlexibleActivityTransitionManager: fixTransitType type result:3, targets: [ChangeInfo{175abbe container=Task{2d5e9a #1 type=home} flags=0x30}, ChangeInfo{c62341f container=Task{d2265cd #28689 type=standard A=1000:com.android.settings.root} flags=0x4}, ChangeInfo{abd36c container=WallpaperWindowToken{c0e66a1 showWhenLocked=true} flags=0x0}]
03-03 02:10:43.276  3822  4063 D PowerManagerService: userActivityNoUpdateLocked: groupId=0, eventTime=89511297, event=touch, flags=0x0, uid=1000
03-03 02:10:43.276  3822  4948 D OplusTransitionAnimationManager: activityRecordCount0fullScreenArBeHindStartingWindow null
03-03 02:10:43.276  3822  4948 D OplusSplitScreenManagerService: com.android.settings unSupportsSplitScreen by blockList or ForbidActivityList
03-03 02:10:43.276  3822  4948 D OplusSplitScreenManagerService: com.android.settings unSupportsSplitScreen by blockList or ForbidActivityList
03-03 02:10:43.276  3822  4948 D OplusTransitionAnimationManager: activityRecordCount0fullScreenArBeHindStartingWindow null
03-03 02:10:43.276  3822  4948 D OplusTransitionAnimationManager: activityRecordCount0fullScreenArBeHindStartingWindow null
03-03 02:10:43.276  3822  4948 D OplusTransitionAnimationManager: dispatchTransitionReadyToClient topWin=Window{5647474 u0 com.android.settings/com.android.settings.Settings}, transitionId=5104, hasRemoteOpenFromViewSeamlessTransition=false
03-03 02:10:43.277  3822  4948 D QuickBackInputPolicy: resetInputInterceptState for remoteTransition: true
03-03 02:10:43.277  3822  4948 D OplusTransitionController: onTransactionReady, transition: 5104, info: {id=5104 t=TO_FRONT f=0x80 trk=0 r=[0@Point(0, 0)] c=[{WCT{RemoteToken{d7cf702 Task{2d5e9a #1 type=home}}} m=TO_FRONT f=SHOW_WALLPAPER|MOVE_TO_TOP leash=Surface(name=Task=1)/@0x7031b77 sb=Rect(0, 0 - 1240, 2772) eb=Rect(0, 0 - 1240, 2772) epz=Point(1240, 2772) d=0 taskParent=-1},{WCT{RemoteToken{da0e5e2 Task{d2265cd #28689 type=standard A=1000:com.android.settings.root}}} m=TO_BACK f=NONE leash=Surface(name=Task=28689)/@0xb42dbda sb=Rect(0, 0 - 1240, 2772) eb=Rect(0, 0 - 1240, 2772) epz=Point(1240, 2772) d=0 taskParent=-1},{m=TO_FRONT f=IS_WALLPAPER leash=Surface(name=WallpaperWindowToken{c0e66a1 showWhenLocked=false})/@0xe88b155 sb=Rect(0, 0 - 1240, 2772) eb=Rect(0, 0 - 1240, 2772) epz=Point(1240, 2772) d=0}] 
03-03 02:10:43.277  3822  4948 D OplusTransitionController: extendInfo=[
03-03 02:10:43.277  3822  4948 D OplusTransitionController:  OplusTransitionExtendedInfo{mTmpFinishT=null, mInOplusCompatMode=false, mIsProcessRunning=true, mHasMismatchBoundsTarget=false, mRecentsController=null, mRemoteTransition=null, mIsTranslucentActivityToHome=false, mAvoidInterceptKeyEventToHome=false, mIsFromHome=false, mParentLeash=null, mBackAnimClosingLeash=null, mIsOplusAnimRes=false, mKeepBgForContinuous=false, mIsBalAllow=false, mTaskNotInRecent=false, mIsPredictiveBackAnim=false, mIsMergedWithPredictive=false, mIsLaunchFromSpruce=false, mIsLaunchFromDrive=false, mGlobalSearchPageSwitch=false, mNeedNoAlphaGlobalSearchScene=false, mAssistScreenShowing=false, mSwipeUpBrowserScreenShowing=false, mUserIdTransition=0
03-03 02:10:43.277  3822  4948 D OplusTransitionController: , mInRemoteScene=false, mInPreReady=false, mPreStart=false, mToken=null, mAbortByRemoteFromHome=false, mShellApplyToken=null, mRequestTransitionTaskId=-1, mAbortTransitionOnShell=0, mStartFromShortcut=false, mRemovedTaskId=-1, mTransitionInterruptType=0, mMergeSecondTaskId=-1, mTaskIdStartFromRecents=0, mTransitionId=5104, mCanUseSpringSlideAnim=false, mTransitionLaunchFrom=0, mFoldChangeType=-1, mAnimStartingPosition=[0, 0, 0, 0], mIsOpeningStkDialogActivity=false, mIsNeedApplyStartTForEmbedded=false, mMergeSecondTaskAnimation=false, mIsLaunchUnityStart=false, mIsLaunchFromAssistantByDefault=false, mSkipRemoteTransitionfalse, mIsStartFromKeyguard=false flags=0x0, mWCT=null, mIsOpenMergeToInValidPredictive=false}]}, targets : [ChangeInfo{175abbe container=Task{2d5e9a #1 type=home} flags=0x30}, ChangeInfo{c62341f container=Task{d2265cd #28689 type=standard A=1000:com.android.settings.root} flags=0x4}, ChangeInfo{abd36c container=WallpaperWindowToken{c0e66a1 showWhenLocked=true} flags=0x0}], participants: {Task{2d5e9a #1 type=home}, ActivityRecord{77230470 u0 com.android.launcher/.Launcher t5}, Task{63d5c5b #5 type=home I=com.android.launcher/.Launcher}, WallpaperWindowToken{c0e66a1 showWhenLocked=true}, Task{d2265cd #28689 type=standard A=1000:com.android.settings.root}}
03-03 02:10:43.277  3822  4948 D ContinuousTransitionController: updateRecentsActivityForContinuousIfNeed, recentsTask=Task{2d5e9a #1 type=home}, isMergedToRecents=false
03-03 02:10:43.277  3822  4948 D CoreBackPreview:  return markWindowHasDrawn mComposed: false  mWaitTransition: false
03-03 02:10:43.278  3822  3932 I ActivityManager: updateOomAdj start time is before than pendingPid added, don't delete it
03-03 02:10:43.280  5545 16305 V WindowManagerShell: onTransitionReady(transaction=16415365352533)
03-03 02:10:43.282  3822  4948 I TaskOrganizerController: onTaskInfoChanged taskid 1 config { mBounds=Rect(0, 0 - 1240, 2772) mAppBounds=Rect(0, 0 - 1240, 2772) mMaxBounds=Rect(0, 0 - 1240, 2772) mDisplayRotation=ROTATION_0 mWindowingMode=fullscreen mActivityType=home mAlwaysOnTop=undefined mRotation=ROTATION_0}
03-03 02:10:43.282  3822  4948 D OplusSplitScreenManagerService: com.android.settings unSupportsSplitScreen by blockList or ForbidActivityList
03-03 02:10:43.282  3822  4948 D OplusSplitScreenManagerService: com.android.settings unSupportsSplitScreen by blockList or ForbidActivityList
03-03 02:10:43.283  3822  4948 D OplusFlexibleDragToSplitAnimController: visibleFlexibleTaskInfos delete:1
03-03 02:10:43.283  3822  4948 E FlexibleWindowManagerService: notifyTaskObserverToAttachController not need to notify!
03-03 02:10:43.283  3822  4948 I FlexibleWindowManagerService: onFlexibleWindowTaskInfoChanged, return for cur task not embedded
03-03 02:10:43.284  3822  5368 V WindowManager: Relayout Window{9338def u0 com.android.launcher/com.android.launcher.Launcher}: viewVisibility=0, oldvis=8, req=1240x2772 , apr = 0, vsysui=
03-03 02:10:43.284  3822  5368 D WindowManager: relayoutVisibleWindow win:Window{9338def u0 com.android.launcher/com.android.launcher.Launcher} set mDestroying = false  DestroySavedSurface remove
03-03 02:10:43.285  3822  5347 I OplusJoystickManager: handleApplicationSwitch deprecated!
03-03 02:10:43.285  3822  5347 I GameManagerServiceExt-GameManagerServiceExt: on FG change: com.android.settings|com.android.launcher
03-03 02:10:43.286 25722 25722 W VRI[Launcher]: updateBlastSurfaceIfNeeded, surfaceSize:Point(1240, 2772), lastSurfaceSize:Point(1240, 2772), format:-2, blastBufferQueue:null
03-03 02:10:43.286  5545  5606 V ShellRecents: [149329499] RecentsController.setTransition: id=android.os.BinderProxy@f2102a4
03-03 02:10:43.287  3822  4948 D ActivityTaskManager: Skipping, invisible task: Task{63d5c5b #5 type=home I=com.android.launcher/.Launcher}
03-03 02:10:43.287  3822  4948 D OplusSplitScreenManagerService: com.android.settings unSupportsSplitScreen by blockList or ForbidActivityList
03-03 02:10:43.287  3822  4948 D OplusSplitScreenManagerService: com.android.settings unSupportsSplitScreen by blockList or ForbidActivityList
03-03 02:10:43.287  3822  5347 D FlexibleTaskController: hideZoomWindow flag = 12 ,caller = 5787
03-03 02:10:43.287  3822  4948 D RecentTasksExtImpl: isExcludeFromRecents scenario:0 task:Task{fdfe335 #28693 type=standard I=com.android.vending/com.google.android.finsky.protectdialogs.activity.PlayProtectDialogsActivity} embedded:false res:true
