03-03 03:00:11.740  3822  5444 D OplusMediaControlService: isInMediaBlackList: com.google.android.youtube, 0
03-03 03:00:11.740  3822  5444 V OplusMediaControlService: this app is in media black list, pkgName: com.google.android.youtube
03-03 03:00:11.740  3822  5444 I OplusMediaControlService: getCurrentPlayerInfoList InfoList size: 1
03-03 03:00:12.088  3822  5444 W SettingsStatsUtil: Can not parse value to float: +network
03-03 03:00:12.132  3822  5444 D NotificationService--OplusNotificationFixHelper: fixAppIcon: pkg=it.vfsfitvnm.vimusic.debug
03-03 03:00:12.132  3822  5444 D NotificationService--OplusNotificationFixHelper: fixAppIcon: appIcon = null, pkg = it.vfsfitvnm.vimusic.debug
03-03 03:00:12.133  3822  5444 I OplusStatusBarManagerServiceEnhance:  getTopIsFullscreen mTopIsFullscreen: false
03-03 03:00:12.133  3822  5444 W ActivityManager: Permission Denial: getTopApplicationInfo from pid=19889, uid=10686 requires oplus.permission.OPLUS_COMPONENT_SAFE
03-03 03:00:12.133  3822  3822 D NotificationService--OplusNotificationManagerServiceExtImpl: isForwardToAssistants: true, case : Is local notification
03-03 03:00:12.133  3822  3822 D NotificationService: This application enqueue notifications is need postDelayed mcsAssistantDelayTime: 200
03-03 03:00:12.145  3822  5444 I OplusMediaControlService: updateControllerMap begin
03-03 03:00:12.145  3822  5444 D OplusMediaControlService: isInMediaBlackList: com.google.android.youtube, 0
03-03 03:00:12.145  3822  5444 V OplusMediaControlService: this app is in media black list, pkgName: com.google.android.youtube
03-03 03:00:12.145  3822  5444 D OplusMediaControlService: isInMediaBlackList: com.google.android.youtube, 0
03-03 03:00:12.145  3822  5444 V OplusMediaControlService: this app is in media black list, pkgName: com.google.android.youtube
03-03 03:00:12.145  3822  5444 I OplusMediaControlService: updataPlayStateMap begin
03-03 03:00:12.145  3822  5444 I OplusMediaControlService: updateMetadataMap begin
03-03 03:00:12.145  3822  5444 I OplusMediaControlService: getPlayerInfo, playerId: 123177627, pkgname: it.vfsfitvnm.vimusic.debug
03-03 03:00:12.147  3822  5444 D OplusMediaControlService: isInMediaBlackList: com.google.android.youtube, 0
03-03 03:00:12.147  3822  5444 V OplusMediaControlService: this app is in media black list, pkgName: com.google.android.youtube
03-03 03:00:12.147  3822  5444 I OplusMediaControlService: getCurrentPlayerInfoList InfoList size: 1
03-03 03:00:12.621  3822  5444 D NotificationService--OplusNotificationFixHelper: fixAppIcon: pkg=it.vfsfitvnm.vimusic.debug
03-03 03:00:12.622  3822  5444 D NotificationService--OplusNotificationFixHelper: fixAppIcon: appIcon = null, pkg = it.vfsfitvnm.vimusic.debug
03-03 03:00:12.622  3822  5444 I OplusStatusBarManagerServiceEnhance:  getTopIsFullscreen mTopIsFullscreen: false
03-03 03:00:12.622  3822  5444 W ActivityManager: Permission Denial: getTopApplicationInfo from pid=19889, uid=10686 requires oplus.permission.OPLUS_COMPONENT_SAFE
03-03 03:00:12.623  3822  3822 D NotificationService--OplusNotificationManagerServiceExtImpl: isForwardToAssistants: true, case : Is local notification
03-03 03:00:12.623  3822  3822 D NotificationService: This application enqueue notifications is need postDelayed mcsAssistantDelayTime: 200
03-03 03:00:12.632  3822  5444 I OplusMediaControlService: updateControllerMap begin
03-03 03:00:12.633  3822  5444 D OplusMediaControlService: isInMediaBlackList: com.google.android.youtube, 0
03-03 03:00:12.633  3822  5444 V OplusMediaControlService: this app is in media black list, pkgName: com.google.android.youtube
03-03 03:00:12.633  3822  5444 D OplusMediaControlService: isInMediaBlackList: com.google.android.youtube, 0
03-03 03:00:12.633  3822  5444 V OplusMediaControlService: this app is in media black list, pkgName: com.google.android.youtube
03-03 03:00:12.633  3822  5444 I OplusMediaControlService: updataPlayStateMap begin
03-03 03:00:12.633  3822  5444 I OplusMediaControlService: updateMetadataMap begin
03-03 03:00:12.633  3822  5444 I OplusMediaControlService: getPlayerInfo, playerId: 123177627, pkgname: it.vfsfitvnm.vimusic.debug
03-03 03:00:12.634  3822  5444 D OplusMediaControlService: isInMediaBlackList: com.google.android.youtube, 0
03-03 03:00:12.634  3822  5444 V OplusMediaControlService: this app is in media black list, pkgName: com.google.android.youtube
03-03 03:00:12.634  3822  5444 I OplusMediaControlService: getCurrentPlayerInfoList InfoList size: 1
03-03 03:00:12.769  3822  4721 V AlarmManager: sending alarm Alarm{7234439 type 1 origWhen 1772487012768 whenElapsed 203636039 android} uid 1000 whenElapsed 203636039 windowLength 0 maxWhenElapsed 203636039 repeatInterval 0 action null component null tag StorgaeBandInfoAlarmTag flags 0x9 procName system_server
03-03 03:00:12.911  3822  5210 D QuickBackInputPolicy: isInMultiWindowMode and isInSplitScreen is: false isZoomMode is: false isMultiWindowModeInPocketStudio is: false isEmbeddedInLauncherActivity is: false
03-03 03:00:12.911  3822  5210 D QuickBackInputPolicy: hasMultiChildrenInTask: false
03-03 03:00:12.911  3822  5210 D QuickBackInputPolicy: shouldTriggerBackKeyEvent focusWin=Window{48c9384 u0 it.vfsfitvnm.vimusic.debug/it.vfsfitvnm.vimusic.MainActivity}, topFullscreenOpaqueWindow=Window{48c9384 u0 it.vfsfitvnm.vimusic.debug/it.vfsfitvnm.vimusic.MainActivity}, mLaunchEndTimePair=Pair{ActivityRecord{152184657 u0 it.vfsfitvnm.vimusic.debug/it.vfsfitvnm.vimusic.MainActivity t28698} 92443091}, processRunning=false, timeThreshold is: 800, lastRemoteFromAssistant = false
03-03 03:00:12.911  3822  5210 D QuickBackInputPolicy: canInterceptKeyEventToHome Window:Window{48c9384 u0 it.vfsfitvnm.vimusic.debug/it.vfsfitvnm.vimusic.MainActivity}, do nothing!
03-03 03:00:12.911  3822  4063 D PowerManagerService: userActivityNoUpdateLocked: groupId=0, eventTime=92480928, event=touch, flags=0x0, uid=1000
03-03 03:00:12.924  3822  3857 D QuickBackInputPolicy: isInMultiWindowMode and isInSplitScreen is: false isZoomMode is: false isMultiWindowModeInPocketStudio is: false isEmbeddedInLauncherActivity is: false
03-03 03:00:12.924  3822  3857 D QuickBackInputPolicy: hasMultiChildrenInTask: false
03-03 03:00:12.924  3822  3857 D QuickBackInputPolicy: shouldTriggerBackKeyEvent focusWin=Window{48c9384 u0 it.vfsfitvnm.vimusic.debug/it.vfsfitvnm.vimusic.MainActivity}, topFullscreenOpaqueWindow=Window{48c9384 u0 it.vfsfitvnm.vimusic.debug/it.vfsfitvnm.vimusic.MainActivity}, mLaunchEndTimePair=Pair{ActivityRecord{152184657 u0 it.vfsfitvnm.vimusic.debug/it.vfsfitvnm.vimusic.MainActivity t28698} 92443091}, processRunning=false, timeThreshold is: 800, lastRemoteFromAssistant = false
03-03 03:00:12.925  3822  3857 D CoreBackPreview: startBackNavigation currentTask=Task{6a135b3 #28698 type=standard A=10686:it.vfsfitvnm.vimusic.debug}, topRunningActivity=ActivityRecord{152184657 u0 it.vfsfitvnm.vimusic.debug/it.vfsfitvnm.vimusic.MainActivity t28698}, callbackInfo=OnBackInvokedCallbackInfo{mCallback=android.window.IOnBackInvokedCallback$Stub$Proxy@d047edd, mPriority=0, mIsAnimationCallback=false, mOverrideBehavior=0}, currentFocus=Window{48c9384 u0 it.vfsfitvnm.vimusic.debug/it.vfsfitvnm.vimusic.MainActivity}
03-03 03:00:12.925  5545  5606 D ShellBackPreview: Received backNavigationInfo:BackNavigationInfo{mType=TYPE_CALLBACK (4), mOnBackNavigationDone=android.os.RemoteCallback@11f1ea8, mOnBackInvokedCallback=android.window.IOnBackInvokedCallback$Stub$Proxy@3876dc1, mPrepareRemoteAnimation=false, mAnimationCallback=false, mCustomizeAnimationInfo=null}
03-03 03:00:12.928  3822  5210 V WindowManager: Relayout Window{40a6650 u0 ColorSideGestureRight_displayId_0}: viewVisibility=0, oldvis=8, req=192x3137 , apr = 0, vsysui=
03-03 03:00:12.928  3822  5210 I WindowManager: Window{40a6650 u0 ColorSideGestureRight_displayId_0} state from NO_SURFACE to DRAW_PENDING; reason: resetDrawState
03-03 03:00:12.934  3822  5210 D WindowManager: NFW_findFocusedWindowIfNeeded:Window{48c9384 u0 it.vfsfitvnm.vimusic.debug/it.vfsfitvnm.vimusic.MainActivity} mCurrentFocus:Window{48c9384 u0 it.vfsfitvnm.vimusic.debug/it.vfsfitvnm.vimusic.MainActivity}
03-03 03:00:12.938  3822  4010 W QosScheduler: getScenario failed! scenarios is null, mask=4
03-03 03:00:12.938  3822  4010 W QosScheduler: executeSceneQosStrategy get scenario failed! scenario is null
03-03 03:00:12.953  3822  5210 I WindowManager: Window{40a6650 u0 ColorSideGestureRight_displayId_0} state from DRAW_PENDING to COMMIT_DRAW_PENDING; reason: finishDrawingLocked
03-03 03:00:12.955  3822  3933 I WindowManager: Window{40a6650 u0 ColorSideGestureRight_displayId_0} state from COMMIT_DRAW_PENDING to READY_TO_SHOW; reason: commitFinishDrawingLocked
03-03 03:00:12.955  3822  3933 I WindowManager: Window{40a6650 u0 ColorSideGestureRight_displayId_0} state from READY_TO_SHOW to HAS_DRAWN; reason: performShowLocked
03-03 03:00:12.986  5545 17338 D LinearmotorVibrator: vibrate: effect=WaveformEffect { eb0cfa2, effectType=1, effectStrength=-1, effectLoop=false, ringtoneVibrateType=-1, isRingtoneCustomized=false, ringtoneFilePath=, strengthSettingEnabled=true, asynchronous=false, usageHint=0 }
03-03 03:00:12.986  3822  5210 I VibratorManagerServiceExtImpl: vibrate is uid=10208, pid=5545, opPkg=com.android.systemui, effect=Mono{mEffect=Composed{segments=[OplusVibrationEffectSegment{mEffectId=1, mEffectStrength=-1, mRingtonePath=''}], repeat=-1}}, attributes=VibrationAttributes{mUsage=UNKNOWN, mAudioUsage= USAGE_UNKNOWN, mFlags=0}, reason=null, token=8942827
03-03 03:00:12.988  3822  4718 W VibrationScaler: Got unexpected vibration intensity: 2100
03-03 03:00:12.988  3822  4718 D VibrationThread: Perform OplusPrebakedSegment{mWaveformId=2, mDuration=45, mEffectStrength=2100, mDefaultUsage=TOUCH} on vibrator 0
03-03 03:00:13.010  3822  4063 D PowerManagerService: userActivityNoUpdateLocked: groupId=0, eventTime=92481032, event=touch, flags=0x0, uid=1000
03-03 03:00:13.027  5545  6299 I Quality : BitmapCompressInfo:896,896,1,85,264772552
03-03 03:00:13.114  3822  4063 D PowerManagerService: userActivityNoUpdateLocked: groupId=0, eventTime=92481136, event=touch, flags=0x0, uid=1000
03-03 03:00:13.156  5545  5606 D ShellBackPreview: Finishing gesture with event action: 1
03-03 03:00:13.156  5545  5606 D ShellBackPreview: onGestureFinished() mTriggerBack == true
03-03 03:00:13.156  5545  5606 D ShellBackPreview: Trigger back without dispatching to animator.
03-03 03:00:13.156  5545  5606 D ShellBackPreview: BackAnimationController: finishBackNavigation()
03-03 03:00:13.157  3822  5210 D CoreBackPreview: onBackNavigationDone backType=4, triggerBack=true
03-03 03:00:13.162  3822  3930 D OplusPanoramaWorkBranchController: notifyMotionUpOrCancel
03-03 03:00:13.273  3822  3858 V WindowManager: Relayout Window{40a6650 u0 ColorSideGestureRight_displayId_0}: viewVisibility=8, oldvis=0, req=192x3137 , apr = 0, vsysui=
03-03 03:00:13.274  3822  3858 I WindowManager: Window{40a6650 u0 ColorSideGestureRight_displayId_0} state from HAS_DRAWN to NO_SURFACE; reason: destroySurface
03-03 03:00:13.276  3822  3858 D WindowManager: NFW_findFocusedWindowIfNeeded:Window{48c9384 u0 it.vfsfitvnm.vimusic.debug/it.vfsfitvnm.vimusic.MainActivity} mCurrentFocus:Window{48c9384 u0 it.vfsfitvnm.vimusic.debug/it.vfsfitvnm.vimusic.MainActivity}
03-03 03:00:13.282  3822  4593 D CompatChangeReporter: Compat change id reported: 151861875; UID 10355; state: ENABLED
03-03 03:00:13.293  3822  4030 I ActivityManager: Start proc 20988:com.google.android.apps.photos/u0a277 for service {com.google.android.apps.photos/com.google.android.libraries.social.mediamonitor.MediaMonitorJobSchedulerService}
03-03 03:00:13.293  3822  3930 I ActivityManager: ProcessObserver broadcast disabled
03-03 03:00:13.295  3822  4569 I MemoryOperationUtils: add 20988 to com.google.android.apps.photos
03-03 03:00:13.310  3822  4030 I ActivityManager: Start proc 20989:com.google.android.apps.nbu.files/u0a251 for service {com.google.android.apps.nbu.files/androidx.work.impl.background.systemjob.SystemJobService}
03-03 03:00:13.310  3822  3930 I ActivityManager: ProcessObserver broadcast disabled
03-03 03:00:13.317  3822  4569 I MemoryOperationUtils: add 20989 to com.google.android.apps.nbu.files
03-03 03:00:13.327  3822  4030 I ActivityManager: Start proc 20999:com.jio.myjio/u0a355 for service {com.jio.myjio/androidx.work.impl.background.systemjob.SystemJobService}
03-03 03:00:13.327  3822  3930 I ActivityManager: ProcessObserver broadcast disabled
03-03 03:00:13.328  3822  4569 I MemoryOperationUtils: add 20999 to com.jio.myjio
03-03 03:00:13.332  3822  3858 W PackageManager: package com.oplus.dmp uid 10317 pid 19149 call SetEnabledSetting(com.oplus.dmp component = androidx.work.impl.background.systemalarm.RescheduleReceiver, 1, 0)
03-03 03:00:13.354  3822  4010 W QosScheduler: getScenario failed! scenarios is null, mask=4
03-03 03:00:13.356  3822  4010 W QosScheduler: executeSceneQosStrategy get scenario failed! scenario is null
03-03 03:00:13.357  3822  5367 D ActivityTaskManagerServiceExtImpl: preBindApplication record is null
03-03 03:00:13.369  3822  3857 D ActivityTaskManagerServiceExtImpl: preBindApplication record is null
03-03 03:00:13.372 20988 20988 V Configuration: Updating configuration, locales updated from [] to [en_GB]
03-03 03:00:13.383 20989 20989 V Configuration: Updating configuration, locales updated from [] to [en_GB]
03-03 03:00:13.387  3822  5210 W PackageManager: package com.oplus.dmp uid 10317 pid 19149 call SetEnabledSetting(com.oplus.dmp component = androidx.work.impl.background.systemalarm.RescheduleReceiver, 2, 0)
03-03 03:00:13.391 20999 20999 V Configuration: Updating configuration, locales updated from [] to [en_GB]
03-03 03:00:13.441 20989 20989 D ResourcesManagerExtImpl: applyConfigurationToAppResourcesLocked app.getDisplayId() return callback.displayId:-1
03-03 03:00:13.463 20988 20988 D ResourcesManagerExtImpl: applyConfigurationToAppResourcesLocked app.getDisplayId() return callback.displayId:-1
03-03 03:00:13.506  3822  5544 I ActivityManager: Flag disabled. Ignoring finishAttachApplication from uid: 10251. pid: 20989
03-03 03:00:13.532 20999 20999 D ResourcesManagerExtImpl: applyConfigurationToAppResourcesLocked app.getDisplayId() return callback.displayId:-1
03-03 03:00:13.545  3822  4010 I QosScheduler[QoSPolicy]: setSceneQoS begin:false sceneId:5
03-03 03:00:13.570  3822  5544 I ActivityManager: Flag disabled. Ignoring finishAttachApplication from uid: 10277. pid: 20988
03-03 03:00:13.680 20988 21067 E OplusCustomizeRestrictionManager: sInstance is null, start a new sInstance
03-03 03:00:13.844  3822  3857 W JobScheduler: Job didn't exist in JobStore: #com.google.android.apps.photos/1034
03-03 03:00:13.858  3822  3857 I ActivityManager: Flag disabled. Ignoring finishAttachApplication from uid: 10355. pid: 20999
03-03 03:00:13.917  3822  5484 D CompatChangeReporter: Compat change id reported: 343977174; UID 10277; state: ENABLED
03-03 03:00:13.996  3822  5210 D CompatChangeReporter: Compat change id reported: 311208629; UID 10355; state: ENABLED
03-03 03:00:14.014  3822  5484 W UriGrantsManagerService: No permission grants found for com.google.android.apps.photos
03-03 03:00:14.019  3822  5484 W UriGrantsManagerService: No permission grants found for com.google.android.apps.photos
03-03 03:00:14.031  3822  5482 D CompatChangeReporter: Compat change id reported: 311402873; UID 10355; state: ENABLED
03-03 03:00:14.031  3822  5482 D CompatChangeReporter: Compat change id reported: 323349338; UID 10355; state: ENABLED
03-03 03:00:14.179  3822  3858 D CompatChangeReporter: Compat change id reported: 297989574; UID 10355; state: ENABLED
03-03 03:00:14.333  3822  4138 I AppsFilter: interaction: PackageSetting{e35c7f0 com.android.microdroid.empty_payload/10292} -> PackageSetting{efe0a82 com.oplus.dmp/10317} BLOCKED
03-03 03:00:14.333  3822  4138 I AppsFilter: interaction: PackageSetting{50add2e it.vfsfitvnm.vimusic.debug/10686} -> PackageSetting{efe0a82 com.oplus.dmp/10317} BLOCKED
03-03 03:00:14.333  3822  4138 I AppsFilter: interaction: PackageSetting{81177ee com.oplus.locationproxy/10179} -> PackageSetting{efe0a82 com.oplus.dmp/10317} BLOCKED
03-03 03:00:14.333  3822  4138 I AppsFilter: interaction: PackageSetting{20ec48f com.android.certinstaller/10217} -> PackageSetting{efe0a82 com.oplus.dmp/10317} BLOCKED
03-03 03:00:14.333  3822  4138 I AppsFilter: interaction: PackageSetting{5c7731c com.oplus.location/10229} -> PackageSetting{efe0a82 com.oplus.dmp/10317} BLOCKED
03-03 03:00:14.373  3822  4593 D CompatChangeReporter: Compat change id reported: 151861875; UID 10200; state: ENABLED
03-03 03:00:14.377  3822  4045 D OplusThermalStats: AnalizyPosition reach max limit, mAnalizyPosition=400 res=0
03-03 03:00:14.383  3822  4762 I VibrationEffectConvertor: onInputMethodListUpdated received, info.size = 3
03-03 03:00:14.384  3822  4762 I VibrationEffectConvertor: userid = 0, packageName = com.google.android.tts
03-03 03:00:14.384  3822  4762 I VibrationEffectConvertor: userid = 0, packageName = com.google.android.inputmethod.latin
03-03 03:00:14.384  3822  4762 I VibrationEffectConvertor: userid = 0, packageName = com.oplus.securitykeyboard
03-03 03:00:14.389  3822  4768 V AccessibilityManagerService: onUserStateChangedLocked for user 0 with forceUpdate: false mEnabledServices = [] mCrashedServices = [] hasMagnificationConnection=false
03-03 03:00:14.389  3822  4768 W MagnificationConnectionManager: requestConnection duplicated request: connect=false, mConnectionState=DISCONNECTED
03-03 03:00:14.392  3822  4030 I ActivityManager: Start proc 21179:com.oplus.deepthinker:worker/u0a200 for service {com.oplus.deepthinker/com.oplus.deepthinker.internal.inner.proton.schedule.TrainJobService}
03-03 03:00:14.392  3822  3930 I ActivityManager: ProcessObserver broadcast disabled
03-03 03:00:14.393  3822  4569 I MemoryOperationUtils: add 21179 to inactive
03-03 03:00:14.437  3822  5544 D ActivityTaskManagerServiceExtImpl: preBindApplication record is null
03-03 03:00:14.451 21179 21179 V Configuration: Updating configuration, locales updated from [] to [en_GB]
03-03 03:00:14.505 21179 21179 D ResourcesManagerExtImpl: applyConfigurationToAppResourcesLocked app.getDisplayId() return callback.displayId:-1
03-03 03:00:14.539  3822  5544 I ActivityManager: Flag disabled. Ignoring finishAttachApplication from uid: 10200. pid: 21179
03-03 03:00:14.639  3822  4001 W LoadedApk: System took : 298ms in onReceive of class android.content.pm.RegisteredServicesCache$1 for action : android.intent.action.PACKAGE_CHANGED
03-03 03:00:14.666  3822  5482 D CompatChangeReporter: Compat change id reported: 311402873; UID 10200; state: ENABLED
03-03 03:00:14.667  3822  5482 D CompatChangeReporter: Compat change id reported: 323349338; UID 10200; state: ENABLED
03-03 03:00:14.668  3822  4001 V AutofillManagerService: onPackageModified(): com.oplus.dmp
03-03 03:00:14.672  3822  5482 D CompatChangeReporter: Compat change id reported: 311208629; UID 10200; state: ENABLED
03-03 03:00:14.674  3822  5482 W JobScheduler: Job didn't exist in JobStore: #com.oplus.deepthinker/-1962056341
03-03 03:00:14.773  3822  4721 V AlarmManager: sending alarm Alarm{dccb1cc type 1 origWhen 1772487014773 whenElapsed 203638043 android} uid 1000 whenElapsed 203638043 windowLength 0 maxWhenElapsed 203638043 repeatInterval 0 action null component null tag StorgaeBandInfoAlarmTag flags 0x9 procName system_server
03-03 03:00:14.963  3822  5210 W ActivityManager: Receiver with filter android.content.IntentFilter@3acaed9 already registered for pid 20999, callerPackage is com.jio.myjio
03-03 03:00:15.132  3822  4029 I ActivityManager: Waited long enough for: ServiceRecord{2ddf873 u0 com.oplus.camera/.aps.service.ApsService c:com.oplus.camera}
03-03 03:00:15.182  3822  5482 W JobScheduler: Job didn't exist in JobStore: #com.jio.myjio/60723
03-03 03:00:15.270  3822  4063 D PowerManagerService: userActivityNoUpdateLocked: groupId=0, eventTime=92483290, event=touch, flags=0x0, uid=1000
03-03 03:00:15.372  3822  4063 D PowerManagerService: userActivityNoUpdateLocked: groupId=0, eventTime=92483393, event=touch, flags=0x0, uid=1000
03-03 03:00:15.373  3822  3930 D OplusPanoramaWorkBranchController: notifyMotionUpOrCancel
03-03 03:00:15.399  3822  5484 W JobScheduler: Job didn't exist in JobStore: #com.google.android.apps.nbu.files/14111
03-03 03:00:15.525  3822  4569 D osense.compress: com.phonepe.app do shrink, target ratio = 87, final ratio = 90, cur ratio = 82
03-03 03:00:15.784  3822  4762 D InputMethodManagerService: isSecurity: attribute.packageName = it.vfsfitvnm.vimusic.debug mCurMethodId = com.google.android.inputmethod.latin/com.android.inputmethod.latin.LatinIME isSecurity = false ( enable = false needShow = false inBlackList = false isExist = true )
03-03 03:00:15.784 19889 19889 D InsetsController: Setting requestedVisibleTypes to -1 (was -9)
03-03 03:00:15.785  3822  4010 I UserAwareMgr: event is already released: SceneEvent{id=5017, maxWorkDurationMs=1500, caller='[android]', eventFlags=0, fbPriority=1, keyThreads=[KeyThread{name=InsetsAnimation, owner=self, schedPolicy=ux, priority=ANIMATOR, maxThreadCount=1}, KeyThread{name=UIThread, owner=self, schedPolicy=ux, priority=ANIMATOR, maxThreadCount=1}, KeyThread{name=main, owner=self, schedPolicy=ux, priority=ANIMATOR, maxThreadCount=1}], vipBinderGroup=null}, callingPid: 3822, appPid: 0
03-03 03:00:15.787  3822  5484 I TaskOrganizerController: onTaskInfoChanged taskid 28698 config { mBounds=Rect(0, 0 - 1240, 2772) mAppBounds=Rect(0, 0 - 1240, 2772) mMaxBounds=Rect(0, 0 - 1240, 2772) mDisplayRotation=ROTATION_0 mWindowingMode=fullscreen mActivityType=standard mAlwaysOnTop=undefined mRotation=ROTATION_0}
03-03 03:00:15.787  3822  5484 D OplusFlexibleDragToSplitAnimController: visibleFlexibleTaskInfos delete:28698
03-03 03:00:15.787  3822  5484 E FlexibleWindowManagerService: notifyTaskObserverToAttachController not need to notify!
03-03 03:00:15.787  3822  5484 I FlexibleWindowManagerService: onFlexibleWindowTaskInfoChanged, return for cur task not embedded
03-03 03:00:15.789  3822  4010 I UserAwareMgr: fg app status not changed, beforeVisible: true, currentVisible: true
03-03 03:00:15.793  3822  5484 V AutofillInlineSuggestionsRequestSession: onInputMethodStartInput() received on 1073741828
03-03 03:00:15.797  3822  4010 I UserAwareMgr: fg app status not changed, beforeVisible: true, currentVisible: true
03-03 03:00:15.797  3822  5210 V AutofillInlineSuggestionsRequestSession: onInputMethodShowInputRequested() received: true
03-03 03:00:15.801  3822  5484 V AutofillInlineSuggestionsRequestSession: onInputMethodStartInputView() received
03-03 03:00:15.803  5787  5787 W VRI[HideNavHandle]: handleResized abandoned!
03-03 03:00:15.803  9470  9470 W VRI[OplusOSEdgeFloatBar]: handleResized abandoned!
03-03 03:00:15.804  3822  3857 W PackageConfigPersister: App-specific configuration not found for packageName: it.vfsfitvnm.vimusic.debug and userId: 0
03-03 03:00:15.805  5545  5545 W VRI[StatusBar]: handleResized abandoned!
03-03 03:00:15.805  5545  5545 W VRI[NavigationBar_displayId_0]: handleResized abandoned!
03-03 03:00:15.805  3822  4762 I FlexibleTaskController: onShowImeRequested
03-03 03:00:15.814  3822  4001 D AppProfilerExtImpl: Skipped pss collection for CPU busy
03-03 03:00:15.841 19889 19889 W VRI[MainActivity]: handleResized abandoned!
03-03 03:00:15.885  3822  4010 W QosScheduler: getScenario failed! scenarios is null, mask=2048
03-03 03:00:15.885  3822  4010 W QosScheduler: executeSceneQosStrategy get scenario failed! scenario is null
03-03 03:00:15.887  3822  5482 D CoreBackPreview: Window{48c9384 u0 it.vfsfitvnm.vimusic.debug/it.vfsfitvnm.vimusic.MainActivity}: Setting back callback OnBackInvokedCallbackInfo{mCallback=android.window.IOnBackInvokedCallback$Stub$Proxy@b319509, mPriority=0, mIsAnimationCallback=true, mOverrideBehavior=0}
03-03 03:00:15.889  3822  5482 V WindowManager: Relayout Window{3a290e9 u0 InputMethod}: viewVisibility=0, oldvis=8, req=1240x2633 , apr = 0, vsysui=, x=0, y=0
03-03 03:00:15.889  3822  5482 I WindowManager: Window{3a290e9 u0 InputMethod} state from NO_SURFACE to DRAW_PENDING; reason: resetDrawState
03-03 03:00:15.890  3822  4010 W SmartWindowScene: updateWindowState fail! invalid window type: -1
03-03 03:00:15.891  3822  4010 W SmartWindowScene: updateWindowState fail! invalid window type: -1
03-03 03:00:15.892  3822  5482 D WindowManager: setFrameRateStart invalid typeId return!
03-03 03:00:15.893  3822  5482 D WindowManager: NFW_findFocusedWindowIfNeeded:Window{48c9384 u0 it.vfsfitvnm.vimusic.debug/it.vfsfitvnm.vimusic.MainActivity} mCurrentFocus:Window{48c9384 u0 it.vfsfitvnm.vimusic.debug/it.vfsfitvnm.vimusic.MainActivity}
03-03 03:00:15.894  9051  9051 W VRI[InputMethod]: updateBlastSurfaceIfNeeded, surfaceSize:Point(1240, 2633), lastSurfaceSize:Point(1240, 2633), format:-2, blastBufferQueue:null
03-03 03:00:15.895  5545  5606 D WindowManagerShell: onKeepClearAreasChanged: restricted={}, unrestricted={Rect(0, 2716 - 1240, 2772)}
03-03 03:00:15.900 19889 19889 W VRI[MainActivity]: handleResized abandoned!
03-03 03:00:15.901  5787  5787 W VRI[HideNavHandle]: handleResized abandoned!
03-03 03:00:15.901  9470  9470 W VRI[OplusOSEdgeFloatBar]: handleResized abandoned!
03-03 03:00:15.902  5545  5545 W VRI[StatusBar]: handleResized abandoned!
03-03 03:00:15.902  5545  5545 W VRI[NavigationBar_displayId_0]: handleResized abandoned!
03-03 03:00:15.902  5545  5606 D WindowManagerShell: onKeepClearAreasChanged: restricted={}, unrestricted={Rect(0, 1823 - 1240, 2772)}
03-03 03:00:15.917  3822  5482 I WindowManager: Window{3a290e9 u0 InputMethod} state from DRAW_PENDING to COMMIT_DRAW_PENDING; reason: finishDrawingLocked
03-03 03:00:15.919  3822  3933 I WindowManager: Window{3a290e9 u0 InputMethod} state from COMMIT_DRAW_PENDING to READY_TO_SHOW; reason: commitFinishDrawingLocked
03-03 03:00:15.919  3822  3933 V WindowStateExtImpl: notifyWindowStateChange input show
03-03 03:00:15.919  3822  3933 I WindowManager: Window{3a290e9 u0 InputMethod} state from READY_TO_SHOW to HAS_DRAWN; reason: performShowLocked
03-03 03:00:15.923  9051  9051 W VRI[InputMethod]: handleResized, msg:, frameChanged:false, configChanged:false, displayChanged:false, attachedFrameChanged:false, compatScaleChanged:false, pendingDragResizing=false
03-03 03:00:15.924 19889 19889 W VRI[MainActivity]: handleResized abandoned!
03-03 03:00:15.925  5545  5545 W VRI[StatusBar]: handleResized abandoned!
03-03 03:00:15.925  5545  5545 W VRI[NavigationBar_displayId_0]: handleResized abandoned!
03-03 03:00:15.925  5787  5787 W VRI[HideNavHandle]: handleResized abandoned!
03-03 03:00:15.925  9470  9470 W VRI[OplusOSEdgeFloatBar]: handleResized abandoned!
03-03 03:00:15.927  9051  9051 W VRI[InputMethod]: handleResized abandoned!
03-03 03:00:15.928  3822  4010 I UserAwareMgr: handleFgAppChanged, pkgName: com.google.android.inputmethod.latin, pid: 9051, isVisible: true, fgAppType: FG2
03-03 03:00:15.928  3822  4010 I UserAwareMgr: fg app status not changed, beforeVisible: true, currentVisible: true
03-03 03:00:16.224  3822  4063 D PowerManagerService: userActivityNoUpdateLocked: groupId=0, eventTime=92484243, event=touch, flags=0x0, uid=1000
03-03 03:00:16.275  3822  5484 W UriGrantsManagerService: No permission grants found for com.google.android.apps.photos
03-03 03:00:16.276  3822  5484 W UriGrantsManagerService: No permission grants found for com.google.android.apps.photos
03-03 03:00:16.277  3822  3930 D OplusPanoramaWorkBranchController: notifyMotionUpOrCancel
03-03 03:00:16.510  3822  5484 W UriGrantsManagerService: No permission grants found for com.google.android.apps.photos
03-03 03:00:16.510  3822  5484 W UriGrantsManagerService: No permission grants found for com.google.android.apps.photos
03-03 03:00:16.710  3822  5210 W UriGrantsManagerService: No permission grants found for com.google.android.apps.photos
03-03 03:00:16.711  3822  5210 W UriGrantsManagerService: No permission grants found for com.google.android.apps.photos
03-03 03:00:16.776  3822  4721 V AlarmManager: sending alarm Alarm{9a63201 type 1 origWhen 1772487016775 whenElapsed 203640045 android} uid 1000 whenElapsed 203640045 windowLength 0 maxWhenElapsed 203640045 repeatInterval 0 action null component null tag StorgaeBandInfoAlarmTag flags 0x9 procName system_server
03-03 03:00:16.859  3822  5210 W UriGrantsManagerService: No permission grants found for com.google.android.apps.photos
03-03 03:00:16.859  3822  5210 W UriGrantsManagerService: No permission grants found for com.google.android.apps.photos
03-03 03:00:16.897  3822  5210 W UriGrantsManagerService: No permission grants found for com.google.android.apps.photos
03-03 03:00:16.897  3822  5210 W UriGrantsManagerService: No permission grants found for com.google.android.apps.photos
03-03 03:00:16.970  3822  5210 W UriGrantsManagerService: No permission grants found for com.google.android.apps.photos
03-03 03:00:16.971  3822  5210 W UriGrantsManagerService: No permission grants found for com.google.android.apps.photos
03-03 03:00:17.019  3822  5210 W UriGrantsManagerService: No permission grants found for com.google.android.apps.photos
03-03 03:00:17.020  3822  5210 W UriGrantsManagerService: No permission grants found for com.google.android.apps.photos
03-03 03:00:17.073  3822  5210 W UriGrantsManagerService: No permission grants found for com.google.android.apps.photos
03-03 03:00:17.074  3822  5210 W UriGrantsManagerService: No permission grants found for com.google.android.apps.photos
03-03 03:00:17.285  3822  4029 W ActivityManager: Stopping service due to app idle: u0a165 -1m5s625ms com.oplus.aiunit/.daemon.publisher.OPushPublisher$OPushDataMessageCallbackService
03-03 03:00:17.287  3822  4029 D CompatChangeReporter: Compat change id reported: 311208629; UID 10165; state: ENABLED
03-03 03:00:17.326  3822  4063 D PowerManagerService: userActivityNoUpdateLocked: groupId=0, eventTime=92485342, event=touch, flags=0x0, uid=1000
03-03 03:00:17.424  3822  4063 D PowerManagerService: userActivityNoUpdateLocked: groupId=0, eventTime=92485446, event=touch, flags=0x0, uid=1000
03-03 03:00:17.427  3822  3930 D OplusPanoramaWorkBranchController: notifyMotionUpOrCancel
03-03 03:00:17.878 19889 19889 D InsetsController: Setting requestedVisibleTypes to -9 (was -1)
03-03 03:00:17.879  3822  5210 D CoreBackPreview: Window{48c9384 u0 it.vfsfitvnm.vimusic.debug/it.vfsfitvnm.vimusic.MainActivity}: Setting back callback OnBackInvokedCallbackInfo{mCallback=android.window.IOnBackInvokedCallback$Stub$Proxy@a74d08c, mPriority=0, mIsAnimationCallback=false, mOverrideBehavior=0}
03-03 03:00:17.884  3822  5484 D WindowManager: setFrameRateStart invalid typeId return!
03-03 03:00:17.884  3822  5484 I TaskOrganizerController: onTaskInfoChanged taskid 28698 config { mBounds=Rect(0, 0 - 1240, 2772) mAppBounds=Rect(0, 0 - 1240, 2772) mMaxBounds=Rect(0, 0 - 1240, 2772) mDisplayRotation=ROTATION_0 mWindowingMode=fullscreen mActivityType=standard mAlwaysOnTop=undefined mRotation=ROTATION_0}
03-03 03:00:17.885  3822  5484 D OplusFlexibleDragToSplitAnimController: visibleFlexibleTaskInfos delete:28698
03-03 03:00:17.885  3822  5484 E FlexibleWindowManagerService: notifyTaskObserverToAttachController not need to notify!
03-03 03:00:17.885  3822  5484 I FlexibleWindowManagerService: onFlexibleWindowTaskInfoChanged, return for cur task not embedded
03-03 03:00:17.889  3822  4010 I UserAwareMgr: fg app status not changed, beforeVisible: true, currentVisible: true
03-03 03:00:17.892  3822  5484 V AutofillInlineSuggestionsRequestSession: onInputMethodStartInput() received on 0
03-03 03:00:17.893  3822  5484 W PackageConfigPersister: App-specific configuration not found for packageName: it.vfsfitvnm.vimusic.debug and userId: 0
03-03 03:00:17.897  3822  3857 V AutofillInlineSuggestionsRequestSession: onInputMethodStartInputView() received
03-03 03:00:17.899  5787  5787 W VRI[HideNavHandle]: handleResized abandoned!
03-03 03:00:17.899 19889 19889 W VRI[MainActivity]: handleResized abandoned!
03-03 03:00:17.899  5545  5545 W VRI[StatusBar]: handleResized abandoned!
03-03 03:00:17.899  5545  5545 W VRI[NavigationBar_displayId_0]: handleResized abandoned!
03-03 03:00:17.900  9470  9470 W VRI[OplusOSEdgeFloatBar]: handleResized abandoned!
03-03 03:00:17.900  5545  5606 D WindowManagerShell: onKeepClearAreasChanged: restricted={}, unrestricted={}
03-03 03:00:17.924  9051  9051 W VRI[InputMethod]: updateBlastSurfaceIfNeeded, surfaceSize:Point(1240, 2633), lastSurfaceSize:Point(1240, 2633), format:-2, blastBufferQueue:android.graphics.BLASTBufferQueue@3371675
03-03 03:00:17.925  3822  3858 V WindowManager: Relayout Window{3a290e9 u0 InputMethod}: viewVisibility=0, oldvis=0, req=1240x2633 , apr = 0, vsysui=, x=0, y=0
03-03 03:00:17.929  3822  3858 V WindowStateExtImpl: notifyWindowStateChange input show
03-03 03:00:17.929  3822  3858 D WindowManager: NFW_findFocusedWindowIfNeeded:Window{48c9384 u0 it.vfsfitvnm.vimusic.debug/it.vfsfitvnm.vimusic.MainActivity} mCurrentFocus:Window{48c9384 u0 it.vfsfitvnm.vimusic.debug/it.vfsfitvnm.vimusic.MainActivity}
03-03 03:00:17.933  5787  5787 W VRI[HideNavHandle]: handleResized abandoned!
03-03 03:00:17.933  9470  9470 W VRI[OplusOSEdgeFloatBar]: handleResized abandoned!
03-03 03:00:17.933  5545  5545 W VRI[StatusBar]: handleResized abandoned!
03-03 03:00:17.934  5545  5545 W VRI[NavigationBar_displayId_0]: handleResized abandoned!
03-03 03:00:17.936 19889 19889 W VRI[MainActivity]: handleResized abandoned!
03-03 03:00:18.182  3822  4010 I UserAwareMgr: fg app status not changed, beforeVisible: true, currentVisible: true
03-03 03:00:18.183  3822  5544 V AutofillInlineSuggestionsRequestSession: onInputMethodFinishInputView() received
03-03 03:00:18.191  3822  4010 W QosScheduler: getScenario failed! scenarios is null, mask=2048
03-03 03:00:18.191  3822  4010 W QosScheduler: executeSceneQosStrategy get scenario failed! scenario is null
03-03 03:00:18.191  9051  9051 W VRI[InputMethod]: updateBlastSurfaceIfNeeded, surfaceSize:Point(1240, 2633), lastSurfaceSize:Point(1240, 2633), format:-2, blastBufferQueue:android.graphics.BLASTBufferQueue@3371675
03-03 03:00:18.192  3822  5484 V WindowManager: Relayout Window{3a290e9 u0 InputMethod}: viewVisibility=0, oldvis=0, req=1240x2633 , apr = 0, vsysui=, x=0, y=0
03-03 03:00:18.196  3822  5484 D WindowManager: NFW_findFocusedWindowIfNeeded:Window{48c9384 u0 it.vfsfitvnm.vimusic.debug/it.vfsfitvnm.vimusic.MainActivity} mCurrentFocus:Window{48c9384 u0 it.vfsfitvnm.vimusic.debug/it.vfsfitvnm.vimusic.MainActivity}
03-03 03:00:18.205  3822  5484 V WindowManager: Relayout Window{3a290e9 u0 InputMethod}: viewVisibility=8, oldvis=0, req=1240x2633 , apr = 0, vsysui=
03-03 03:00:18.206  3822  5484 I WindowManager: Window{3a290e9 u0 InputMethod} state from HAS_DRAWN to NO_SURFACE; reason: destroySurface
03-03 03:00:18.206  3822  4010 I UserAwareMgr: handleFgAppChanged, pkgName: com.google.android.inputmethod.latin, pid: 9051, isVisible: false, fgAppType: FG2
03-03 03:00:18.206  3822  4010 I UserAwareMgr: fg app status not changed, beforeVisible: true, currentVisible: true
03-03 03:00:18.206  3822  4010 W SmartWindowScene: updateWindowState fail! invalid window type: -1
03-03 03:00:18.208  3822  5484 D WindowManager: setFrameRateStart invalid typeId return!
03-03 03:00:18.211  9470  9470 W VRI[OplusOSEdgeFloatBar]: handleResized abandoned!
03-03 03:00:18.211  3822  5484 D WindowManager: NFW_findFocusedWindowIfNeeded:Window{48c9384 u0 it.vfsfitvnm.vimusic.debug/it.vfsfitvnm.vimusic.MainActivity} mCurrentFocus:Window{48c9384 u0 it.vfsfitvnm.vimusic.debug/it.vfsfitvnm.vimusic.MainActivity}
03-03 03:00:18.211  5787  5787 W VRI[HideNavHandle]: handleResized abandoned!
03-03 03:00:18.212  5545  5545 W VRI[StatusBar]: handleResized abandoned!
03-03 03:00:18.212  5545  5545 W VRI[NavigationBar_displayId_0]: handleResized abandoned!
03-03 03:00:18.213 19889 19889 W VRI[MainActivity]: handleResized abandoned!
03-03 03:00:18.217  5545  5545 W VRI[StatusBar]: handleResized abandoned!
03-03 03:00:18.217  9470  9470 W VRI[OplusOSEdgeFloatBar]: handleResized abandoned!
03-03 03:00:18.217  5787  5787 W VRI[HideNavHandle]: handleResized abandoned!
03-03 03:00:18.217  5545  5545 W VRI[NavigationBar_displayId_0]: handleResized abandoned!
03-03 03:00:18.225 19889 19889 W VRI[MainActivity]: handleResized abandoned!
03-03 03:00:18.424  3822  4010 I UserAwareMgr: fg app status not changed, beforeVisible: true, currentVisible: true
03-03 03:00:18.692  3822  4010 I UserAwareMgr: fg app status not changed, beforeVisible: true, currentVisible: true
03-03 03:00:18.695  3822  4010 I UserAwareMgr: fg app status not changed, beforeVisible: true, currentVisible: true
03-03 03:00:18.780  3822  4063 D PowerManagerService: userActivityNoUpdateLocked: groupId=0, eventTime=92486795, event=touch, flags=0x0, uid=1000
03-03 03:00:18.784  3822  4721 V AlarmManager: sending alarm Alarm{48a29dc type 1 origWhen 1772487018779 whenElapsed 203642049 android} uid 1000 whenElapsed 203642049 windowLength 0 maxWhenElapsed 203642049 repeatInterval 0 action null component null tag StorgaeBandInfoAlarmTag flags 0x9 procName system_server
03-03 03:00:18.869  3822  3930 D OplusPanoramaWorkBranchController: notifyMotionUpOrCancel
03-03 03:00:18.879  3822  5484 I MediaSessionStack: onPlaybackStateChanged - Pushing session to top | record: it.vfsfitvnm.vimusic.debug/PlayerService/71 (userId=0)
03-03 03:00:18.885  3822  5484 D NotificationService--OplusNotificationFixHelper: fixAppIcon: pkg=it.vfsfitvnm.vimusic.debug
03-03 03:00:18.885  3822  5484 D NotificationService--OplusNotificationFixHelper: fixAppIcon: appIcon = null, pkg = it.vfsfitvnm.vimusic.debug
03-03 03:00:18.885  3822  5484 I OplusStatusBarManagerServiceEnhance:  getTopIsFullscreen mTopIsFullscreen: false
03-03 03:00:18.885  3822  5484 W ActivityManager: Permission Denial: getTopApplicationInfo from pid=19889, uid=10686 requires oplus.permission.OPLUS_COMPONENT_SAFE
03-03 03:00:18.886  3822  3822 D NotificationService--OplusNotificationManagerServiceExtImpl: isForwardToAssistants: true, case : Is local notification
03-03 03:00:18.886  3822  3822 D NotificationService: This application enqueue notifications is need postDelayed mcsAssistantDelayTime: 200
03-03 03:00:18.897  3822  4029 D ProcessCpuTrackerExtImpl: mContext is already set, return now! 
03-03 03:00:18.900  3822  5484 I OplusMediaControlService: updateControllerMap begin
03-03 03:00:18.901  3822  5484 D OplusMediaControlService: isInMediaBlackList: com.google.android.youtube, 0
03-03 03:00:18.901  3822  5484 V OplusMediaControlService: this app is in media black list, pkgName: com.google.android.youtube
03-03 03:00:18.901  3822  5484 D OplusMediaControlService: isInMediaBlackList: com.google.android.youtube, 0
03-03 03:00:18.901  3822  5484 V OplusMediaControlService: this app is in media black list, pkgName: com.google.android.youtube
03-03 03:00:18.901  3822  5484 I OplusMediaControlService: updataPlayStateMap begin
03-03 03:00:18.901  3822  5484 I OplusMediaControlService: updateMetadataMap begin
03-03 03:00:18.901  3822  5484 I OplusMediaControlService: getPlayerInfo, playerId: 123177627, pkgname: it.vfsfitvnm.vimusic.debug
03-03 03:00:18.903  3822  5484 D OplusMediaControlService: isInMediaBlackList: com.google.android.youtube, 0
03-03 03:00:18.903  3822  5484 V OplusMediaControlService: this app is in media black list, pkgName: com.google.android.youtube
03-03 03:00:18.903  3822  5484 I OplusMediaControlService: getCurrentPlayerInfoList InfoList size: 1
03-03 03:00:18.962  3822  5484 D NotificationService--OplusNotificationFixHelper: fixAppIcon: pkg=it.vfsfitvnm.vimusic.debug
03-03 03:00:18.962  3822  5484 D NotificationService--OplusNotificationFixHelper: fixAppIcon: appIcon = null, pkg = it.vfsfitvnm.vimusic.debug
03-03 03:00:18.963  3822  5484 I OplusStatusBarManagerServiceEnhance:  getTopIsFullscreen mTopIsFullscreen: false
03-03 03:00:18.963  3822  5484 W ActivityManager: Permission Denial: getTopApplicationInfo from pid=19889, uid=10686 requires oplus.permission.OPLUS_COMPONENT_SAFE
03-03 03:00:18.966  3822  3822 D NotificationService--OplusNotificationManagerServiceExtImpl: isForwardToAssistants: true, case : Is local notification
03-03 03:00:18.966  3822  3822 D NotificationService: This application enqueue notifications is need postDelayed mcsAssistantDelayTime: 200
03-03 03:00:18.982  3822  5484 I OplusMediaControlService: updateControllerMap begin
03-03 03:00:18.982  3822  5484 D OplusMediaControlService: isInMediaBlackList: com.google.android.youtube, 0
03-03 03:00:18.982  3822  5484 V OplusMediaControlService: this app is in media black list, pkgName: com.google.android.youtube
03-03 03:00:18.982  3822  5484 D OplusMediaControlService: isInMediaBlackList: com.google.android.youtube, 0
03-03 03:00:18.982  3822  5484 V OplusMediaControlService: this app is in media black list, pkgName: com.google.android.youtube
03-03 03:00:18.982  3822  5484 I OplusMediaControlService: updataPlayStateMap begin
03-03 03:00:18.982  3822  5484 I OplusMediaControlService: updateMetadataMap begin
03-03 03:00:18.982  3822  5484 I OplusMediaControlService: getPlayerInfo, playerId: 123177627, pkgname: it.vfsfitvnm.vimusic.debug
03-03 03:00:18.983  3822  5484 D OplusMediaControlService: isInMediaBlackList: com.google.android.youtube, 0
03-03 03:00:18.983  3822  5484 V OplusMediaControlService: this app is in media black list, pkgName: com.google.android.youtube
03-03 03:00:18.983  3822  5484 I OplusMediaControlService: getCurrentPlayerInfoList InfoList size: 1
03-03 03:00:19.294  5545  6299 I Quality : BitmapCompressInfo:896,896,1,85,252168645
03-03 03:00:19.311  3822  5544 D NotificationService--OplusNotificationFixHelper: fixAppIcon: pkg=it.vfsfitvnm.vimusic.debug
03-03 03:00:19.311  3822  5544 D NotificationService--OplusNotificationFixHelper: fixAppIcon: appIcon = null, pkg = it.vfsfitvnm.vimusic.debug
03-03 03:00:19.311  3822  5544 I OplusStatusBarManagerServiceEnhance:  getTopIsFullscreen mTopIsFullscreen: false
03-03 03:00:19.311  3822  5544 W ActivityManager: Permission Denial: getTopApplicationInfo from pid=19889, uid=10686 requires oplus.permission.OPLUS_COMPONENT_SAFE
03-03 03:00:19.311  3822  3822 D NotificationService--OplusNotificationManagerServiceExtImpl: isForwardToAssistants: true, case : Is local notification
03-03 03:00:19.311  3822  3822 D NotificationService: This application enqueue notifications is need postDelayed mcsAssistantDelayTime: 200
03-03 03:00:19.327  3822  5210 I OplusMediaControlService: updateControllerMap begin
03-03 03:00:19.327  3822  5210 D OplusMediaControlService: isInMediaBlackList: com.google.android.youtube, 0
03-03 03:00:19.327  3822  5210 V OplusMediaControlService: this app is in media black list, pkgName: com.google.android.youtube
03-03 03:00:19.327  3822  5210 D OplusMediaControlService: isInMediaBlackList: com.google.android.youtube, 0
03-03 03:00:19.327  3822  5210 V OplusMediaControlService: this app is in media black list, pkgName: com.google.android.youtube
03-03 03:00:19.327  3822  5210 I OplusMediaControlService: updataPlayStateMap begin
03-03 03:00:19.327  3822  5210 I OplusMediaControlService: updateMetadataMap begin
03-03 03:00:19.327  3822  5210 I OplusMediaControlService: getPlayerInfo, playerId: 123177627, pkgname: it.vfsfitvnm.vimusic.debug
03-03 03:00:19.328  3822  5210 D OplusMediaControlService: isInMediaBlackList: com.google.android.youtube, 0
03-03 03:00:19.328  3822  5210 V OplusMediaControlService: this app is in media black list, pkgName: com.google.android.youtube
03-03 03:00:19.328  3822  5210 I OplusMediaControlService: getCurrentPlayerInfoList InfoList size: 1
03-03 03:00:19.630  3822  4569 D osense.compress: com.google.android.apps.messaging do shrink, target ratio = 89, final ratio = 90, cur ratio = 84
03-03 03:00:20.276  3822  4063 D PowerManagerService: userActivityNoUpdateLocked: groupId=0, eventTime=92488295, event=touch, flags=0x0, uid=1000
03-03 03:00:20.278  3822  3857 D QuickBackInputPolicy: isInMultiWindowMode and isInSplitScreen is: false isZoomMode is: false isMultiWindowModeInPocketStudio is: false isEmbeddedInLauncherActivity is: false
03-03 03:00:20.278  3822  3857 D QuickBackInputPolicy: hasMultiChildrenInTask: false
03-03 03:00:20.278  3822  3857 D QuickBackInputPolicy: shouldTriggerBackKeyEvent focusWin=Window{48c9384 u0 it.vfsfitvnm.vimusic.debug/it.vfsfitvnm.vimusic.MainActivity}, topFullscreenOpaqueWindow=Window{48c9384 u0 it.vfsfitvnm.vimusic.debug/it.vfsfitvnm.vimusic.MainActivity}, mLaunchEndTimePair=Pair{ActivityRecord{152184657 u0 it.vfsfitvnm.vimusic.debug/it.vfsfitvnm.vimusic.MainActivity t28698} 92443091}, processRunning=false, timeThreshold is: 800, lastRemoteFromAssistant = false
03-03 03:00:20.278  3822  3857 D QuickBackInputPolicy: canInterceptKeyEventToHome Window:Window{48c9384 u0 it.vfsfitvnm.vimusic.debug/it.vfsfitvnm.vimusic.MainActivity}, do nothing!
03-03 03:00:20.290  3822  3857 D QuickBackInputPolicy: isInMultiWindowMode and isInSplitScreen is: false isZoomMode is: false isMultiWindowModeInPocketStudio is: false isEmbeddedInLauncherActivity is: false
03-03 03:00:20.290  3822  3857 D QuickBackInputPolicy: hasMultiChildrenInTask: false
03-03 03:00:20.290  3822  3857 D QuickBackInputPolicy: shouldTriggerBackKeyEvent focusWin=Window{48c9384 u0 it.vfsfitvnm.vimusic.debug/it.vfsfitvnm.vimusic.MainActivity}, topFullscreenOpaqueWindow=Window{48c9384 u0 it.vfsfitvnm.vimusic.debug/it.vfsfitvnm.vimusic.MainActivity}, mLaunchEndTimePair=Pair{ActivityRecord{152184657 u0 it.vfsfitvnm.vimusic.debug/it.vfsfitvnm.vimusic.MainActivity t28698} 92443091}, processRunning=false, timeThreshold is: 800, lastRemoteFromAssistant = false
03-03 03:00:20.291  3822  3857 D CoreBackPreview: startBackNavigation currentTask=Task{6a135b3 #28698 type=standard A=10686:it.vfsfitvnm.vimusic.debug}, topRunningActivity=ActivityRecord{152184657 u0 it.vfsfitvnm.vimusic.debug/it.vfsfitvnm.vimusic.MainActivity t28698}, callbackInfo=OnBackInvokedCallbackInfo{mCallback=android.window.IOnBackInvokedCallback$Stub$Proxy@a74d08c, mPriority=0, mIsAnimationCallback=false, mOverrideBehavior=0}, currentFocus=Window{48c9384 u0 it.vfsfitvnm.vimusic.debug/it.vfsfitvnm.vimusic.MainActivity}
03-03 03:00:20.292  5545  5606 D ShellBackPreview: Received backNavigationInfo:BackNavigationInfo{mType=TYPE_CALLBACK (4), mOnBackNavigationDone=android.os.RemoteCallback@6790f7d, mOnBackInvokedCallback=android.window.IOnBackInvokedCallback$Stub$Proxy@bf1de72, mPrepareRemoteAnimation=false, mAnimationCallback=false, mCustomizeAnimationInfo=null}
03-03 03:00:20.299  3822  3857 V WindowManager: Relayout Window{40a6650 u0 ColorSideGestureRight_displayId_0}: viewVisibility=0, oldvis=8, req=192x3137 , apr = 0, vsysui=
03-03 03:00:20.299  3822  4010 W QosScheduler: getScenario failed! scenarios is null, mask=4
03-03 03:00:20.299  3822  4010 W QosScheduler: executeSceneQosStrategy get scenario failed! scenario is null
03-03 03:00:20.299  3822  3857 I WindowManager: Window{40a6650 u0 ColorSideGestureRight_displayId_0} state from NO_SURFACE to DRAW_PENDING; reason: resetDrawState
03-03 03:00:20.306  3822  3857 D WindowManager: NFW_findFocusedWindowIfNeeded:Window{48c9384 u0 it.vfsfitvnm.vimusic.debug/it.vfsfitvnm.vimusic.MainActivity} mCurrentFocus:Window{48c9384 u0 it.vfsfitvnm.vimusic.debug/it.vfsfitvnm.vimusic.MainActivity}
03-03 03:00:20.322  3822  3857 I WindowManager: Window{40a6650 u0 ColorSideGestureRight_displayId_0} state from DRAW_PENDING to COMMIT_DRAW_PENDING; reason: finishDrawingLocked
03-03 03:00:20.328  5545 17338 D LinearmotorVibrator: vibrate: effect=WaveformEffect { fb77c17, effectType=1, effectStrength=-1, effectLoop=false, ringtoneVibrateType=-1, isRingtoneCustomized=false, ringtoneFilePath=, strengthSettingEnabled=true, asynchronous=false, usageHint=0 }
03-03 03:00:20.328  3822  3933 I WindowManager: Window{40a6650 u0 ColorSideGestureRight_displayId_0} state from COMMIT_DRAW_PENDING to READY_TO_SHOW; reason: commitFinishDrawingLocked
03-03 03:00:20.328  3822  3933 I WindowManager: Window{40a6650 u0 ColorSideGestureRight_displayId_0} state from READY_TO_SHOW to HAS_DRAWN; reason: performShowLocked
03-03 03:00:20.328  3822  5544 I VibratorManagerServiceExtImpl: vibrate is uid=10208, pid=5545, opPkg=com.android.systemui, effect=Mono{mEffect=Composed{segments=[OplusVibrationEffectSegment{mEffectId=1, mEffectStrength=-1, mRingtonePath=''}], repeat=-1}}, attributes=VibrationAttributes{mUsage=UNKNOWN, mAudioUsage= USAGE_UNKNOWN, mFlags=0}, reason=null, token=8942827
03-03 03:00:20.333  3822  4718 W VibrationScaler: Got unexpected vibration intensity: 2100
03-03 03:00:20.334  3822  4718 D VibrationThread: Perform OplusPrebakedSegment{mWaveformId=2, mDuration=45, mEffectStrength=2100, mDefaultUsage=TOUCH} on vibrator 0
03-03 03:00:20.378  3822  4063 D PowerManagerService: userActivityNoUpdateLocked: groupId=0, eventTime=92488399, event=touch, flags=0x0, uid=1000
03-03 03:00:20.379  5545  5606 D ShellBackPreview: Finishing gesture with event action: 1
03-03 03:00:20.379  5545  5606 D ShellBackPreview: onGestureFinished() mTriggerBack == true
03-03 03:00:20.379  5545  5606 D ShellBackPreview: Trigger back without dispatching to animator.
03-03 03:00:20.380  5545  5606 D ShellBackPreview: BackAnimationController: finishBackNavigation()
03-03 03:00:20.384  3822  3857 D CoreBackPreview: onBackNavigationDone backType=4, triggerBack=true
03-03 03:00:20.389  3822  3930 D OplusPanoramaWorkBranchController: notifyMotionUpOrCancel
03-03 03:00:20.501  3822  5544 V WindowManager: Relayout Window{40a6650 u0 ColorSideGestureRight_displayId_0}: viewVisibility=8, oldvis=0, req=192x3137 , apr = 0, vsysui=
