03-03 02:41:37.737  3822  4030 W ActivityManager: Slow operation: 238ms so far, now at startProcess: building log message
03-03 02:41:37.737  3822  4030 I ActivityManager: Start proc 32080:com.oneplus.deskclock:clockWidget/u0a172 for broadcast {com.oneplus.deskclock/com.coloros.widget.smallweather.WidgetLauncherStateReceiver}
03-03 02:41:37.737  3822  4030 W ActivityManager: Slow operation: 238ms so far, now at startProcess: starting to update pids map
03-03 02:41:37.741  3822  4010 W QosScheduler: getScenario failed! scenarios is null, mask=4
03-03 02:41:37.741  3822  4010 W QosScheduler: executeSceneQosStrategy get scenario failed! scenario is null
03-03 02:41:37.741  3822  4030 W ActivityManager: Slow operation: 242ms so far, now at startProcess: done updating pids map
03-03 02:41:37.741  3822  3930 I ActivityManager: ProcessObserver broadcast disabled
03-03 02:41:37.743  3822  4569 I MemoryOperationUtils: add 32080 to com.oneplus.deskclock
03-03 02:41:37.751  3822  5543 I ActivityManager: Death received, pid = 30051, processName = com.google.android.apps.wellbeing for thread android.os.BinderProxy@79d7414
03-03 02:41:37.752  3822  5392 I ActivityManager: Process com.google.android.apps.wellbeing (pid 30051) has died: cch+45 CEM 
03-03 02:41:37.752  3822  4715 D ActivityManager: reportOneUidFrozenStateChanged uid 10111 frozen = false
03-03 02:41:37.757  3822  5483 I ActivityManager: Death received, pid = 31078, processName = com.android.vending:background for thread android.os.BinderProxy@653c0ed
03-03 02:41:37.774  3822  5436 I ActivityManager: Death received, pid = 25716, processName = com.google.android.apps.messaging for thread android.os.BinderProxy@3aebe75
03-03 02:41:37.778  3822  8593 I ActivityManager: Process com.android.vending:background (pid 31078) has died: cch+25 CEM 
03-03 02:41:37.782  3822  5392 I ActivityManager: Process com.google.android.apps.messaging (pid 25716) has died: cch+35 CEM 
03-03 02:41:37.840  3822  5354 D ActivityTaskManagerServiceExtImpl: preBindApplication record is null
03-03 02:41:37.846  3822  4933 W Looper  : Drained
03-03 02:41:37.848  3822  4037 D CompatChangeReporter: Compat change id reported: 151861875; UID 10309; state: ENABLED
03-03 02:41:37.859 32080 32080 V Configuration: Updating configuration, locales updated from [] to [en_GB]
03-03 02:41:37.866  3822  4030 I ActivityManager: Start proc 32102:net.oneplus.widget/u0a309 for broadcast {net.oneplus.widget/net.oneplus.widget.appwidget.ClockWidgetProvider}
03-03 02:41:37.866  3822  3930 I ActivityManager: ProcessObserver broadcast disabled
03-03 02:41:37.867  3822  4569 I MemoryOperationUtils: add 32102 to net.oneplus.widget
03-03 02:41:37.908 32080 32080 D ResourcesManagerExtImpl: applyConfigurationToAppResourcesLocked app.getDisplayId() return callback.displayId:-1
03-03 02:41:37.914  3822  4564 D ActivityTaskManagerServiceExtImpl: preBindApplication record is null
03-03 02:41:37.932 32102 32102 V Configuration: Updating configuration, locales updated from [] to [en_GB]
03-03 02:41:37.955  3822  5300 W PackageManager: package com.oneplus.deskclock uid 10172 pid 32080 call SetEnabledSetting(com.oneplus.deskclock component = com.oplus.alarmclock.provider.ClockProviderOPlus, 1, 0)
03-03 02:41:37.961  3822  5537 I ActivityManager: Flag disabled. Ignoring finishAttachApplication from uid: 10172. pid: 32080
03-03 02:41:37.963 32102 32102 D ResourcesManagerExtImpl: applyConfigurationToAppResourcesLocked app.getDisplayId() return callback.displayId:-1
03-03 02:41:37.965  3822  5537 I ActivityManager: Flag disabled. Ignoring finishAttachApplication from uid: 10309. pid: 32102
03-03 02:41:37.968 32102 32102 D AppWidgetProvider:  ACTION_APPWIDGET_UPDATE, appWidgetIds: [2]
03-03 02:41:37.968  3822  4564 I AppWidgetServiceImpl: lookupWidgetLocked widgetId=2, uid=10309, packageName=net.oneplus.widget, mWidgets.size=2
03-03 02:41:37.968  3822  4564 I AppWidgetServiceImpl: isDifferentPackageFromProvider provider.id=ProviderId{user:0, app:10309, cmp:ComponentInfo{net.oneplus.widget/net.oneplus.widget.appwidget.ClockWidgetProvider}}, provider.id.componentName=ComponentInfo{net.oneplus.widget/net.oneplus.widget.appwidget.ClockWidgetProvider}, packageName=net.oneplus.widget, providerpackgename=net.oneplus.widget
03-03 02:41:37.972  3822  5484 D ActivityManager: Async freezing 32080 com.oneplus.deskclock:clockWidget
03-03 02:41:37.995 32102 32157 I AppWidgetManager: updateAppWidgetIds, mPackageName: net.oneplus.widget, appWidgetIds: [2], views:android.widget.RemoteViews@de55609
03-03 02:41:37.996  3822  5537 D AppWidgetServiceImpl: updateAppWidgetIds remoteViews = android.widget.RemoteViews@a20d700
03-03 02:41:37.996  3822  5537 D AppWidgetServiceImpl: action size = 13
03-03 02:41:37.997  3822  5537 I AppWidgetServiceImpl: lookupWidgetLocked widgetId=2, uid=10309, packageName=net.oneplus.widget, mWidgets.size=2
03-03 02:41:37.997  3822  5537 I AppWidgetServiceImpl: isDifferentPackageFromProvider provider.id=ProviderId{user:0, app:10309, cmp:ComponentInfo{net.oneplus.widget/net.oneplus.widget.appwidget.ClockWidgetProvider}}, provider.id.componentName=ComponentInfo{net.oneplus.widget/net.oneplus.widget.appwidget.ClockWidgetProvider}, packageName=net.oneplus.widget, providerpackgename=net.oneplus.widget
03-03 02:41:37.997  3822  5537 I AppWidgetServiceImpl: updateViews: 192789305 widget:AppWidgetId{2:Host{HostId{user:0, app:10205, hostId:1024, pkg:com.android.launcher}}:Provider{ProviderId{user:0, app:10309, cmp:ComponentInfo{net.oneplus.widget/net.oneplus.widget.appwidget.ClockWidgetProvider}}}}
03-03 02:41:37.997  3822  4930 I AppWidgetServiceImpl: handleNotifyUpdateAppWidget,appWidgetId: 2,packageName:net.oneplus.widget
03-03 02:41:37.997  3822  4930 D AppWidgetServiceImpl: Trying to notify widget update for package net.oneplus.widget with widget id: 2
03-03 02:41:38.305  3822  4721 V AlarmManager: sending alarm Alarm{790c949 type 1 origWhen 1772485898305 whenElapsed 202521575 android} uid 1000 whenElapsed 202521575 windowLength 0 maxWhenElapsed 202521575 repeatInterval 0 action null component null tag StorgaeBandInfoAlarmTag flags 0x9 procName system_server
03-03 02:41:38.307  3822  3934 D OplusWallpaperSurfaceAnimation: resetEnable curState: STARTED
03-03 02:41:38.307  3822  3934 D OplusWallpaperAnimationManager: onAnimationEnd
03-03 02:41:38.307  3822  3934 D OplusWallpaperAnimationManager: setSkipUpdateWallpaperPosition skip: false, wallpaper: Window{c1fb69b u0 com.android.wallpaper.livepicker.service.video.op.Avalon2VideoWallpaper}
03-03 02:41:38.307  3822  3934 D OplusWallpaperSurfaceAnimation: setAnimationState curState: IDLE
03-03 02:41:38.361  3822  5484 W WindowManager: captureTaskSnapshot mSnapshotMode= 0 source=Task{c5eeaf0 #28334 type=standard A=10168:com.google.android.youtube}
03-03 02:41:38.361  3822  5484 D TaskSnapshotControllerExtImpl: createTaskSnapshot isCompatMode:false, isCompactWindow:false
03-03 02:41:38.361  3822  5484 W AbsAppSnapshotControllerExtImpl: updateExcludeLayers, addExcludeLayerList is null or empty, return excludeLayers
03-03 02:41:38.365  5545  5606 D WindowManagerShell: setLauncherKeepClearAreaHeight: visible=true, height=252
03-03 02:41:38.372  3822  5484 D TaskSnapshotCache: putSnapshot mRunningCache top= ActivityRecord{33030765 u0 com.google.android.youtube/.app.honeycomb.Shell$HomeActivity t28334}, mTaskId=28334, snapshot=TaskSnapshot{ mId=1772485898361 mCaptureTime=202521642210309 mTopActivityComponent=com.google.android.youtube/com.google.android.apps.youtube.app.watchwhile.MainActivity mSnapshot=android.hardware.HardwareBuffer@3abfbbd (1240x2772) mColorSpace=sRGB IEC61966-2.1 (id=0, model=RGB) mOrientation=1 mRotation=0 mTaskSize=Point(1240, 2772) mOplusCompatMode=false mTopActivityBounds=[0,0][1240,2772] mHasDimLayer=false mContentInsets=[0,139][0,0] mLetterboxInsets=[0,0][0,0] mIsLowResolution=false mIsRealSnapshot=true mWindowingMode=1 mAppearance=0 mIsTranslucent=true mHasImeSurface=false mInternalReferences=2 mUiMode=21, mAppIdMap size= 17
03-03 02:41:38.384  3822  4949 W WindowManager: captureTaskSnapshot mSnapshotMode= 0 source=Task{c5eeaf0 #28334 type=standard A=10168:com.google.android.youtube}
03-03 02:41:38.384  3822  4949 D TaskSnapshotControllerExtImpl: createTaskSnapshot isCompatMode:false, isCompactWindow:false
03-03 02:41:38.384  3822  4949 W AbsAppSnapshotControllerExtImpl: updateExcludeLayers, addExcludeLayerList is null or empty, return excludeLayers
03-03 02:41:38.394  3822  4949 D TaskSnapshotCache: putSnapshot mRunningCache top= ActivityRecord{33030765 u0 com.google.android.youtube/.app.honeycomb.Shell$HomeActivity t28334}, mTaskId=28334, snapshot=TaskSnapshot{ mId=1772485898384 mCaptureTime=202521664344892 mTopActivityComponent=com.google.android.youtube/com.google.android.apps.youtube.app.watchwhile.MainActivity mSnapshot=android.hardware.HardwareBuffer@9804f98 (1240x2772) mColorSpace=sRGB IEC61966-2.1 (id=0, model=RGB) mOrientation=1 mRotation=0 mTaskSize=Point(1240, 2772) mOplusCompatMode=false mTopActivityBounds=[0,0][1240,2772] mHasDimLayer=false mContentInsets=[0,139][0,0] mLetterboxInsets=[0,0][0,0] mIsLowResolution=false mIsRealSnapshot=true mWindowingMode=1 mAppearance=0 mIsTranslucent=true mHasImeSurface=false mInternalReferences=2 mUiMode=21, mAppIdMap size= 17
03-03 02:41:38.425  3822  4949 D QuickBackInputPolicy: setInterceptInputKeyStatus, enable=false, enableFlag=1, inputCallback=android.window.IRemoteTransitionInputCallback$Stub$Proxy@1f8a029
03-03 02:41:38.426  5545  5606 V ShellRecents: [66921845] RecentsController.finishInner: toHome=true userLeave=false willFinishToHome=true state=0 hasPausingTasks=true reason=requested
03-03 02:41:38.426  5545  5606 V ShellRecents:   normal finish
03-03 02:41:38.426  3822  5537 D OplusWindowAnimationManager: setInputConsumerEnabled from launcher enabled=false last=true
03-03 02:41:38.427  5545  5606 V ShellRecents: [66921845] RecentsController.finishInner: Completing finish
03-03 02:41:38.427  5545  5606 V WindowManagerShell: Transition animation finished (aborted=false), notifying core (#5185) android.os.BinderProxy@d42d57b@0
03-03 02:41:38.428  5545  5606 D SplitScreen-->AppLockManager: setStartFromSafeControl mStartFromSafeControl=false
03-03 02:41:38.430  5545  5606 D ShellTaskOrganizer: onLandScapeSceneExit, isRecent is: false
03-03 02:41:38.432  3822  4949 D Transition: finishTransaction-onCommitted syncId=5185
03-03 02:41:38.432  3822  5537 E TransitionChain: Can't collect into a chain with no transition
03-03 02:41:38.433  3822  5537 D ActivityTaskManager: setAppVisibility(Token{59f5869 ActivityRecord{33030765 u0 com.google.android.youtube/.app.honeycomb.Shell$HomeActivity t28334}}, visible=false):  visible=true mVisibleRequested=true
03-03 02:41:38.433  3822  5537 D ActivityTaskManager: setVisibility defer change visibility for:ActivityRecord{33030765 u0 com.google.android.youtube/.app.honeycomb.Shell$HomeActivity t28334} visible:false
03-03 02:41:38.433  3822  5537 D ActivityTaskManager: setVisibility(Token{59f5869 ActivityRecord{33030765 u0 com.google.android.youtube/.app.honeycomb.Shell$HomeActivity t28334}}, visible=false) defer commitVisibility for inFinishingTransition
03-03 02:41:38.433  3822  5537 D Transition: finishTransition ar ActivityRecord{33030765 u0 com.google.android.youtube/.app.honeycomb.Shell$HomeActivity t28334}, isVisibleRequested=false, state=RESUMED, visibleAtTransitionEndTokens={}, this=TransitionRecord{f20714f id=5185 track=0 type=TO_FRONT flags=0x80 state=2 c=[
03-03 02:41:38.433  3822  5537 D Transition:    ChangeInfo{d1286b5 container=Task{2d5e9a #1 type=home} flags=0x30}
03-03 02:41:38.433  3822  5537 D Transition:    ChangeInfo{57080dc container=ActivityRecord{77230470 u0 com.android.launcher/.Launcher t5} flags=0x0}
03-03 02:41:38.433  3822  5537 D Transition:    ChangeInfo{e5215e5 container=Task{63d5c5b #5 type=home I=com.android.launcher/.Launcher} flags=0x30}
03-03 02:41:38.433  3822  5537 D Transition:    ChangeInfo{fbd48ba container=Display{#0 state=ON size=1240x2772 ROTATION_0} flags=0x0}
03-03 02:41:38.433  3822  5537 D Transition:    ChangeInfo{e0838bb container=WallpaperWindowToken{c0e66a1 showWhenLocked=true} flags=0x0}
03-03 02:41:38.433  3822  5537 D Transition:    ChangeInfo{aecb14a container=Task{c5eeaf0 #28334 type=standard A=10168:com.google.android.youtube} flags=0x4}
03-03 02:41:38.433  3822  5537 D Transition:    ChangeInfo{99cd36b container=DefaultTaskDisplayArea@238526314 flags=0x0}
03-03 02:41:38.433  3822  5537 D Transition: ]
03-03 02:41:38.433  3822  5537 D Transition: }
03-03 02:41:38.434  3822  5537 D ActivityTaskManager: commitVisibility: ActivityRecord{33030765 u0 com.google.android.youtube/.app.honeycomb.Shell$HomeActivity t28334}: visible=false visibleRequested=false, isInTransition=false 
03-03 02:41:38.434  3822  5537 D Transition: finishTransition ar ActivityRecord{77230470 u0 com.android.launcher/.Launcher t5}, isVisibleRequested=true, state=RESUMED, visibleAtTransitionEndTokens={}, this=TransitionRecord{f20714f id=5185 track=0 type=TO_FRONT flags=0x80 state=2 c=[
03-03 02:41:38.434  3822  5537 D Transition:    ChangeInfo{d1286b5 container=Task{2d5e9a #1 type=home} flags=0x30}
03-03 02:41:38.434  3822  5537 D Transition:    ChangeInfo{57080dc container=ActivityRecord{77230470 u0 com.android.launcher/.Launcher t5} flags=0x0}
03-03 02:41:38.434  3822  5537 D Transition:    ChangeInfo{e5215e5 container=Task{63d5c5b #5 type=home I=com.android.launcher/.Launcher} flags=0x30}
03-03 02:41:38.434  3822  5537 D Transition:    ChangeInfo{fbd48ba container=Display{#0 state=ON size=1240x2772 ROTATION_0} flags=0x0}
03-03 02:41:38.434  3822  5537 D Transition:    ChangeInfo{e0838bb container=WallpaperWindowToken{c0e66a1 showWhenLocked=true} flags=0x0}
03-03 02:41:38.434  3822  5537 D Transition:    ChangeInfo{aecb14a container=Task{c5eeaf0 #28334 type=standard A=10168:com.google.android.youtube} flags=0x4}
03-03 02:41:38.434  3822  5537 D Transition:    ChangeInfo{99cd36b container=DefaultTaskDisplayArea@238526314 flags=0x0}
03-03 02:41:38.434  3822  5537 D Transition: ]
03-03 02:41:38.434  3822  5537 D Transition: }
03-03 02:41:38.434  3822  5537 I OplusAppSwitchManagerService:  handleAppVisible , r = ActivityRecord{77230470 u0 com.android.launcher/.Launcher t5}
03-03 02:41:38.435  3822  5537 D OplusTransitionController: finishTransition, transition: TransitionRecord{f20714f id=5185 track=0 type=TO_FRONT flags=0x80 state=4 c=[
03-03 02:41:38.435  3822  5537 D OplusTransitionController:    ChangeInfo{d1286b5 container=Task{2d5e9a #1 type=home} flags=0x30}
03-03 02:41:38.435  3822  5537 D OplusTransitionController:    ChangeInfo{57080dc container=ActivityRecord{77230470 u0 com.android.launcher/.Launcher t5} flags=0x0}
03-03 02:41:38.435  3822  5537 D OplusTransitionController:    ChangeInfo{e5215e5 container=Task{63d5c5b #5 type=home I=com.android.launcher/.Launcher} flags=0x30}
03-03 02:41:38.435  3822  5537 D OplusTransitionController:    ChangeInfo{fbd48ba container=Display{#0 state=ON size=1240x2772 ROTATION_0} flags=0x0}
03-03 02:41:38.435  3822  5537 D OplusTransitionController:    ChangeInfo{e0838bb container=WallpaperWindowToken{c0e66a1 showWhenLocked=true} flags=0x0}
03-03 02:41:38.435  3822  5537 D OplusTransitionController:    ChangeInfo{aecb14a container=Task{c5eeaf0 #28334 type=standard A=10168:com.google.android.youtube} flags=0x4}
03-03 02:41:38.435  3822  5537 D OplusTransitionController:    ChangeInfo{99cd36b container=DefaultTaskDisplayArea@238526314 flags=0x0}
03-03 02:41:38.435  3822  5537 D OplusTransitionController: ]
03-03 02:41:38.435  3822  5537 D OplusTransitionController: }
03-03 02:41:38.435  3822  5537 I OplusRecentsAnimationController: finishTransition transition.mType=3,task=null
03-03 02:41:38.435  3822  5537 D FlexibleTaskTransitionController:  finishTransition pendingRecentToFlexibleTask:null,isRotationTransition:false ,pendingRecentToFlexible:null ,transition:TransitionRecord{f20714f id=5185 track=0 type=TO_FRONT flags=0x80 state=4 c=[
03-03 02:41:38.435  3822  5537 D FlexibleTaskTransitionController:    ChangeInfo{d1286b5 container=Task{2d5e9a #1 type=home} flags=0x30}
03-03 02:41:38.435  3822  5537 D FlexibleTaskTransitionController:    ChangeInfo{57080dc container=ActivityRecord{77230470 u0 com.android.launcher/.Launcher t5} flags=0x0}
03-03 02:41:38.435  3822  5537 D FlexibleTaskTransitionController:    ChangeInfo{e5215e5 container=Task{63d5c5b #5 type=home I=com.android.launcher/.Launcher} flags=0x30}
03-03 02:41:38.435  3822  5537 D FlexibleTaskTransitionController:    ChangeInfo{fbd48ba container=Display{#0 state=ON size=1240x2772 ROTATION_0} flags=0x0}
03-03 02:41:38.435  3822  5537 D FlexibleTaskTransitionController:    ChangeInfo{e0838bb container=WallpaperWindowToken{c0e66a1 showWhenLocked=true} flags=0x0}
03-03 02:41:38.435  3822  5537 D FlexibleTaskTransitionController:    ChangeInfo{aecb14a container=Task{c5eeaf0 #28334 type=standard A=10168:com.google.android.youtube} flags=0x4}
03-03 02:41:38.435  3822  5537 D FlexibleTaskTransitionController:    ChangeInfo{99cd36b container=DefaultTaskDisplayArea@238526314 flags=0x0}
03-03 02:41:38.435  3822  5537 D FlexibleTaskTransitionController: ]
03-03 02:41:38.435  3822  5537 D FlexibleTaskTransitionController: }
03-03 02:41:38.436  3822  5537 D OplusShortcutContinuesTransitionPolicy: finishTransition transition=TransitionRecord{f20714f id=5185 track=0 type=TO_FRONT flags=0x80 state=4 c=[
03-03 02:41:38.436  3822  5537 D OplusShortcutContinuesTransitionPolicy:    ChangeInfo{d1286b5 container=Task{2d5e9a #1 type=home} flags=0x30}
03-03 02:41:38.436  3822  5537 D OplusShortcutContinuesTransitionPolicy:    ChangeInfo{57080dc container=ActivityRecord{77230470 u0 com.android.launcher/.Launcher t5} flags=0x0}
03-03 02:41:38.436  3822  5537 D OplusShortcutContinuesTransitionPolicy:    ChangeInfo{e5215e5 container=Task{63d5c5b #5 type=home I=com.android.launcher/.Launcher} flags=0x30}
03-03 02:41:38.436  3822  5537 D OplusShortcutContinuesTransitionPolicy:    ChangeInfo{fbd48ba container=Display{#0 state=ON size=1240x2772 ROTATION_0} flags=0x0}
03-03 02:41:38.436  3822  5537 D OplusShortcutContinuesTransitionPolicy:    ChangeInfo{e0838bb container=WallpaperWindowToken{c0e66a1 showWhenLocked=true} flags=0x0}
03-03 02:41:38.436  3822  5537 D OplusShortcutContinuesTransitionPolicy:    ChangeInfo{aecb14a container=Task{c5eeaf0 #28334 type=standard A=10168:com.google.android.youtube} flags=0x4}
03-03 02:41:38.436  3822  5537 D OplusShortcutContinuesTransitionPolicy:    ChangeInfo{99cd36b container=DefaultTaskDisplayArea@238526314 flags=0x0}
03-03 02:41:38.436  3822  5537 D OplusShortcutContinuesTransitionPolicy: ]
03-03 02:41:38.436  3822  5537 D OplusShortcutContinuesTransitionPolicy: }
03-03 02:41:38.437  3822  5537 D ActivityTaskManager: setVisibility after transition for:ActivityRecord{33030765 u0 com.google.android.youtube/.app.honeycomb.Shell$HomeActivity t28334}
03-03 02:41:38.439  3822  5537 D TransitionControllerExtImpl: NFW_send RECOMPUTE_FOCUS in finishTransition
03-03 02:41:38.440  5545  5606 D ShellTaskOrganizer: onTransitionFinish, isRecent:true
03-03 02:41:38.440  5545  5606 V WindowManagerShell: Track 0 became idle
03-03 02:41:38.440  5545  5606 V WindowManagerShell: All active transition animations finished
03-03 02:41:38.440  5545  5606 V ShellRecents: [66921845] RecentsController.cleanup
03-03 02:41:38.441  5545  5606 V ShellRecents: RecentsController.setInputConsumerEnabled: skip, cb?=false enabled?=false
03-03 02:41:38.443  3822  3933 I TaskOrganizerController: onTaskInfoChanged taskid 28334 config { mBounds=Rect(0, 0 - 1240, 2772) mAppBounds=Rect(0, 0 - 1240, 2772) mMaxBounds=Rect(0, 0 - 1240, 2772) mDisplayRotation=ROTATION_0 mWindowingMode=fullscreen mActivityType=standard mAlwaysOnTop=undefined mRotation=ROTATION_0}
03-03 02:41:38.447  3822  3933 D OplusFlexibleDragToSplitAnimController: visibleFlexibleTaskInfos delete:28334
03-03 02:41:38.447  3822  3933 E FlexibleWindowManagerService: notifyTaskObserverToAttachController not need to notify!
03-03 02:41:38.447  3822  3933 I FlexibleWindowManagerService: onFlexibleWindowTaskInfoChanged, return for cur task not embedded
03-03 02:41:38.449  3822  3932 D QuickBackInputPolicy: hasMultiChildrenInTask: false
03-03 02:41:38.449  3822  3932 D WindowManager: NFW_findFocusedWindowIfNeeded:Window{6e9707c u0 com.android.launcher/com.android.launcher.Launcher} mCurrentFocus:Window{6e9707c u0 com.android.launcher/com.android.launcher.Launcher}
03-03 02:41:38.449  3822  3932 V WindowManager: Unknown focus tokens, dropping reportFocusChanged
03-03 02:41:38.451  3822  4010 I UserAwareMgr: handleAppChangedToBg, pkgName: com.google.android.youtube, pid: 29741
03-03 02:41:38.460  3822  4762 D InputMethodManagerService: isSecurity: attribute.packageName = com.android.launcher mCurMethodId = com.google.android.inputmethod.latin/com.android.inputmethod.latin.LatinIME isSecurity = false ( enable = false needShow = false inBlackList = false isExist = true )
03-03 02:41:38.462  3822  4951 D BackgroundInstallControlService: Package event received: 0
03-03 02:41:38.463  3822  4010 I UserAwareMgr: fg app status not changed, beforeVisible: true, currentVisible: true
03-03 02:41:38.464  3822  5537 V AutofillInlineSuggestionsRequestSession: onInputMethodFinishInput() received
03-03 02:41:38.466  3822  5537 V AutofillInlineSuggestionsRequestSession: onInputMethodStartInput() received on 0
03-03 02:41:38.469  3822  4564 W PackageConfigPersister: App-specific configuration not found for packageName: com.android.launcher and userId: 0
03-03 02:41:38.471  3822  4949 D WindowManager: setFrameRateStart invalid typeId return!
03-03 02:41:38.482  3822  4030 I ActivityManager: Start proc 32168:com.grofers.customerapp/u0a751 for service {com.grofers.customerapp/androidx.work.impl.background.systemjob.SystemJobService}
03-03 02:41:38.482  3822  3930 I ActivityManager: ProcessObserver broadcast disabled
03-03 02:41:38.483  3822  4569 I MemoryOperationUtils: add 32168 to com.grofers.customerapp
03-03 02:41:38.507  3822  5485 D CoreBackPreview: Window{351db37 u0 com.google.android.youtube/com.google.android.youtube.app.honeycomb.Shell$HomeActivity}: Setting back callback OnBackInvokedCallbackInfo{mCallback=android.window.IOnBackInvokedCallback$Stub$Proxy@517a472, mPriority=-1, mIsAnimationCallback=false, mOverrideBehavior=0}
03-03 02:41:38.509  3822  4949 D ActivityTaskManagerServiceExtImpl: preBindApplication record is null
03-03 02:41:38.522  3822  4593 W JobServiceContext: Sending onNetworkChanged for a job that isn't started. JobStatus{7bfd480 androidx.work.systemjobscheduler:u0a751/156 @androidx.work.systemjobscheduler@com.grofers.customerapp/androidx.work.impl.background.systemjob.SystemJobService u=0 s=10751 TIME=-2m21s216ms:none NET READY}
03-03 02:41:38.525 32168 32168 V Configuration: Updating configuration, locales updated from [] to [en_GB]
03-03 02:41:38.533  3822  4063 D PowerManagerService: userActivityNoUpdateLocked: groupId=0, eventTime=91366552, event=touch, flags=0x0, uid=1000
03-03 02:41:38.561  5787  5787 D AppWidgetHostView: inflateAsync(rvToApply), appWidgetId: 2
03-03 02:41:38.562  5787  5787 D AppWidgetHostView: inflateAsync(rvToApply), appWidgetId: 3
03-03 02:41:38.569  3822  4010 W QosScheduler: getScenario failed! scenarios is null, mask=4
03-03 02:41:38.569  3822  4010 W QosScheduler: executeSceneQosStrategy get scenario failed! scenario is null
03-03 02:41:38.571  3822  5484 D OplusStartingWindowManager: updateRecordSurfaceViewState windowToken = android.os.BinderProxy@cbda036, surfaceState = false, attachedToWindow = true, inList = false, win = Window{351db37 u0 com.google.android.youtube/com.google.android.youtube.app.honeycomb.Shell$HomeActivity}
03-03 02:41:38.585  3822  4949 V AutofillManagerServiceImpl: updateSessionLocked(): session gone for 2147483647(10168)
03-03 02:41:38.633  3822  4063 D PowerManagerService: userActivityNoUpdateLocked: groupId=0, eventTime=91366656, event=touch, flags=0x0, uid=1000
03-03 02:41:38.643  3822  3930 D OplusPanoramaWorkBranchController: notifyMotionUpOrCancel
03-03 02:41:38.648  3822  4949 V WindowManager: Relayout Window{351db37 u0 com.google.android.youtube/com.google.android.youtube.app.honeycomb.Shell$HomeActivity}: viewVisibility=4, oldvis=0, req=1240x2772 , apr = 0, vsysui=LAYOUT_STABLE LAYOUT_HIDE_NAVIGATION LAYOUT_FULLSCREEN IMMERSIVE_STICKY
03-03 02:41:38.649  3822  4949 D QuickBackInputPolicy: hasMultiChildrenInTask: false
03-03 02:41:38.649  3822  4949 D WindowManager: NFW_findFocusedWindowIfNeeded:Window{6e9707c u0 com.android.launcher/com.android.launcher.Launcher} mCurrentFocus:Window{6e9707c u0 com.android.launcher/com.android.launcher.Launcher}
03-03 02:41:38.652 29741 29741 D VRI[Shell$HomeActivity]: relayoutWindow result, sizeChanged:false, surfaceControlChanged:true, transformHintChanged:false, mSurfaceSize:Point(1240, 2772), mLastSurfaceSize:Point(1240, 2772), mWidth:1240, mHeight:2772, requestedWidth:1240, requestedHeight:2772, transformHint:0, installOrientation:0, displayRotation:0, isSurfaceValid:false, attr.flag:-2122252032, tmpFrames:ClientWindowFrames{frame=[0,0][1240,2772] display=[0,0][1240,2772] parentFrame=[0,0][0,0]}, relayoutAsync:false, mSyncSeqId:0
03-03 02:41:38.682  3822  5537 D WindowManager: NFW_setClientVisible:ActivityRecord{33030765 u0 com.google.android.youtube/.app.honeycomb.Shell$HomeActivity t28334} clientVisible:false
03-03 02:41:38.683  3822  5537 I WindowManager: Window{351db37 u0 com.google.android.youtube/com.google.android.youtube.app.honeycomb.Shell$HomeActivity} state from HAS_DRAWN to DRAW_PENDING; reason: resetDrawState
03-03 02:41:38.683  3822  5537 I WindowManager: Window{351db37 u0 com.google.android.youtube/com.google.android.youtube.app.honeycomb.Shell$HomeActivity} state from DRAW_PENDING to NO_SURFACE; reason: destroySurface
03-03 02:41:38.683  3822  5537 D OplusStartingWindowManager: skip remove starting window for activity = ActivityRecord{33030765 u0 com.google.android.youtube/.app.honeycomb.Shell$HomeActivity t28334} ,ar != topActivityContainsStartingWindow on activityStopped
03-03 02:41:38.684 32168 32168 D ResourcesManagerExtImpl: applyConfigurationToAppResourcesLocked app.getDisplayId() return callback.displayId:-1
03-03 02:41:38.691  3822  4951 D BackgroundInstallControlService: Package event received: 0
03-03 02:41:38.700  3822  5537 D FlexibleTaskController: check task which not have enough child, isInSingleWhiteList:false isCloneTask:false
03-03 02:41:38.711 29756 29886 D OplusStatistics--: newThread.ThreadFactory
03-03 02:41:38.970  3822  4010 I UserAwareMgr: fg app status not changed, beforeVisible: true, currentVisible: true
03-03 02:41:38.994  3822  4010 I UserAwareMgr: fg app status not changed, beforeVisible: true, currentVisible: true
03-03 02:41:38.996  3822  5486 I ActivityManager: Flag disabled. Ignoring finishAttachApplication from uid: 10751. pid: 32168
03-03 02:41:39.010  3822  3822 W JobScheduler: Job didn't exist in JobStore: #com.grofers.customerapp/156
03-03 02:41:39.012  3822  3822 W JobScheduler: Job didn't exist in JobStore: #com.grofers.customerapp/156
03-03 02:41:39.106  3822  4063 D PowerManagerService: userActivityNoUpdateLocked: groupId=0, eventTime=91367128, event=touch, flags=0x0, uid=1000
03-03 02:41:39.209  3822  4063 D PowerManagerService: userActivityNoUpdateLocked: groupId=0, eventTime=91367233, event=touch, flags=0x0, uid=1000
03-03 02:41:39.209  3822  3930 D OplusPanoramaWorkBranchController: notifyMotionUpOrCancel
03-03 02:41:39.382  3822  4010 I UserAwareMgr: event is already released: SceneEvent{id=2007, maxWorkDurationMs=2000, caller='[launcher]', eventFlags=0, fbPriority=1, keyThreads=[KeyThread{name=HwUiTask, owner=self, schedPolicy=ux, priority=ANIMATOR, maxThreadCount=1}, KeyThread{name=UIThread, owner=self, schedPolicy=ux, priority=ANIMATOR, maxThreadCount=1}, KeyThread{name=HeapTaskDaemon, owner=self, schedPolicy=ux, priority=LISTPICK, maxThreadCount=1}, KeyThread{name=RenderThread, owner=self, schedPolicy=ux, priority=ANIMATOR, maxThreadCount=1}, KeyThread{name=GLThread, owner=self, schedPolicy=ux, priority=ANIMATOR, maxThreadCount=1}, KeyThread{name=UrgentTransactionHelper, owner=self, schedPolicy=ux, priority=LIGHT, maxThreadCount=1}], vipBinderGroup=null}, callingPid: 5787, appPid: 0
03-03 02:41:39.383  3822  4010 I UserAwareMgr: event is already released: SceneEvent{id=2023, maxWorkDurationMs=2000, caller='[launcher]', eventFlags=0, fbPriority=1, keyThreads=[KeyThread{name=TaskIconCache, owner=self, schedPolicy=ux, priority=ANIMATOR, maxThreadCount=1}, KeyThread{name=TaskThumbnailCache, owner=self, schedPolicy=ux, priority=ANIMATOR, maxThreadCount=1}], vipBinderGroup=null}, callingPid: 5787, appPid: 0
03-03 02:41:39.691  3822  4063 D PowerManagerService: userActivityNoUpdateLocked: groupId=0, eventTime=91367713, event=touch, flags=0x0, uid=1000
03-03 02:41:39.770  3822  3930 D OplusPanoramaWorkBranchController: notifyMotionUpOrCancel
03-03 02:41:39.778  3822  4563 D OplusFlexibleWindowMinimizedManagerHelper: needExitMinimizedBeforeStartRecent mode:-1
03-03 02:41:39.778  3822  4563 E OplusSplitScreenManagerService: checkCallingFromSystemUI, caller is not SystemUI, callerUid=10205, SystemUI uid=10208
03-03 02:41:39.779  3822  4563 D CompactServiceDelegate: updateDecorsManagerIfNeed return because not attachToProcess task:Task{6a135b3 #28698 type=standard A=10686:it.vfsfitvnm.vimusic.debug}
03-03 02:41:39.780  3822  4563 D FlexibleTaskController: onStartActivityFromRecents task:Task{6a135b3 #28698 type=standard A=10686:it.vfsfitvnm.vimusic.debug}, options:ActivityOptions(129405618), mPackageName=null, mAnimationType=13, mStartX=0, mStartY=0, mWidth=0, mHeight=0, mLaunchDisplayId=0 ,taskForceMaximized:false ,isFlexibleTask:false ,pendingLaunchZoom:false ,zoomLaunchFlags:3
03-03 02:41:39.780  3822  4563 I TaskFragmentExtImpl: reset pause in recents anim for mTaskFragment: Task{6a135b3 #28698 type=standard A=10686:it.vfsfitvnm.vimusic.debug}
03-03 02:41:39.780  3822  4563 D FlexibleTaskController: shouldKeepFlexibleTask flexibleTask not active.
03-03 02:41:39.781  3822  4563 E OplusAppQuickStart_AppQuickStartController: notifyStartActivityFromRecents task:Task{6a135b3 #28698 type=standard A=10686:it.vfsfitvnm.vimusic.debug} mStartFromRecents:true mStartFromSlide:false callingUid:10205
03-03 02:41:39.784  3822  4563 D WindowManager: NFW_setClientVisible:ActivityRecord{88248206 u0 it.vfsfitvnm.vimusic.debug/it.vfsfitvnm.vimusic.MainActivity clientVisible:true
03-03 02:41:39.785  3822  4563 D FlexibleTaskController: isSupportFlexibleWindow target = it.vfsfitvnm.vimusic.debug/it.vfsfitvnm.vimusic.MainActivity callPkg = FlexibleTaskController support = true ,caller = 3822
03-03 02:41:39.785  3822  4563 D ActivityStarterExtImpl: do not intercept for realCallingAppIsHomeApp or CallingAppIsHomeApp
03-03 02:41:39.785  3822  4992 D osense-blo-strict: switchingCnt = 1
03-03 02:41:39.786  3822  4563 D FlexibleWindowManagerService: isIgnoreAppearedAcrossTask:false
03-03 02:41:39.787  3822  4563 D ActivityStarterExtImpl: setForceUpdateWindow, targetTask = Task{6a135b3 #28698 type=standard A=10686:it.vfsfitvnm.vimusic.debug} r = ActivityRecord{88248206 u0 it.vfsfitvnm.vimusic.debug/it.vfsfitvnm.vimusic.MainActivity t-1} notFinish =false
03-03 02:41:39.787  3822  4563 D FlexibleWindowManagerService: isIgnoreAppearedAcrossTask:false
03-03 02:41:39.787  3822  4563 D FlexibleTaskController: findSourceTaskForFreeForm: sourceRecord = null ,realCallingPid:5787 ,launchFromZoomMode:false ,prevTopTask:Task{63d5c5b #5 type=home I=com.android.launcher/.Launcher}
03-03 02:41:39.787  3822  4563 D FlexibleTaskController: findSourceTaskForFreeForm: the caller is not a flexible freeform window application and does not have a zoom windowMode startup parameter
03-03 02:41:39.787  3822  4563 D FlexibleTaskController: adjustOptionsForFlexibleTask not allow options follow process task's options, reason:9 ,reusedOptions:null
03-03 02:41:39.787  3822  4563 D FlexibleTaskController: isSupportFlexibleWindow target = it.vfsfitvnm.vimusic.debug/it.vfsfitvnm.vimusic.MainActivity callPkg = FlexibleTaskController support = true ,caller = 3822
03-03 02:41:39.787  3822  4563 D FlexibleWindowManagerService: no reused task found for ActivityRecord{88248206 u0 it.vfsfitvnm.vimusic.debug/it.vfsfitvnm.vimusic.MainActivity t-1}
03-03 02:41:39.787  3822  4563 D BackgroundActivityStartControllerExtImpl: The realCallingUid is home, start activity from background is allowed.
03-03 02:41:39.787  3822  4563 D ActivityStarterExtImpl: isLaunchingRootActivity = true
03-03 02:41:39.789  3822  4563 D OplusStartingWindowManager: we don't revise window flags for third app
03-03 02:41:39.789  3822  4563 D ActivityTaskManager: validateStartingWindowTheme:  Pkg=it.vfsfitvnm.vimusic.debug, Translucent=false, Floating=false, ShowWallpaper=false, Disable=false, LaunchSource=2, Prev=null, LaunchedFromPackage=com.android.launcher
03-03 02:41:39.789  3822  4563 D ActivityTaskManager: addStartingWindow for ActivityRecord{88248206 u0 it.vfsfitvnm.vimusic.debug/it.vfsfitvnm.vimusic.MainActivity t28698}, mainWin=null, state=INITIALIZING, isKeyguardLocked=false, isKeyguardGoingAway=false
03-03 02:41:39.789  3822  4563 D ActivityTaskManager: getStartingWindowType: , newTask=true, taskSwitch=true, processRunning=false, allowTaskSnapshot=true, activityCreated=false, activityAllDrawn=false, snapshot exist: false
03-03 02:41:39.789  3822  4563 D ActivityRecordExtImpl: handleStartingWindowForCompactWindow origin type:2, adjustType : 2
03-03 02:41:39.789  3822  4563 D CompatChangeReporter: Compat change id reported: 205907456; UID 10686; state: ENABLED
03-03 02:41:39.792  5545  5634 D PhoneStartingWindowTypeAlgorithm: preferredStartingWindowType newTask=true, taskSwitch=true, processRunning=false, allowTaskSnapshot=true, activityCreated=false, isSolidColorSplashScreen=false, legacySplashScreen=false, activityDrawn=false, windowless=false, topIsHome=false
03-03 02:41:39.793  3822  4010 W UserAwareMgr: can not find match thread: UiThreadHelper for process system_server Pid: 3822
03-03 02:41:39.794  3822  4563 I ActivityTaskManager: START u0 {act=android.intent.action.MAIN cat=[android.intent.category.LAUNCHER] flg=0x10300000 xflg=0x4 cmp=it.vfsfitvnm.vimusic.debug/it.vfsfitvnm.vimusic.MainActivity (has extras) mCallingUid=1000} with LAUNCH_SINGLE_TASK from uid 10205 (BAL_ALLOW_VISIBLE_WINDOW (callingUid has visible window)) result code=0
03-03 02:41:39.794  3822  4010 I UserAwareMgr: event is already released: SceneEvent{id=5007, maxWorkDurationMs=200, caller='[android]', eventFlags=256, fbPriority=1, keyThreads=[KeyThread{name=binder, owner=android, schedPolicy=ux, priority=HEAVY, maxThreadCount=16}], vipBinderGroup=null}, callingPid: 3822, appPid: 0
03-03 02:41:39.794  5545  5606 V WindowManagerShell: Transition requested (#5186): android.os.BinderProxy@362190c TransitionRequestInfo { type = OPEN, triggerTask = TaskInfo{userId=0 taskId=28698 effectiveUid=10686 displayId=0 isRunning=true baseIntent=Intent { act=android.intent.action.MAIN cat=[android.intent.category.LAUNCHER] flg=0x10300000 cmp=it.vfsfitvnm.vimusic.debug/it.vfsfitvnm.vimusic.MainActivity mCallingUid=10205 } baseActivity=ComponentInfo{it.vfsfitvnm.vimusic.debug/it.vfsfitvnm.vimusic.MainActivity} topActivity=ComponentInfo{it.vfsfitvnm.vimusic.debug/it.vfsfitvnm.vimusic.MainActivity} origActivity=null realActivity=ComponentInfo{it.vfsfitvnm.vimusic.debug/it.vfsfitvnm.vimusic.MainActivity}
03-03 02:41:39.794  5545  5606 V WindowManagerShell:  numActivities=1 lastActiveTime=202269156 supportsSplitScreenMultiWindow=true supportsMultiWindow=true supportsPocketStudioMultiWindow=true isInFlexibleEmbedded = false uid = 10686 pid = 0 resizeMode=1 isResizeable=true minWidth=-1 minHeight=-1 defaultMinSize=220 token=WCT{android.window.IWindowContainerToken$Stub$Proxy@fae8255} topActivityType=1 pictureInPictureParams=null shouldDockBigOverlays=false launchIntoPipHostTaskId=-1 lastParentTaskIdBeforePip=-1 displayCutoutSafeInsets=Rect(0, 139 - 0, 0)
03-03 02:41:39.794  5545  5606 V WindowManagerShell:  topActivityInfo=ActivityInfo{bc1946a it.vfsfitvnm.vimusic.MainActivity} launchCookies=[] positionInParent=Point(0, 0) parentTaskId=-1 isFocused=false isVisible=false isVisibleRequested=false isTopActivityNoDisplay=false isSleeping=false locusId=null displayAreaFeatureId=1 isTopActivityTransparent=false isActivityStackTransparent=false lastNonFullscreenBounds=Rect(329, 835 - 912, 2075) capturedLink=null capturedLinkTimestamp=0 requestedVisibleTypes=-9 topActivityRequestOpenInBrowserEducationTimestamp=0
03-03 02:41:39.794  5545  5606 V WindowManagerShell:  appCompatTaskInfo=AppCompatTaskInfo { topActivityInSizeCompat=false topActivityInOplusCompatMode=false eligibleForLetterboxEducation= false isLetterboxEducationEnabled= false isLetterboxDoubleTapEnabled= false eligibleForUserAspectRatioButton= false topActivityBoundsLetterboxed= false isFromLetterboxDoubleTap= false topActivityLetterboxVerticalPosition= -1 topActivityLetterboxHorizontalPosition= -1 topActivityLetterboxWidth=-1 topActivityLetterboxHeight=-1 topActivityAppBounds=Rect(0, 139 - 1240, 2772) isUserFullscreenOverrideEnabled=false isSystemFullscreenOverrideEnabled=false hasMinAspectRatioOverride=false topActivityLetterboxBounds=null cameraCompatTaskInfo=CameraCompatTaskInfo { freeformCameraCompatMode=inactive}} topActivityMainWindowFrame=null topActivityLetterboxInsets=Rect(0, 0 - 0, 0)
03-03 02:41:39.794  5545  5606 V WindowManagerShell:  mOplusExtraBundle = Bundle[mParcelledData.dataSize=1484]}, pipChange = null, remoteTransition = RemoteTransition { remoteTransition = android.window.IRemoteTransition$Stub$Proxy@a0ad5b, appThread = android.app.IApplicationThread$Stub$Proxy@89db9f8, debugName = QuickstepLaunch }, displayChange = null, flags = 0, debugId = 5186 }
03-03 02:41:39.795  5545  5606 D ShellSplitScreen: logExit: no-op, mLoggerSessionId is null
03-03 02:41:39.795  5545  5606 V WindowManagerShell: RemoteTransition directly requested for (#5186) android.os.BinderProxy@362190c: RemoteTransition { remoteTransition = android.window.IRemoteTransition$Stub$Proxy@a0ad5b, appThread = android.app.IApplicationThread$Stub$Proxy@89db9f8, debugName = QuickstepLaunch }
03-03 02:41:39.796  5545  5606 V WindowManagerShell: Transition (#5186): request handled by DefaultMixedHandler
03-03 02:41:39.797  3822  3933 D FlexibleWindowManagerService: onFlexibleWindowTaskAppeared: task = 28698, visible = false
03-03 02:41:39.797  3822  3933 D OplusFlexibleWindowMinimizedManagerHelper: onTaskAppered taskInfo:28698
03-03 02:41:39.797  3822  3933 D OplusFlexibleDragToSplitAnimController: visibleFlexibleTaskInfos delete:28698
03-03 02:41:39.797  3822  3933 E FlexibleWindowManagerService: notifyTaskObserverToAttachController not need to notify!
03-03 02:41:39.797  3822  3933 D FlexibleWindowManagerService: should not dispatch appeared task Task{6a135b3 #28698 type=standard A=10686:it.vfsfitvnm.vimusic.debug}
03-03 02:41:39.797  5545  5634 D OplusShellStartingWindowManager: getReviseStartingWindowType not support, windowInfo is null
03-03 02:41:39.801  5880 25981 I iopgp   : Iopgp: TRANSACTION_IOPGP_PRELOAD Sequence_id = 164 pkg_name = it.vfsfitvnm.vimusic.debug uid = 10686 size = 1 isProfile = 1
03-03 02:41:39.803  3822  4563 D RefreshRate: boostRefreshId choose max:currentRefreshRate:120.00001 targetRefreshRate:60.0 mCurrentPickRate:120.00001
03-03 02:41:39.803  3822  4563 D RefreshRate: Trigger app switch boost, ar=ActivityRecord{88248206 u0 it.vfsfitvnm.vimusic.debug/it.vfsfitvnm.vimusic.MainActivity t28698},currDisplayRate=120.00001,boostId=3
03-03 02:41:39.803  3822  4563 D RefreshRate: setDisplayConfigSpecs complete: targetMode={id=1, width=1240, height=2772, fps=120.00001, vsync=120.00001, synthetic=false, alternativeRefreshRates=[60.000004, 90.0], supportedHdrTypes=[2, 3, 4]},srcMode={id=1, width=1240, height=2772, fps=120.00001, vsync=120.00001, synthetic=false, alternativeRefreshRates=[60.000004, 90.0], supportedHdrTypes=[2, 3, 4]},sfModId=0,rate=120.00001
03-03 02:41:39.803  3822  4563 D RefreshRate: startAppSwitchBoost targetMode={id=1, width=1240, height=2772, fps=120.00001, vsync=120.00001, synthetic=false, alternativeRefreshRates=[60.000004, 90.0], supportedHdrTypes=[2, 3, 4]} record=ActivityRecord{88248206 u0 it.vfsfitvnm.vimusic.debug/it.vfsfitvnm.vimusic.MainActivity t28698}: votes=PRIORITY_START_ANIMATION_BOOST -> Vote{mRefreshRate=120.0, mMinRefreshRate=120.0, mRequestSource=null};PRIORITY_WINDOW_REQUEST -> Vote{mRefreshRate=120.0, mMinRefreshRate=120.0, mRequestSource=null};
03-03 02:41:39.804  3822  4994 D JobSchedulerServiceExtImpl: updateOsenseRestrictMode for 1 true false
03-03 02:41:39.804  5545  5634 D OplusShellStartingWindowManager: adjustSuggestedWindowType originType: 1, wi: StartingWindowInfo{taskId=28698 targetActivityInfo=null displayId=0 topActivityType=1 preferredStartingWindowType=8b mainWindowLayoutParams=null splashScreenThemeResId 7f0b0009, exi: OplusStartingWindowExtendedInfo{mAppToken=android.os.BinderProxy@d5c8d36, mSupportSplashScreenPreview=false, mIsSystemApp=false, mIsExceptionListApp=false, mPreviewBitmap=null, mShouldDrawBackground=false, mForceLightMode=false, mForceNightMode=false, mNotSupportNightMode=false, mForcePreview=false, mForceBigIcon=false, mQuickStartingSurface=null, mForceSolidColorSplash=false}
03-03 02:41:39.804  5545  5634 D OplusShellStartingWindowManager: adjustSuggestedWindowType: skip no-system app and no-exception list app
03-03 02:41:39.804  3822  4085 D RefreshRate: do setDisplayConfigSpecs  
03-03 02:41:39.806  3822  4563 D ActivityTaskManager: setAppVisibility(Token{8d5ef45 ActivityRecord{88248206 u0 it.vfsfitvnm.vimusic.debug/it.vfsfitvnm.vimusic.MainActivity t28698}}, visible=true):  visible=false mVisibleRequested=false
03-03 02:41:39.806  5545  5635 D ShellStartingWindow: getWindowAttrs SplashScreenWindowAttrs{ mWindowBgResId: 0, mWindowBgColor: 0, mWindowBgImage: false, mSplashScreenIcon: false, mBrandingImage: false, mIconBgColor: 0, uiMode: 0}
03-03 02:41:39.806  5545  5635 W ShellStartingWindow: Window background does not exist, using android.graphics.drawable.ColorDrawable@132c437
03-03 02:41:39.806  5545  5635 W ShellStartingWindow: peekWindowBGColor mWindowBgColor:0 mWindowBgResId:0 estimatedWindowBGColor:-16777216
03-03 02:41:39.806  5545  5635 I ShellStartingWindow: makeSplashScreenContentView themeBGColor: ff000000, isDark: true, last config hash: 1613413261
03-03 02:41:39.806  3822  4563 D ActivityTaskManager: setVisibility(Token{8d5ef45 ActivityRecord{88248206 u0 it.vfsfitvnm.vimusic.debug/it.vfsfitvnm.vimusic.MainActivity t28698}}, visible=true) defer commitVisibility for transition collecting
03-03 02:41:39.807  3822  4563 D ActivityTaskManager: setAppVisibility(Token{a7e30a4 ActivityRecord{77230470 u0 com.android.launcher/.Launcher t5}}, visible=false):  visible=true mVisibleRequested=true
03-03 02:41:39.808  3822  4563 D ActivityTaskManager: setVisibility(Token{a7e30a4 ActivityRecord{77230470 u0 com.android.launcher/.Launcher t5}}, visible=false) defer commitVisibility for transition collecting
03-03 02:41:39.808  3822  4085 D DisplayModeDirector: setAppRequest displayId : 0  modeId: 1  requestedRefreshRate: 120.00001  requestedMinRefreshRateRange: 120.00001  requestedMaxRefreshRateRange: 120.00001
03-03 02:41:39.810  5545  5606 D WindowManagerShell: setLauncherKeepClearAreaHeight: visible=false, height=252
03-03 02:41:39.810  5545  5635 D ShellStartingWindow: inconsize = 560
03-03 02:41:39.810  3822  4563 D DisplayModeDirector: setAppRequest displayId : 0  modeId: 1  requestedRefreshRate: 0.0  requestedMinRefreshRateRange: 0.0  requestedMaxRefreshRateRange: 120.00001
03-03 02:41:39.811  3822  5722 D NativeFreezeManager: freezeForAppSwitchScene mAppLaunchFzDxEnable enter, mFgAppPkgname it.vfsfitvnm.vimusic.debug
03-03 02:41:39.812  3822  4951 D BackgroundInstallControlService: Package event received: 0
03-03 02:41:39.812  3822  5485 I AppSnapshotController: attachStartingWindow, win = Window{fd02dbb u0 Splash Screen it.vfsfitvnm.vimusic.debug}, shouldAppSnapshot = false
03-03 02:41:39.812  3822  5485 D ActivityTaskManager: attachStartingWindow: mStartingData=SplashScreenStartingData{2175631 removeAfterTransaction= 0},mStartingWindow=Window{fd02dbb u0 Splash Screen it.vfsfitvnm.vimusic.debug}
03-03 02:41:39.812  3822  5485 D WindowManager: attachImeScreenshotOnTargetIfNeeded, mImeHiding = false, requestedVisibleTypes = -9
03-03 02:41:39.812  3822  5485 I WindowManager: addWindow: New client android.os.BinderProxy@9b75a4a : window=Window{fd02dbb u0 Splash Screen it.vfsfitvnm.vimusic.debug}
03-03 02:41:39.813  3822  5485 D WindowManager: rotation(ROTATION_0) no changed  displayId = 0, lastOrientation = -1
03-03 02:41:39.817  3822  5485 V WindowManager: Relayout Window{fd02dbb u0 Splash Screen it.vfsfitvnm.vimusic.debug}: viewVisibility=0, oldvis=0, req=1240x2772 , apr = 0, vsysui=, x=0, y=0
03-03 02:41:39.817  3822  5485 I WindowManager: Window{fd02dbb u0 Splash Screen it.vfsfitvnm.vimusic.debug} state from NO_SURFACE to DRAW_PENDING; reason: resetDrawState
03-03 02:41:39.818  3822  5485 D WindowManager: NFW_findFocusedWindowIfNeeded:null mCurrentFocus:Window{6e9707c u0 com.android.launcher/com.android.launcher.Launcher}
03-03 02:41:39.819  3822  5485 V WindowManager: Changing focus from Window{6e9707c u0 com.android.launcher/com.android.launcher.Launcher} to null,diplayid=0
03-03 02:41:39.819  3822  4010 W QosScheduler: getScenario failed! scenarios is null, mask=2
03-03 02:41:39.819  3822  4010 W QosScheduler: executeSceneQosStrategy get scenario failed! scenario is null
03-03 02:41:39.820  3822  5486 D CoreBackPreview: Window{fd02dbb u0 Splash Screen it.vfsfitvnm.vimusic.debug}: Setting back callback OnBackInvokedCallbackInfo{mCallback=android.window.IOnBackInvokedCallback$Stub$Proxy@b18d116, mPriority=0, mIsAnimationCallback=false, mOverrideBehavior=0}
03-03 02:41:39.820  5545  5634 W VRI[debug]: updateBlastSurfaceIfNeeded, surfaceSize:Point(1240, 2772), lastSurfaceSize:Point(0, 0), format:-3, blastBufferQueue:null
03-03 02:41:39.821  3822  4030 I ActivityManager: Start proc 32413:it.vfsfitvnm.vimusic.debug/u0a686 for next-top-activity {it.vfsfitvnm.vimusic.debug/it.vfsfitvnm.vimusic.MainActivity}
03-03 02:41:39.826  3822 32414 W ContextImpl: Calling a method in the system process without a qualified user: android.app.ContextImpl.sendBroadcast:1281 com.qualcomm.qti.Performance$SendGameLaunchBroadcast.run:292 java.lang.Thread.run:1564 <bottom of call stack> <bottom of call stack> 
03-03 02:41:39.829  3822  5486 D WindowManager: onSyncFinishedDrawing: Window{fd02dbb u0 Splash Screen it.vfsfitvnm.vimusic.debug}
03-03 02:41:39.829  3822  5486 I WindowManager: finishDrawing skipLayout:false,syncSeqId=0,mPrepareSyncSeqId=0 Window{fd02dbb u0 Splash Screen it.vfsfitvnm.vimusic.debug} com.android.server.wm.WindowManagerService.finishDrawingWindow:3192 com.android.server.wm.Session.finishDrawing:369 android.view.IWindowSession$Stub.onTransact:793 
03-03 02:41:39.829  3822  5486 I WindowManager: Window{fd02dbb u0 Splash Screen it.vfsfitvnm.vimusic.debug} state from DRAW_PENDING to COMMIT_DRAW_PENDING; reason: finishDrawingLocked
03-03 02:41:39.829  3822  3930 I ActivityManager: ProcessObserver broadcast disabled
03-03 02:41:39.831  3822  3933 I WindowManager: Window{fd02dbb u0 Splash Screen it.vfsfitvnm.vimusic.debug} state from COMMIT_DRAW_PENDING to READY_TO_SHOW; reason: commitFinishDrawingLocked
03-03 02:41:39.831  3822  3933 D ActivityTaskManager: onStartingWindowDrawn: app=null, mStartingData=SplashScreenStartingData{2175631 removeAfterTransaction= 0}, finishing=false,mLaunchedFromBubble=false, mVisibleRequested=true, mDisplayContent=Display{#0 state=ON size=1240x2772 ROTATION_0}, isZoomMode=false
03-03 02:41:39.832  3822  3933 D ActivityTaskManager: commitVisibility: ActivityRecord{88248206 u0 it.vfsfitvnm.vimusic.debug/it.vfsfitvnm.vimusic.MainActivity t28698}: visible=true visibleRequested=true, isInTransition=true 
03-03 02:41:39.832  3822  3933 I WindowManager: Window{fd02dbb u0 Splash Screen it.vfsfitvnm.vimusic.debug} state from READY_TO_SHOW to HAS_DRAWN; reason: performShowLocked
03-03 02:41:39.832  3822  3933 I WindowStateExtImpl: onSurfaceShowChange show = true mPackageName = it.vfsfitvnm.vimusic.debug parentPkgName = it.vfsfitvnm.vimusic.debug
03-03 02:41:39.832  3822  3933 D CoreBackPreview:  return markWindowHasDrawn mComposed: false  mWaitTransition: false
