03-03 02:33:24.869 18856 18856 D VRI[Conversation]: relayoutWindow result, sizeChanged:false, surfaceControlChanged:true, transformHintChanged:false, mSurfaceSize:Point(1240, 2772), mLastSurfaceSize:Point(1240, 2772), mWidth:1240, mHeight:2772, requestedWidth:1240, requestedHeight:2772, transformHint:0, installOrientation:0, displayRotation:0, isSurfaceValid:false, attr.flag:-2122252032, tmpFrames:ClientWindowFrames{frame=[0,0][1240,2772] display=[0,0][1240,2772] parentFrame=[0,0][0,0]}, relayoutAsync:false, mSyncSeqId:0
03-03 02:33:24.874  3822  5354 V WindowManager: Relayout Window{3bd1561 u0 com.whatsapp/com.whatsapp.camera.ui.CameraActivity}: viewVisibility=8, oldvis=0, req=1240x2772 , apr = 0, vsysui=
03-03 02:33:24.875  3822  5354 D WindowManager: NFW_findFocusedWindowIfNeeded:Window{b89c190 u0 com.whatsapp/com.whatsapp.mediacomposer.ui.app.MediaComposerActivity} mCurrentFocus:Window{b89c190 u0 com.whatsapp/com.whatsapp.mediacomposer.ui.app.MediaComposerActivity}
03-03 02:33:24.876 18856 18856 D VRI[CameraActivity]: relayoutWindow result, sizeChanged:false, surfaceControlChanged:true, transformHintChanged:false, mSurfaceSize:Point(1240, 2772), mLastSurfaceSize:Point(1240, 2772), mWidth:1240, mHeight:2772, requestedWidth:1240, requestedHeight:2772, transformHint:0, installOrientation:0, displayRotation:0, isSurfaceValid:false, attr.flag:-2122252032, tmpFrames:ClientWindowFrames{frame=[0,0][1240,2772] display=[0,0][1240,2772] parentFrame=[0,0][0,0]}, relayoutAsync:false, mSyncSeqId:0
03-03 02:33:24.881  3822  4001 D AppProfilerExtImpl: Skipped pss collection for CPU busy
03-03 02:33:24.886  3822  4950 D AutofillSession: updateLocked(null): Set the response has expired.
03-03 02:33:24.887  3822  4950 D PresentationStatsEventLogger: Not setting no presentation reason because it already exists
03-03 02:33:24.887  3822  4950 V PresentationStatsEventLogger: (ACTION_RESPONSE_EXPIRED) IGNORING - following event won't be logged: Log AutofillPresentationEventReported: requestId=0 sessionId=1149402099 mNoPresentationEventReason=2 mAvailableCount=0 mCountShown=0 mCountFilteredUserTyping=0 mCountNotShownImePresentationNotDrawn=0 mCountNotShownImeUserNotSeen=0 mDisplayPresentationType=0 mAutofillServiceUid=10117 mInlineSuggestionHostUid=-1 mIsRequestTriggered=true mFillRequestSentTimestampMs=-1 mFillResponseReceivedTimestampMs=-1 mSuggestionSentTimestampMs=-1 mSuggestionPresentedTimestampMs=-1 mSelectedDatasetId=-1 mDialogDismissed=false mNegativeCtaButtonClicked=false mPositiveCtaButtonClicked=false mAuthenticationType=0 mAuthenticationResult=0 mLatencyAuthenticationUiDisplayMillis=-1 mLatencyDatasetDisplayMillis=-1 mAvailablePccCount=-1 mAvailablePccOnlyCount=-1 mSelectedDatasetPickedReason=0 mDetectionPreference=0 mFieldClassificationRequestId=-1 mAppPackageUid=10326 mIsCredentialRequest=false mWebviewRequestedCredential=false mFilteredFillabaleViewCount=-1 mViewFillableTotalCount=-1 mViewFillFailureCount=-1 mFocusedId=-1 mViewFillSuccessCount=0 mViewFilledButUnexpectedCount=0 event.mSelectionTimestamp=-1 event.mAutofilledTimestampMs=-1 event.mFieldModifiedFirstTimestampMs=-1 event.mFieldModifiedLastTimestampMs=-1 event.mSuggestionPresentedLastTimestampMs=-1 event.mFocusedVirtualAutofillId=-1 event.mFieldFirstLength=-1 event.mFieldLastLength=-1 event.mViewFailedPriorToRefillCount=0 event.mViewFilledSuccessfullyOnRefillCount=0 event.mViewFailedOnRefillCount=0 event.notExpiringResponseDuringAuthCount=0 event.notifyViewEnteredIgnoredDuringAuthCount=0 event.fillDialogNotShownReason=0 event.fillDialogReadyToShowMs=-1 event.imeAnimationFinishMs=-1
03-03 02:33:24.887  3822  4950 W PresentationStatsEventLogger: Empty dataset. Autofill ignoring log
03-03 02:33:24.891  3822  4950 V WindowManager: Relayout Window{dc478e5 u0 com.whatsapp/com.whatsapp.Conversation}: viewVisibility=8, oldvis=8, req=1240x2772 , apr = 0, vsysui=, x=0, y=0
03-03 02:33:24.893 18856 18856 D VRI[Conversation]: relayoutWindow result, sizeChanged:false, surfaceControlChanged:true, transformHintChanged:false, mSurfaceSize:Point(1240, 2772), mLastSurfaceSize:Point(1240, 2772), mWidth:1240, mHeight:2772, requestedWidth:1240, requestedHeight:2772, transformHint:0, installOrientation:0, displayRotation:0, isSurfaceValid:false, attr.flag:-2122252032, tmpFrames:ClientWindowFrames{frame=[0,0][1240,2772] display=[0,0][1240,2772] parentFrame=[0,0][0,0]}, relayoutAsync:false, mSyncSeqId:0
03-03 02:33:24.895  3822  5210 I WindowManager: Window{3bd1561 u0 com.whatsapp/com.whatsapp.camera.ui.CameraActivity} state from DRAW_PENDING to NO_SURFACE; reason: destroySurface
03-03 02:33:24.896  3822  4951 D BackgroundInstallControlService: Package event received: 0
03-03 02:33:24.896  3822  5210 D OplusStartingWindowManager: skip remove starting window for activity = ActivityRecord{138642048 u0 com.whatsapp/.camera.ui.CameraActivity t28697} ,ar != topActivityContainsStartingWindow on activityStopped
03-03 02:33:24.900  3822  5354 I WindowManager: Window{dc478e5 u0 com.whatsapp/com.whatsapp.Conversation} state from DRAW_PENDING to NO_SURFACE; reason: destroySurface
03-03 02:33:24.900  3822  5354 D OplusStartingWindowManager: skip remove starting window for activity = ActivityRecord{105529021 u0 com.whatsapp/.Conversation t28697} ,ar != topActivityContainsStartingWindow on activityStopped
03-03 02:33:24.901  3822  4951 D BackgroundInstallControlService: Package event received: 0
03-03 02:33:24.971  3822  4010 I UserAwareMgr: fg app status not changed, beforeVisible: true, currentVisible: true
03-03 02:33:24.976  3822  5210 W UriGrantsManagerService: No permission grants found for com.google.android.apps.photos
03-03 02:33:24.976  3822  5210 W UriGrantsManagerService: No permission grants found for com.google.android.apps.photos
03-03 02:33:25.039  3822  4010 I UserAwareMgr: fg app status not changed, beforeVisible: true, currentVisible: true
03-03 02:33:25.137  3822  4950 W UriGrantsManagerService: No permission grants found for com.google.android.apps.photos
03-03 02:33:25.137  3822  4950 W UriGrantsManagerService: No permission grants found for com.google.android.apps.photos
03-03 02:33:25.139  3822  4950 D CompatChangeReporter: Compat change id reported: 311402873; UID 10355; state: ENABLED
03-03 02:33:25.139  3822  4950 D CompatChangeReporter: Compat change id reported: 323349338; UID 10355; state: ENABLED
03-03 02:33:25.153  3822  4949 I ActivityManager: Flag disabled. Ignoring finishAttachApplication from uid: 10355. pid: 25566
03-03 02:33:25.196  3822  4949 D CompatChangeReporter: Compat change id reported: 311208629; UID 10355; state: ENABLED
03-03 02:33:25.197  3822  4949 W JobScheduler: Job didn't exist in JobStore: #com.jio.myjio/60697
03-03 02:33:25.288  3822  4950 W UriGrantsManagerService: No permission grants found for com.google.android.apps.photos
03-03 02:33:25.289  3822  4950 W UriGrantsManagerService: No permission grants found for com.google.android.apps.photos
03-03 02:33:25.350  3822  4950 W UriGrantsManagerService: No permission grants found for com.google.android.apps.photos
03-03 02:33:25.351  3822  4950 W UriGrantsManagerService: No permission grants found for com.google.android.apps.photos
03-03 02:33:25.409  3822  4949 W UriGrantsManagerService: No permission grants found for com.google.android.apps.photos
03-03 02:33:25.411  3822  4949 W UriGrantsManagerService: No permission grants found for com.google.android.apps.photos
03-03 02:33:25.440  3822  4063 D PowerManagerService: userActivityNoUpdateLocked: groupId=0, eventTime=90873460, event=touch, flags=0x0, uid=1000
03-03 02:33:25.475  3822  4949 W UriGrantsManagerService: No permission grants found for com.google.android.apps.photos
03-03 02:33:25.476  3822  4949 W UriGrantsManagerService: No permission grants found for com.google.android.apps.photos
03-03 02:33:25.519  3822  3930 D OplusPanoramaWorkBranchController: notifyMotionUpOrCancel
03-03 02:33:25.540  3822  4950 W UriGrantsManagerService: No permission grants found for com.google.android.apps.photos
03-03 02:33:25.540  3822  4950 W UriGrantsManagerService: No permission grants found for com.google.android.apps.photos
03-03 02:33:25.610  3822  4949 D ShortcutService: rescanPackageIfNeeded 0@com.whatsapp, forceRescan=false , isNewApp=false
03-03 02:33:25.642  5545  5606 V WindowManagerShell: Transition requested (#5162): android.os.BinderProxy@f579bc5 TransitionRequestInfo { type = CLOSE, triggerTask = null, pipChange = null, remoteTransition = null, displayChange = null, flags = 0, debugId = 5162 }
03-03 02:33:25.644  3822  5354 D ActivityTaskManager: setAppVisibility(Token{5f03b2b ActivityRecord{183165340 u0 com.whatsapp/.mediacomposer.ui.app.MediaComposerActivity t28697 f}}}, visible=false):  visible=true mVisibleRequested=true
03-03 02:33:25.645  3822  5354 D ActivityTaskManager: setVisibility(Token{5f03b2b ActivityRecord{183165340 u0 com.whatsapp/.mediacomposer.ui.app.MediaComposerActivity t28697 f}}}, visible=false) defer commitVisibility for transition collecting
03-03 02:33:25.666  3822  5300 D OplusDexSceneManager:  High temp 384 with highTemperatureThreshold 380 pkg:com.whatsapp reason: extra-second-dex
03-03 02:33:25.667  3822  5300 D OplusDexSceneManager:  High temp 384 with highTemperatureThreshold 380 pkg:com.whatsapp reason: extra-second-dex
03-03 02:33:25.667  3822  5300 D RefreshRate: Trigger app switch boost, ar=ActivityRecord{138642048 u0 com.whatsapp/.camera.ui.CameraActivity t28697},currDisplayRate=90.0,boostId=1
03-03 02:33:25.668  3822  5300 D RefreshRate: setDisplayConfigSpecs complete: targetMode={id=3, width=1240, height=2772, fps=90.0, vsync=90.0, synthetic=false, alternativeRefreshRates=[60.000004, 120.00001], supportedHdrTypes=[2, 3, 4]},srcMode={id=3, width=1240, height=2772, fps=90.0, vsync=90.0, synthetic=false, alternativeRefreshRates=[60.000004, 120.00001], supportedHdrTypes=[2, 3, 4]},sfModId=2,rate=90.0
03-03 02:33:25.668  3822  5300 D RefreshRate: startAppSwitchBoost targetMode={id=3, width=1240, height=2772, fps=90.0, vsync=90.0, synthetic=false, alternativeRefreshRates=[60.000004, 120.00001], supportedHdrTypes=[2, 3, 4]} record=ActivityRecord{138642048 u0 com.whatsapp/.camera.ui.CameraActivity t28697}: votes=PRIORITY_START_ANIMATION_BOOST -> Vote{mRefreshRate=90.0, mMinRefreshRate=90.0, mRequestSource=null};PRIORITY_WINDOW_REQUEST -> Vote{mRefreshRate=90.0, mMinRefreshRate=90.0, mRequestSource=null};
03-03 02:33:25.668  3822  5300 D ActivityTaskManager: setAppVisibility(Token{4f4af75 ActivityRecord{138642048 u0 com.whatsapp/.camera.ui.CameraActivity t28697}}, visible=true):  visible=false mVisibleRequested=false
03-03 02:33:25.668  3822  5300 D WindowManager: NFW_setClientVisible:ActivityRecord{138642048 u0 com.whatsapp/.camera.ui.CameraActivity t28697} clientVisible:true
03-03 02:33:25.668  3822  5300 D ActivityTaskManager: setVisibility(Token{4f4af75 ActivityRecord{138642048 u0 com.whatsapp/.camera.ui.CameraActivity t28697}}, visible=true) defer commitVisibility for transition collecting
03-03 02:33:25.668  3822  4085 D RefreshRate: do setDisplayConfigSpecs  
03-03 02:33:25.669  3822  5300 D ActivityTaskManager: NFW_setLastResumedActivityUncheckLocked:true r:ActivityRecord{138642048 u0 com.whatsapp/.camera.ui.CameraActivity t28697} currentFocus:Window{b89c190 u0 com.whatsapp/com.whatsapp.mediacomposer.ui.app.MediaComposerActivity}
03-03 02:33:25.669  3822  5300 D WindowManager: NFW_findFocusedWindowIfNeeded:null mCurrentFocus:Window{b89c190 u0 com.whatsapp/com.whatsapp.mediacomposer.ui.app.MediaComposerActivity}
03-03 02:33:25.669  3822  5300 D WindowManager: attachImeScreenshotOnTargetIfNeeded, mImeHiding = false, requestedVisibleTypes = -10
03-03 02:33:25.669  3822  5300 V WindowManager: Changing focus from Window{b89c190 u0 com.whatsapp/com.whatsapp.mediacomposer.ui.app.MediaComposerActivity} to null,diplayid=0
03-03 02:33:25.669  3822  4085 D DisplayModeDirector: setAppRequest displayId : 0  modeId: 3  requestedRefreshRate: 90.0  requestedMinRefreshRateRange: 90.0  requestedMaxRefreshRateRange: 90.0
03-03 02:33:25.670  3822  4010 W QosScheduler: getScenario failed! scenarios is null, mask=2
03-03 02:33:25.670  3822  4010 W QosScheduler: executeSceneQosStrategy get scenario failed! scenario is null
03-03 02:33:25.670  3822  5300 D ActivityTaskManager: setAppVisibility(Token{1de4f80 ActivityRecord{105529021 u0 com.whatsapp/.Conversation t28697}}, visible=true):  visible=false mVisibleRequested=false
03-03 02:33:25.671  3822  5300 D WindowManager: NFW_setClientVisible:ActivityRecord{105529021 u0 com.whatsapp/.Conversation t28697} clientVisible:true
03-03 02:33:25.671  3822  5300 D ActivityTaskManager: setVisibility(Token{1de4f80 ActivityRecord{105529021 u0 com.whatsapp/.Conversation t28697}}, visible=true) defer commitVisibility for transition collecting
03-03 02:33:25.672  3822  5300 D WindowManager: rotation(ROTATION_0) no changed  displayId = 0, lastOrientation = 1
03-03 02:33:25.672  3822  5898 D OplusAppSwitchRuleInfo: generateActivityEnterInfo - launch_source_type = launcherWorkspace , launch_source_traceid = 
03-03 02:33:25.672  3822  5300 I TaskOrganizerController: onTaskInfoChanged taskid 28697 config { mBounds=Rect(0, 0 - 1240, 2772) mAppBounds=Rect(0, 0 - 1240, 2772) mMaxBounds=Rect(0, 0 - 1240, 2772) mDisplayRotation=ROTATION_0 mWindowingMode=fullscreen mActivityType=standard mAlwaysOnTop=undefined mRotation=ROTATION_0}
03-03 02:33:25.672  3822  5300 D OplusFlexibleDragToSplitAnimController: visibleFlexibleTaskInfos delete:28697
03-03 02:33:25.672  3822  5300 E FlexibleWindowManagerService: notifyTaskObserverToAttachController not need to notify!
03-03 02:33:25.672  3822  5300 I FlexibleWindowManagerService: onFlexibleWindowTaskInfoChanged, return for cur task not embedded
03-03 02:33:25.676  3822  5300 D OplusFeatureColorMode: ColorMode getColorMode =3
03-03 02:33:25.676  3822  4951 D BackgroundInstallControlService: Package event received: 0
03-03 02:33:25.676  3822  5300 D ColorDisplayServiceExtImpl: getWCGVersion1App, packageName=com.whatsapp, sSupportWCG1 = true, sSupportWCG3 = false, nRet = 0
03-03 02:33:25.677  3822  5300 D DisplayModeDirector: setAppRequest displayId : 0  modeId: 3  requestedRefreshRate: 0.0  requestedMinRefreshRateRange: 0.0  requestedMaxRefreshRateRange: 90.0
03-03 02:33:25.683  5143  2455 D BindServiceNotify: notifyActivityExit AppExitInfo{providerName='AddOnAppSwitch', targetName='com.whatsapp.mediacomposer.ui.app.MediaComposerActivity', sourceExitInfo=OplusAppExitInfo = {  targetName = com.whatsapp.mediacomposer.ui.app.MediaComposerActivity hasResumingActivity = true resumingPackageName = com.whatsapp resumingActivityName = com.whatsapp.camera.ui.CameraActivity resumingWindowMode = 1 isResumingMultiApp = false isResumingFirstStart = false extension = Bundle[mParcelledData.dataSize=596]}}
03-03 02:33:25.683  5143  2455 D ServiceConnectionHolder: unBindIfNeeded activityExit and AppExitInfo{providerName='AddOnAppSwitch', targetName='com.whatsapp.mediacomposer.ui.app.MediaComposerActivity', sourceExitInfo=OplusAppExitInfo = {  targetName = com.whatsapp.mediacomposer.ui.app.MediaComposerActivity hasResumingActivity = true resumingPackageName = com.whatsapp resumingActivityName = com.whatsapp.camera.ui.CameraActivity resumingWindowMode = 1 isResumingMultiApp = false isResumingFirstStart = false extension = Bundle[mParcelledData.dataSize=596]}}
03-03 02:33:25.683  5143 10772 D ServiceConnectionHolder: unbindServiceIfNeed activityExit
03-03 02:33:25.683  5143 10772 D ServiceConnectionHolder: unbindService for d7.k$a@bc38afb
03-03 02:33:25.686  3822  5300 D CompatChangeReporter: Compat change id reported: 311208629; UID 10318; state: ENABLED
03-03 02:33:25.690  3822  3932 D FlexibleTaskController: not in list
03-03 02:33:25.690  3822  4951 D BackgroundInstallControlService: Package event received: 0
03-03 02:33:25.702  3822  5210 D ActivityTaskManager: setAppVisibility(Token{4f4af75 ActivityRecord{138642048 u0 com.whatsapp/.camera.ui.CameraActivity t28697 f}}}, visible=false):  visible=false mVisibleRequested=true
03-03 02:33:25.703  3822  5210 D ActivityTaskManager: setVisibility(Token{4f4af75 ActivityRecord{138642048 u0 com.whatsapp/.camera.ui.CameraActivity t28697 f}}}, visible=false) defer commitVisibility for transition collecting
03-03 02:33:25.706  3822  5354 W ActivityTaskManager: Duplicate finish request for r=ActivityRecord{138642048 u0 com.whatsapp/.camera.ui.CameraActivity t28697 f}}
03-03 02:33:25.707 18856 18856 D ActivityThread: ComponentInfo{com.whatsapp/com.whatsapp.camera.ui.CameraActivity} checkFinished=true 2
03-03 02:33:25.710  3822  4949 V WindowManager: Relayout Window{dc478e5 u0 com.whatsapp/com.whatsapp.Conversation}: viewVisibility=0, oldvis=8, req=1240x2772 , apr = 0, vsysui=, x=0, y=0
03-03 02:33:25.710  3822  4949 I WindowManager: Window{dc478e5 u0 com.whatsapp/com.whatsapp.Conversation} state from NO_SURFACE to DRAW_PENDING; reason: resetDrawState
03-03 02:33:25.712  3822  4949 D WindowManager: NFW_findFocusedWindowIfNeeded:null mCurrentFocus:null
03-03 02:33:25.713  3822  4949 D WindowManager: rotation(ROTATION_0) no changed  displayId = 0, lastOrientation = -1
03-03 02:33:25.714 18856 18856 D VRI[Conversation]: relayoutWindow result, sizeChanged:false, surfaceControlChanged:true, transformHintChanged:false, mSurfaceSize:Point(1240, 2772), mLastSurfaceSize:Point(1240, 2772), mWidth:1240, mHeight:2772, requestedWidth:1240, requestedHeight:2772, transformHint:0, installOrientation:0, displayRotation:0, isSurfaceValid:true, attr.flag:-2122252032, tmpFrames:ClientWindowFrames{frame=[0,0][1240,2772] display=[0,0][1240,2772] parentFrame=[0,0][0,0]}, relayoutAsync:false, mSyncSeqId:0
03-03 02:33:25.714 18856 18856 W VRI[Conversation]: updateBlastSurfaceIfNeeded, surfaceSize:Point(1240, 2772), lastSurfaceSize:Point(1240, 2772), format:-1, blastBufferQueue:null
03-03 02:33:25.730  3822  5300 D ActivityManager: Async freezing 25527 com.oplus.aiwriter
03-03 02:33:25.756  3822  5300 D WindowManager: onSyncFinishedDrawing: Window{dc478e5 u0 com.whatsapp/com.whatsapp.Conversation}
03-03 02:33:25.756  3822  5300 I WindowManager: finishDrawing skipLayout:false,syncSeqId=0,mPrepareSyncSeqId=0 Window{dc478e5 u0 com.whatsapp/com.whatsapp.Conversation} com.android.server.wm.WindowManagerService.finishDrawingWindow:3192 com.android.server.wm.Session.finishDrawing:369 android.view.IWindowSession$Stub.onTransact:793 
03-03 02:33:25.756  3822  5300 I WindowManager: Window{dc478e5 u0 com.whatsapp/com.whatsapp.Conversation} state from DRAW_PENDING to COMMIT_DRAW_PENDING; reason: finishDrawingLocked
03-03 02:33:25.756  3822  5354 V WindowManager: Relayout Window{3bd1561 u0 com.whatsapp/com.whatsapp.camera.ui.CameraActivity}: viewVisibility=0, oldvis=8, req=1240x2772 , apr = 0, vsysui=
03-03 02:33:25.757  3822  5354 I WindowManager: Window{3bd1561 u0 com.whatsapp/com.whatsapp.camera.ui.CameraActivity} state from NO_SURFACE to DRAW_PENDING; reason: resetDrawState
03-03 02:33:25.758  3822  5354 I WindowManager: Window{dc478e5 u0 com.whatsapp/com.whatsapp.Conversation} state from COMMIT_DRAW_PENDING to READY_TO_SHOW; reason: commitFinishDrawingLocked
03-03 02:33:25.758  3822  5354 D CoreBackPreview:  return markWindowHasDrawn mComposed: false  mWaitTransition: false
03-03 02:33:25.758  3822  5354 D ActivityTaskManager: Clearing startingData for activity=ActivityRecord{105529021 u0 com.whatsapp/.Conversation t28697} mStartingData=null mStartingSurface=null
03-03 02:33:25.759  3822  5354 D QuickBackInputPolicy: setAppLaunchEndTime update timePair=Pair{ActivityRecord{105529021 u0 com.whatsapp/.Conversation t28697} 90873785}
03-03 02:33:25.760  3822  5354 D CoreBackPreview:  return markWindowHasDrawn mComposed: false  mWaitTransition: false
03-03 02:33:25.760  3822  5354 D ActivityTaskManager: Clearing startingData for activity=ActivityRecord{105529021 u0 com.whatsapp/.Conversation t28697} mStartingData=null mStartingSurface=null
03-03 02:33:25.760  3822  5354 D WindowManager: NFW_findFocusedWindowIfNeeded:null mCurrentFocus:null
03-03 02:33:25.761 18856 18856 D VRI[CameraActivity]: relayoutWindow result, sizeChanged:false, surfaceControlChanged:true, transformHintChanged:false, mSurfaceSize:Point(1240, 2772), mLastSurfaceSize:Point(1240, 2772), mWidth:1240, mHeight:2772, requestedWidth:1240, requestedHeight:2772, transformHint:0, installOrientation:0, displayRotation:0, isSurfaceValid:true, attr.flag:-2122252032, tmpFrames:ClientWindowFrames{frame=[0,0][1240,2772] display=[0,0][1240,2772] parentFrame=[0,0][0,0]}, relayoutAsync:false, mSyncSeqId:0
03-03 02:33:25.761  3822  3933 D CoreBackPreview:  return markWindowHasDrawn mComposed: false  mWaitTransition: false
03-03 02:33:25.761  3822  3933 D ActivityTaskManager: Clearing startingData for activity=ActivityRecord{105529021 u0 com.whatsapp/.Conversation t28697} mStartingData=null mStartingSurface=null
03-03 02:33:25.761 18856 18856 W VRI[CameraActivity]: updateBlastSurfaceIfNeeded, surfaceSize:Point(1240, 2772), lastSurfaceSize:Point(1240, 2772), format:-1, blastBufferQueue:null
03-03 02:33:25.772  3822  3933 D CoreBackPreview:  return markWindowHasDrawn mComposed: false  mWaitTransition: false
03-03 02:33:25.773  3822  3933 D ActivityTaskManager: Clearing startingData for activity=ActivityRecord{105529021 u0 com.whatsapp/.Conversation t28697} mStartingData=null mStartingSurface=null
03-03 02:33:25.783  3822  5300 D WindowManager: onSyncFinishedDrawing: Window{3bd1561 u0 com.whatsapp/com.whatsapp.camera.ui.CameraActivity}
03-03 02:33:25.783  3822  5300 I WindowManager: finishDrawing skipLayout:false,syncSeqId=0,mPrepareSyncSeqId=0 Window{3bd1561 u0 com.whatsapp/com.whatsapp.camera.ui.CameraActivity} com.android.server.wm.WindowManagerService.finishDrawingWindow:3192 com.android.server.wm.Session.finishDrawing:369 android.view.IWindowSession$Stub.onTransact:793 
03-03 02:33:25.783  3822  5300 I WindowManager: Window{3bd1561 u0 com.whatsapp/com.whatsapp.camera.ui.CameraActivity} state from DRAW_PENDING to COMMIT_DRAW_PENDING; reason: finishDrawingLocked
03-03 02:33:25.783 18856 18856 D ActivityThread: ComponentInfo{com.whatsapp/com.whatsapp.camera.ui.CameraActivity} checkFinished=true 2
03-03 02:33:25.784  3822  3933 I WindowManager: Window{3bd1561 u0 com.whatsapp/com.whatsapp.camera.ui.CameraActivity} state from COMMIT_DRAW_PENDING to READY_TO_SHOW; reason: commitFinishDrawingLocked
03-03 02:33:25.784  3822  3933 D CoreBackPreview:  return markWindowHasDrawn mComposed: false  mWaitTransition: false
03-03 02:33:25.784  3822  3933 D ActivityTaskManager: Clearing startingData for activity=ActivityRecord{138642048 u0 com.whatsapp/.camera.ui.CameraActivity t28697 f}} mStartingData=null mStartingSurface=null
03-03 02:33:25.784  3822  3933 D CoreBackPreview:  return markWindowHasDrawn mComposed: false  mWaitTransition: false
03-03 02:33:25.784  3822  3933 D ActivityTaskManager: Clearing startingData for activity=ActivityRecord{105529021 u0 com.whatsapp/.Conversation t28697} mStartingData=null mStartingSurface=null
03-03 02:33:25.785  3822  5354 D OplusDexSceneManager:  High temp 384 with highTemperatureThreshold 380 pkg:com.whatsapp reason: extra-second-dex
03-03 02:33:25.785  3822  5354 D OplusDexSceneManager:  High temp 384 with highTemperatureThreshold 380 pkg:com.whatsapp reason: extra-second-dex
03-03 02:33:25.786  3822  5354 D RefreshRate: don't do app switch boost,arDisplayId:0 mDisplayId:0 currentSettingMode:0 hasAppSwitchBoostPriority:true is supportRefreshRateSwitch:true
03-03 02:33:25.786  3822  5354 D ActivityTaskManager: setAppVisibility(Token{1de4f80 ActivityRecord{105529021 u0 com.whatsapp/.Conversation t28697}}, visible=true):  visible=false mVisibleRequested=true
03-03 02:33:25.786  3822  5354 D ActivityTaskManager: setVisibility(Token{1de4f80 ActivityRecord{105529021 u0 com.whatsapp/.Conversation t28697}}, visible=true) defer commitVisibility for transition collecting
03-03 02:33:25.786  3822  5354 D ActivityTaskManager: NFW_setLastResumedActivityUncheckLocked:true r:ActivityRecord{105529021 u0 com.whatsapp/.Conversation t28697} currentFocus:null
03-03 02:33:25.786  3822  5354 D WindowManager: NFW_findFocusedWindowIfNeeded:Window{dc478e5 u0 com.whatsapp/com.whatsapp.Conversation} mCurrentFocus:null
03-03 02:33:25.787  3822  5354 V WindowManager: Changing focus from null to Window{dc478e5 u0 com.whatsapp/com.whatsapp.Conversation},diplayid=0
03-03 02:33:25.789  3822  5354 D WindowManager: setFrameRateStart invalid typeId return!
03-03 02:33:25.790  3822  5354 D WindowManager: setFrameRateStart invalid typeId return!
03-03 02:33:25.790  3822  5354 D WindowManager: BarWindow--setVisible: id=1, oldState=2, state=0, mFocuseWindow= Window{dc478e5 u0 com.whatsapp/com.whatsapp.Conversation} call: 
03-03 02:33:25.790  3822  5354 I OplusStatusBarManagerServiceEnhance:  topIsFullscreen fullscreen: false
03-03 02:33:25.791  3822  4010 W QosScheduler: getScenario failed! scenarios is null, mask=2
03-03 02:33:25.791  3822  4010 W QosScheduler: executeSceneQosStrategy get scenario failed! scenario is null
03-03 02:33:25.791  3822  5898 D OplusAppSwitchRuleInfo: generateActivityEnterInfo - launch_source_type = launcherWorkspace , launch_source_traceid = 
03-03 02:33:25.792  3822  5354 D WindowManager: rotation(ROTATION_0) no changed  displayId = 0, lastOrientation = -1
03-03 02:33:25.792  3822  5354 I TaskOrganizerController: onTaskInfoChanged taskid 28697 config { mBounds=Rect(0, 0 - 1240, 2772) mAppBounds=Rect(0, 0 - 1240, 2772) mMaxBounds=Rect(0, 0 - 1240, 2772) mDisplayRotation=ROTATION_0 mWindowingMode=fullscreen mActivityType=standard mAlwaysOnTop=undefined mRotation=ROTATION_0}
03-03 02:33:25.793  3822  5354 D OplusFlexibleDragToSplitAnimController: visibleFlexibleTaskInfos delete:28697
03-03 02:33:25.793  3822  5354 E FlexibleWindowManagerService: notifyTaskObserverToAttachController not need to notify!
03-03 02:33:25.793  3822  5354 I FlexibleWindowManagerService: onFlexibleWindowTaskInfoChanged, return for cur task not embedded
03-03 02:33:25.794  3822  5354 D OplusFeatureColorMode: ColorMode getColorMode =3
03-03 02:33:25.794  3822  5354 D ColorDisplayServiceExtImpl: getWCGVersion1App, packageName=com.whatsapp, sSupportWCG1 = true, sSupportWCG3 = false, nRet = 0
03-03 02:33:25.795  3822  5354 D CoreBackPreview:  return markWindowHasDrawn mComposed: false  mWaitTransition: false
03-03 02:33:25.795  3822  5354 D ActivityTaskManager: Clearing startingData for activity=ActivityRecord{138642048 u0 com.whatsapp/.camera.ui.CameraActivity t28697 f}} mStartingData=null mStartingSurface=null
03-03 02:33:25.795  3822  5354 D CoreBackPreview:  return markWindowHasDrawn mComposed: false  mWaitTransition: false
03-03 02:33:25.795  3822  5354 D ActivityTaskManager: Clearing startingData for activity=ActivityRecord{105529021 u0 com.whatsapp/.Conversation t28697} mStartingData=null mStartingSurface=null
03-03 02:33:25.796  3822  5354 D ActivityTaskManager: commitVisibility: ActivityRecord{105529021 u0 com.whatsapp/.Conversation t28697}: visible=true visibleRequested=true, isInTransition=true 
03-03 02:33:25.796  3822  5354 D CoreBackPreview:  return markWindowHasDrawn mComposed: false  mWaitTransition: false
03-03 02:33:25.796  3822  5354 D ActivityTaskManager: Clearing startingData for activity=ActivityRecord{105529021 u0 com.whatsapp/.Conversation t28697} mStartingData=null mStartingSurface=null
03-03 02:33:25.796  3822  5354 I WindowManager: Window{dc478e5 u0 com.whatsapp/com.whatsapp.Conversation} state from READY_TO_SHOW to HAS_DRAWN; reason: performShowLocked
03-03 02:33:25.796  3822  5354 D CoreBackPreview:  return markWindowHasDrawn mComposed: false  mWaitTransition: false
03-03 02:33:25.797  3822  5354 E OplusAppQuickStart_AppQuickStartController: not start from launcher transition:5162
03-03 02:33:25.797  3822  5354 D Transition: collectOrderChanges onTopTasksEnd: [Task{abd8368 #28697 type=standard A=10326:com.whatsapp}], reportedOnTop:null, mOnTopTasksStart: [Task{abd8368 #28697 type=standard A=10326:com.whatsapp}], TDA child: [Task{dc0370a #28625 type=standard A=10260:com.oppo.gallery3d.app.Gallery}, Task{44bb559 #28684 type=standard A=10173:com.oneplus.calculator}, Task{8eafb7b #28683 type=standard A=10277:com.google.android.apps.photos}, Task{870a5ad #28641 type=standard A=10348:com.phonepe.app nonResizable}, Task{bddfc68 #28664 type=standard A=10259:com.google.android.apps.messaging}, Task{c6f60c3 #2 type=undefined}, Task{40ca6bc #28536 type=standard A=10156:com.android.chrome}, Task{232517e #28647 type=standard A=10164:com.google.android.apps.maps}, Task{23bfea4 #28333 type=standard A=10162:com.google.android.gm}, Task{e4c9e12 #28688 type=standard A=10347:com.flipkart.android}, Task{47895c5 #28329 type=standard A=10368:android.task.contacts}, Task{1a01eb #28608 type=standard A=10050:com.linkedin.android}, Task{88188be #28687 type=standard A=10116:com.android.vending}, Task{ff94c47 #28581 type=standard A=10126:com.google.android.googlequicksearchbox.googleapp}, Task{d2265cd #28689 type=standard A=1000:com.android.settings.root}, Task{c5eeaf0 #28334 type=standard A=10168:com.google.android.youtube}, Task{cbd9799 #28387 type=standard A=10041:com.microsoft.teams}, Task{6a135b3 #28698 type=standard A=10686:it.vfsfitvnm.vimusic.debug}, Task{2d5e9a #1 type=home}, Task{abd8368 #28697 type=standard A=10326:com.whatsapp}]
03-03 02:33:25.797  3822  4951 D BackgroundInstallControlService: Package event received: 0
03-03 02:33:25.797  3822  4951 D BackgroundInstallControlService: Package event received: 0
03-03 02:33:25.797  3822  5354 D OplusFlexibleActivityTransitionManager: fixTransitType type result:2, targets: [ChangeInfo{3b3cfea container=ActivityRecord{183165340 u0 com.whatsapp/.mediacomposer.ui.app.MediaComposerActivity t28697 f}} flags=0x0}, ChangeInfo{5e502db container=ActivityRecord{105529021 u0 com.whatsapp/.Conversation t28697} flags=0x0}]
03-03 02:33:25.798  3822  5354 D OplusTransitionAnimationManager: activityRecordCount1fullScreenArBeHindStartingWindow null
03-03 02:33:25.798  3822  5354 D OplusTransitionAnimationManager: activityRecordCount1fullScreenArBeHindStartingWindow null
03-03 02:33:25.799  3822  5354 D QuickBackInputPolicy: resetInputInterceptState for remoteTransition: false
03-03 02:33:25.799  3822  5354 D OplusTransitionController: onTransactionReady, transition: 5162, info: {id=5162 t=CLOSE f=0x0 trk=0 r=[0@Point(0, 0)] c=[{m=CLOSE f=FILLS_TASK leash=Surface(name=ActivityRecord{183165340 u0 com.whatsapp/.mediacomposer.ui.app.MediaComposerActivity t28697})/@0xb3cf7ee sb=Rect(0, 0 - 1240, 2772) eb=Rect(0, 0 - 1240, 2772) epz=Point(1240, 2772) d=0 bc=ff303030 component=com.whatsapp/.mediacomposer.ui.app.MediaComposerActivity opt={t=FROM_STYLE mUserId=0}},{m=TO_FRONT f=FILLS_TASK leash=Surface(name=ActivityRecord{105529021 u0 com.whatsapp/.Conversation t28697})/@0x56d38f8 sb=Rect(0, 0 - 1240, 2772) eb=Rect(0, 0 - 1240, 2772) epz=Point(1240, 2772) d=0 bc=ff303030 component=com.whatsapp/.Conversation opt={t=FROM_STYLE mUserId=0}}] 
03-03 02:33:25.799  3822  5354 D OplusTransitionController: extendInfo=[
03-03 02:33:25.799  3822  5354 D OplusTransitionController:  OplusTransitionExtendedInfo{mTmpFinishT=null, mInOplusCompatMode=false, mIsProcessRunning=false, mHasMismatchBoundsTarget=false, mRecentsController=null, mRemoteTransition=null, mIsTranslucentActivityToHome=false, mAvoidInterceptKeyEventToHome=false, mIsFromHome=false, mParentLeash=null, mBackAnimClosingLeash=null, mIsOplusAnimRes=false, mKeepBgForContinuous=false, mIsBalAllow=false, mTaskNotInRecent=false, mIsPredictiveBackAnim=false, mIsMergedWithPredictive=false, mIsLaunchFromSpruce=false, mIsLaunchFromDrive=false, mGlobalSearchPageSwitch=false, mNeedNoAlphaGlobalSearchScene=false, mAssistScreenShowing=false, mSwipeUpBrowserScreenShowing=false, mUserIdTransition=-1
03-03 02:33:25.799  3822  5354 D OplusTransitionController: , mInRemoteScene=false, mInPreReady=false, mPreStart=false, mToken=null, mAbortByRemoteFromHome=false, mShellApplyToken=null, mRequestTransitionTaskId=-1, mAbortTransitionOnShell=0, mStartFromShortcut=false, mRemovedTaskId=-1, mTransitionInterruptType=0, mMergeSecondTaskId=-1, mTaskIdStartFromRecents=0, mTransitionId=5162, mCanUseSpringSlideAnim=false, mTransitionLaunchFrom=0, mFoldChangeType=-1, mAnimStartingPosition=[0, 0, 0, 0], mIsOpeningStkDialogActivity=false, mIsNeedApplyStartTForEmbedded=false, mMergeSecondTaskAnimation=false, mIsLaunchUnityStart=false, mIsLaunchFromAssistantByDefault=false, mSkipRemoteTransitionfalse, mIsStartFromKeyguard=false flags=0x0, mWCT=null, mIsOpenMergeToInValidPredictive=false}]}, targets : [ChangeInfo{3b3cfea container=ActivityRecord{183165340 u0 com.whatsapp/.mediacomposer.ui.app.MediaComposerActivity t28697 f}} flags=0x0}, ChangeInfo{5e502db container=ActivityRecord{105529021 u0 com.whatsapp/.Conversation t28697} flags=0x0}], participants: {ActivityRecord{105529021 u0 com.whatsapp/.Conversation t28697}, ActivityRecord{138642048 u0 com.whatsapp/.camera.ui.CameraActivity t28697 f}}, ActivityRecord{183165340 u0 com.whatsapp/.mediacomposer.ui.app.MediaComposerActivity t28697 f}}}
03-03 02:33:25.801  5545 18468 V WindowManagerShell: onTransitionReady(transaction=16415365359509)
03-03 02:33:25.801  5545  5606 V WindowManagerShell: onTransitionReady (#5162) android.os.BinderProxy@f579bc5: {id=5162 t=CLOSE f=0x0 trk=0 r=[0@Point(0, 0)] c=[
03-03 02:33:25.801  5545  5606 V WindowManagerShell:         {m=CLOSE f=FILLS_TASK leash=Surface(name=ActivityRecord{183165340 u0 com.whatsapp/.mediacomposer.ui.app.MediaComposerActivity t28697})/@0x921891a sb=Rect(0, 0 - 1240, 2772) eb=Rect(0, 0 - 1240, 2772) epz=Point(1240, 2772) d=0 bc=ff303030 component=com.whatsapp/.mediacomposer.ui.app.MediaComposerActivity opt={t=FROM_STYLE mUserId=0}},
03-03 02:33:25.801  5545  5606 V WindowManagerShell:         {m=TO_FRONT f=FILLS_TASK leash=Surface(name=ActivityRecord{105529021 u0 com.whatsapp/.Conversation t28697})/@0xf297c4b sb=Rect(0, 0 - 1240, 2772) eb=Rect(0, 0 - 1240, 2772) epz=Point(1240, 2772) d=0 bc=ff303030 component=com.whatsapp/.Conversation opt={t=FROM_STYLE mUserId=0}}
03-03 02:33:25.801  5545  5606 V WindowManagerShell:     ] 
03-03 02:33:25.801  5545  5606 V WindowManagerShell: extendInfo=[
03-03 02:33:25.801  5545  5606 V WindowManagerShell:  OplusTransitionExtendedInfo{mTmpFinishT=null, mInOplusCompatMode=false, mIsProcessRunning=false, mHasMismatchBoundsTarget=false, mRecentsController=null, mRemoteTransition=null, mIsTranslucentActivityToHome=false, mAvoidInterceptKeyEventToHome=false, mIsFromHome=false, mParentLeash=null, mBackAnimClosingLeash=null, mIsOplusAnimRes=false, mKeepBgForContinuous=false, mIsBalAllow=false, mTaskNotInRecent=false, mIsPredictiveBackAnim=false, mIsMergedWithPredictive=false, mIsLaunchFromSpruce=false, mIsLaunchFromDrive=false, mGlobalSearchPageSwitch=false, mNeedNoAlphaGlobalSearchScene=false, mAssistScreenShowing=false, mSwipeUpBrowserScreenShowing=false, mUserIdTransition=-1
03-03 02:33:25.801  5545  5606 V WindowManagerShell: , mInRemoteScene=false, mInPreReady=false, mPreStart=false, mToken=null, mAbortByRemoteFromHome=false, mShellApplyToken=null, mRequestTransitionTaskId=-1, mAbortTransitionOnShell=0, mStartFromShortcut=false, mRemovedTaskId=-1, mTransitionInterruptType=0, mMergeSecondTaskId=-1, mTaskIdStartFromRecents=0, mTransitionId=5162, mCanUseSpringSlideAnim=false, mTransitionLaunchFrom=0, mFoldChangeType=-1, mAnimStartingPosition=[0, 0, 0, 0], mIsOpeningStkDialogActivity=false, mIsNeedApplyStartTForEmbedded=false, mMergeSecondTaskAnimation=false, mIsLaunchUnityStart=false, mIsLaunchFromAssistantByDefault=false, mSkipRemoteTransitionfalse, mIsStartFromKeyguard=false flags=0x0, mWCT=null, mIsOpenMergeToInValidPredictive=false}]}
03-03 02:33:25.801  3822  5354 D CoreBackPreview:  return markWindowHasDrawn mComposed: false  mWaitTransition: false
03-03 02:33:25.801  3822  5354 D ActivityTaskManager: Clearing startingData for activity=ActivityRecord{138642048 u0 com.whatsapp/.camera.ui.CameraActivity t28697 f}} mStartingData=null mStartingSurface=null
03-03 02:33:25.802  5545  5606 V WindowManagerShell: Playing animation for (#5162) android.os.BinderProxy@f579bc5@0
03-03 02:33:25.802  5545  5606 V ShellRecents: RecentsTransitionHandler.startAnimation: no controller found
03-03 02:33:25.802  5545  5606 V WindowManagerShell: start OnePuttTransition animation, info = {id=5162 t=CLOSE f=0x0 trk=0 r=[0@Point(0, 0)] c=[{m=CLOSE f=FILLS_TASK leash=Surface(name=ActivityRecord{183165340 u0 com.whatsapp/.mediacomposer.ui.app.MediaComposerActivity t28697})/@0x921891a sb=Rect(0, 0 - 1240, 2772) eb=Rect(0, 0 - 1240, 2772) epz=Point(1240, 2772) d=0 bc=ff303030 component=com.whatsapp/.mediacomposer.ui.app.MediaComposerActivity opt={t=FROM_STYLE mUserId=0}},{m=TO_FRONT f=FILLS_TASK leash=Surface(name=ActivityRecord{105529021 u0 com.whatsapp/.Conversation t28697})/@0xf297c4b sb=Rect(0, 0 - 1240, 2772) eb=Rect(0, 0 - 1240, 2772) epz=Point(1240, 2772) d=0 bc=ff303030 component=com.whatsapp/.Conversation opt={t=FROM_STYLE mUserId=0}}] 
03-03 02:33:25.802  5545  5606 V WindowManagerShell: extendInfo=[
03-03 02:33:25.802  5545  5606 V WindowManagerShell:  OplusTransitionExtendedInfo{mTmpFinishT=null, mInOplusCompatMode=false, mIsProcessRunning=false, mHasMismatchBoundsTarget=false, mRecentsController=null, mRemoteTransition=null, mIsTranslucentActivityToHome=false, mAvoidInterceptKeyEventToHome=false, mIsFromHome=false, mParentLeash=null, mBackAnimClosingLeash=null, mIsOplusAnimRes=false, mKeepBgForContinuous=false, mIsBalAllow=false, mTaskNotInRecent=false, mIsPredictiveBackAnim=false, mIsMergedWithPredictive=false, mIsLaunchFromSpruce=false, mIsLaunchFromDrive=false, mGlobalSearchPageSwitch=false, mNeedNoAlphaGlobalSearchScene=false, mAssistScreenShowing=false, mSwipeUpBrowserScreenShowing=false, mUserIdTransition=-1
03-03 02:33:25.802  5545  5606 V WindowManagerShell: , mInRemoteScene=false, mInPreReady=false, mPreStart=false, mToken=null, mAbortByRemoteFromHome=false, mShellApplyToken=null, mRequestTransitionTaskId=-1, mAbortTransitionOnShell=0, mStartFromShortcut=false, mRemovedTaskId=-1, mTransitionInterruptType=0, mMergeSecondTaskId=-1, mTaskIdStartFromRecents=0, mTransitionId=5162, mCanUseSpringSlideAnim=false, mTransitionLaunchFrom=0, mFoldChangeType=-1, mAnimStartingPosition=[0, 0, 0, 0], mIsOpeningStkDialogActivity=false, mIsNeedApplyStartTForEmbedded=false, mMergeSecondTaskAnimation=false, mIsLaunchUnityStart=false, mIsLaunchFromAssistantByDefault=false, mSkipRemoteTransitionfalse, mIsStartFromKeyguard=false flags=0x0, mWCT=null, mIsOpenMergeToInValidPredictive=false}]}
03-03 02:33:25.802  5545  5606 V WindowManagerShell: Transition doesn't have explicit remote, search filters for match for {id=5162 t=CLOSE f=0x0 trk=0 r=[0@Point(0, 0)] c=[{m=CLOSE f=FILLS_TASK leash=Surface(name=ActivityRecord{183165340 u0 com.whatsapp/.mediacomposer.ui.app.MediaComposerActivity t28697})/@0x921891a sb=Rect(0, 0 - 1240, 2772) eb=Rect(0, 0 - 1240, 2772) epz=Point(1240, 2772) d=0 bc=ff303030 component=com.whatsapp/.mediacomposer.ui.app.MediaComposerActivity opt={t=FROM_STYLE mUserId=0}},{m=TO_FRONT f=FILLS_TASK leash=Surface(name=ActivityRecord{105529021 u0 com.whatsapp/.Conversation t28697})/@0xf297c4b sb=Rect(0, 0 - 1240, 2772) eb=Rect(0, 0 - 1240, 2772) epz=Point(1240, 2772) d=0 bc=ff303030 component=com.whatsapp/.Conversation opt={t=FROM_STYLE mUserId=0}}] 
03-03 02:33:25.802  5545  5606 V WindowManagerShell: extendInfo=[
03-03 02:33:25.802  5545  5606 V WindowManagerShell:  OplusTransitionExtendedInfo{mTmpFinishT=null, mInOplusCompatMode=false, mIsProcessRunning=false, mHasMismatchBoundsTarget=false, mRecentsController=null, mRemoteTransition=null, mIsTranslucentActivityToHome=false, mAvoidInterceptKeyEventToHome=false, mIsFromHome=false, mParentLeash=null, mBackAnimClosingLeash=null, mIsOplusAnimRes=false, mKeepBgForContinuous=false, mIsBalAllow=false, mTaskNotInRecent=false, mIsPredictiveBackAnim=false, mIsMergedWithPredictive=false, mIsLaunchFromSpruce=false, mIsLaunchFromDrive=false, mGlobalSearchPageSwitch=false, mNeedNoAlphaGlobalSearchScene=false, mAssistScreenShowing=false, mSwipeUpBrowserScreenShowing=false, mUserIdTransition=-1
03-03 02:33:25.802  5545  5606 V WindowManagerShell: , mInRemoteScene=false, mInPreReady=false, mPreStart=false, mToken=null, mAbortByRemoteFromHome=false, mShellApplyToken=null, mRequestTransitionTaskId=-1, mAbortTransitionOnShell=0, mStartFromShortcut=false, mRemovedTaskId=-1, mTransitionInterruptType=0, mMergeSecondTaskId=-1, mTaskIdStartFromRecents=0, mTransitionId=5162, mCanUseSpringSlideAnim=false, mTransitionLaunchFrom=0, mFoldChangeType=-1, mAnimStartingPosition=[0, 0, 0, 0], mIsOpeningStkDialogActivity=false, mIsNeedApplyStartTForEmbedded=false, mMergeSecondTaskAnimation=false, mIsLaunchUnityStart=false, mIsLaunchFromAssistantByDefault=false, mSkipRemoteTransitionfalse, mIsStartFromKeyguard=false flags=0x0, mWCT=null, mIsOpenMergeToInValidPredictive=false}]}
03-03 02:33:25.802  5545  5606 V WindowManagerShell:  Checking filter Pair{{types=[] flags=0x0] notFlags=0x100 checks=[{atype=home independent=true modes=[OPEN,TO_FRONT] flags=NONE mustBeTask=false order=TOP topActivity=ComponentInfo{com.android.launcher/com.android.launcher.Launcher} launchCookie=null windowingMode=undefined},{atype=standard independent=true modes=[CLOSE,TO_BACK] flags=NONE mustBeTask=false order=ANY topActivity=null launchCookie=null windowingMode=undefined}]} RemoteTransition { remoteTransition = android.window.IRemoteTransition$Stub$Proxy@bc09e42, appThread = android.app.IApplicationThread$Stub$Proxy@a47ae53, debugName = QuickstepLaunchHome }}
03-03 02:33:25.802  5545  5606 V WindowManagerShell:  Delegate animation for (#5162) to null
03-03 02:33:25.803  5545  5606 V WindowManagerShell: start default transition animation, info = {id=5162 t=CLOSE f=0x0 trk=0 r=[0@Point(0, 0)] c=[{m=CLOSE f=FILLS_TASK leash=Surface(name=ActivityRecord{183165340 u0 com.whatsapp/.mediacomposer.ui.app.MediaComposerActivity t28697})/@0x921891a sb=Rect(0, 0 - 1240, 2772) eb=Rect(0, 0 - 1240, 2772) epz=Point(1240, 2772) d=0 bc=ff303030 component=com.whatsapp/.mediacomposer.ui.app.MediaComposerActivity opt={t=FROM_STYLE mUserId=0}},{m=TO_FRONT f=FILLS_TASK leash=Surface(name=ActivityRecord{105529021 u0 com.whatsapp/.Conversation t28697})/@0xf297c4b sb=Rect(0, 0 - 1240, 2772) eb=Rect(0, 0 - 1240, 2772) epz=Point(1240, 2772) d=0 bc=ff303030 component=com.whatsapp/.Conversation opt={t=FROM_STYLE mUserId=0}}] 
03-03 02:33:25.803  5545  5606 V WindowManagerShell: extendInfo=[
03-03 02:33:25.803  5545  5606 V WindowManagerShell:  OplusTransitionExtendedInfo{mTmpFinishT=null, mInOplusCompatMode=false, mIsProcessRunning=false, mHasMismatchBoundsTarget=false, mRecentsController=null, mRemoteTransition=null, mIsTranslucentActivityToHome=false, mAvoidInterceptKeyEventToHome=false, mIsFromHome=false, mParentLeash=null, mBackAnimClosingLeash=null, mIsOplusAnimRes=false, mKeepBgForContinuous=false, mIsBalAllow=false, mTaskNotInRecent=false, mIsPredictiveBackAnim=false, mIsMergedWithPredictive=false, mIsLaunchFromSpruce=false, mIsLaunchFromDrive=false, mGlobalSearchPageSwitch=false, mNeedNoAlphaGlobalSearchScene=false, mAssistScreenShowing=false, mSwipeUpBrowserScreenShowing=false, mUserIdTransition=-1
03-03 02:33:25.803  5545  5606 V WindowManagerShell: , mInRemoteScene=false, mInPreReady=false, mPreStart=false, mToken=null, mAbortByRemoteFromHome=false, mShellApplyToken=null, mRequestTransitionTaskId=-1, mAbortTransitionOnShell=0, mStartFromShortcut=false, mRemovedTaskId=-1, mTransitionInterruptType=0, mMergeSecondTaskId=-1, mTaskIdStartFromRecents=0, mTransitionId=5162, mCanUseSpringSlideAnim=false, mTransitionLaunchFrom=0, mFoldChangeType=-1, mAnimStartingPosition=[0, 0, 0, 0], mIsOpeningStkDialogActivity=false, mIsNeedApplyStartTForEmbedded=false, mMergeSecondTaskAnimation=false, mIsLaunchUnityStart=false, mIsLaunchFromAssistantByDefault=false, mSkipRemoteTransitionfalse, mIsStartFromKeyguard=false flags=0x0, mWCT=null, mIsOpenMergeToInValidPredictive=false}]}
03-03 02:33:25.803  3822  3933 D CoreBackPreview:  return markWindowHasDrawn mComposed: false  mWaitTransition: false
03-03 02:33:25.803  3822  3933 D ActivityTaskManager: Clearing startingData for activity=ActivityRecord{138642048 u0 com.whatsapp/.camera.ui.CameraActivity t28697 f}} mStartingData=null mStartingSurface=null
03-03 02:33:25.804  3822  3929 V WindowManager: Sent Transition (#5162) createdAt=03-03 02:33:25.641 via request=TransitionRequestInfo { type = CLOSE, triggerTask = null, pipChange = null, remoteTransition = null, displayChange = null, flags = 0, debugId = 5162 }
03-03 02:33:25.804  3822  3929 V WindowManager:     startWCT=WindowContainerTransaction { changes= {} hops= [] errorCallbackToken=null taskFragmentOrganizer=null }
03-03 02:33:25.804  3822  3929 V WindowManager:     info={id=5162 t=CLOSE f=0x0 trk=0 r=[0@Point(0, 0)] c=[
03-03 02:33:25.804  3822  3929 V WindowManager:         {m=CLOSE f=FILLS_TASK leash=Surface(name=ActivityRecord{183165340 u0 com.whatsapp/.mediacomposer.ui.app.MediaComposerActivity t28697})/@0xb3cf7ee sb=Rect(0, 0 - 1240, 2772) eb=Rect(0, 0 - 1240, 2772) epz=Point(1240, 2772) d=0 bc=ff303030 component=com.whatsapp/.mediacomposer.ui.app.MediaComposerActivity opt={t=FROM_STYLE mUserId=0}},
03-03 02:33:25.804  3822  3929 V WindowManager:         {m=TO_FRONT f=FILLS_TASK leash=Surface(name=ActivityRecord{105529021 u0 com.whatsapp/.Conversation t28697})/@0x56d38f8 sb=Rect(0, 0 - 1240, 2772) eb=Rect(0, 0 - 1240, 2772) epz=Point(1240, 2772) d=0 bc=ff303030 component=com.whatsapp/.Conversation opt={t=FROM_STYLE mUserId=0}}
03-03 02:33:25.804  3822  3929 V WindowManager:     ] 
03-03 02:33:25.804  3822  3929 V WindowManager: extendInfo=[
03-03 02:33:25.804  3822  3929 V WindowManager:  OplusTransitionExtendedInfo{mTmpFinishT=null, mInOplusCompatMode=false, mIsProcessRunning=false, mHasMismatchBoundsTarget=false, mRecentsController=null, mRemoteTransition=null, mIsTranslucentActivityToHome=false, mAvoidInterceptKeyEventToHome=false, mIsFromHome=false, mParentLeash=null, mBackAnimClosingLeash=null, mIsOplusAnimRes=false, mKeepBgForContinuous=false, mIsBalAllow=false, mTaskNotInRecent=false, mIsPredictiveBackAnim=false, mIsMergedWithPredictive=false, mIsLaunchFromSpruce=false, mIsLaunchFromDrive=false, mGlobalSearchPageSwitch=false, mNeedNoAlphaGlobalSearchScene=false, mAssistScreenShowing=false, mSwipeUpBrowserScreenShowing=false, mUserIdTransition=-1
03-03 02:33:25.804  3822  3929 V WindowManager: , mInRemoteScene=false, mInPreReady=false, mPreStart=false, mToken=null, mAbortByRemoteFromHome=false, mShellApplyToken=null, mRequestTransitionTaskId=-1, mAbortTransitionOnShell=0, mStartFromShortcut=false, mRemovedTaskId=-1, mTransitionInterruptType=0, mMergeSecondTaskId=-1, mTaskIdStartFromRecents=0, mTransitionId=5162, mCanUseSpringSlideAnim=false, mTransitionLaunchFrom=0, mFoldChangeType=-1, mAnimStartingPosition=[0, 0, 0, 0], mIsOpeningStkDialogActivity=false, mIsNeedApplyStartTForEmbedded=false, mMergeSecondTaskAnimation=false, mIsLaunchUnityStart=false, mIsLaunchFromAssistantByDefault=false, mSkipRemoteTransitionfalse, mIsStartFromKeyguard=false flags=0x0, mWCT=null, mIsOpenMergeToInValidPredictive=false}]}
03-03 02:33:25.805  5545  5606 V WindowManagerShell: loadAnimation: anim=android.view.animation.AnimationSet@73f1ce6 animAttr=0x6 type=CLOSE isEntrance=true
03-03 02:33:25.805  3822  3932 D FlexibleTaskController: not in list
03-03 02:33:25.807  5545  5606 V WindowManagerShell: loadAnimation: anim=android.view.animation.AnimationSet@c2a7e7d animAttr=0x7 type=CLOSE isEntrance=false
03-03 02:33:25.808  5545  5606 V WindowManagerShell:  animated by com.android.wm.shell.transition.DefaultTransitionHandler@cb05049
03-03 02:33:25.812  3822  3932 D CoreBackPreview:  return markWindowHasDrawn mComposed: false  mWaitTransition: false
03-03 02:33:25.812  3822  3932 D ActivityTaskManager: Clearing startingData for activity=ActivityRecord{138642048 u0 com.whatsapp/.camera.ui.CameraActivity t28697 f}} mStartingData=null mStartingSurface=null
03-03 02:33:25.814  5787  5787 W VRI[HideNavHandle]: handleResized abandoned!
03-03 02:33:25.815  9470  9470 W VRI[OplusOSEdgeFloatBar]: handleResized abandoned!
03-03 02:33:25.815  3822  3822 I ServiceConnector.Impl: unbindJobThread: connection = ServiceConnector@500(Intent { act=android.service.autofill.AutofillService xflg=0x4 cmp=com.google.android.gms/.autofill.service.AutofillService mCallingUid=1000 }, user: 0)[Unbinding...]service = android.service.autofill.IAutoFillService$Stub$Proxy@fe858cb mBinding = false
03-03 02:33:25.819  5545  5545 W VRI[StatusBar]: handleResized abandoned!
03-03 02:33:25.819  5545  5545 W VRI[NavigationBar_displayId_0]: handleResized abandoned!
03-03 02:33:25.819  3822  5210 I BLASTSyncEngine: onCommitted syncId: 5162, timeout: false ran: false
03-03 02:33:25.820  3822  3933 D CoreBackPreview:  return markWindowHasDrawn mComposed: false  mWaitTransition: false
03-03 02:33:25.821  3822  3933 D ActivityTaskManager: Clearing startingData for activity=ActivityRecord{138642048 u0 com.whatsapp/.camera.ui.CameraActivity t28697 f}} mStartingData=null mStartingSurface=null
03-03 02:33:25.822  5545  5899 W VRI[OplusPrivacyIconTopRight]: handleResized abandoned!
03-03 02:33:25.828  3822  3933 D CoreBackPreview:  return markWindowHasDrawn mComposed: false  mWaitTransition: false
03-03 02:33:25.828  3822  3933 D ActivityTaskManager: Clearing startingData for activity=ActivityRecord{138642048 u0 com.whatsapp/.camera.ui.CameraActivity t28697 f}} mStartingData=null mStartingSurface=null
03-03 02:33:25.831  3822  4949 V AutofillSession: updateLocked(1073741824@1149402099): id=1149402099, action=VALUE_CHANGED, flags=0, mCurrentViewId=null, mExpiredResponse=true, viewState=ViewState: [id=1073741824@1149402099, state:0, currentValue:[type=1, value=0_chars]]
