03-03 02:33:16.283  3822  4956 D ActivityStarterExtImpl: setForceUpdateWindow, targetTask = Task{abd8368 #28697 type=standard A=10326:com.whatsapp} r = ActivityRecord{13836098 u0 com.whatsapp/.Main t-1} notFinish =false
03-03 02:33:16.283  3822  4956 D FlexibleWindowManagerService: isIgnoreAppearedAcrossTask:false
03-03 02:33:16.283  3822  4956 D FlexibleTaskController: findSourceTaskForFreeForm: sourceRecord = ActivityRecord{77230470 u0 com.android.launcher/.Launcher t5} ,realCallingPid:5787 ,launchFromZoomMode:false ,prevTopTask:Task{63d5c5b #5 type=home I=com.android.launcher/.Launcher}
03-03 02:33:16.283  3822  4956 D FlexibleTaskController: adjustOptionsForFlexibleTask not allow options follow process task's options, reason:9 ,reusedOptions:null
03-03 02:33:16.283  3822  4956 I TaskFragmentExtImpl: reset pause in recents anim for mTaskFragment: Task{abd8368 #28697 type=standard A=10326:com.whatsapp}
03-03 02:33:16.283  3822  4956 D FlexibleTaskController: isSupportFlexibleWindow target = com.whatsapp/.Main callPkg = FlexibleTaskController support = true ,caller = 3822
03-03 02:33:16.283  3822  4956 D FlexibleTaskController: shouldKeepFlexibleTask flexibleTask not active.
03-03 02:33:16.283  3822  4956 D BackgroundActivityStartControllerExtImpl: The realCallingUid is home, start activity from background is allowed.
03-03 02:33:16.283  3822  4956 D ActivityStarterExtImpl: isLaunchingRootActivity = true
03-03 02:33:16.283  3822  4956 D ActivityStarterExtImpl: Don't move task Task{abd8368 #28697 type=standard A=10326:com.whatsapp} , because launching activity to the same display 0
03-03 02:33:16.285  3822  4956 D ActivityTaskManager: validateStartingWindowTheme:  Pkg=com.whatsapp, Translucent=false, Floating=false, ShowWallpaper=false, Disable=false, LaunchSource=2, Prev=null, LaunchedFromPackage=com.whatsapp
03-03 02:33:16.285  3822  4956 D ActivityTaskManager: addStartingWindow for ActivityRecord{234137887 u0 com.whatsapp/.home.ui.HomeActivity t28697}, mainWin=Window{20512d2 u0 com.whatsapp/com.whatsapp.home.ui.HomeActivity}, mVisible=false, mVisibleRequested=false, drawn=false, mDestroying=false, state=STOPPED, isKeyguardLocked=false, isKeyguardGoingAway=false
03-03 02:33:16.285  3822  4956 D ActivityTaskManager: getStartingWindowType: , newTask=false, taskSwitch=true, processRunning=true, allowTaskSnapshot=true, activityCreated=true, activityAllDrawn=false, snapshot exist: true
03-03 02:33:16.285  3822  4956 D ActivityTaskManager: isSnapshotCompatible: w=1240, h=2772, taskSize=Point(1240, 2772)
03-03 02:33:16.285  3822  4956 D ActivityRecordExtImpl: handleStartingWindowForCompactWindow origin type:1, adjustType : 1
03-03 02:33:16.289  3822  4956 D ActivityTaskManager: setAppVisibility(Token{a7e30a4 ActivityRecord{77230470 u0 com.android.launcher/.Launcher t5}}, visible=false):  visible=true mVisibleRequested=true
03-03 02:33:16.289  3822  4956 D ActivityTaskManager: setVisibility(Token{a7e30a4 ActivityRecord{77230470 u0 com.android.launcher/.Launcher t5}}, visible=false) defer commitVisibility for transition collecting
03-03 02:33:16.290  3822  4956 D RefreshRate: boostRefreshId choose max:currentRefreshRate:120.00001 targetRefreshRate:90.0 mCurrentPickRate:120.00001
03-03 02:33:16.290  3822  4956 D RefreshRate: Trigger app switch boost, ar=ActivityRecord{234137887 u0 com.whatsapp/.home.ui.HomeActivity t28697},currDisplayRate=120.00001,boostId=3
03-03 02:33:16.290  3822  4956 D RefreshRate: setDisplayConfigSpecs complete: targetMode={id=1, width=1240, height=2772, fps=120.00001, vsync=120.00001, synthetic=false, alternativeRefreshRates=[60.000004, 90.0], supportedHdrTypes=[2, 3, 4]},srcMode={id=1, width=1240, height=2772, fps=120.00001, vsync=120.00001, synthetic=false, alternativeRefreshRates=[60.000004, 90.0], supportedHdrTypes=[2, 3, 4]},sfModId=0,rate=120.00001
03-03 02:33:16.290  3822  4956 D RefreshRate: startAppSwitchBoost targetMode={id=1, width=1240, height=2772, fps=120.00001, vsync=120.00001, synthetic=false, alternativeRefreshRates=[60.000004, 90.0], supportedHdrTypes=[2, 3, 4]} record=ActivityRecord{234137887 u0 com.whatsapp/.home.ui.HomeActivity t28697}: votes=PRIORITY_START_ANIMATION_BOOST -> Vote{mRefreshRate=120.0, mMinRefreshRate=120.0, mRequestSource=null};PRIORITY_LAUNCHER_REQUEST -> Vote{mRefreshRate=120.0, mMinRefreshRate=120.0, mRequestSource=com.android.launcher10205};PRIORITY_WINDOW_REQUEST -> Vote{mRefreshRate=120.0, mMinRefreshRate=120.0, mRequestSource=null};
03-03 02:33:16.290  3822  4992 D osense-blo-strict: switchingCnt = 1
03-03 02:33:16.290  3822  5722 D NativeFreezeManager: freezeForAppSwitchScene mAppLaunchFzDxEnable enter, mFgAppPkgname com.whatsapp
03-03 02:33:16.290  3822  4956 D ActivityTaskManager: setAppVisibility(Token{5557eca ActivityRecord{234137887 u0 com.whatsapp/.home.ui.HomeActivity t28697}}, visible=true):  visible=false mVisibleRequested=false
03-03 02:33:16.291  3822  4956 I BLASTSyncEngine: set mReady true as ActivityRecord{234137887 u0 com.whatsapp/.home.ui.HomeActivity t28697} isShowStartingSurface
03-03 02:33:16.291  3822  4085 D RefreshRate: do setDisplayConfigSpecs  
03-03 02:33:16.291  3822  4956 D WindowManager: NFW_setClientVisible:ActivityRecord{234137887 u0 com.whatsapp/.home.ui.HomeActivity t28697} clientVisible:true
03-03 02:33:16.291  3822  4956 D ActivityTaskManager: setVisibility(Token{5557eca ActivityRecord{234137887 u0 com.whatsapp/.home.ui.HomeActivity t28697}}, visible=true) defer commitVisibility for transition collecting
03-03 02:33:16.291  3822  4956 D ActivityTaskManager: onWindowFocusChanged Task{abd8368 #28697 type=standard A=10326:com.whatsapp} would transfer to compact
03-03 02:33:16.291  3822  4010 I UserAwareMgr: handleTopAppChanged: com.whatsapp, pid: 18856, uid: 10326
03-03 02:33:16.291  3822  4956 D ActivityTaskManager: NFW_setLastResumedActivityUncheckLocked:true r:ActivityRecord{234137887 u0 com.whatsapp/.home.ui.HomeActivity t28697} currentFocus:Window{6e9707c u0 com.android.launcher/com.android.launcher.Launcher}
03-03 02:33:16.291  3822  4085 D DisplayModeDirector: setAppRequest displayId : 0  modeId: 1  requestedRefreshRate: 120.00001  requestedMinRefreshRateRange: 120.00001  requestedMaxRefreshRateRange: 120.00001
03-03 02:33:16.291  3822  4956 D WindowManager: NFW_findFocusedWindowIfNeeded:null mCurrentFocus:Window{6e9707c u0 com.android.launcher/com.android.launcher.Launcher}
03-03 02:33:16.292  3822  4956 D WindowManager: attachImeScreenshotOnTargetIfNeeded, mImeHiding = false, requestedVisibleTypes = -9
03-03 02:33:16.292  3822  4956 V WindowManager: Changing focus from Window{6e9707c u0 com.android.launcher/com.android.launcher.Launcher} to null,diplayid=0
03-03 02:33:16.292  3822  4956 D FlexibleTaskController: onTaskFocusChanged prevTask:Task{63d5c5b #5 type=home I=com.android.launcher/.Launcher} ,currentTask:Task{abd8368 #28697 type=standard A=10326:com.whatsapp}, reason: resumeTopActivity - onActivityStateChanged
03-03 02:33:16.292  3822  4956 D OplusFlexibleDCSManager: onNextPkgChanged pkg = com.whatsapp
03-03 02:33:16.293  3822  4956 D WindowManager: rotation(ROTATION_0) no changed  displayId = 0, lastOrientation = -1
03-03 02:33:16.293  3822  4956 D OplusFeatureColorMode: ColorMode getColorMode =3
03-03 02:33:16.293  3822  4956 D ColorDisplayServiceExtImpl: getWCGVersion1App, packageName=com.whatsapp, sSupportWCG1 = true, sSupportWCG3 = false, nRet = 0
03-03 02:33:16.293  3822  4956 D OplusFlexibleActivityTransitionManager: fixTransitType type result:1, targets: null
03-03 02:33:16.293  3822  4956 D Transition: onPreTransactionReady remove target:Task{2d5e9a #1 type=home}
03-03 02:33:16.294  3822  4956 D OplusTransitionAnimationManager: activityRecordCount0fullScreenArBeHindStartingWindow null
03-03 02:33:16.296  3822  4010 W UserAwareMgr: can not find match thread: UiThreadHelper for process system_server Pid: 3822
03-03 02:33:16.296  3822  4956 D DisplayModeDirector: setAppRequest displayId : 0  modeId: 1  requestedRefreshRate: 0.0  requestedMinRefreshRateRange: 0.0  requestedMaxRefreshRateRange: 120.00001
03-03 02:33:16.297  5545  5606 V WindowManagerShell: Transition requested (#5158): android.os.BinderProxy@7501f31 TransitionRequestInfo { type = OPEN, triggerTask = TaskInfo{userId=0 taskId=28697 effectiveUid=10326 displayId=0 isRunning=true baseIntent=Intent { act=android.intent.action.MAIN cat=[android.intent.category.LAUNCHER] flg=0x10200000 cmp=com.whatsapp/.Main mCallingUid=10205 } baseActivity=ComponentInfo{com.whatsapp/com.whatsapp.home.ui.HomeActivity} topActivity=ComponentInfo{com.whatsapp/com.whatsapp.home.ui.HomeActivity} origActivity=null realActivity=ComponentInfo{com.whatsapp/com.whatsapp.Main}
03-03 02:33:16.297  5545  5606 V WindowManagerShell:  numActivities=1 lastActiveTime=202019561 supportsSplitScreenMultiWindow=true supportsMultiWindow=true supportsPocketStudioMultiWindow=true isInFlexibleEmbedded = false uid = 10326 pid = 18856 resizeMode=1 isResizeable=true minWidth=-1 minHeight=-1 defaultMinSize=220 token=WCT{android.window.IWindowContainerToken$Stub$Proxy@7846616} topActivityType=1 pictureInPictureParams=null shouldDockBigOverlays=false launchIntoPipHostTaskId=-1 lastParentTaskIdBeforePip=-1 displayCutoutSafeInsets=Rect(0, 0 - 0, 0)
03-03 02:33:16.297  5545  5606 V WindowManagerShell:  topActivityInfo=ActivityInfo{57e5b97 com.whatsapp.home.ui.HomeActivity} launchCookies=[android.os.BinderProxy@47f3184] positionInParent=Point(0, 0) parentTaskId=-1 isFocused=true isVisible=false isVisibleRequested=true isTopActivityNoDisplay=false isSleeping=false locusId=null displayAreaFeatureId=1 isTopActivityTransparent=false isActivityStackTransparent=false lastNonFullscreenBounds=Rect(329, 835 - 912, 2075) capturedLink=null capturedLinkTimestamp=0 requestedVisibleTypes=-9 topActivityRequestOpenInBrowserEducationTimestamp=0
03-03 02:33:16.297  5545  5606 V WindowManagerShell:  appCompatTaskInfo=AppCompatTaskInfo { topActivityInSizeCompat=false topActivityInOplusCompatMode=false eligibleForLetterboxEducation= false isLetterboxEducationEnabled= false isLetterboxDoubleTapEnabled= false eligibleForUserAspectRatioButton= false topActivityBoundsLetterboxed= false isFromLetterboxDoubleTap= false topActivityLetterboxVerticalPosition= -1 topActivityLetterboxHorizontalPosition= -1 topActivityLetterboxWidth=-1 topActivityLetterboxHeight=-1 topActivityAppBounds=Rect(0, 0 - 1240, 2772) isUserFullscreenOverrideEnabled=false isSystemFullscreenOverrideEnabled=false hasMinAspectRatioOverride=false topActivityLetterboxBounds=null cameraCompatTaskInfo=CameraCompatTaskInfo { freeformCameraCompatMode=inactive}} topActivityMainWindowFrame=null topActivityLetterboxInsets=Rect(0, 0 - 0, 0)
03-03 02:33:16.297  5545  5606 V WindowManagerShell:  mOplusExtraBundle = Bundle[mParcelledData.dataSize=1528]}, pipChange = null, remoteTransition = RemoteTransition { remoteTransition = android.window.IRemoteTransition$Stub$Proxy@b567d6d, appThread = android.app.IApplicationThread$Stub$Proxy@d58cda2, debugName = QuickstepLaunch }, displayChange = null, flags = 0, debugId = 5158 }
03-03 02:33:16.297  3822  4956 I TaskOrganizerController: onTaskInfoChanged taskid 1 config { mBounds=Rect(0, 0 - 1240, 2772) mAppBounds=Rect(0, 0 - 1240, 2772) mMaxBounds=Rect(0, 0 - 1240, 2772) mDisplayRotation=ROTATION_0 mWindowingMode=fullscreen mActivityType=home mAlwaysOnTop=undefined mRotation=ROTATION_0}
03-03 02:33:16.297  5545  5606 D ShellSplitScreen: logExit: no-op, mLoggerSessionId is null
03-03 02:33:16.297  5545  5606 V WindowManagerShell: RemoteTransition directly requested for (#5158) android.os.BinderProxy@7501f31: RemoteTransition { remoteTransition = android.window.IRemoteTransition$Stub$Proxy@b567d6d, appThread = android.app.IApplicationThread$Stub$Proxy@d58cda2, debugName = QuickstepLaunch }
03-03 02:33:16.297  3822  4956 D OplusVisibleTasks:  notifyTaskFocusChange no need.
03-03 02:33:16.297  3822  4956 D OplusFlexibleDragToSplitAnimController: visibleFlexibleTaskInfos delete:1
03-03 02:33:16.297  5545  5606 V WindowManagerShell: Transition (#5158): request handled by DefaultMixedHandler
03-03 02:33:16.297  3822  4956 E FlexibleWindowManagerService: notifyTaskObserverToAttachController not need to notify!
03-03 02:33:16.297  3822  4956 I FlexibleWindowManagerService: onFlexibleWindowTaskInfoChanged, return for cur task not embedded
03-03 02:33:16.297  3822  4956 I TaskOrganizerController: onTaskInfoChanged taskid 28697 config { mBounds=Rect(0, 0 - 1240, 2772) mAppBounds=Rect(0, 0 - 1240, 2772) mMaxBounds=Rect(0, 0 - 1240, 2772) mDisplayRotation=ROTATION_0 mWindowingMode=fullscreen mActivityType=standard mAlwaysOnTop=undefined mRotation=ROTATION_0}
03-03 02:33:16.297  3822  4956 D OplusFlexibleDragToSplitAnimController: visibleFlexibleTaskInfos delete:28697
03-03 02:33:16.297  3822  4956 E FlexibleWindowManagerService: notifyTaskObserverToAttachController not need to notify!
03-03 02:33:16.297  3822  4956 I FlexibleWindowManagerService: onFlexibleWindowTaskInfoChanged, return for cur task not embedded
03-03 02:33:16.297  3822  4956 D OplusTransitionController: tryFinishAheadIfNeed transition 5158 , SyncGroup: com.android.server.wm.BLASTSyncEngine$SyncGroup@1aa2f0
03-03 02:33:16.297  3822  4956 D ActivityTaskManager: commitVisibility: ActivityRecord{234137887 u0 com.whatsapp/.home.ui.HomeActivity t28697}: visible=true visibleRequested=true, isInTransition=true 
03-03 02:33:16.297  3822  4956 D Transition: collectOrderChanges onTopTasksEnd: [Task{abd8368 #28697 type=standard A=10326:com.whatsapp}], reportedOnTop:null, mOnTopTasksStart: [Task{2d5e9a #1 type=home}, Task{63d5c5b #5 type=home I=com.android.launcher/.Launcher}], TDA child: [Task{dc0370a #28625 type=standard A=10260:com.oppo.gallery3d.app.Gallery}, Task{44bb559 #28684 type=standard A=10173:com.oneplus.calculator}, Task{8eafb7b #28683 type=standard A=10277:com.google.android.apps.photos}, Task{870a5ad #28641 type=standard A=10348:com.phonepe.app nonResizable}, Task{bddfc68 #28664 type=standard A=10259:com.google.android.apps.messaging}, Task{c6f60c3 #2 type=undefined}, Task{40ca6bc #28536 type=standard A=10156:com.android.chrome}, Task{232517e #28647 type=standard A=10164:com.google.android.apps.maps}, Task{23bfea4 #28333 type=standard A=10162:com.google.android.gm}, Task{e4c9e12 #28688 type=standard A=10347:com.flipkart.android}, Task{47895c5 #28329 type=standard A=10368:android.task.contacts}, Task{1a01eb #28608 type=standard A=10050:com.linkedin.android}, Task{88188be #28687 type=standard A=10116:com.android.vending}, Task{ff94c47 #28581 type=standard A=10126:com.google.android.googlequicksearchbox.googleapp}, Task{d2265cd #28689 type=standard A=1000:com.android.settings.root}, Task{c5eeaf0 #28334 type=standard A=10168:com.google.android.youtube}, Task{cbd9799 #28387 type=standard A=10041:com.microsoft.teams}, Task{6a135b3 #28698 type=standard A=10686:it.vfsfitvnm.vimusic.debug}, Task{2d5e9a #1 type=home}, Task{abd8368 #28697 type=standard A=10326:com.whatsapp}]
03-03 02:33:16.297  3822  4956 D Transition: collectOrderChanges **mParticipants add task: Task{abd8368 #28697 type=standard A=10326:com.whatsapp}
03-03 02:33:16.298  3822  4956 D OplusFlexibleActivityTransitionManager: fixTransitType type result:1, targets: [ChangeInfo{2c516f9 container=Task{abd8368 #28697 type=standard A=10326:com.whatsapp} flags=0x30}, ChangeInfo{fcabc54 container=Task{2d5e9a #1 type=home} flags=0x10}]
03-03 02:33:16.298  3822  4956 D OplusTransitionAnimationManager: activityRecordCount0fullScreenArBeHindStartingWindow null
03-03 02:33:16.298  3822  4956 D OplusTransitionAnimationManager: activityRecordCount0fullScreenArBeHindStartingWindow null
03-03 02:33:16.299  3822  4956 D QuickBackInputPolicy: resetInputInterceptState for remoteTransition: true
03-03 02:33:16.299  3822  4956 D OplusTransitionController: onTransactionReady, transition: 5158, info: {id=5158 t=OPEN f=0x0 trk=0 r=[0@Point(0, 0)] c=[{WCT{RemoteToken{5a237ba Task{abd8368 #28697 type=standard A=10326:com.whatsapp}}} m=TO_FRONT f=MOVE_TO_TOP leash=Surface(name=Task=28697)/@0x13d71b9 sb=Rect(0, 0 - 1240, 2772) eb=Rect(0, 0 - 1240, 2772) epz=Point(1240, 2772) d=0 taskParent=-1},{WCT{RemoteToken{d7cf702 Task{2d5e9a #1 type=home}}} m=TO_BACK f=SHOW_WALLPAPER leash=Surface(name=Task=1)/@0x7031b77 sb=Rect(0, 0 - 1240, 2772) eb=Rect(0, 0 - 1240, 2772) epz=Point(1240, 2772) d=0 taskParent=-1}] 
03-03 02:33:16.299  3822  4956 D OplusTransitionController: extendInfo=[
03-03 02:33:16.299  3822  4956 D OplusTransitionController:  OplusTransitionExtendedInfo{mTmpFinishT=null, mInOplusCompatMode=false, mIsProcessRunning=true, mHasMismatchBoundsTarget=false, mRecentsController=null, mRemoteTransition=null, mIsTranslucentActivityToHome=false, mAvoidInterceptKeyEventToHome=false, mIsFromHome=true, mParentLeash=null, mBackAnimClosingLeash=null, mIsOplusAnimRes=false, mKeepBgForContinuous=false, mIsBalAllow=false, mTaskNotInRecent=false, mIsPredictiveBackAnim=false, mIsMergedWithPredictive=false, mIsLaunchFromSpruce=false, mIsLaunchFromDrive=false, mGlobalSearchPageSwitch=false, mNeedNoAlphaGlobalSearchScene=false, mAssistScreenShowing=false, mSwipeUpBrowserScreenShowing=false, mUserIdTransition=0
03-03 02:33:16.299  3822  4956 D OplusTransitionController: , mInRemoteScene=false, mInPreReady=true, mPreStart=false, mToken=Token{3b729b5 TransitionRecord{3090fa7 id=5158 track=0 type=OPEN flags=0x0 state=2 c=[
03-03 02:33:16.299  3822  4956 D OplusTransitionController:    ChangeInfo{fcabc54 container=Task{2d5e9a #1 type=home} flags=0x10}
03-03 02:33:16.299  3822  4956 D OplusTransitionController:    ChangeInfo{babf7fd container=ActivityRecord{13836098 u0 com.whatsapp/.Main t-1} flags=0x0}
03-03 02:33:16.299  3822  4956 D OplusTransitionController:    ChangeInfo{875dcf2 container=ActivityRecord{77230470 u0 com.android.launcher/.Launcher t5} flags=0x0}
03-03 02:33:16.299  3822  4956 D OplusTransitionController:    ChangeInfo{8acff43 container=Task{63d5c5b #5 type=home I=com.android.launcher/.Launcher} flags=0x10}
03-03 02:33:16.299  3822  4956 D OplusTransitionController:    ChangeInfo{84149c0 container=Display{#0 state=ON size=1240x2772 ROTATION_0} flags=0x0}
03-03 02:33:16.299  3822  4956 D OplusTransitionController:    ChangeInfo{2c516f9 container=Task{abd8368 #28697 type=standard A=10326:com.whatsapp} flags=0x30}
03-03 02:33:16.299  3822  4956 D OplusTransitionController:    ChangeInfo{880d63e container=WallpaperWindowToken{c0e66a1 showWhenLocked=true} flags=0x0}
03-03 02:33:16.299  3822  4956 D OplusTransitionController:    ChangeInfo{2164c9f container=ActivityRecord{234137887 u0 com.whatsapp/.home.ui.HomeActivity t28697} flags=0x0}
03-03 02:33:16.299  3822  4956 D OplusTransitionController:    ChangeInfo{d141ec container=DefaultTaskDisplayArea@238526314 flags=0x0}
03-03 02:33:16.299  3822  4956 D OplusTransitionController: ]
03-03 02:33:16.299  3822  4956 D OplusTransitionController: }}, mAbortByRemoteFromHome=false, mShellApplyToken=null, mRequestTransitionTaskId=28697, mAbortTransitionOnShell=0, mStartFromShortcut=false, mRemovedTaskId=-1, mTransitionInterruptType=0, mMergeSecondTaskId=-1, mTaskIdStartFromRecents=0, mTransitionId=5158, mCanUseSpringSlideAnim=false, mTransitionLaunchFrom=0, mFoldChangeType=-1, mAnimStartingPosition=[0, 0, 0, 0], mIsOpeningStkDialogActivity=false, mIsNeedApplyStartTForEmbedded=false, mMergeSecondTaskAnimation=false, mIsLaunchUnityStart=false, mIsLaunchFromAssistantByDefault=false, mSkipRemoteTransitionfalse, mIsStartFromKeyguard=false flags=0x0, mWCT=null, mIsOpenMergeToInValidPredictive=false}]}, targets : [ChangeInfo{2c516f9 container=Task{abd8368 #28697 type=standard A=10326:com.whatsapp} flags=0x30}, ChangeInfo{fcabc54 container=Task{2d5e9a #1 type=home} flags=0x10}], participants: {ActivityRecord{13836098 u0 com.whatsapp/.Main t-1}, ActivityRecord{77230470 u0 com.android.launcher/.Launcher t5}, Task{abd8368 #28697 type=standard A=10326:com.whatsapp}, WallpaperWindowToken{c0e66a1 showWhenLocked=true}, ActivityRecord{234137887 u0 com.whatsapp/.home.ui.HomeActivity t28697}}
03-03 02:33:16.299  3822  4994 D JobSchedulerServiceExtImpl: updateOsenseRestrictMode for 1 true false
03-03 02:33:16.300  3822  4956 D osense.compress: notifyActivityLaunched pkgName = com.whatsapp, userId = 0
03-03 02:33:16.300  3822  4956 I ActivityTaskManager: START u0 {act=android.intent.action.MAIN cat=[android.intent.category.LAUNCHER] flg=0x10200000 xflg=0x4 cmp=com.whatsapp/.Main bnds=[905,1803][1187,2113] (has extras) mCallingUid=10205} with LAUNCH_MULTIPLE from uid 10205 (sr=77230470) (BAL_ALLOW_VISIBLE_WINDOW (callingUid has visible window)) result code=2
03-03 02:33:16.301  3822  4010 I UserAwareMgr: event is already released: SceneEvent{id=5007, maxWorkDurationMs=200, caller='[android]', eventFlags=256, fbPriority=1, keyThreads=[KeyThread{name=binder, owner=android, schedPolicy=ux, priority=HEAVY, maxThreadCount=16}], vipBinderGroup=null}, callingPid: 3822, appPid: 0
03-03 02:33:16.302  3822  5544 I OplusJoystickManager: handleApplicationSwitch deprecated!
03-03 02:33:16.302  3822  5544 I GameManagerServiceExt-GameManagerServiceExt: on FG change: com.android.launcher|com.whatsapp
03-03 02:33:16.302  3822  4010 W QosScheduler: getScenario failed! scenarios is null, mask=2
03-03 02:33:16.302  3822  4010 W QosScheduler: executeSceneQosStrategy get scenario failed! scenario is null
03-03 02:33:16.302  3822  5267 E WindowOrganizerController: Trying to start a transition that isn't collecting. This probably means Shell took too long to respond to a request. WM State may be incorrect now, please file a bug
03-03 02:33:16.303  3822  5267 D QuickBackInputPolicy: setInterceptInputKeyStatus, enable=true, enableFlag=1, inputCallback=android.window.IRemoteTransitionInputCallback$Stub$Proxy@322f4b4
03-03 02:33:16.303  3822  5898 D OplusEapManager: mTargetExitName :com.android.launcher
03-03 02:33:16.304  5545  6074 V WindowManagerShell: onTransitionReady(transaction=16415365359276)
03-03 02:33:16.304  5545  5606 D WindowManagerShell: setLauncherKeepClearAreaHeight: visible=false, height=252
03-03 02:33:16.304  3822  4085 D VRR [OPlusRefreshRateService]: handleFrontAppChange pkgName: null
03-03 02:33:16.304  3822  3932 D OomAdjusterSocExtImpl: App adj change from cached state to fg state : 18856 com.whatsapp
03-03 02:33:16.305  5545  5606 V WindowManagerShell: onTransitionReady (#5158) android.os.BinderProxy@7501f31: {id=5158 t=OPEN f=0x0 trk=0 r=[0@Point(0, 0)] c=[
03-03 02:33:16.305  5545  5606 V WindowManagerShell:         {m=TO_FRONT f=MOVE_TO_TOP leash=Surface(name=Task=28697)/@0xac31a33 sb=Rect(0, 0 - 1240, 2772) eb=Rect(0, 0 - 1240, 2772) epz=Point(1240, 2772) d=0 taskParent=-1},
03-03 02:33:16.305  5545  5606 V WindowManagerShell:         {m=TO_BACK f=SHOW_WALLPAPER leash=Surface(name=Task=1)/@0xd7fe1f0 sb=Rect(0, 0 - 1240, 2772) eb=Rect(0, 0 - 1240, 2772) epz=Point(1240, 2772) d=0 taskParent=-1}
03-03 02:33:16.305  5545  5606 V WindowManagerShell:     ] 
03-03 02:33:16.305  5545  5606 V WindowManagerShell: extendInfo=[
03-03 02:33:16.305  5545  5606 V WindowManagerShell:  OplusTransitionExtendedInfo{mTmpFinishT=null, mInOplusCompatMode=false, mIsProcessRunning=true, mHasMismatchBoundsTarget=false, mRecentsController=null, mRemoteTransition=null, mIsTranslucentActivityToHome=false, mAvoidInterceptKeyEventToHome=false, mIsFromHome=true, mParentLeash=null, mBackAnimClosingLeash=null, mIsOplusAnimRes=false, mKeepBgForContinuous=false, mIsBalAllow=false, mTaskNotInRecent=false, mIsPredictiveBackAnim=false, mIsMergedWithPredictive=false, mIsLaunchFromSpruce=false, mIsLaunchFromDrive=false, mGlobalSearchPageSwitch=false, mNeedNoAlphaGlobalSearchScene=false, mAssistScreenShowing=false, mSwipeUpBrowserScreenShowing=false, mUserIdTransition=0
03-03 02:33:16.305  5545  5606 V WindowManagerShell: , mInRemoteScene=false, mInPreReady=true, mPreStart=false, mToken=android.os.BinderProxy@7501f31, mAbortByRemoteFromHome=false, mShellApplyToken=null, mRequestTransitionTaskId=28697, mAbortTransitionOnShell=0, mStartFromShortcut=false, mRemovedTaskId=-1, mTransitionInterruptType=0, mMergeSecondTaskId=-1, mTaskIdStartFromRecents=0, mTransitionId=5158, mCanUseSpringSlideAnim=false, mTransitionLaunchFrom=0, mFoldChangeType=-1, mAnimStartingPosition=[0, 0, 0, 0], mIsOpeningStkDialogActivity=false, mIsNeedApplyStartTForEmbedded=false, mMergeSecondTaskAnimation=false, mIsLaunchUnityStart=false, mIsLaunchFromAssistantByDefault=false, mSkipRemoteTransitionfalse, mIsStartFromKeyguard=false flags=0x0, mWCT=null, mIsOpenMergeToInValidPredictive=false}]}
03-03 02:33:16.305  5545  5606 V WindowManagerShell: Playing animation for (#5158) android.os.BinderProxy@7501f31@0
03-03 02:33:16.305  5545  5606 V WindowManagerShell:  try firstHandler com.android.wm.shell.transition.DefaultMixedHandler@a85b275
03-03 02:33:16.305  5545  5606 V WindowManagerShell: Mixed transition for opening an intent with a remote transition and PIP or Desktop #5158
03-03 02:33:16.305  5545  5606 V WindowManagerShell: tryAnimateOpenIntentWithRemoteAndPipOrDesktop
03-03 02:33:16.305  5545  5606 V WindowManagerShell:  Delegate animation for (#5158) to RemoteTransition { remoteTransition = android.window.IRemoteTransition$Stub$Proxy@b567d6d, appThread = android.app.IApplicationThread$Stub$Proxy@d58cda2, debugName = QuickstepLaunch }
03-03 02:33:16.306 18856 18856 D ActivityThread: Package [it.vfsfitvnm.vimusic.debug] reported as REPLACED, but missing application info. Assuming REMOVED.
03-03 02:33:16.307  5545  5606 V WindowManagerShell:  animated by firstHandler
03-03 02:33:16.307  3822  4067 D OplusAppSwitchListener: App Activity Change
03-03 02:33:16.308 18856 18856 D ActivityThread: Package [it.vfsfitvnm.vimusic.debug] reported as REPLACED, but missing application info. Assuming REMOVED.
03-03 02:33:16.308 18856 18856 D ActivityThread: Package [it.vfsfitvnm.vimusic.debug] reported as REPLACED, but missing application info. Assuming REMOVED.
03-03 02:33:16.307  3822  4067 D OplusAppSwitchListener: Detect com.android.launcher switch to background
03-03 02:33:16.310  3822  4067 D OplusFeatureReduceBrightness: onAppExit , info = com.android.launcher
03-03 02:33:16.310  3822  4067 D OplusAppSwitchListener: Detect com.whatsapp switch to foreground
03-03 02:33:16.310  3822  3933 I TaskOrganizerController: onTaskInfoChanged taskid 28697 config { mBounds=Rect(0, 0 - 1240, 2772) mAppBounds=Rect(0, 0 - 1240, 2772) mMaxBounds=Rect(0, 0 - 1240, 2772) mDisplayRotation=ROTATION_0 mWindowingMode=fullscreen mActivityType=standard mAlwaysOnTop=undefined mRotation=ROTATION_0}
03-03 02:33:16.310  3822  4067 D OplusFeatureReduceBrightness: onAppEnter , info = com.whatsapp
03-03 02:33:16.310  3822  4067 D OplusFeatureReduceBrightness: reduce onAppEnter pkg=com.whatsapp
03-03 02:33:16.310  3822  4067 D OplusFeatureGlobalLimitBrightness: switch to display extreme mode 
03-03 02:33:16.311  3822  3933 D OplusVisibleTasks:  notifyTasksNumChange no need to notify.
03-03 02:33:16.311  3822  3933 D OplusFlexibleDragToSplitAnimController: visibleFlexibleTaskInfos delete:28697
03-03 02:33:16.311  3822  3933 E FlexibleWindowManagerService: notifyTaskObserverToAttachController not need to notify!
03-03 02:33:16.311  3822  3933 I FlexibleWindowManagerService: onFlexibleWindowTaskInfoChanged, return for cur task not embedded
03-03 02:33:16.311  3822  4957 I BLASTSyncEngine: onCommitted syncId: 5158, timeout: false ran: false
03-03 02:33:16.315  3822  5898 D OplusAppSwitchRuleInfo: generateAppEnterInfo - launch_source_type = launcherWorkspace , launch_source_traceid = 
03-03 02:33:16.316  3822  4951 D BackgroundInstallControlService: Package event received: 0
03-03 02:33:16.317  3822  5898 D OplusAppSwitchRuleInfo: generateAppEnterInfo - launch_source_type = launcherWorkspace , launch_source_traceid = 
03-03 02:33:16.317  3822  5898 D OplusAppSwitchRuleInfo: generateAppEnterInfo - launch_source_type = launcherWorkspace , launch_source_traceid = 
03-03 02:33:16.317  3822  5898 D OplusAppSwitchRuleInfo: generateAppEnterInfo - launch_source_type = launcherWorkspace , launch_source_traceid = 
03-03 02:33:16.317  3822  3933 D WindowManager: setFrameRateStart invalid typeId return!
03-03 02:33:16.317  3822  4956 D OplusBatteryServiceFeature: setSmartCoolDown: coolDown = 6, normalCoolDown = 6, pkgName = com.whatsapp
03-03 02:33:16.318  3822  5898 D OplusEapManager: mTargetEnterName :com.whatsapp
03-03 02:33:16.318  3822  3933 D WindowManager: setFrameRateStart invalid typeId return!
03-03 02:33:16.318  3822  5898 D OplusAppSwitchRuleInfo: generateAppEnterInfo - launch_source_type = launcherWorkspace , launch_source_traceid = 
03-03 02:33:16.318  3822  5898 D OplusAppSwitchRuleInfo: generateAppEnterInfo - launch_source_type = launcherWorkspace , launch_source_traceid = 
03-03 02:33:16.319  3822  5898 D OplusAppSwitchRuleInfo: generateAppEnterInfo - launch_source_type = launcherWorkspace , launch_source_traceid = 
03-03 02:33:16.319  3822  5898 D OplusAppSwitchRuleInfo: generateAppEnterInfo - launch_source_type = launcherWorkspace , launch_source_traceid = 
03-03 02:33:16.320  3822  5898 D OplusAppSwitchRuleInfo: generateAppEnterInfo - launch_source_type = launcherWorkspace , launch_source_traceid = 
03-03 02:33:16.320  3822  4085 D VRR [OPlusRefreshRateService]: handleFrontAppChange pkgName: com.whatsapp
03-03 02:33:16.321  3822  5898 D OplusAppSwitchRuleInfo: generateAppEnterInfo - launch_source_type = launcherWorkspace , launch_source_traceid = 
03-03 02:33:16.324  3822  5898 D OplusAppSwitchRuleInfo: generateActivityEnterInfo - launch_source_type = launcherWorkspace , launch_source_traceid = 
03-03 02:33:16.326  3822  4062 D OplusFeatureReduceBrightness: reduce for pkg=com.whatsapp
03-03 02:33:16.333  3822  3929 V WindowManager: Sent Transition (#5158) createdAt=03-03 02:33:16.281 via request=TransitionRequestInfo { type = OPEN, triggerTask = TaskInfo{userId=0 taskId=28697 effectiveUid=10326 displayId=0 isRunning=true baseIntent=Intent { act=android.intent.action.MAIN cat=[android.intent.category.LAUNCHER] flg=0x10200000 cmp=com.whatsapp/.Main mCallingUid=10205 } baseActivity=ComponentInfo{com.whatsapp/com.whatsapp.home.ui.HomeActivity} topActivity=ComponentInfo{com.whatsapp/com.whatsapp.home.ui.HomeActivity} origActivity=null realActivity=ComponentInfo{com.whatsapp/com.whatsapp.Main}
03-03 02:33:16.333  3822  3929 V WindowManager:  numActivities=1 lastActiveTime=202019561 supportsSplitScreenMultiWindow=true supportsMultiWindow=true supportsPocketStudioMultiWindow=true isInFlexibleEmbedded = false uid = 10326 pid = 18856 resizeMode=1 isResizeable=true minWidth=-1 minHeight=-1 defaultMinSize=220 token=WCT{RemoteToken{5a237ba Task{abd8368 #28697 type=standard A=10326:com.whatsapp}}} topActivityType=1 pictureInPictureParams=null shouldDockBigOverlays=false launchIntoPipHostTaskId=-1 lastParentTaskIdBeforePip=-1 displayCutoutSafeInsets=Rect(0, 0 - 0, 0)
03-03 02:33:16.333  3822  3929 V WindowManager:  topActivityInfo=ActivityInfo{f0ac734 com.whatsapp.home.ui.HomeActivity} launchCookies=[android.os.BinderProxy@6643076] positionInParent=Point(0, 0) parentTaskId=-1 isFocused=true isVisible=false isVisibleRequested=true isTopActivityNoDisplay=false isSleeping=false locusId=null displayAreaFeatureId=1 isTopActivityTransparent=false isActivityStackTransparent=false lastNonFullscreenBounds=Rect(329, 835 - 912, 2075) capturedLink=null capturedLinkTimestamp=0 requestedVisibleTypes=-9 topActivityRequestOpenInBrowserEducationTimestamp=0
03-03 02:33:16.333  3822  3929 V WindowManager:  appCompatTaskInfo=AppCompatTaskInfo { topActivityInSizeCompat=false topActivityInOplusCompatMode=false eligibleForLetterboxEducation= false isLetterboxEducationEnabled= false isLetterboxDoubleTapEnabled= false eligibleForUserAspectRatioButton= false topActivityBoundsLetterboxed= false isFromLetterboxDoubleTap= false topActivityLetterboxVerticalPosition= -1 topActivityLetterboxHorizontalPosition= -1 topActivityLetterboxWidth=-1 topActivityLetterboxHeight=-1 topActivityAppBounds=Rect(0, 0 - 1240, 2772) isUserFullscreenOverrideEnabled=false isSystemFullscreenOverrideEnabled=false hasMinAspectRatioOverride=false topActivityLetterboxBounds=null cameraCompatTaskInfo=CameraCompatTaskInfo { freeformCameraCompatMode=inactive}} topActivityMainWindowFrame=null topActivityLetterboxInsets=Rect(0, 0 - 0, 0)
03-03 02:33:16.333  3822  3929 V WindowManager:  mOplusExtraBundle = Bundle[{androidx.flexible.taskFrame=Rect(0, 0 - 0, 0), topOpaqueSystemBarsAppearance=0, androidx.flexible.Alpha=1.0, androidx.activity.task.attach.blur=0, androidx.activity.LaunchInsensible=0, androidx.activity.LaunchCornerRadius=0, key_flexible_task_state=0, topActivitySupportAppInnerSplit=false, key_flexible_task_animating_type=-1, key_flexible_task_root_activity_processname=com.whatsapp, androidx.activity.LaunchScenario=0, is_oplus_clone_task=false, flexible_super_mini_state=false, topRunningActivityHash=234137887, androidx.activity.LaunchScale=1.0, androidx.activity.LaunchShadowRadius=0, is_transient_hide_for_task_info=false, key_flexible_task_root_activity_pid=18856, key_flexible_task_root_activity_uid=10326}]}, pipChange = null, remoteTransition = RemoteTransition { remoteTransition = android.window.IRemoteTransition$Stub$Proxy@b0c677, appThread = android.app.IApplicationThread$Stub$Proxy@ec6f2e4, debugName = QuickstepLaunch }, displayChange = null, flags = 0, debugId = 5158 }
03-03 02:33:16.333  3822  3929 V WindowManager:     startWCT=null
03-03 02:33:16.333  3822  3932 D FlexibleTaskController: check task which not have enough child, isInSingleWhiteList:false isCloneTask:false
03-03 02:33:16.333  3822  3929 V WindowManager:     info={id=5158 t=OPEN f=0x0 trk=0 r=[0@Point(0, 0)] c=[
03-03 02:33:16.333  3822  3929 V WindowManager:         {WCT{RemoteToken{5a237ba Task{abd8368 #28697 type=standard A=10326:com.whatsapp}}} m=TO_FRONT f=MOVE_TO_TOP leash=Surface(name=Task=28697)/@0x13d71b9 sb=Rect(0, 0 - 1240, 2772) eb=Rect(0, 0 - 1240, 2772) epz=Point(1240, 2772) d=0 taskParent=-1},
03-03 02:33:16.333  3822  3929 V WindowManager:         {WCT{RemoteToken{d7cf702 Task{2d5e9a #1 type=home}}} m=TO_BACK f=SHOW_WALLPAPER leash=Surface(name=Task=1)/@0x7031b77 sb=Rect(0, 0 - 1240, 2772) eb=Rect(0, 0 - 1240, 2772) epz=Point(1240, 2772) d=0 taskParent=-1}
03-03 02:33:16.333  3822  3929 V WindowManager:     ] 
03-03 02:33:16.333  3822  3929 V WindowManager: extendInfo=[
03-03 02:33:16.333  3822  3929 V WindowManager:  OplusTransitionExtendedInfo{mTmpFinishT=null, mInOplusCompatMode=false, mIsProcessRunning=true, mHasMismatchBoundsTarget=false, mRecentsController=null, mRemoteTransition=null, mIsTranslucentActivityToHome=false, mAvoidInterceptKeyEventToHome=false, mIsFromHome=true, mParentLeash=null, mBackAnimClosingLeash=null, mIsOplusAnimRes=false, mKeepBgForContinuous=false, mIsBalAllow=false, mTaskNotInRecent=false, mIsPredictiveBackAnim=false, mIsMergedWithPredictive=false, mIsLaunchFromSpruce=false, mIsLaunchFromDrive=false, mGlobalSearchPageSwitch=false, mNeedNoAlphaGlobalSearchScene=false, mAssistScreenShowing=false, mSwipeUpBrowserScreenShowing=false, mUserIdTransition=0
03-03 02:33:16.333  3822  3929 V WindowManager: , mInRemoteScene=false, mInPreReady=true, mPreStart=false, mToken=Token{3b729b5 TransitionRecord{3090fa7 id=5158 track=0 type=OPEN flags=0x0 state=2 c=[
03-03 02:33:16.333  3822  3929 V WindowManager:    ChangeInfo{fcabc54 container=Task{2d5e9a #1 type=home} flags=0x10}
03-03 02:33:16.333  3822  3929 V WindowManager:    ChangeInfo{babf7fd container=ActivityRecord{13836098 u0 com.whatsapp/.Main t-1} flags=0x0}
03-03 02:33:16.333  3822  3929 V WindowManager:    ChangeInfo{875dcf2 container=ActivityRecord{77230470 u0 com.android.launcher/.Launcher t5} flags=0x0}
03-03 02:33:16.333  3822  3929 V WindowManager:    ChangeInfo{8acff43 container=Task{63d5c5b #5 type=home I=com.android.launcher/.Launcher} flags=0x10}
03-03 02:33:16.333  3822  3929 V WindowManager:    ChangeInfo{84149c0 container=Display{#0 state=ON size=1240x2772 ROTATION_0} flags=0x0}
03-03 02:33:16.333  3822  3929 V WindowManager:    ChangeInfo{2c516f9 container=Task{abd8368 #28697 type=standard A=10326:com.whatsapp} flags=0x30}
03-03 02:33:16.333  3822  3929 V WindowManager:    ChangeInfo{880d63e container=WallpaperWindowToken{c0e66a1 showWhenLocked=true} flags=0x0}
03-03 02:33:16.333  3822  3929 V WindowManager:    ChangeInfo{2164c9f container=ActivityRecord{234137887 u0 com.whatsapp/.home.ui.HomeActivity t28697} flags=0x0}
03-03 02:33:16.333  3822  3929 V WindowManager:    ChangeInfo{d141ec container=DefaultTaskDisplayArea@238526314 flags=0x0}
03-03 02:33:16.333  3822  3929 V WindowManager: ]
03-03 02:33:16.333  3822  3929 V WindowManager: }}, mAbortByRemoteFromHome=false, mShellApplyToken=null, mRequestTransitionTaskId=28697, mAbortTransitionOnShell=0, mStartFromShortcut=false, mRemovedTaskId=-1, mTransitionInterruptType=0, mMergeSecondTaskId=-1, mTaskIdStartFromRecents=0, mTransitionId=5158, mCanUseSpringSlideAnim=false, mTransitionLaunchFrom=0, mFoldChangeType=-1, mAnimStartingPosition=[0, 0, 0, 0], mIsOpeningStkDialogActivity=false, mIsNeedApplyStartTForEmbedded=false, mMergeSecondTaskAnimation=false, mIsLaunchUnityStart=false, mIsLaunchFromAssistantByDefault=false, mSkipRemoteTransitionfalse, mIsStartFromKeyguard=false flags=0x0, mWCT=null, mIsOpenMergeToInValidPredictive=false}]}
03-03 02:33:16.342  3822  5334 D FlexibleTaskController: check task which not have enough child, isInSingleWhiteList:false isCloneTask:false
03-03 02:33:16.353  3822  4045 E OplusThermalStats: Error getting package info: com.whatsapp
03-03 02:33:16.357  3822  4951 D BackgroundInstallControlService: Package event received: 0
03-03 02:33:16.358  3822  4062 D OplusBiometricsDisplayHelper: isFold: false, isUnblockByFp: null
03-03 02:33:16.363  5545  5606 D WindowManagerShell: onActivityRestartAttempt: topActivity=ComponentInfo{com.whatsapp/com.whatsapp.home.ui.HomeActivity}, wasVisible=true
03-03 02:33:16.368  3822  6677 E KernelCpuUidFreqTimeReader: Negative delta from freq time for uid: 90000, delta: -7
03-03 02:33:16.371  3822  5544 I ActivityManager: Flag disabled. Ignoring finishAttachApplication from uid: 10156. pid: 25113
03-03 02:33:16.374 18856 18856 D ActivityThread: ComponentInfo{com.whatsapp/com.whatsapp.home.ui.HomeActivity} checkFinished=false 2
03-03 02:33:16.374 18856 18856 D ResourcesManagerExtImpl: applyConfigurationToAppResourcesLocked app.getDisplayId() return callback.displayId:0
03-03 02:33:16.401  3822  5334 D ActivityTaskManager: Skipping, invisible task: Task{63d5c5b #5 type=home I=com.android.launcher/.Launcher}
03-03 02:33:16.401  3822  5334 D OplusSplitScreenManagerService: com.android.settings unSupportsSplitScreen by blockList or ForbidActivityList
03-03 02:33:16.401  3822  5334 D OplusSplitScreenManagerService: com.android.settings unSupportsSplitScreen by blockList or ForbidActivityList
03-03 02:33:16.401  3822  5334 D OplusSplitScreenManagerService: com.oplus.dialer unSupportsSplitScreen by blockList or ForbidActivityList
03-03 02:33:16.401  3822  5334 D ActivityTaskManager: after skip size:20,pre-Filtered:com.whatsapp # it.vfsfitvnm.vimusic.debug # com.microsoft.teams # com.google.android.youtube # com.oneplus.gallery # com.android.settings # com.google.android.googlequicksearchbox # com.android.vending # com.linkedin.android # com.oplus.dialer # com.flipkart.android # com.google.android.gm # com.oneplus.calculator # com.google.android.apps.maps # com.google.android.apps.photos # com.android.chrome # com.oneplus.note # com.phonepe.app # com.google.android.apps.messaging # com.microsoft.office.outlook # 
03-03 02:33:16.428 18856 18856 D ResourcesManagerExtImpl: applyConfigurationToAppResourcesLocked app.getDisplayId() return callback.displayId:0
03-03 02:33:16.433  3822  5267 V WindowManager: Relayout Window{20512d2 u0 com.whatsapp/com.whatsapp.home.ui.HomeActivity}: viewVisibility=0, oldvis=8, req=1240x2772 , apr = 0, vsysui=LAYOUT_FULLSCREEN, x=0, y=0
03-03 02:33:16.434  3822  5267 I WindowManager: Window{20512d2 u0 com.whatsapp/com.whatsapp.home.ui.HomeActivity} state from NO_SURFACE to DRAW_PENDING; reason: resetDrawState
03-03 02:33:16.436  3822  5267 D WindowManager: NFW_findFocusedWindowIfNeeded:Window{20512d2 u0 com.whatsapp/com.whatsapp.home.ui.HomeActivity} mCurrentFocus:null
03-03 02:33:16.436  3822  5267 D WindowManager: attachImeScreenshotOnTargetIfNeeded, mImeHiding = false, requestedVisibleTypes = -9
03-03 02:33:16.437  3822  5267 V WindowManager: Changing focus from null to Window{20512d2 u0 com.whatsapp/com.whatsapp.home.ui.HomeActivity},diplayid=0
03-03 02:33:16.439 18856 18856 D VRI[HomeActivity]: relayoutWindow result, sizeChanged:false, surfaceControlChanged:true, transformHintChanged:false, mSurfaceSize:Point(1240, 2772), mLastSurfaceSize:Point(1240, 2772), mWidth:1240, mHeight:2772, requestedWidth:1240, requestedHeight:2772, transformHint:0, installOrientation:0, displayRotation:0, isSurfaceValid:true, attr.flag:-2122252032, tmpFrames:ClientWindowFrames{frame=[0,0][1240,2772] display=[0,0][1240,2772] parentFrame=[0,0][0,0]}, relayoutAsync:false, mSyncSeqId:0
03-03 02:33:16.439 18856 18856 W VRI[HomeActivity]: updateBlastSurfaceIfNeeded, surfaceSize:Point(1240, 2772), lastSurfaceSize:Point(1240, 2772), format:-2, blastBufferQueue:null
03-03 02:33:16.557  3822  5334 I WindowManager: Window{20512d2 u0 com.whatsapp/com.whatsapp.home.ui.HomeActivity} state from DRAW_PENDING to COMMIT_DRAW_PENDING; reason: finishDrawingLocked
03-03 02:33:16.558  3822  3933 I WindowManager: Window{20512d2 u0 com.whatsapp/com.whatsapp.home.ui.HomeActivity} state from COMMIT_DRAW_PENDING to READY_TO_SHOW; reason: commitFinishDrawingLocked
03-03 02:33:16.558  3822  3933 D CoreBackPreview:  return markWindowHasDrawn mComposed: false  mWaitTransition: false
03-03 02:33:16.558  3822  3933 D ActivityTaskManager: Clearing startingData for activity=ActivityRecord{234137887 u0 com.whatsapp/.home.ui.HomeActivity t28697} mStartingData=null mStartingSurface=null
03-03 02:33:16.559  3822  3933 D QuickBackInputPolicy: setAppLaunchEndTime update timePair=Pair{ActivityRecord{234137887 u0 com.whatsapp/.home.ui.HomeActivity t28697} 90864585}
03-03 02:33:16.560  3822  3933 I WindowManager: Window{20512d2 u0 com.whatsapp/com.whatsapp.home.ui.HomeActivity} state from READY_TO_SHOW to HAS_DRAWN; reason: performShowLocked
03-03 02:33:16.560  3822  5267 D OplusStartingWindowManager: isLayerMatchToStartingWindow error, mStartingRecords empty or inValid layerName:com.whatsapp/com.whatsapp.home.ui.HomeActivity#52016
03-03 02:33:16.567  3822  3933 D CoreBackPreview:  return markWindowHasDrawn mComposed: false  mWaitTransition: false
03-03 02:33:16.593  3822  4762 D InputMethodManagerService: isSecurity: attribute.packageName = com.whatsapp mCurMethodId = com.google.android.inputmethod.latin/com.android.inputmethod.latin.LatinIME isSecurity = false ( enable = false needShow = false inBlackList = false isExist = true )
03-03 02:33:16.596  3822  4010 I UserAwareMgr: fg app status not changed, beforeVisible: true, currentVisible: true
03-03 02:33:16.596  3822  5333 V AutofillInlineSuggestionsRequestSession: onInputMethodFinishInput() received
03-03 02:33:16.601  3822  5267 D WindowManager: setFrameRateStart invalid typeId return!
03-03 02:33:16.602  3822  5333 W PackageConfigPersister: App-specific configuration not found for packageName: com.whatsapp and userId: 0
03-03 02:33:16.605  3822  4956 V AutofillInlineSuggestionsRequestSession: onInputMethodStartInput() received on 0
03-03 02:33:16.659  3822  4994 D JobSchedulerServiceExtImpl: updateOsenseRestrictMode for 1 false false
03-03 02:33:16.671  3822  4721 V AlarmManager: sending alarm Alarm{a53310b type 1 origWhen 1772485396670 whenElapsed 202019941 android} uid 1000 whenElapsed 202019941 windowLength 0 maxWhenElapsed 202019941 repeatInterval 0 action null component null tag StorgaeBandInfoAlarmTag flags 0x9 procName system_server
03-03 02:33:16.819  3822  4956 D QuickBackInputPolicy: setInterceptInputKeyStatus, enable=false, enableFlag=1, inputCallback=android.window.IRemoteTransitionInputCallback$Stub$Proxy@760f08c
03-03 02:33:16.820  5545  5606 V WindowManagerShell: Transition animation finished (aborted=false), notifying core (#5158) android.os.BinderProxy@7501f31@0
03-03 02:33:16.820  5545  5606 D SplitScreen-->AppLockManager: setStartFromSafeControl mStartFromSafeControl=false
03-03 02:33:16.821  3822  4045 E BluetoothPowerStatsCollector: Cannot acquire BluetoothActivityEnergyInfo
03-03 02:33:16.821  3822  4045 E BluetoothPowerStatsCollector: java.util.concurrent.ExecutionException: java.lang.RuntimeException: error: 11
03-03 02:33:16.821  3822  4045 E BluetoothPowerStatsCollector: 	at java.util.concurrent.CompletableFuture.reportGet(CompletableFuture.java:372)
03-03 02:33:16.821  3822  4045 E BluetoothPowerStatsCollector: 	at java.util.concurrent.CompletableFuture.get(CompletableFuture.java:2072)
03-03 02:33:16.821  3822  4045 E BluetoothPowerStatsCollector: 	at com.android.server.power.stats.BluetoothPowerStatsCollector.collectBluetoothActivityInfo(BluetoothPowerStatsCollector.java:192)
03-03 02:33:16.821  3822  4045 E BluetoothPowerStatsCollector: 	at com.android.server.power.stats.BluetoothPowerStatsCollector.collectStats(BluetoothPowerStatsCollector.java:155)
03-03 02:33:16.821  3822  4045 E BluetoothPowerStatsCollector: 	at com.android.server.power.stats.PowerStatsCollector.collectAndDeliverStats(PowerStatsCollector.java:176)
03-03 02:33:16.821  3822  4045 E BluetoothPowerStatsCollector: 	at com.android.server.power.stats.PowerStatsCollector$$ExternalSyntheticLambda0.run(D8$$SyntheticClass:0)
03-03 02:33:16.821  3822  4045 E BluetoothPowerStatsCollector: 	at android.os.Handler.handleCallback(Handler.java:1027)
03-03 02:33:16.821  3822  4045 E BluetoothPowerStatsCollector: 	at android.os.Handler.dispatchMessage(Handler.java:108)
03-03 02:33:16.821  3822  4045 E BluetoothPowerStatsCollector: 	at android.os.Looper.loopOnce(Looper.java:298)
03-03 02:33:16.821  3822  4045 E BluetoothPowerStatsCollector: 	at android.os.Looper.loop(Looper.java:408)
03-03 02:33:16.821  3822  4045 E BluetoothPowerStatsCollector: 	at android.os.HandlerThread.run(HandlerThread.java:85)
03-03 02:33:16.821  3822  4045 E BluetoothPowerStatsCollector: Caused by: java.lang.RuntimeException: error: 11
03-03 02:33:16.821  3822  4045 E BluetoothPowerStatsCollector: 	at com.android.server.power.stats.BluetoothPowerStatsCollector$1.onBluetoothActivityEnergyInfoError(BluetoothPowerStatsCollector.java:181)
03-03 02:33:16.821  3822  4045 E BluetoothPowerStatsCollector: 	at android.bluetooth.BluetoothAdapter$OnBluetoothActivityEnergyInfoProxy.lambda$onBluetoothActivityEnergyInfoAvailable$0(BluetoothAdapter.java:1072)
03-03 02:33:16.821  3822  4045 E BluetoothPowerStatsCollector: 	at android.bluetooth.BluetoothAdapter$OnBluetoothActivityEnergyInfoProxy$$ExternalSyntheticLambda1.run(D8$$SyntheticClass:0)
03-03 02:33:16.821  3822  4045 E BluetoothPowerStatsCollector: 	at com.android.server.SystemServerInitThreadPool$$ExternalSyntheticLambda0.execute(D8$$SyntheticClass:0)
03-03 02:33:16.821  3822  4045 E BluetoothPowerStatsCollector: 	at android.bluetooth.BluetoothAdapter$OnBluetoothActivityEnergyInfoProxy.onBluetoothActivityEnergyInfoAvailable(BluetoothAdapter.java:1070)
03-03 02:33:16.821  3822  4045 E BluetoothPowerStatsCollector: 	at android.bluetooth.IBluetoothActivityEnergyInfoListener$Stub.onTransact(IBluetoothActivityEnergyInfoListener.java:98)
03-03 02:33:16.821  3822  4045 E BluetoothPowerStatsCollector: 	at android.os.Binder.execTransactInternal(Binder.java:1444)
03-03 02:33:16.821  3822  4045 E BluetoothPowerStatsCollector: 	at android.os.Binder.execTransact(Binder.java:1378)
03-03 02:33:16.821  3822  5267 D Transition: finishTransition ar ActivityRecord{77230470 u0 com.android.launcher/.Launcher t5}, isVisibleRequested=false, state=PAUSED, visibleAtTransitionEndTokens={WallpaperWindowToken{c0e66a1 showWhenLocked=true}, ActivityRecord{234137887 u0 com.whatsapp/.home.ui.HomeActivity t28697}}, this=TransitionRecord{3090fa7 id=5158 track=0 type=OPEN flags=0x0 state=2 c=[
03-03 02:33:16.821  3822  5267 D Transition:    ChangeInfo{fcabc54 container=Task{2d5e9a #1 type=home} flags=0x10}
03-03 02:33:16.821  3822  5267 D Transition:    ChangeInfo{babf7fd container=ActivityRecord{13836098 u0 com.whatsapp/.Main t-1} flags=0x0}
03-03 02:33:16.821  3822  5267 D Transition:    ChangeInfo{875dcf2 container=ActivityRecord{77230470 u0 com.android.launcher/.Launcher t5} flags=0x0}
03-03 02:33:16.821  3822  5267 D Transition:    ChangeInfo{8acff43 container=Task{63d5c5b #5 type=home I=com.android.launcher/.Launcher} flags=0x10}
03-03 02:33:16.821  3822  5267 D Transition:    ChangeInfo{84149c0 container=Display{#0 state=ON size=1240x2772 ROTATION_0} flags=0x0}
03-03 02:33:16.821  3822  5267 D Transition:    ChangeInfo{2c516f9 container=Task{abd8368 #28697 type=standard A=10326:com.whatsapp} flags=0x30}
03-03 02:33:16.821  3822  5267 D Transition:    ChangeInfo{880d63e container=WallpaperWindowToken{c0e66a1 showWhenLocked=true} flags=0x0}
03-03 02:33:16.821  3822  5267 D Transition:    ChangeInfo{2164c9f container=ActivityRecord{234137887 u0 com.whatsapp/.home.ui.HomeActivity t28697} flags=0x0}
03-03 02:33:16.821  3822  5267 D Transition:    ChangeInfo{d141ec container=DefaultTaskDisplayArea@238526314 flags=0x0}
03-03 02:33:16.821  3822  5267 D Transition: ]
03-03 02:33:16.821  3822  5267 D Transition: }
03-03 02:33:16.821  3822  5267 D ActivityTaskManager: commitVisibility: ActivityRecord{77230470 u0 com.android.launcher/.Launcher t5}: visible=false visibleRequested=false, isInTransition=false 
03-03 02:33:16.821  3822  5267 D WindowManager: NFW_setClientVisible:ActivityRecord{77230470 u0 com.android.launcher/.Launcher t5} clientVisible:false
