03-03 02:33:18.359  3822  3930 D ActivityManager: Too many transaction errors, throttling freezer binder callback.
03-03 02:33:18.360  3822  4010 I UserAwareMgr: process killed: {pkgName='com.google.android.googlequicksearchbox', serviceName='', procName=com.google.android.googlequicksearchbox:search, pid=22600, uid=10126, appId=0, owner='null', flags='associated', renderTid=0, hwuiTids=null, glTids=null, threadInfos=null, mVideoActivityList=[], mStates=0}
03-03 02:33:18.360  3822  4010 I UserAwareMgr: handleProcessKilled, pkgName: com.google.android.googlequicksearchbox, pid: 22600
03-03 02:33:18.388  3822  3858 I ActivityManager: Death received, pid = 22603, processName = com.oneplus.deskclock:clockWidget for thread android.os.BinderProxy@8c9a101
03-03 02:33:18.389  3822  5392 I ActivityManager: Process com.oneplus.deskclock:clockWidget (pid 22603) has died: cch+5 CEM 
03-03 02:33:18.392  3822  3930 W ActivityManager: pid 3822 system sent binder code 4 with flags 1 to frozen apps and got error -32
03-03 02:33:18.392  3822  3930 D ActivityManager: Too many transaction errors, throttling freezer binder callback.
03-03 02:33:18.393  3822  4562 I ActivityManager: Death received, pid = 22046, processName = com.oplus.cosa for thread android.os.BinderProxy@6b9673a
03-03 02:33:18.395  3822  8593 I ActivityManager: Process com.oplus.cosa (pid 22046) has died: svcb SVC 
03-03 02:33:18.396  3822  4564 I ActivityManager: Death received, pid = 8699, processName = com.facebook.services for thread android.os.BinderProxy@acda96e
03-03 02:33:18.410  3822  4010 I QosScheduler[QoSPolicy]: setSceneQoS begin:false sceneId:5
03-03 02:33:18.412  3822  5354 I ActivityManager: Death received, pid = 22113, processName = com.qualcomm.qti.workloadclassifier for thread android.os.BinderProxy@d3cb077
03-03 02:33:18.416  3822  5392 I ActivityManager: Process com.facebook.services (pid 8699) has died: svcb SVC 
03-03 02:33:18.424  3822  8593 I ActivityManager: Process com.qualcomm.qti.workloadclassifier (pid 22113) has died: svcb SVC 
03-03 02:33:18.427  3822  8593 D CompatChangeReporter: Compat change id reported: 311208629; UID 10240; state: ENABLED
03-03 02:33:18.459  3822  4957 I WindowManager: WIN DEATH: Window{ad08ecc u0 com.oneplus.gallery/com.coloros.gallery3d.app.MainActivity}
03-03 02:33:18.459  3822  4957 D SnapshotCache: removeRunningEntry id: 28625, callers=com.android.server.wm.SnapshotCache.onAppDied:101 com.android.server.wm.AbsAppSnapshotController.onAppDied:762 com.android.server.wm.SnapshotController.onAppDied:102 
03-03 02:33:18.460  3822  5368 I ActivityManager: Death received, pid = 4700, processName = com.oneplus.gallery for thread android.os.BinderProxy@b07a226
03-03 02:33:18.461  3822  5368 W ActivityManager: pid 23844 com.google.android.apps.photos sent binder code 2 with flags 1 to frozen apps and got error -32
03-03 02:33:18.461  3822  5368 D ActivityManager: Too many transaction errors, throttling freezer binder callback.
03-03 02:33:18.462  3822  4957 D WindowManager: NFW_findFocusedWindowIfNeeded:Window{20512d2 u0 com.whatsapp/com.whatsapp.home.ui.HomeActivity} mCurrentFocus:Window{20512d2 u0 com.whatsapp/com.whatsapp.home.ui.HomeActivity}
03-03 02:33:18.463  3822  5392 I ActivityManager: Process com.oneplus.gallery (pid 4700) has died: cch+20 CAC 
03-03 02:33:18.474  3822  4010 I UserAwareMgr: process killed: {pkgName='com.oneplus.gallery', serviceName='', procName=com.oneplus.gallery, pid=4700, uid=10260, appId=0, owner='null', flags='bg|system_app', renderTid=4828, hwuiTids=[4925, 4935], glTids=null, threadInfos={GalleryPreloadThread={threadName='GalleryPreloadThread', tid=4782, currentThreadCount=1, maxThreadCount=1, extendTids=null}}, mVideoActivityList=[], mStates=0}
03-03 02:33:18.474  3822  4010 I UserAwareMgr: handleProcessKilled, pkgName: com.oneplus.gallery, pid: 4700
03-03 02:33:18.475  3822  4590 W UsageStatsService: Unexpected activity event reported! (com.oneplus.gallery/com.coloros.gallery3d.app.MainActivity event : 23 instanceId : 123251579)
03-03 02:33:18.675  3822  4721 V AlarmManager: sending alarm Alarm{59989db type 1 origWhen 1772485398675 whenElapsed 202021945 android} uid 1000 whenElapsed 202021945 windowLength 0 maxWhenElapsed 202021945 repeatInterval 0 action null component null tag StorgaeBandInfoAlarmTag flags 0x9 procName system_server
03-03 02:33:18.861  3822  4063 D PowerManagerService: userActivityNoUpdateLocked: groupId=0, eventTime=90866879, event=touch, flags=0x0, uid=1000
03-03 02:33:18.875  3822  4957 I VibratorManagerServiceExtImpl: vibrate is uid=10274, pid=0, opPkg=com.google.android.inputmethod.latin, effect=Mono{mEffect=Composed{segments=[OplusVibrationEffectSegment{mEffectId=1, mEffectStrength=-1, mRingtonePath=''}], repeat=-1}}, attributes=VibrationAttributes{mUsage=IME, mAudioUsage= USAGE_UNKNOWN, mFlags=0}, reason=performHapticFeedback(constant=3): ViewRootImpl#performHapticFeedback, token=189773242
03-03 02:33:18.879  3822  4718 W VibrationScaler: Got unexpected vibration intensity: 2100
03-03 02:33:18.879  3822  4718 D VibrationThread: Perform OplusPrebakedSegment{mWaveformId=111, mDuration=36, mEffectStrength=2100, mDefaultUsage=TOUCH} on vibrator 0
03-03 02:33:18.890  3822  3930 D OplusPanoramaWorkBranchController: notifyMotionUpOrCancel
03-03 02:33:18.919  3822  4957 V AutofillSession: updateLocked(1073742254@1610891753): id=1610891753, action=VALUE_CHANGED, flags=128, mCurrentViewId=1073742254@1610891753, mExpiredResponse=false, viewState=ViewState: [id=1073742254@1610891753, state:STARTED_SESSION|TRIGGERED_AUGMENTED_AUTOFILL, currentValue:[type=1, value=1_chars]]
03-03 02:33:18.919  3822  4957 W PresentationStatsEventLogger: Bad view state for: -1, state: ViewState: [id=1073742254@1610891753, state:STARTED_SESSION|TRIGGERED_AUGMENTED_AUTOFILL, currentValue:[type=1, value=2_chars]]
03-03 02:33:18.919  3822  4957 D AutofillInlineSuggestionsRequestSession: onInlineSuggestionsResponseLocked called for:1073742254@1610891753
03-03 02:33:18.919  3822  4957 V AutofillInlineSuggestionsRequestSession: maybeUpdateResponseToImeLocked called
03-03 02:33:19.268  3822  4063 D PowerManagerService: userActivityNoUpdateLocked: groupId=0, eventTime=90867288, event=touch, flags=0x0, uid=1000
03-03 02:33:19.269  3822  3858 I VibratorManagerServiceExtImpl: vibrate is uid=10274, pid=0, opPkg=com.google.android.inputmethod.latin, effect=Mono{mEffect=Composed{segments=[OplusVibrationEffectSegment{mEffectId=1, mEffectStrength=-1, mRingtonePath=''}], repeat=-1}}, attributes=VibrationAttributes{mUsage=IME, mAudioUsage= USAGE_UNKNOWN, mFlags=0}, reason=performHapticFeedback(constant=3): ViewRootImpl#performHapticFeedback, token=189773242
03-03 02:33:19.270  3822  4718 W VibrationScaler: Got unexpected vibration intensity: 2100
03-03 02:33:19.270  3822  4718 D VibrationThread: Perform OplusPrebakedSegment{mWaveformId=111, mDuration=36, mEffectStrength=2100, mDefaultUsage=TOUCH} on vibrator 0
03-03 02:33:19.356  3822  3930 D OplusPanoramaWorkBranchController: notifyMotionUpOrCancel
03-03 02:33:19.369  3822  3858 V AutofillSession: updateLocked(1073742254@1610891753): id=1610891753, action=VALUE_CHANGED, flags=128, mCurrentViewId=1073742254@1610891753, mExpiredResponse=false, viewState=ViewState: [id=1073742254@1610891753, state:CHANGED|STARTED_SESSION|TRIGGERED_AUGMENTED_AUTOFILL, currentValue:[type=1, value=2_chars]]
03-03 02:33:19.369  3822  3858 W PresentationStatsEventLogger: Bad view state for: -1, state: ViewState: [id=1073742254@1610891753, state:CHANGED|STARTED_SESSION|TRIGGERED_AUGMENTED_AUTOFILL, currentValue:[type=1, value=3_chars]]
03-03 02:33:19.369  3822  3858 D AutofillInlineSuggestionsRequestSession: onInlineSuggestionsResponseLocked called for:1073742254@1610891753
03-03 02:33:19.369  3822  3858 V AutofillInlineSuggestionsRequestSession: maybeUpdateResponseToImeLocked called
03-03 02:33:19.550  3822  3858 D CompatChangeReporter: Compat change id reported: 297989574; UID 1000; state: ENABLED
03-03 02:33:19.635  3822  4063 D PowerManagerService: userActivityNoUpdateLocked: groupId=0, eventTime=90867656, event=touch, flags=0x0, uid=1000
03-03 02:33:19.640  3822  5368 I VibratorManagerServiceExtImpl: vibrate is uid=10274, pid=0, opPkg=com.google.android.inputmethod.latin, effect=Mono{mEffect=Composed{segments=[OplusVibrationEffectSegment{mEffectId=1, mEffectStrength=-1, mRingtonePath=''}], repeat=-1}}, attributes=VibrationAttributes{mUsage=IME, mAudioUsage= USAGE_UNKNOWN, mFlags=0}, reason=performHapticFeedback(constant=3): ViewRootImpl#performHapticFeedback, token=189773242
03-03 02:33:19.645  3822  4718 W VibrationScaler: Got unexpected vibration intensity: 2100
03-03 02:33:19.646  3822  4718 D VibrationThread: Perform OplusPrebakedSegment{mWaveformId=111, mDuration=36, mEffectStrength=2100, mDefaultUsage=TOUCH} on vibrator 0
03-03 02:33:19.667  3822  3930 D OplusPanoramaWorkBranchController: notifyMotionUpOrCancel
03-03 02:33:19.674  3822  3858 V AutofillSession: updateLocked(1073742254@1610891753): id=1610891753, action=VALUE_CHANGED, flags=128, mCurrentViewId=1073742254@1610891753, mExpiredResponse=false, viewState=ViewState: [id=1073742254@1610891753, state:CHANGED|STARTED_SESSION|TRIGGERED_AUGMENTED_AUTOFILL, currentValue:[type=1, value=3_chars]]
03-03 02:33:19.674  3822  3858 W PresentationStatsEventLogger: Bad view state for: -1, state: ViewState: [id=1073742254@1610891753, state:CHANGED|STARTED_SESSION|TRIGGERED_AUGMENTED_AUTOFILL, currentValue:[type=1, value=4_chars]]
03-03 02:33:19.674  3822  3858 D AutofillInlineSuggestionsRequestSession: onInlineSuggestionsResponseLocked called for:1073742254@1610891753
03-03 02:33:19.674  3822  3858 V AutofillInlineSuggestionsRequestSession: maybeUpdateResponseToImeLocked called
03-03 02:33:19.991  3822  4715 D ActivityManager: freezing 24496 com.heytap.mcs.appservice
03-03 02:33:20.236  3822  4063 D PowerManagerService: userActivityNoUpdateLocked: groupId=0, eventTime=90868257, event=touch, flags=0x0, uid=1000
03-03 02:33:20.307  3822  3930 D OplusPanoramaWorkBranchController: notifyMotionUpOrCancel
03-03 02:33:20.316  3822  5322 V AutofillSession: updateLocked(1073742254@1610891753): id=1610891753, action=VIEW_EXITED, flags=0, mCurrentViewId=1073742254@1610891753, mExpiredResponse=false, viewState=ViewState: [id=1073742254@1610891753, state:CHANGED|STARTED_SESSION|TRIGGERED_AUGMENTED_AUTOFILL, currentValue:[type=1, value=4_chars]]
03-03 02:33:20.316  3822  5322 V AutofillSession: Exiting view 1073742254@1610891753
03-03 02:33:20.316  3822  5322 V AutofillSession: cancelAugmentedAutofillLocked() on 1073742254@1610891753
03-03 02:33:20.317 18856 18856 D InsetsController: Setting requestedVisibleTypes to -9 (was -1)
03-03 02:33:20.317  3822  5322 D CoreBackPreview: Window{20512d2 u0 com.whatsapp/com.whatsapp.home.ui.HomeActivity}: Setting back callback OnBackInvokedCallbackInfo{mCallback=android.window.IOnBackInvokedCallback$Stub$Proxy@771a84d, mPriority=0, mIsAnimationCallback=false, mOverrideBehavior=0}
03-03 02:33:20.324  3822  5483 D WindowManager: setFrameRateStart invalid typeId return!
03-03 02:33:20.325  3822  5483 I TaskOrganizerController: onTaskInfoChanged taskid 28697 config { mBounds=Rect(0, 0 - 1240, 2772) mAppBounds=Rect(0, 0 - 1240, 2772) mMaxBounds=Rect(0, 0 - 1240, 2772) mDisplayRotation=ROTATION_0 mWindowingMode=fullscreen mActivityType=standard mAlwaysOnTop=undefined mRotation=ROTATION_0}
03-03 02:33:20.325  3822  5483 D OplusFlexibleDragToSplitAnimController: visibleFlexibleTaskInfos delete:28697
03-03 02:33:20.325  3822  5483 E FlexibleWindowManagerService: notifyTaskObserverToAttachController not need to notify!
03-03 02:33:20.325  3822  5483 I FlexibleWindowManagerService: onFlexibleWindowTaskInfoChanged, return for cur task not embedded
03-03 02:33:20.329  5545  5545 W VRI[StatusBar]: handleResized abandoned!
03-03 02:33:20.330  5545  5545 W VRI[NavigationBar_displayId_0]: handleResized abandoned!
03-03 02:33:20.330  5787  5787 W VRI[HideNavHandle]: handleResized abandoned!
03-03 02:33:20.330  5545  5606 D WindowManagerShell: onKeepClearAreasChanged: restricted={}, unrestricted={}
03-03 02:33:20.331  9470  9470 W VRI[OplusOSEdgeFloatBar]: handleResized abandoned!
03-03 02:33:20.333  3822  5483 D WindowManager: NFW_setClientVisible:ActivityRecord{105529021 u0 com.whatsapp/.Conversation clientVisible:true
03-03 02:33:20.334  3822  5483 D FlexibleTaskController: isSupportFlexibleWindow target = com.whatsapp/.Conversation callPkg = FlexibleTaskController support = true ,caller = 3822
03-03 02:33:20.335  3822  5483 D ActivityStarterExtImpl: checkOpMode: 0
03-03 02:33:20.335  3822  4010 W QosScheduler: getScenario failed! scenarios is null, mask=2
03-03 02:33:20.335  3822  4010 W QosScheduler: executeSceneQosStrategy get scenario failed! scenario is null
03-03 02:33:20.336  3822  5483 D FlexibleWindowManagerService: isIgnoreAppearedAcrossTask:false
03-03 02:33:20.336  3822  5483 D ActivityStarterExtImpl: setForceUpdateWindow, targetTask = Task{abd8368 #28697 type=standard A=10326:com.whatsapp} r = ActivityRecord{105529021 u0 com.whatsapp/.Conversation t-1} notFinish =false
03-03 02:33:20.336  3822  5483 D FlexibleWindowManagerService: isIgnoreAppearedAcrossTask:false
03-03 02:33:20.336  3822  5483 D FlexibleTaskController: adjustOptionsForFlexibleTask skip adjust options reason:4
03-03 02:33:20.336  3822  5483 I InsensibleTaskController: adjustOptionsForInsensibleTask targetTask is resuse so not pureInsensibleOptions
03-03 02:33:20.336  3822  5483 I TaskFragmentExtImpl: reset pause in recents anim for mTaskFragment: Task{abd8368 #28697 type=standard A=10326:com.whatsapp}
03-03 02:33:20.337  3822  5483 D FlexibleTaskController: isSupportFlexibleWindow target = com.whatsapp/.Conversation callPkg = FlexibleTaskController support = true ,caller = 3822
03-03 02:33:20.337  3822  5483 D FlexibleTaskController: shouldKeepFlexibleTask flexibleTask not active.
03-03 02:33:20.337  3822  5483 D ActivityStarterExtImpl: isLaunchingRootActivity = false
03-03 02:33:20.337  3822  5483 D ActivityStarterExtImpl: resume targetTask isVisibleRequested is true or in SkipCheckedList, need resume:targetTask=Task{abd8368 #28697 type=standard A=10326:com.whatsapp}
03-03 02:33:20.339  3822  5483 D SecondaryPageStartupPolicy: checkSecondaryPageStartupStatus not support sourcePackage=com.whatsapp
03-03 02:33:20.339  3822  5483 D OplusStartingWindowManager: we don't revise window flags for third app
03-03 02:33:20.339  3822  5483 D ActivityTaskManager: validateStartingWindowTheme:  Pkg=com.whatsapp, Translucent=false, Floating=false, ShowWallpaper=false, Disable=false, LaunchSource=4, Prev=null, LaunchedFromPackage=com.whatsapp
03-03 02:33:20.339  3822  5483 D ActivityTaskManager: addStartingWindow for ActivityRecord{105529021 u0 com.whatsapp/.Conversation t28697}, mainWin=null, state=INITIALIZING, isKeyguardLocked=false, isKeyguardGoingAway=false
03-03 02:33:20.339  3822  5483 D ActivityTaskManager: getStartingWindowType: , newTask=false, taskSwitch=false, processRunning=true, allowTaskSnapshot=true, activityCreated=false, activityAllDrawn=false, snapshot exist: false
03-03 02:33:20.339  3822  5483 D ActivityRecordExtImpl: handleStartingWindowForCompactWindow origin type:0, adjustType : 0
03-03 02:33:20.340  3822  5483 D OplusDexSceneManager:  High temp 380 with highTemperatureThreshold 380 pkg:com.whatsapp reason: extra-second-dex
03-03 02:33:20.340  3822  5483 D OplusWindowAnimationManager: applyNoAnimationForResumed resumed: ActivityRecord{234137887 u0 com.whatsapp/.home.ui.HomeActivity t28697}
03-03 02:33:20.343  5545  5606 V WindowManagerShell: Transition requested (#5159): android.os.BinderProxy@c99ff08 TransitionRequestInfo { type = OPEN, triggerTask = TaskInfo{userId=0 taskId=28697 effectiveUid=10326 displayId=0 isRunning=true baseIntent=Intent { act=android.intent.action.MAIN cat=[android.intent.category.LAUNCHER] flg=0x10200000 cmp=com.whatsapp/.Main mCallingUid=10205 } baseActivity=ComponentInfo{com.whatsapp/com.whatsapp.home.ui.HomeActivity} topActivity=ComponentInfo{com.whatsapp/com.whatsapp.Conversation} origActivity=null realActivity=ComponentInfo{com.whatsapp/com.whatsapp.Main}
03-03 02:33:20.343  5545  5606 V WindowManagerShell:  numActivities=2 lastActiveTime=202023611 supportsSplitScreenMultiWindow=true supportsMultiWindow=true supportsPocketStudioMultiWindow=true isInFlexibleEmbedded = false uid = 10326 pid = 0 resizeMode=1 isResizeable=true minWidth=-1 minHeight=-1 defaultMinSize=220 token=WCT{android.window.IWindowContainerToken$Stub$Proxy@17636a1} topActivityType=1 pictureInPictureParams=null shouldDockBigOverlays=false launchIntoPipHostTaskId=-1 lastParentTaskIdBeforePip=-1 displayCutoutSafeInsets=Rect(0, 0 - 0, 0)
03-03 02:33:20.343  5545  5606 V WindowManagerShell:  topActivityInfo=ActivityInfo{58080c6 com.whatsapp.Conversation} launchCookies=[android.os.BinderProxy@47f3184] positionInParent=Point(0, 0) parentTaskId=-1 isFocused=true isVisible=true isVisibleRequested=true isTopActivityNoDisplay=false isSleeping=false locusId=null displayAreaFeatureId=1 isTopActivityTransparent=false isActivityStackTransparent=false lastNonFullscreenBounds=Rect(329, 835 - 912, 2075) capturedLink=null capturedLinkTimestamp=0 requestedVisibleTypes=-9 topActivityRequestOpenInBrowserEducationTimestamp=0
03-03 02:33:20.343  5545  5606 V WindowManagerShell:  appCompatTaskInfo=AppCompatTaskInfo { topActivityInSizeCompat=false topActivityInOplusCompatMode=false eligibleForLetterboxEducation= false isLetterboxEducationEnabled= false isLetterboxDoubleTapEnabled= false eligibleForUserAspectRatioButton= false topActivityBoundsLetterboxed= false isFromLetterboxDoubleTap= false topActivityLetterboxVerticalPosition= -1 topActivityLetterboxHorizontalPosition= -1 topActivityLetterboxWidth=-1 topActivityLetterboxHeight=-1 topActivityAppBounds=Rect(0, 0 - 1240, 2772) isUserFullscreenOverrideEnabled=false isSystemFullscreenOverrideEnabled=false hasMinAspectRatioOverride=false topActivityLetterboxBounds=null cameraCompatTaskInfo=CameraCompatTaskInfo { freeformCameraCompatMode=inactive}} topActivityMainWindowFrame=null topActivityLetterboxInsets=Rect(0, 0 - 0, 0)
03-03 02:33:20.343  5545  5606 V WindowManagerShell:  mOplusExtraBundle = Bundle[mParcelledData.dataSize=1528]}, pipChange = null, remoteTransition = null, displayChange = null, flags = 0, debugId = 5159 }
03-03 02:33:20.343  3822  5483 I ActivityTaskManager: START u0 {flg=0x14000000 xflg=0x4 cmp=com.whatsapp/.Conversation (has extras) mCallingUid=10326} with LAUNCH_MULTIPLE from uid 10326 (sr=234137887) (BAL_ALLOW_VISIBLE_WINDOW (callingUid has visible window)) result code=0
03-03 02:33:20.343  5545  5606 D ShellSplitScreen: logExit: no-op, mLoggerSessionId is null
03-03 02:33:20.344  3822  3933 I TaskOrganizerController: onTaskInfoChanged taskid 28697 config { mBounds=Rect(0, 0 - 1240, 2772) mAppBounds=Rect(0, 0 - 1240, 2772) mMaxBounds=Rect(0, 0 - 1240, 2772) mDisplayRotation=ROTATION_0 mWindowingMode=fullscreen mActivityType=standard mAlwaysOnTop=undefined mRotation=ROTATION_0}
03-03 02:33:20.345  3822  3933 D OplusFlexibleDragToSplitAnimController: visibleFlexibleTaskInfos delete:28697
03-03 02:33:20.345  3822  3933 E FlexibleWindowManagerService: notifyTaskObserverToAttachController not need to notify!
03-03 02:33:20.345  3822  3933 I FlexibleWindowManagerService: onFlexibleWindowTaskInfoChanged, return for cur task not embedded
03-03 02:33:20.371 18856 18856 W VRI[HomeActivity]: handleResized abandoned!
03-03 02:33:20.371  3822  3932 V WindowStateExtImpl: notifyWindowStateChange input show
03-03 02:33:20.373  3822  5368 D OplusDexSceneManager:  High temp 380 with highTemperatureThreshold 380 pkg:com.whatsapp reason: extra-second-dex
03-03 02:33:20.373  3822  5368 D OplusDexSceneManager:  High temp 380 with highTemperatureThreshold 380 pkg:com.whatsapp reason: extra-second-dex
03-03 02:33:20.374  3822  5368 D RefreshRate: Trigger app switch boost, ar=ActivityRecord{105529021 u0 com.whatsapp/.Conversation t28697},currDisplayRate=90.0,boostId=1
03-03 02:33:20.374  3822  5368 D RefreshRate: setDisplayConfigSpecs complete: targetMode={id=3, width=1240, height=2772, fps=90.0, vsync=90.0, synthetic=false, alternativeRefreshRates=[60.000004, 120.00001], supportedHdrTypes=[2, 3, 4]},srcMode={id=3, width=1240, height=2772, fps=90.0, vsync=90.0, synthetic=false, alternativeRefreshRates=[60.000004, 120.00001], supportedHdrTypes=[2, 3, 4]},sfModId=2,rate=90.0
03-03 02:33:20.374  3822  5368 D RefreshRate: startAppSwitchBoost targetMode={id=3, width=1240, height=2772, fps=90.0, vsync=90.0, synthetic=false, alternativeRefreshRates=[60.000004, 120.00001], supportedHdrTypes=[2, 3, 4]} record=ActivityRecord{105529021 u0 com.whatsapp/.Conversation t28697}: votes=PRIORITY_START_ANIMATION_BOOST -> Vote{mRefreshRate=90.0, mMinRefreshRate=90.0, mRequestSource=null};PRIORITY_WINDOW_REQUEST -> Vote{mRefreshRate=90.0, mMinRefreshRate=90.0, mRequestSource=null};
03-03 02:33:20.374  3822  5368 I ActivityTaskManager: The Process com.whatsapp Already Exists in BG. So sending its PID: 18856
03-03 02:33:20.375  3822  5368 D ActivityTaskManager: setAppVisibility(Token{1de4f80 ActivityRecord{105529021 u0 com.whatsapp/.Conversation t28697}}, visible=true):  visible=false mVisibleRequested=false
03-03 02:33:20.375  3822  5368 D ActivityTaskManager: setVisibility(Token{1de4f80 ActivityRecord{105529021 u0 com.whatsapp/.Conversation t28697}}, visible=true) defer commitVisibility for transition collecting
03-03 02:33:20.375  3822  5368 D ActivityTaskManager: setAppVisibility(Token{5557eca ActivityRecord{234137887 u0 com.whatsapp/.home.ui.HomeActivity t28697}}, visible=false):  visible=true mVisibleRequested=true
03-03 02:33:20.376  3822  5368 D ActivityTaskManager: setVisibility(Token{5557eca ActivityRecord{234137887 u0 com.whatsapp/.home.ui.HomeActivity t28697}}, visible=false) defer commitVisibility for transition collecting
03-03 02:33:20.376  3822  4085 D RefreshRate: do setDisplayConfigSpecs  
03-03 02:33:20.376  3822  5368 D WindowManager: rotation(ROTATION_0) no changed  displayId = 0, lastOrientation = -1
03-03 02:33:20.376  3822  4085 D DisplayModeDirector: setAppRequest displayId : 0  modeId: 3  requestedRefreshRate: 90.0  requestedMinRefreshRateRange: 90.0  requestedMaxRefreshRateRange: 90.0
03-03 02:33:20.376  3822  5368 I TaskOrganizerController: onTaskInfoChanged taskid 28697 config { mBounds=Rect(0, 0 - 1240, 2772) mAppBounds=Rect(0, 0 - 1240, 2772) mMaxBounds=Rect(0, 0 - 1240, 2772) mDisplayRotation=ROTATION_0 mWindowingMode=fullscreen mActivityType=standard mAlwaysOnTop=undefined mRotation=ROTATION_0}
03-03 02:33:20.376  3822  4951 D BackgroundInstallControlService: Package event received: 0
03-03 02:33:20.377  3822  5368 D OplusVisibleTasks:  notifyTasksNumChange no need to notify.
03-03 02:33:20.377  3822  5368 D OplusFlexibleDragToSplitAnimController: visibleFlexibleTaskInfos delete:28697
03-03 02:33:20.377  3822  5368 E FlexibleWindowManagerService: notifyTaskObserverToAttachController not need to notify!
03-03 02:33:20.377  3822  5368 I FlexibleWindowManagerService: onFlexibleWindowTaskInfoChanged, return for cur task not embedded
03-03 02:33:20.377  3822  5368 D ActivityTaskManager: setAppVisibility(Token{1de4f80 ActivityRecord{105529021 u0 com.whatsapp/.Conversation t28697}}, visible=true):  visible=false mVisibleRequested=true
03-03 02:33:20.377  3822  5368 D ActivityTaskManager: setVisibility(Token{1de4f80 ActivityRecord{105529021 u0 com.whatsapp/.Conversation t28697}}, visible=true) defer commitVisibility for transition collecting
03-03 02:33:20.377  3822  5368 D OplusDexOptimizeManager: basepath == oldPackagePath! com.whatsapp
03-03 02:33:20.377  3822  5368 D OplusFeatureColorMode: ColorMode getColorMode =3
03-03 02:33:20.378  3822  5368 D ColorDisplayServiceExtImpl: getWCGVersion1App, packageName=com.whatsapp, sSupportWCG1 = true, sSupportWCG3 = false, nRet = 0
03-03 02:33:20.378  3822  5368 D ActivityTaskManager: NFW_setLastResumedActivityUncheckLocked:true r:ActivityRecord{105529021 u0 com.whatsapp/.Conversation t28697} currentFocus:Window{20512d2 u0 com.whatsapp/com.whatsapp.home.ui.HomeActivity}
03-03 02:33:20.378  3822  5368 D WindowManager: NFW_findFocusedWindowIfNeeded:null mCurrentFocus:Window{20512d2 u0 com.whatsapp/com.whatsapp.home.ui.HomeActivity}
03-03 02:33:20.379  3822  5368 V WindowManager: Changing focus from Window{20512d2 u0 com.whatsapp/com.whatsapp.home.ui.HomeActivity} to null,diplayid=0
03-03 02:33:20.380  3822  5898 D OplusAppSwitchRuleInfo: generateActivityEnterInfo - launch_source_type = launcherWorkspace , launch_source_traceid = 
03-03 02:33:20.381  3822  5368 D DisplayModeDirector: setAppRequest displayId : 0  modeId: 3  requestedRefreshRate: 0.0  requestedMinRefreshRateRange: 0.0  requestedMaxRefreshRateRange: 90.0
03-03 02:33:20.383  3822  3932 D FlexibleTaskController: not in list
03-03 02:33:20.384  3822  4951 D BackgroundInstallControlService: Package event received: 0
03-03 02:33:20.387 18856 18856 D ResourcesManagerExtImpl: applyConfigurationToAppResourcesLocked app.getDisplayId() return callback.displayId:0
03-03 02:33:20.401 18856 18856 D OplusPredictiveBackController: should not HookOnBackInvokedCallbackEnabled for application com.whatsapp.Conversation@1198545 hasOnBackInvokedCallBackEnabled
03-03 02:33:20.401 18856 18856 D OplusPredictiveBackController: should not HookOnBackInvokedCallbackEnabled for application com.whatsapp.Conversation@1198545 hasOnBackInvokedCallBackEnabled
03-03 02:33:20.480 18856 18856 D ActivityThread: ComponentInfo{com.whatsapp/com.whatsapp.Conversation} checkFinished=false 2
03-03 02:33:20.480 18856 18856 D ResourcesManagerExtImpl: applyConfigurationToAppResourcesLocked app.getDisplayId() return callback.displayId:0
03-03 02:33:20.490  3822  5322 I WindowManager: addWindow: New client android.os.BinderProxy@9728fdc : window=Window{dc478e5 u0 com.whatsapp/com.whatsapp.Conversation}
03-03 02:33:20.491 18856 18856 D ResourcesManagerExtImpl: applyConfigurationToAppResourcesLocked app.getDisplayId() return callback.displayId:0
03-03 02:33:20.501 18856 18856 D OplusPredictiveBackController: should not HookOnBackInvokedCallbackEnabled for application com.whatsapp.Conversation@1198545 hasOnBackInvokedCallBackEnabled
03-03 02:33:20.501 18856 18856 D OplusPredictiveBackController: should not HookOnBackInvokedCallbackEnabled for application com.whatsapp.Conversation@1198545 hasOnBackInvokedCallBackEnabled
03-03 02:33:20.501  3822  5483 D CoreBackPreview: Window{dc478e5 u0 com.whatsapp/com.whatsapp.Conversation}: Setting back callback OnBackInvokedCallbackInfo{mCallback=android.window.IOnBackInvokedCallback$Stub$Proxy@5156e6b, mPriority=0, mIsAnimationCallback=false, mOverrideBehavior=0}
03-03 02:33:20.505  3822  5483 V WindowManager: Relayout Window{dc478e5 u0 com.whatsapp/com.whatsapp.Conversation}: viewVisibility=0, oldvis=4, req=1240x2772 , apr = 0, vsysui=, x=0, y=0
03-03 02:33:20.505  3822  5483 I WindowManager: Window{dc478e5 u0 com.whatsapp/com.whatsapp.Conversation} state from NO_SURFACE to DRAW_PENDING; reason: resetDrawState
03-03 02:33:20.507  3822  5483 D WindowManager: NFW_findFocusedWindowIfNeeded:Window{dc478e5 u0 com.whatsapp/com.whatsapp.Conversation} mCurrentFocus:null
03-03 02:33:20.507  3822  5483 D WindowManager: attachImeScreenshotOnTargetIfNeeded, mImeHiding = false, requestedVisibleTypes = -9
03-03 02:33:20.507  3822  5483 V WindowManager: Changing focus from null to Window{dc478e5 u0 com.whatsapp/com.whatsapp.Conversation},diplayid=0
03-03 02:33:20.507  3822  5483 D WindowManager: setFrameRateStart invalid typeId return!
03-03 02:33:20.508  3822  5483 D WindowManager: setFrameRateStart invalid typeId return!
03-03 02:33:20.509 18856 18856 D VRI[Conversation]: relayoutWindow result, sizeChanged:true, surfaceControlChanged:true, transformHintChanged:false, mSurfaceSize:Point(1240, 2772), mLastSurfaceSize:Point(0, 0), mWidth:-1, mHeight:-1, requestedWidth:1240, requestedHeight:2772, transformHint:0, installOrientation:0, displayRotation:0, isSurfaceValid:true, attr.flag:-2122252032, tmpFrames:ClientWindowFrames{frame=[0,0][1240,2772] display=[0,0][1240,2772] parentFrame=[0,0][0,0]}, relayoutAsync:false, mSyncSeqId:0
03-03 02:33:20.509 18856 18856 W VRI[Conversation]: updateBlastSurfaceIfNeeded, surfaceSize:Point(1240, 2772), lastSurfaceSize:Point(0, 0), format:-1, blastBufferQueue:null
03-03 02:33:20.561  3822  5322 V AutofillManagerServiceImpl: startSession(): token=Token{1de4f80 ActivityRecord{105529021 u0 com.whatsapp/.Conversation t28697}}, flags=8, forAugmentedAutofillOnly=true
03-03 02:33:20.561  3822  5322 V AutofillSession: Primary service component name: ComponentInfo{com.google.android.gms/com.google.android.gms.autofill.service.AutofillService}, secondary service component name: ComponentInfo{com.android.credentialmanager/com.android.credentialmanager.autofill.CredentialAutofillService}
03-03 02:33:20.561  3822  5322 V SecondaryProviderHandler: Creating a secondary provider handler with component name, ComponentInfo{com.android.credentialmanager/com.android.credentialmanager.autofill.CredentialAutofillService}
03-03 02:33:20.561  3822  5322 V AutofillSession: updateLocked(1073741824@1473820177): id=1473820177, action=START_SESSION, flags=8, mCurrentViewId=null, mExpiredResponse=false, viewState=null
03-03 02:33:20.561  3822  5322 V AutofillSession: Creating viewState for 1073741824@1473820177
03-03 02:33:20.561  3822  5322 D PresentationStatsEventLogger: Started new PresentationStatsEvent
03-03 02:33:20.561  3822  5322 V AutofillManagerServiceImpl: pccEnabled: false
03-03 02:33:20.561  3822  5322 V AutofillSession: requestNewFillResponse(): triggering augmented autofill instead (mForAugmentedAutofillOnly=true, flags=8)
03-03 02:33:20.561  3822  5322 V FillRequestEventLogger: Log AutofillFillRequestReported: requestId=1 sessionId=1473820177 mAutofillServiceUid=-1 mInlineSuggestionHostUid=-1 mIsAugmented=true mIsClientSuggestionFallback=false mIsFillDialogEligible=false mRequestTriggerReason=4 mFlags=8 mLatencyFillRequestSentMillis=-1 mAppPackageUid=10326
03-03 02:33:20.562  3822  5322 V AutofillSession: calling Augmented Autofill Service (com.google.android.as/com.google.android.apps.miphone.aiai.app.AiAiAugmentedAutofillService) on view 1073741824@1473820177 using suggestion mode SYSTEM when server returned null for session 1473820177
03-03 02:33:20.562  3822  5322 V FillRequestEventLogger: Log AutofillFillRequestReported: requestId=1 sessionId=1473820177 mAutofillServiceUid=-1 mInlineSuggestionHostUid=-1 mIsAugmented=true mIsClientSuggestionFallback=false mIsFillDialogEligible=false mRequestTriggerReason=0 mFlags=8 mLatencyFillRequestSentMillis=-1 mAppPackageUid=10326
03-03 02:33:20.562  3822  5322 D AutofillSession: Create inline request for augmented autofill
03-03 02:33:20.562  3822  3822 V RemoteInlineSuggestionRenderService: handlePendingRequest(): com.android.internal.infra.AbstractRemoteService$MyAsyncPendingRequest@be7a80c
03-03 02:33:20.562  3822  3822 V RemoteInlineSuggestionRenderService: not scheduling unbind when value is 0
03-03 02:33:20.563  3822  3822 D AutofillInlineSuggestionsRequestSession: onCreateInlineSuggestionsRequestLocked called: 1073741824@1473820177
03-03 02:33:20.564  3822  5483 D AutofillInlineSuggestionsRequestSession: onInlineSuggestionsSessionInvalidated() called.
03-03 02:33:20.581  3822  5483 D WindowManager: onSyncFinishedDrawing: Window{dc478e5 u0 com.whatsapp/com.whatsapp.Conversation}
03-03 02:33:20.581  3822  5483 I WindowManager: finishDrawing skipLayout:false,syncSeqId=0,mPrepareSyncSeqId=0 Window{dc478e5 u0 com.whatsapp/com.whatsapp.Conversation} com.android.server.wm.WindowManagerService.finishDrawingWindow:3192 com.android.server.wm.Session.finishDrawing:369 android.view.IWindowSession$Stub.onTransact:793 
03-03 02:33:20.581  3822  5483 I WindowManager: Window{dc478e5 u0 com.whatsapp/com.whatsapp.Conversation} state from DRAW_PENDING to COMMIT_DRAW_PENDING; reason: finishDrawingLocked
03-03 02:33:20.583  3822  3933 I WindowManager: Window{dc478e5 u0 com.whatsapp/com.whatsapp.Conversation} state from COMMIT_DRAW_PENDING to READY_TO_SHOW; reason: commitFinishDrawingLocked
03-03 02:33:20.583  3822  3933 D CoreBackPreview:  return markWindowHasDrawn mComposed: false  mWaitTransition: false
03-03 02:33:20.583  3822  3933 D ActivityTaskManager: Clearing startingData for activity=ActivityRecord{105529021 u0 com.whatsapp/.Conversation t28697} mStartingData=null mStartingSurface=null
03-03 02:33:20.583  3822  3933 D ActivityTaskManager: commitVisibility: ActivityRecord{105529021 u0 com.whatsapp/.Conversation t28697}: visible=true visibleRequested=true, isInTransition=true 
03-03 02:33:20.583  3822  3933 D CoreBackPreview:  return markWindowHasDrawn mComposed: false  mWaitTransition: false
03-03 02:33:20.583  3822  3933 D ActivityTaskManager: Clearing startingData for activity=ActivityRecord{105529021 u0 com.whatsapp/.Conversation t28697} mStartingData=null mStartingSurface=null
03-03 02:33:20.584  3822  3933 I WindowManager: Window{dc478e5 u0 com.whatsapp/com.whatsapp.Conversation} state from READY_TO_SHOW to HAS_DRAWN; reason: performShowLocked
03-03 02:33:20.584  3822  3933 D CoreBackPreview:  return markWindowHasDrawn mComposed: false  mWaitTransition: false
03-03 02:33:20.584  3822  3933 E OplusAppQuickStart_AppQuickStartController: not start from launcher transition:5159
03-03 02:33:20.584  3822  3933 D Transition: collectOrderChanges onTopTasksEnd: [Task{abd8368 #28697 type=standard A=10326:com.whatsapp}], reportedOnTop:null, mOnTopTasksStart: [Task{abd8368 #28697 type=standard A=10326:com.whatsapp}], TDA child: [Task{dc0370a #28625 type=standard A=10260:com.oppo.gallery3d.app.Gallery}, Task{44bb559 #28684 type=standard A=10173:com.oneplus.calculator}, Task{8eafb7b #28683 type=standard A=10277:com.google.android.apps.photos}, Task{870a5ad #28641 type=standard A=10348:com.phonepe.app nonResizable}, Task{bddfc68 #28664 type=standard A=10259:com.google.android.apps.messaging}, Task{c6f60c3 #2 type=undefined}, Task{40ca6bc #28536 type=standard A=10156:com.android.chrome}, Task{232517e #28647 type=standard A=10164:com.google.android.apps.maps}, Task{23bfea4 #28333 type=standard A=10162:com.google.android.gm}, Task{e4c9e12 #28688 type=standard A=10347:com.flipkart.android}, Task{47895c5 #28329 type=standard A=10368:android.task.contacts}, Task{1a01eb #28608 type=standard A=10050:com.linkedin.android}, Task{88188be #28687 type=standard A=10116:com.android.vending}, Task{ff94c47 #28581 type=standard A=10126:com.google.android.googlequicksearchbox.googleapp}, Task{d2265cd #28689 type=standard A=1000:com.android.settings.root}, Task{c5eeaf0 #28334 type=standard A=10168:com.google.android.youtube}, Task{cbd9799 #28387 type=standard A=10041:com.microsoft.teams}, Task{6a135b3 #28698 type=standard A=10686:it.vfsfitvnm.vimusic.debug}, Task{2d5e9a #1 type=home}, Task{abd8368 #28697 type=standard A=10326:com.whatsapp}]
03-03 02:33:20.584  3822  3933 D OplusFlexibleActivityTransitionManager: fixTransitType type result:1, targets: [ChangeInfo{c1e6555 container=ActivityRecord{105529021 u0 com.whatsapp/.Conversation t28697} flags=0x0}, ChangeInfo{8f3b6a container=ActivityRecord{234137887 u0 com.whatsapp/.home.ui.HomeActivity t28697} flags=0x0}]
03-03 02:33:20.585  3822  3933 D OplusTransitionAnimationManager: activityRecordCount1fullScreenArBeHindStartingWindow null
03-03 02:33:20.585  3822  3933 D OplusTransitionAnimationManager: activityRecordCount1fullScreenArBeHindStartingWindow null
03-03 02:33:20.586  3822  3933 D QuickBackInputPolicy: resetInputInterceptState for remoteTransition: false
03-03 02:33:20.586  3822  3933 D OplusTransitionController: onTransactionReady, transition: 5159, info: {id=5159 t=OPEN f=0x0 trk=0 r=[0@Point(0, 0)] c=[{m=OPEN f=FILLS_TASK leash=Surface(name=ActivityRecord{105529021 u0 com.whatsapp/.Conversation t28697})/@0x56d38f8 sb=Rect(0, 0 - 0, 0) eb=Rect(0, 0 - 1240, 2772) epz=Point(1240, 2772) d=-1->0 r=-1->0:-1 bc=ff303030 component=com.whatsapp/.Conversation opt={t=FROM_STYLE mUserId=0}},{m=TO_BACK f=FILLS_TASK leash=Surface(name=ActivityRecord{234137887 u0 com.whatsapp/.home.ui.HomeActivity t28697})/@0x3b32e7a sb=Rect(0, 0 - 1240, 2772) eb=Rect(0, 0 - 1240, 2772) epz=Point(1240, 2772) d=0 bc=ff303030 component=com.whatsapp/.home.ui.HomeActivity opt={t=FROM_STYLE mUserId=0}}] 
03-03 02:33:20.586  3822  3933 D OplusTransitionController: extendInfo=[
03-03 02:33:20.586  3822  3933 D OplusTransitionController:  OplusTransitionExtendedInfo{mTmpFinishT=null, mInOplusCompatMode=false, mIsProcessRunning=false, mHasMismatchBoundsTarget=false, mRecentsController=null, mRemoteTransition=null, mIsTranslucentActivityToHome=false, mAvoidInterceptKeyEventToHome=false, mIsFromHome=false, mParentLeash=null, mBackAnimClosingLeash=null, mIsOplusAnimRes=false, mKeepBgForContinuous=false, mIsBalAllow=false, mTaskNotInRecent=false, mIsPredictiveBackAnim=false, mIsMergedWithPredictive=false, mIsLaunchFromSpruce=false, mIsLaunchFromDrive=false, mGlobalSearchPageSwitch=false, mNeedNoAlphaGlobalSearchScene=false, mAssistScreenShowing=false, mSwipeUpBrowserScreenShowing=false, mUserIdTransition=-1
03-03 02:33:20.586  3822  3933 D OplusTransitionController: , mInRemoteScene=false, mInPreReady=false, mPreStart=false, mToken=null, mAbortByRemoteFromHome=false, mShellApplyToken=null, mRequestTransitionTaskId=28697, mAbortTransitionOnShell=0, mStartFromShortcut=false, mRemovedTaskId=-1, mTransitionInterruptType=0, mMergeSecondTaskId=-1, mTaskIdStartFromRecents=0, mTransitionId=5159, mCanUseSpringSlideAnim=false, mTransitionLaunchFrom=0, mFoldChangeType=-1, mAnimStartingPosition=[0, 0, 0, 0], mIsOpeningStkDialogActivity=false, mIsNeedApplyStartTForEmbedded=false, mMergeSecondTaskAnimation=false, mIsLaunchUnityStart=false, mIsLaunchFromAssistantByDefault=false, mSkipRemoteTransitionfalse, mIsStartFromKeyguard=false flags=0x0, mWCT=null, mIsOpenMergeToInValidPredictive=false}]}, targets : [ChangeInfo{c1e6555 container=ActivityRecord{105529021 u0 com.whatsapp/.Conversation t28697} flags=0x0}, ChangeInfo{8f3b6a container=ActivityRecord{234137887 u0 com.whatsapp/.home.ui.HomeActivity t28697} flags=0x0}], participants: {ActivityRecord{105529021 u0 com.whatsapp/.Conversation t28697}, ActivityRecord{234137887 u0 com.whatsapp/.home.ui.HomeActivity t28697}}
03-03 02:33:20.587  5545 18588 V WindowManagerShell: onTransitionReady(transaction=16415365359404)
03-03 02:33:20.588  5545  5606 V WindowManagerShell: onTransitionReady (#5159) android.os.BinderProxy@c99ff08: {id=5159 t=OPEN f=0x0 trk=0 r=[0@Point(0, 0)] c=[
03-03 02:33:20.588  5545  5606 V WindowManagerShell:         {m=OPEN f=FILLS_TASK leash=Surface(name=ActivityRecord{105529021 u0 com.whatsapp/.Conversation t28697})/@0xe175887 sb=Rect(0, 0 - 0, 0) eb=Rect(0, 0 - 1240, 2772) epz=Point(1240, 2772) d=-1->0 r=-1->0:-1 bc=ff303030 component=com.whatsapp/.Conversation opt={t=FROM_STYLE mUserId=0}},
03-03 02:33:20.588  5545  5606 V WindowManagerShell:         {m=TO_BACK f=FILLS_TASK leash=Surface(name=ActivityRecord{234137887 u0 com.whatsapp/.home.ui.HomeActivity t28697})/@0xc5403b4 sb=Rect(0, 0 - 1240, 2772) eb=Rect(0, 0 - 1240, 2772) epz=Point(1240, 2772) d=0 bc=ff303030 component=com.whatsapp/.home.ui.HomeActivity opt={t=FROM_STYLE mUserId=0}}
03-03 02:33:20.588  5545  5606 V WindowManagerShell:     ] 
03-03 02:33:20.588  5545  5606 V WindowManagerShell: extendInfo=[
03-03 02:33:20.588  5545  5606 V WindowManagerShell:  OplusTransitionExtendedInfo{mTmpFinishT=null, mInOplusCompatMode=false, mIsProcessRunning=false, mHasMismatchBoundsTarget=false, mRecentsController=null, mRemoteTransition=null, mIsTranslucentActivityToHome=false, mAvoidInterceptKeyEventToHome=false, mIsFromHome=false, mParentLeash=null, mBackAnimClosingLeash=null, mIsOplusAnimRes=false, mKeepBgForContinuous=false, mIsBalAllow=false, mTaskNotInRecent=false, mIsPredictiveBackAnim=false, mIsMergedWithPredictive=false, mIsLaunchFromSpruce=false, mIsLaunchFromDrive=false, mGlobalSearchPageSwitch=false, mNeedNoAlphaGlobalSearchScene=false, mAssistScreenShowing=false, mSwipeUpBrowserScreenShowing=false, mUserIdTransition=-1
03-03 02:33:20.588  5545  5606 V WindowManagerShell: , mInRemoteScene=false, mInPreReady=false, mPreStart=false, mToken=null, mAbortByRemoteFromHome=false, mShellApplyToken=null, mRequestTransitionTaskId=28697, mAbortTransitionOnShell=0, mStartFromShortcut=false, mRemovedTaskId=-1, mTransitionInterruptType=0, mMergeSecondTaskId=-1, mTaskIdStartFromRecents=0, mTransitionId=5159, mCanUseSpringSlideAnim=false, mTransitionLaunchFrom=0, mFoldChangeType=-1, mAnimStartingPosition=[0, 0, 0, 0], mIsOpeningStkDialogActivity=false, mIsNeedApplyStartTForEmbedded=false, mMergeSecondTaskAnimation=false, mIsLaunchUnityStart=false, mIsLaunchFromAssistantByDefault=false, mSkipRemoteTransitionfalse, mIsStartFromKeyguard=false flags=0x0, mWCT=null, mIsOpenMergeToInValidPredictive=false}]}
03-03 02:33:20.588  5545  5606 V WindowManagerShell: Playing animation for (#5159) android.os.BinderProxy@c99ff08@0
03-03 02:33:20.589  3822  3933 I TaskOrganizerController: onTaskInfoChanged taskid 28697 config { mBounds=Rect(0, 0 - 1240, 2772) mAppBounds=Rect(0, 0 - 1240, 2772) mMaxBounds=Rect(0, 0 - 1240, 2772) mDisplayRotation=ROTATION_0 mWindowingMode=fullscreen mActivityType=standard mAlwaysOnTop=undefined mRotation=ROTATION_0}
03-03 02:33:20.589  3822  3933 D OplusFlexibleDragToSplitAnimController: visibleFlexibleTaskInfos delete:28697
03-03 02:33:20.589  3822  3933 E FlexibleWindowManagerService: notifyTaskObserverToAttachController not need to notify!
03-03 02:33:20.589  3822  3933 I FlexibleWindowManagerService: onFlexibleWindowTaskInfoChanged, return for cur task not embedded
03-03 02:33:20.589  5545  5606 V ShellRecents: RecentsTransitionHandler.startAnimation: no controller found
03-03 02:33:20.591  5545  5606 V WindowManagerShell: start OnePuttTransition animation, info = {id=5159 t=OPEN f=0x0 trk=0 r=[0@Point(0, 0)] c=[{m=OPEN f=FILLS_TASK leash=Surface(name=ActivityRecord{105529021 u0 com.whatsapp/.Conversation t28697})/@0xe175887 sb=Rect(0, 0 - 0, 0) eb=Rect(0, 0 - 1240, 2772) epz=Point(1240, 2772) d=-1->0 r=-1->0:-1 bc=ff303030 component=com.whatsapp/.Conversation opt={t=FROM_STYLE mUserId=0}},{m=TO_BACK f=FILLS_TASK leash=Surface(name=ActivityRecord{234137887 u0 com.whatsapp/.home.ui.HomeActivity t28697})/@0xc5403b4 sb=Rect(0, 0 - 1240, 2772) eb=Rect(0, 0 - 1240, 2772) epz=Point(1240, 2772) d=0 bc=ff303030 component=com.whatsapp/.home.ui.HomeActivity opt={t=FROM_STYLE mUserId=0}}] 
03-03 02:33:20.591  5545  5606 V WindowManagerShell: extendInfo=[
03-03 02:33:20.591  5545  5606 V WindowManagerShell:  OplusTransitionExtendedInfo{mTmpFinishT=null, mInOplusCompatMode=false, mIsProcessRunning=false, mHasMismatchBoundsTarget=false, mRecentsController=null, mRemoteTransition=null, mIsTranslucentActivityToHome=false, mAvoidInterceptKeyEventToHome=false, mIsFromHome=false, mParentLeash=null, mBackAnimClosingLeash=null, mIsOplusAnimRes=false, mKeepBgForContinuous=false, mIsBalAllow=false, mTaskNotInRecent=false, mIsPredictiveBackAnim=false, mIsMergedWithPredictive=false, mIsLaunchFromSpruce=false, mIsLaunchFromDrive=false, mGlobalSearchPageSwitch=false, mNeedNoAlphaGlobalSearchScene=false, mAssistScreenShowing=false, mSwipeUpBrowserScreenShowing=false, mUserIdTransition=-1
03-03 02:33:20.591  5545  5606 V WindowManagerShell: , mInRemoteScene=false, mInPreReady=false, mPreStart=false, mToken=null, mAbortByRemoteFromHome=false, mShellApplyToken=null, mRequestTransitionTaskId=28697, mAbortTransitionOnShell=0, mStartFromShortcut=false, mRemovedTaskId=-1, mTransitionInterruptType=0, mMergeSecondTaskId=-1, mTaskIdStartFromRecents=0, mTransitionId=5159, mCanUseSpringSlideAnim=false, mTransitionLaunchFrom=0, mFoldChangeType=-1, mAnimStartingPosition=[0, 0, 0, 0], mIsOpeningStkDialogActivity=false, mIsNeedApplyStartTForEmbedded=false, mMergeSecondTaskAnimation=false, mIsLaunchUnityStart=false, mIsLaunchFromAssistantByDefault=false, mSkipRemoteTransitionfalse, mIsStartFromKeyguard=false flags=0x0, mWCT=null, mIsOpenMergeToInValidPredictive=false}]}
03-03 02:33:20.592  5545  5606 V WindowManagerShell: Transition doesn't have explicit remote, search filters for match for {id=5159 t=OPEN f=0x0 trk=0 r=[0@Point(0, 0)] c=[{m=OPEN f=FILLS_TASK leash=Surface(name=ActivityRecord{105529021 u0 com.whatsapp/.Conversation t28697})/@0xe175887 sb=Rect(0, 0 - 0, 0) eb=Rect(0, 0 - 1240, 2772) epz=Point(1240, 2772) d=-1->0 r=-1->0:-1 bc=ff303030 component=com.whatsapp/.Conversation opt={t=FROM_STYLE mUserId=0}},{m=TO_BACK f=FILLS_TASK leash=Surface(name=ActivityRecord{234137887 u0 com.whatsapp/.home.ui.HomeActivity t28697})/@0xc5403b4 sb=Rect(0, 0 - 1240, 2772) eb=Rect(0, 0 - 1240, 2772) epz=Point(1240, 2772) d=0 bc=ff303030 component=com.whatsapp/.home.ui.HomeActivity opt={t=FROM_STYLE mUserId=0}}] 
03-03 02:33:20.592  5545  5606 V WindowManagerShell: extendInfo=[
03-03 02:33:20.592  5545  5606 V WindowManagerShell:  OplusTransitionExtendedInfo{mTmpFinishT=null, mInOplusCompatMode=false, mIsProcessRunning=false, mHasMismatchBoundsTarget=false, mRecentsController=null, mRemoteTransition=null, mIsTranslucentActivityToHome=false, mAvoidInterceptKeyEventToHome=false, mIsFromHome=false, mParentLeash=null, mBackAnimClosingLeash=null, mIsOplusAnimRes=false, mKeepBgForContinuous=false, mIsBalAllow=false, mTaskNotInRecent=false, mIsPredictiveBackAnim=false, mIsMergedWithPredictive=false, mIsLaunchFromSpruce=false, mIsLaunchFromDrive=false, mGlobalSearchPageSwitch=false, mNeedNoAlphaGlobalSearchScene=false, mAssistScreenShowing=false, mSwipeUpBrowserScreenShowing=false, mUserIdTransition=-1
03-03 02:33:20.592  5545  5606 V WindowManagerShell: , mInRemoteScene=false, mInPreReady=false, mPreStart=false, mToken=null, mAbortByRemoteFromHome=false, mShellApplyToken=null, mRequestTransitionTaskId=28697, mAbortTransitionOnShell=0, mStartFromShortcut=false, mRemovedTaskId=-1, mTransitionInterruptType=0, mMergeSecondTaskId=-1, mTaskIdStartFromRecents=0, mTransitionId=5159, mCanUseSpringSlideAnim=false, mTransitionLaunchFrom=0, mFoldChangeType=-1, mAnimStartingPosition=[0, 0, 0, 0], mIsOpeningStkDialogActivity=false, mIsNeedApplyStartTForEmbedded=false, mMergeSecondTaskAnimation=false, mIsLaunchUnityStart=false, mIsLaunchFromAssistantByDefault=false, mSkipRemoteTransitionfalse, mIsStartFromKeyguard=false flags=0x0, mWCT=null, mIsOpenMergeToInValidPredictive=false}]}
03-03 02:33:20.592  5545  5606 V WindowManagerShell:  Checking filter Pair{{types=[] flags=0x0] notFlags=0x100 checks=[{atype=home independent=true modes=[OPEN,TO_FRONT] flags=NONE mustBeTask=false order=TOP topActivity=ComponentInfo{com.android.launcher/com.android.launcher.Launcher} launchCookie=null windowingMode=undefined},{atype=standard independent=true modes=[CLOSE,TO_BACK] flags=NONE mustBeTask=false order=ANY topActivity=null launchCookie=null windowingMode=undefined}]} RemoteTransition { remoteTransition = android.window.IRemoteTransition$Stub$Proxy@bc09e42, appThread = android.app.IApplicationThread$Stub$Proxy@a47ae53, debugName = QuickstepLaunchHome }}
03-03 02:33:20.592  5545  5606 V WindowManagerShell:  Delegate animation for (#5159) to null
03-03 02:33:20.592  5545  5606 V WindowManagerShell: start default transition animation, info = {id=5159 t=OPEN f=0x0 trk=0 r=[0@Point(0, 0)] c=[{m=OPEN f=FILLS_TASK leash=Surface(name=ActivityRecord{105529021 u0 com.whatsapp/.Conversation t28697})/@0xe175887 sb=Rect(0, 0 - 0, 0) eb=Rect(0, 0 - 1240, 2772) epz=Point(1240, 2772) d=-1->0 r=-1->0:-1 bc=ff303030 component=com.whatsapp/.Conversation opt={t=FROM_STYLE mUserId=0}},{m=TO_BACK f=FILLS_TASK leash=Surface(name=ActivityRecord{234137887 u0 com.whatsapp/.home.ui.HomeActivity t28697})/@0xc5403b4 sb=Rect(0, 0 - 1240, 2772) eb=Rect(0, 0 - 1240, 2772) epz=Point(1240, 2772) d=0 bc=ff303030 component=com.whatsapp/.home.ui.HomeActivity opt={t=FROM_STYLE mUserId=0}}] 
03-03 02:33:20.592  5545  5606 V WindowManagerShell: extendInfo=[
03-03 02:33:20.592  5545  5606 V WindowManagerShell:  OplusTransitionExtendedInfo{mTmpFinishT=null, mInOplusCompatMode=false, mIsProcessRunning=false, mHasMismatchBoundsTarget=false, mRecentsController=null, mRemoteTransition=null, mIsTranslucentActivityToHome=false, mAvoidInterceptKeyEventToHome=false, mIsFromHome=false, mParentLeash=null, mBackAnimClosingLeash=null, mIsOplusAnimRes=false, mKeepBgForContinuous=false, mIsBalAllow=false, mTaskNotInRecent=false, mIsPredictiveBackAnim=false, mIsMergedWithPredictive=false, mIsLaunchFromSpruce=false, mIsLaunchFromDrive=false, mGlobalSearchPageSwitch=false, mNeedNoAlphaGlobalSearchScene=false, mAssistScreenShowing=false, mSwipeUpBrowserScreenShowing=false, mUserIdTransition=-1
03-03 02:33:20.592  5545  5606 V WindowManagerShell: , mInRemoteScene=false, mInPreReady=false, mPreStart=false, mToken=null, mAbortByRemoteFromHome=false, mShellApplyToken=null, mRequestTransitionTaskId=28697, mAbortTransitionOnShell=0, mStartFromShortcut=false, mRemovedTaskId=-1, mTransitionInterruptType=0, mMergeSecondTaskId=-1, mTaskIdStartFromRecents=0, mTransitionId=5159, mCanUseSpringSlideAnim=false, mTransitionLaunchFrom=0, mFoldChangeType=-1, mAnimStartingPosition=[0, 0, 0, 0], mIsOpeningStkDialogActivity=false, mIsNeedApplyStartTForEmbedded=false, mMergeSecondTaskAnimation=false, mIsLaunchUnityStart=false, mIsLaunchFromAssistantByDefault=false, mSkipRemoteTransitionfalse, mIsStartFromKeyguard=false flags=0x0, mWCT=null, mIsOpenMergeToInValidPredictive=false}]}
03-03 02:33:20.595  5545  5606 V WindowManagerShell: loadAnimation: anim=android.view.animation.AnimationSet@eee18d9 animAttr=0x5 type=OPEN isEntrance=false
03-03 02:33:20.598  5545  5606 V WindowManagerShell: loadAnimation: anim=android.view.animation.AnimationSet@190154c animAttr=0x4 type=OPEN isEntrance=true
