03-03 02:10:47.672  3822  4063 D PowerManagerService: userActivityNoUpdateLocked: groupId=0, eventTime=89515694, event=touch, flags=0x0, uid=1000
03-03 02:10:47.673  3822  3930 D OplusPanoramaWorkBranchController: notifyMotionUpOrCancel
03-03 02:10:47.673  3822  4014 D OplusSplitScreenManagerService: com.android.settings unSupportsSplitScreen by blockList or ForbidActivityList
03-03 02:10:47.673  3822  4014 D OplusSplitScreenManagerService: com.android.settings unSupportsSplitScreen by blockList or ForbidActivityList
03-03 02:10:47.674  3822  4014 D OplusSplitScreenManagerService: com.android.settings unSupportsSplitScreen by blockList or ForbidActivityList
03-03 02:10:47.674  3822  4014 D OplusSplitScreenManagerService: com.android.settings unSupportsSplitScreen by blockList or ForbidActivityList
03-03 02:10:47.726  3822  4721 V AlarmManager: sending alarm Alarm{cade99d type 1 origWhen 1772484047726 whenElapsed 200670996 android} uid 1000 whenElapsed 200670996 windowLength 0 maxWhenElapsed 200670996 repeatInterval 0 action null component null tag StorgaeBandInfoAlarmTag flags 0x9 procName system_server
03-03 02:10:47.773  3822  4010 W QosScheduler: getScenario failed! scenarios is null, mask=4
03-03 02:10:47.773  3822  4010 W QosScheduler: executeSceneQosStrategy get scenario failed! scenario is null
03-03 02:10:47.777  3822  4569 D osense.compress: try do inactive compress task
03-03 02:10:47.796  3822  4045 D BatteryStatsImplExtImpl: mActiveProcesses size = 61
03-03 02:10:47.796  3822  4045 D BatteryStatsImplExtImpl: rpmhStats is null or interval time is too short.
03-03 02:10:47.971  3822  4063 D PowerManagerService: userActivityNoUpdateLocked: groupId=0, eventTime=89515990, event=touch, flags=0x0, uid=1000
03-03 02:10:48.031  5545  5606 V ShellRecents: RecentsTransitionHandler.startRecentsTransition
03-03 02:10:48.032  5545  5606 V WindowManagerShell: Directly starting a new transition type=TO_FRONT wct=WindowContainerTransaction { changes= {} hops= [{pendingIntent: options=Bundle[{android.activity.splashScreenStyle=-1, android.activity.sourceInfo=Supplier{VAL_PARCELABLE@148+104}, deviceintegration:remotetask.launchOption=-1, android:activity.animAbortListener=null, trigger_preBoot_limit_size=-1, androidx.activity.extra=Bundle[EMPTY_PARCEL], android.activity.transientLaunch=true, android:activity.mZoomLaunchFlags=0}]}] errorCallbackToken=null taskFragmentOrganizer=null } handler=com.android.wm.shell.recents.RecentsTransitionHandler@11efed9
03-03 02:10:48.038  3822  5354 D RefreshRate: Trigger app switch boost, ar=ActivityRecord{77230470 u0 com.android.launcher/.Launcher t5},currDisplayRate=120.00001,boostId=3
03-03 02:10:48.038  3822  5354 D RefreshRate: setDisplayConfigSpecs complete: targetMode={id=1, width=1240, height=2772, fps=120.00001, vsync=120.00001, synthetic=false, alternativeRefreshRates=[60.000004, 90.0], supportedHdrTypes=[2, 3, 4]},srcMode={id=1, width=1240, height=2772, fps=120.00001, vsync=120.00001, synthetic=false, alternativeRefreshRates=[60.000004, 90.0], supportedHdrTypes=[2, 3, 4]},sfModId=0,rate=120.00001
03-03 02:10:48.038  3822  5354 D RefreshRate: startAppSwitchBoost targetMode={id=1, width=1240, height=2772, fps=120.00001, vsync=120.00001, synthetic=false, alternativeRefreshRates=[60.000004, 90.0], supportedHdrTypes=[2, 3, 4]} record=ActivityRecord{77230470 u0 com.android.launcher/.Launcher t5}: votes=PRIORITY_START_ANIMATION_BOOST -> Vote{mRefreshRate=120.0, mMinRefreshRate=120.0, mRequestSource=null};PRIORITY_WINDOW_REQUEST -> Vote{mRefreshRate=120.0, mMinRefreshRate=120.0, mRequestSource=null};
03-03 02:10:48.038  3822  5354 D ActivityTaskManager: setAppVisibility(Token{a7e30a4 ActivityRecord{77230470 u0 com.android.launcher/.Launcher t5}}, visible=true):  visible=false mVisibleRequested=false
03-03 02:10:48.039  3822  5354 D WindowManager: NFW_setClientVisible:ActivityRecord{77230470 u0 com.android.launcher/.Launcher t5} clientVisible:true
03-03 02:10:48.040  3822  5354 D ActivityTaskManager: setVisibility(Token{a7e30a4 ActivityRecord{77230470 u0 com.android.launcher/.Launcher t5}}, visible=true) defer commitVisibility for transition collecting
03-03 02:10:48.041  3822  5354 D FlexibleTaskController: onTaskFocusChanged prevTask:Task{d2265cd #28689 type=standard A=1000:com.android.settings.root} ,currentTask:Task{63d5c5b #5 type=home I=com.android.launcher/.Launcher}, reason: resumeTopActivity - onActivityStateChanged
03-03 02:10:48.041  3822  5354 D OplusFlexibleDCSManager: onNextPkgChanged pkg = com.android.launcher
03-03 02:10:48.041  3822  4010 I UserAwareMgr: handleTopAppChanged: com.android.launcher, pid: 5787, uid: 10205
03-03 02:10:48.043  3822  4010 W QosScheduler: getScenario failed! scenarios is null, mask=4
03-03 02:10:48.043  3822  4010 W QosScheduler: executeSceneQosStrategy get scenario failed! scenario is null
03-03 02:10:48.044  3822  4564 I VibratorManagerServiceExtImpl: cancelVibrate uid=10205, pid=5787, usageFilter=-1, token=98574939
03-03 02:10:48.044  3822  5354 D WindowManager: rotation(ROTATION_0) no changed  displayId = 0, lastOrientation = 5
03-03 02:10:48.044  3822  4085 D RefreshRate: do setDisplayConfigSpecs  
03-03 02:10:48.045  3822  5354 D OplusFeatureColorMode: ColorMode getColorMode =3
03-03 02:10:48.045  3822  5354 D ColorDisplayServiceExtImpl: getWCGVersion1App, packageName=com.android.launcher, sSupportWCG1 = true, sSupportWCG3 = false, nRet = 0
03-03 02:10:48.046  3822  4085 D DisplayModeDirector: setAppRequest displayId : 0  modeId: 1  requestedRefreshRate: 120.00001  requestedMinRefreshRateRange: 120.00001  requestedMaxRefreshRateRange: 120.00001
03-03 02:10:48.046  3822  5354 D WindowManager: NFW_setClientVisible:WallpaperWindowToken{c0e66a1 showWhenLocked=true} clientVisible:true
03-03 02:10:48.047  3822  4010 I UserAwareMgr: handleTopAppChanged: com.google.android.googlequicksearchbox, pid: 25722, uid: 10126
03-03 02:10:48.047  3822  5354 D DisplayModeDirector: setAppRequest displayId : 0  modeId: 1  requestedRefreshRate: 0.0  requestedMinRefreshRateRange: 0.0  requestedMaxRefreshRateRange: 120.00001
03-03 02:10:48.048  3822  5354 D WindowManager: onSyncFinishedDrawing: Window{6e9707c u0 com.android.launcher/com.android.launcher.Launcher}
03-03 02:10:48.048  3822  5354 D ActivityTaskManager: commitVisibility: ActivityRecord{77230470 u0 com.android.launcher/.Launcher t5}: visible=true visibleRequested=true, isInTransition=true 
03-03 02:10:48.048  3822  5354 E OplusAppQuickStart_AppQuickStartController: not start from launcher transition:5108
03-03 02:10:48.048  3822  5354 D Transition: collectOrderChanges onTopTasksEnd: [Task{2d5e9a #1 type=home}, Task{63d5c5b #5 type=home I=com.android.launcher/.Launcher}], reportedOnTop:null, mOnTopTasksStart: [Task{d2265cd #28689 type=standard A=1000:com.android.settings.root}], TDA child: [Task{44bb559 #28684 type=standard A=10173:com.oneplus.calculator}, Task{8eafb7b #28683 type=standard A=10277:com.google.android.apps.photos}, Task{870a5ad #28641 type=standard A=10348:com.phonepe.app nonResizable}, Task{bddfc68 #28664 type=standard A=10259:com.google.android.apps.messaging}, Task{c6f60c3 #2 type=undefined}, Task{40ca6bc #28536 type=standard A=10156:com.android.chrome}, Task{cbd9799 #28387 type=standard A=10041:com.microsoft.teams}, Task{232517e #28647 type=standard A=10164:com.google.android.apps.maps}, Task{23bfea4 #28333 type=standard A=10162:com.google.android.gm}, Task{e4c9e12 #28688 type=standard A=10347:com.flipkart.android}, Task{47895c5 #28329 type=standard A=10368:android.task.contacts}, Task{1a01eb #28608 type=standard A=10050:com.linkedin.android}, Task{dc0370a #28625 type=standard A=10260:com.oppo.gallery3d.app.Gallery}, Task{88188be #28687 type=standard A=10116:com.android.vending}, Task{ff94c47 #28581 type=standard A=10126:com.google.android.googlequicksearchbox.googleapp}, Task{c5eeaf0 #28334 type=standard A=10168:com.google.android.youtube}, Task{d8322c #28691 type=standard A=10326:com.whatsapp}, Task{d2265cd #28689 type=standard A=1000:com.android.settings.root}, Task{2d5e9a #1 type=home}]
03-03 02:10:48.048  3822  5354 D Transition: collectOrderChanges **mParticipants add task: Task{63d5c5b #5 type=home I=com.android.launcher/.Launcher}
03-03 02:10:48.048  3822  5354 D Transition: collectOrderChanges **mParticipants add task: Task{2d5e9a #1 type=home}
03-03 02:10:48.049  3822  5354 D OplusFlexibleActivityTransitionManager: fixTransitType type result:3, targets: [ChangeInfo{f9dc110 container=Task{2d5e9a #1 type=home} flags=0x30}, ChangeInfo{95e4409 container=Task{d2265cd #28689 type=standard A=1000:com.android.settings.root} flags=0x4}, ChangeInfo{dd3e60e container=WallpaperWindowToken{c0e66a1 showWhenLocked=true} flags=0x0}]
03-03 02:10:48.050  3822  5354 D OplusTransitionAnimationManager: activityRecordCount0fullScreenArBeHindStartingWindow null
03-03 02:10:48.050  3822  5354 D OplusSplitScreenManagerService: com.android.settings unSupportsSplitScreen by blockList or ForbidActivityList
03-03 02:10:48.050  3822  5354 D OplusSplitScreenManagerService: com.android.settings unSupportsSplitScreen by blockList or ForbidActivityList
03-03 02:10:48.050  3822  5354 D OplusTransitionAnimationManager: activityRecordCount0fullScreenArBeHindStartingWindow null
03-03 02:10:48.050  3822  5354 D OplusTransitionAnimationManager: activityRecordCount0fullScreenArBeHindStartingWindow null
03-03 02:10:48.050  3822  5354 D OplusTransitionAnimationManager: dispatchTransitionReadyToClient topWin=Window{5647474 u0 com.android.settings/com.android.settings.Settings}, transitionId=5108, hasRemoteOpenFromViewSeamlessTransition=false
03-03 02:10:48.051  3822  5354 D QuickBackInputPolicy: resetInputInterceptState for remoteTransition: true
03-03 02:10:48.051  3822  5354 D OplusTransitionController: onTransactionReady, transition: 5108, info: {id=5108 t=TO_FRONT f=0x80 trk=0 r=[0@Point(0, 0)] c=[{WCT{RemoteToken{d7cf702 Task{2d5e9a #1 type=home}}} m=TO_FRONT f=SHOW_WALLPAPER|MOVE_TO_TOP leash=Surface(name=Task=1)/@0x7031b77 sb=Rect(0, 0 - 1240, 2772) eb=Rect(0, 0 - 1240, 2772) epz=Point(1240, 2772) d=0 taskParent=-1},{WCT{RemoteToken{da0e5e2 Task{d2265cd #28689 type=standard A=1000:com.android.settings.root}}} m=TO_BACK f=NONE leash=Surface(name=Task=28689)/@0xb42dbda sb=Rect(0, 0 - 1240, 2772) eb=Rect(0, 0 - 1240, 2772) epz=Point(1240, 2772) d=0 taskParent=-1},{m=TO_FRONT f=IS_WALLPAPER leash=Surface(name=WallpaperWindowToken{c0e66a1 showWhenLocked=false})/@0xe88b155 sb=Rect(0, 0 - 1240, 2772) eb=Rect(0, 0 - 1240, 2772) epz=Point(1240, 2772) d=0}] 
03-03 02:10:48.051  3822  5354 D OplusTransitionController: extendInfo=[
03-03 02:10:48.051  3822  5354 D OplusTransitionController:  OplusTransitionExtendedInfo{mTmpFinishT=null, mInOplusCompatMode=false, mIsProcessRunning=true, mHasMismatchBoundsTarget=false, mRecentsController=null, mRemoteTransition=null, mIsTranslucentActivityToHome=false, mAvoidInterceptKeyEventToHome=false, mIsFromHome=false, mParentLeash=null, mBackAnimClosingLeash=null, mIsOplusAnimRes=false, mKeepBgForContinuous=false, mIsBalAllow=false, mTaskNotInRecent=false, mIsPredictiveBackAnim=false, mIsMergedWithPredictive=false, mIsLaunchFromSpruce=false, mIsLaunchFromDrive=false, mGlobalSearchPageSwitch=false, mNeedNoAlphaGlobalSearchScene=false, mAssistScreenShowing=false, mSwipeUpBrowserScreenShowing=false, mUserIdTransition=0
03-03 02:10:48.051  3822  5354 D OplusTransitionController: , mInRemoteScene=false, mInPreReady=false, mPreStart=false, mToken=null, mAbortByRemoteFromHome=false, mShellApplyToken=null, mRequestTransitionTaskId=-1, mAbortTransitionOnShell=0, mStartFromShortcut=false, mRemovedTaskId=-1, mTransitionInterruptType=0, mMergeSecondTaskId=-1, mTaskIdStartFromRecents=0, mTransitionId=5108, mCanUseSpringSlideAnim=false, mTransitionLaunchFrom=0, mFoldChangeType=-1, mAnimStartingPosition=[0, 0, 0, 0], mIsOpeningStkDialogActivity=false, mIsNeedApplyStartTForEmbedded=false, mMergeSecondTaskAnimation=false, mIsLaunchUnityStart=false, mIsLaunchFromAssistantByDefault=false, mSkipRemoteTransitionfalse, mIsStartFromKeyguard=false flags=0x0, mWCT=null, mIsOpenMergeToInValidPredictive=false}]}, targets : [ChangeInfo{f9dc110 container=Task{2d5e9a #1 type=home} flags=0x30}, ChangeInfo{95e4409 container=Task{d2265cd #28689 type=standard A=1000:com.android.settings.root} flags=0x4}, ChangeInfo{dd3e60e container=WallpaperWindowToken{c0e66a1 showWhenLocked=true} flags=0x0}], participants: {Task{2d5e9a #1 type=home}, ActivityRecord{77230470 u0 com.android.launcher/.Launcher t5}, Task{63d5c5b #5 type=home I=com.android.launcher/.Launcher}, WallpaperWindowToken{c0e66a1 showWhenLocked=true}, Task{d2265cd #28689 type=standard A=1000:com.android.settings.root}}
03-03 02:10:48.051  3822  5354 D ContinuousTransitionController: updateRecentsActivityForContinuousIfNeed, recentsTask=Task{2d5e9a #1 type=home}, isMergedToRecents=false
03-03 02:10:48.051  3822  5354 D CoreBackPreview:  return markWindowHasDrawn mComposed: false  mWaitTransition: false
03-03 02:10:48.052  5545 16305 V WindowManagerShell: onTransitionReady(transaction=16415365352826)
03-03 02:10:48.053  3822  5354 I TaskOrganizerController: onTaskInfoChanged taskid 1 config { mBounds=Rect(0, 0 - 1240, 2772) mAppBounds=Rect(0, 0 - 1240, 2772) mMaxBounds=Rect(0, 0 - 1240, 2772) mDisplayRotation=ROTATION_0 mWindowingMode=fullscreen mActivityType=home mAlwaysOnTop=undefined mRotation=ROTATION_0}
03-03 02:10:48.053  3822  4010 I UserAwareMgr: handleTopAppChanged: com.google.android.googlequicksearchbox, pid: 32101, uid: 10126
03-03 02:10:48.053  3822  5354 D OplusSplitScreenManagerService: com.android.settings unSupportsSplitScreen by blockList or ForbidActivityList
03-03 02:10:48.053  3822  5354 D OplusSplitScreenManagerService: com.android.settings unSupportsSplitScreen by blockList or ForbidActivityList
03-03 02:10:48.053  3822  5354 D OplusFlexibleDragToSplitAnimController: visibleFlexibleTaskInfos delete:1
03-03 02:10:48.053  3822  5354 E FlexibleWindowManagerService: notifyTaskObserverToAttachController not need to notify!
03-03 02:10:48.053  3822  5354 I FlexibleWindowManagerService: onFlexibleWindowTaskInfoChanged, return for cur task not embedded
03-03 02:10:48.054  3822  4948 I OplusJoystickManager: handleApplicationSwitch deprecated!
03-03 02:10:48.054  3822  4948 I GameManagerServiceExt-GameManagerServiceExt: on FG change: com.android.settings|com.android.launcher
03-03 02:10:48.055  5545  5606 V ShellRecents: [147483436] RecentsController.setTransition: id=android.os.BinderProxy@eb68071
03-03 02:10:48.055  3822  4014 D OplusSplitScreenManagerService: com.android.settings unSupportsSplitScreen by blockList or ForbidActivityList
03-03 02:10:48.055  3822  4014 D OplusSplitScreenManagerService: com.android.settings unSupportsSplitScreen by blockList or ForbidActivityList
03-03 02:10:48.055  3822  4067 D OplusAppSwitchListener: App Activity Change
03-03 02:10:48.056  3822  4067 D OplusAppSwitchListener: Detect com.android.settings switch to background
03-03 02:10:48.056  3822  4067 D OplusFeatureReduceBrightness: onAppExit , info = com.android.settings
03-03 02:10:48.056  3822  4067 D OplusAppSwitchListener: Detect com.android.launcher switch to foreground
03-03 02:10:48.056  3822  4067 W OplusFeatureGlobalLimitBrightness: switch to display normal mode 
03-03 02:10:48.056  3822  4014 D OplusSplitScreenManagerService: com.android.settings unSupportsSplitScreen by blockList or ForbidActivityList
03-03 02:10:48.056  3822  4014 D OplusSplitScreenManagerService: com.android.settings unSupportsSplitScreen by blockList or ForbidActivityList
03-03 02:10:48.056  3822  3932 I ActivityManager: updateOomAdj start time is before than pendingPid added, don't delete it
03-03 02:10:48.057  5787  5787 D ActivityThread: ComponentInfo{com.android.launcher/com.android.launcher.Launcher} checkFinished=false 2
03-03 02:10:48.057  5787  5787 D ResourcesManagerExtImpl: applyConfigurationToAppResourcesLocked app.getDisplayId() return callback.displayId:0
03-03 02:10:48.057  3822  5483 D ActivityTaskManager: Skipping, invisible task: Task{63d5c5b #5 type=home I=com.android.launcher/.Launcher}
03-03 02:10:48.057  3822  5483 D OplusSplitScreenManagerService: com.android.settings unSupportsSplitScreen by blockList or ForbidActivityList
03-03 02:10:48.057  3822  5483 D OplusSplitScreenManagerService: com.android.settings unSupportsSplitScreen by blockList or ForbidActivityList
03-03 02:10:48.057  3822  5483 D RecentTasksExtImpl: isExcludeFromRecents scenario:0 task:Task{fdfe335 #28693 type=standard I=com.android.vending/com.google.android.finsky.protectdialogs.activity.PlayProtectDialogsActivity} embedded:false res:true
03-03 02:10:48.057  3822  5483 D ActivityTaskManager: Skipping, invisible task by policy range: Task{fdfe335 #28693 type=standard I=com.android.vending/com.google.android.finsky.protectdialogs.activity.PlayProtectDialogsActivity},position:3
03-03 02:10:48.058  3822  5483 D OplusSplitScreenManagerService: com.oplus.dialer unSupportsSplitScreen by blockList or ForbidActivityList
03-03 02:10:48.059  3822  4062 D OplusBiometricsDisplayHelper: isFold: false, isUnblockByFp: null
03-03 02:10:48.059  3822  5483 D ActivityTaskManager: after skip size:19,pre-Filtered:com.android.settings # com.whatsapp # com.google.android.youtube # com.google.android.googlequicksearchbox # com.android.vending # com.oneplus.gallery # com.linkedin.android # com.oplus.dialer # com.flipkart.android # com.google.android.gm # com.oneplus.calculator # com.google.android.apps.maps # com.google.android.apps.photos # com.microsoft.teams # com.android.chrome # com.oneplus.note # com.phonepe.app # com.google.android.apps.messaging # com.microsoft.office.outlook # 
03-03 02:10:48.061  3822  4564 V WindowManager: Relayout Window{9338def u0 com.android.launcher/com.android.launcher.Launcher}: viewVisibility=0, oldvis=8, req=1240x2772 , apr = 0, vsysui=
03-03 02:10:48.061  5787  5787 D VRI[Launcher]: relayoutWindow result, sizeChanged:false, surfaceControlChanged:false, transformHintChanged:false, mSurfaceSize:Point(1240, 2772), mLastSurfaceSize:Point(1240, 2772), mWidth:1240, mHeight:2772, requestedWidth:1240, requestedHeight:2772, transformHint:0, installOrientation:0, displayRotation:0, isSurfaceValid:true, attr.flag:-2121203456, tmpFrames:ClientWindowFrames{frame=[0,0][1240,2772] display=[0,0][1240,2772] parentFrame=[0,0][1240,2772]}, relayoutAsync:true, mSyncSeqId:0
03-03 02:10:48.061  5787  5787 W VRI[Launcher]: updateBlastSurfaceIfNeeded, surfaceSize:Point(1240, 2772), lastSurfaceSize:Point(1240, 2772), format:-2, blastBufferQueue:android.graphics.BLASTBufferQueue@1777421
03-03 02:10:48.062  5545  5606 V WindowManagerShell: onTransitionReady (#5108) android.os.BinderProxy@eb68071: {id=5108 t=TO_FRONT f=0x80 trk=0 r=[0@Point(0, 0)] c=[
03-03 02:10:48.062  5545  5606 V WindowManagerShell:         {m=TO_FRONT f=SHOW_WALLPAPER|MOVE_TO_TOP leash=Surface(name=Task=1)/@0xadf39f5 sb=Rect(0, 0 - 1240, 2772) eb=Rect(0, 0 - 1240, 2772) epz=Point(1240, 2772) d=0 taskParent=-1},
03-03 02:10:48.062  5545  5606 V WindowManagerShell:         {m=TO_BACK f=NONE leash=Surface(name=Task=28689)/@0xd32838a sb=Rect(0, 0 - 1240, 2772) eb=Rect(0, 0 - 1240, 2772) epz=Point(1240, 2772) d=0 taskParent=-1},
03-03 02:10:48.062  5545  5606 V WindowManagerShell:         {m=TO_FRONT f=IS_WALLPAPER leash=Surface(name=WallpaperWindowToken{c0e66a1 showWhenLocked=false})/@0x9523dfb sb=Rect(0, 0 - 1240, 2772) eb=Rect(0, 0 - 1240, 2772) epz=Point(1240, 2772) d=0}
03-03 02:10:48.062  5545  5606 V WindowManagerShell:     ] 
03-03 02:10:48.062  5545  5606 V WindowManagerShell: extendInfo=[
03-03 02:10:48.062  5545  5606 V WindowManagerShell:  OplusTransitionExtendedInfo{mTmpFinishT=null, mInOplusCompatMode=false, mIsProcessRunning=true, mHasMismatchBoundsTarget=false, mRecentsController=null, mRemoteTransition=null, mIsTranslucentActivityToHome=false, mAvoidInterceptKeyEventToHome=false, mIsFromHome=false, mParentLeash=null, mBackAnimClosingLeash=null, mIsOplusAnimRes=false, mKeepBgForContinuous=false, mIsBalAllow=false, mTaskNotInRecent=false, mIsPredictiveBackAnim=false, mIsMergedWithPredictive=false, mIsLaunchFromSpruce=false, mIsLaunchFromDrive=false, mGlobalSearchPageSwitch=false, mNeedNoAlphaGlobalSearchScene=false, mAssistScreenShowing=false, mSwipeUpBrowserScreenShowing=false, mUserIdTransition=0
03-03 02:10:48.062  5545  5606 V WindowManagerShell: , mInRemoteScene=false, mInPreReady=false, mPreStart=false, mToken=null, mAbortByRemoteFromHome=false, mShellApplyToken=null, mRequestTransitionTaskId=-1, mAbortTransitionOnShell=0, mStartFromShortcut=false, mRemovedTaskId=-1, mTransitionInterruptType=0, mMergeSecondTaskId=-1, mTaskIdStartFromRecents=0, mTransitionId=5108, mCanUseSpringSlideAnim=false, mTransitionLaunchFrom=0, mFoldChangeType=-1, mAnimStartingPosition=[0, 0, 0, 0], mIsOpeningStkDialogActivity=false, mIsNeedApplyStartTForEmbedded=false, mMergeSecondTaskAnimation=false, mIsLaunchUnityStart=false, mIsLaunchFromAssistantByDefault=false, mSkipRemoteTransitionfalse, mIsStartFromKeyguard=false flags=0x0, mWCT=null, mIsOpenMergeToInValidPredictive=false}]}
03-03 02:10:48.062  5545  5606 V WindowManagerShell: Playing animation for (#5108) android.os.BinderProxy@eb68071@0
03-03 02:10:48.062  5545  5606 V WindowManagerShell:  try firstHandler com.android.wm.shell.recents.RecentsTransitionHandler@11efed9
03-03 02:10:48.062  5545  5606 V ShellRecents: [147483436] RecentsController.start
03-03 02:10:48.063  5545  5606 V ShellRecents:   not handling home taskId=1
03-03 02:10:48.064  5545  5606 V ShellRecents:   adding pausing leaf taskId=28689 at layer=8
03-03 02:10:48.065  5545  5606 V ShellRecents: Applying transaction=16415365352826
03-03 02:10:48.065  3822  5898 D OplusEapManager: mTargetExitName :com.android.settings
03-03 02:10:48.065  3822  4564 D WindowManager: relayoutVisibleWindow win:Window{9338def u0 com.android.launcher/com.android.launcher.Launcher} set mDestroying = false  DestroySavedSurface remove
03-03 02:10:48.065  3822  4564 D WindowManager: attachImeScreenshotOnTargetIfNeeded, mImeHiding = false, requestedVisibleTypes = -9
03-03 02:10:48.066  3822  4045 E OplusThermalStats: Error getting package info: com.android.launcher
03-03 02:10:48.066  3822  5443 V WindowManager: Relayout Window{6e9707c u0 com.android.launcher/com.android.launcher.Launcher}: viewVisibility=0, oldvis=0, req=1240x2772 , apr = 0, vsysui=LAYOUT_STABLE LAYOUT_HIDE_NAVIGATION LAYOUT_FULLSCREEN, x=0, y=0
03-03 02:10:48.066  5545  5606 V ShellRecents: No matching remote found to takeover (#5108)
03-03 02:10:48.066  5545  5606 V ShellSplitScreen: getSplitBoundsForTaskId: expected split bounds for taskId=28689 but not found
03-03 02:10:48.066  5545  5606 V ShellRecents: [147483436] RecentsController.start: calling onAnimationStart with 2 apps
03-03 02:10:48.067 25722 25722 W VRI[Launcher]: updateBlastSurfaceIfNeeded, surfaceSize:Point(1240, 2772), lastSurfaceSize:Point(1240, 2772), format:-2, blastBufferQueue:null
03-03 02:10:48.068  5545  5606 V WindowManagerShell:  animated by firstHandler
03-03 02:10:48.068  5787  5787 D ResourcesManagerExtImpl: applyConfigurationToAppResourcesLocked app.getDisplayId() return callback.displayId:0
03-03 02:10:48.070  3822  5334 D QuickBackInputPolicy: setInterceptInputKeyStatus, enable=true, enableFlag=1, inputCallback=android.window.IRemoteTransitionInputCallback$Stub$Proxy@36b8e40
03-03 02:10:48.071  3822  4085 D VRR [OPlusRefreshRateService]: handleFrontAppChange pkgName: null
03-03 02:10:48.071  3822  4085 D VRR [OPlusSurfaceFlingerController]:  setTouchIdleShouldPause : false
03-03 02:10:48.073  5545  5606 V ShellRecents: [147483436] RecentsController.setInputConsumerEnabled: set focus to recents
03-03 02:10:48.074  3822  5443 I BLASTSyncEngine: onCommitted syncId: 5108, timeout: false ran: false
03-03 02:10:48.074  3822  5334 D OplusWindowAnimationManager: setInputConsumerEnabled from launcher enabled=true last=false
03-03 02:10:48.074  3822  5898 D OplusAppSwitchRuleInfo: generateAppEnterInfo - launch_source_type =  , launch_source_traceid = 
03-03 02:10:48.075  3822  5898 D OplusAppSwitchRuleInfo: generateAppEnterInfo - launch_source_type =  , launch_source_traceid = 
03-03 02:10:48.075  3822  5898 D OplusAppSwitchRuleInfo: generateAppEnterInfo - launch_source_type =  , launch_source_traceid = 
03-03 02:10:48.075  3822  5898 D OplusEapManager: mTargetEnterName :com.android.launcher
03-03 02:10:48.075  3822  5332 D OplusPanoramaWorkBranchController: isFullscreenTaskIndicatorDragging
03-03 02:10:48.076  3822  5332 D ActivityTaskManager: onWindowFocusChanged Task{63d5c5b #5 type=home I=com.android.launcher/.Launcher} would transfer to compact
03-03 02:10:48.076  3822  5332 D ActivityTaskManager: NFW_setLastResumedActivityUncheckLocked:true r:ActivityRecord{77230470 u0 com.android.launcher/.Launcher t5} currentFocus:Window{5647474 u0 com.android.settings/com.android.settings.Settings}
03-03 02:10:48.076  3822  5332 D QuickBackInputPolicy: hasMultiChildrenInTask: false
03-03 02:10:48.076  3822  5332 D WindowManager: NFW_findFocusedWindowIfNeeded:Window{6e9707c u0 com.android.launcher/com.android.launcher.Launcher} mCurrentFocus:Window{5647474 u0 com.android.settings/com.android.settings.Settings}
03-03 02:10:48.076  3822  5332 V WindowManager: Changing focus from Window{5647474 u0 com.android.settings/com.android.settings.Settings} to Window{6e9707c u0 com.android.launcher/com.android.launcher.Launcher},diplayid=0
03-03 02:10:48.076  3822  5898 D OplusAppSwitchRuleInfo: generateAppEnterInfo - launch_source_type =  , launch_source_traceid = 
03-03 02:10:48.076  3822  4085 D VRR [OPlusRefreshRateService]: handleFrontAppChange pkgName: com.android.launcher
03-03 02:10:48.077  3822  5332 D WindowManager: setFrameRateStart invalid typeId return!
03-03 02:10:48.078  3822  4564 W Biometrics/FingerprintProvider/FingerprintServiceProviderExtImpl: [hideFingerprintIcon] client does not meet the requirements: null
03-03 02:10:48.078  3822  4063 D PowerManagerService: userActivityNoUpdateLocked: groupId=0, eventTime=89516094, event=touch, flags=0x0, uid=1000
03-03 02:10:48.079  3822  5332 D WindowManager: setFrameRateStart invalid typeId return!
03-03 02:10:48.079  3822  5898 D OplusAppSwitchRuleInfo: generateAppEnterInfo - launch_source_type =  , launch_source_traceid = 
03-03 02:10:48.080  3822  5898 D OplusAppSwitchRuleInfo: generateAppEnterInfo - launch_source_type =  , launch_source_traceid = 
03-03 02:10:48.080  3822  5898 D OplusAppSwitchRuleInfo: generateAppEnterInfo - launch_source_type =  , launch_source_traceid = 
03-03 02:10:48.080  3822  6094 D FlexibleTaskController: check task which not have enough child, isInSingleWhiteList:false isCloneTask:false
03-03 02:10:48.080  3822  3929 V WindowManager: Sent Transition (#5108) createdAt=03-03 02:10:48.033
03-03 02:10:48.082  3822  3933 D OplusSplitScreenManagerService: com.android.settings unSupportsSplitScreen by blockList or ForbidActivityList
03-03 02:10:48.082  3822  3933 D OplusSplitScreenManagerService: com.android.settings unSupportsSplitScreen by blockList or ForbidActivityList
03-03 02:10:48.082  3822  3933 I TaskOrganizerController: onTaskInfoChanged taskid 28689 config { mBounds=Rect(0, 0 - 1240, 2772) mAppBounds=Rect(0, 0 - 1240, 2772) mMaxBounds=Rect(0, 0 - 1240, 2772) mDisplayRotation=ROTATION_0 mWindowingMode=fullscreen mActivityType=standard mAlwaysOnTop=undefined mRotation=ROTATION_0}
03-03 02:10:48.083  3822  3933 D OplusSplitScreenManagerService: com.android.settings unSupportsSplitScreen by blockList or ForbidActivityList
03-03 02:10:48.083  3822  3933 D OplusSplitScreenManagerService: com.android.settings unSupportsSplitScreen by blockList or ForbidActivityList
03-03 02:10:48.083  3822  3933 D OplusVisibleTasks:  notifyTaskFocusChange no need.
03-03 02:10:48.083  3822  3933 D OplusFlexibleDragToSplitAnimController: visibleFlexibleTaskInfos delete:28689
03-03 02:10:48.083  3822  3933 E FlexibleWindowManagerService: notifyTaskObserverToAttachController not need to notify!
03-03 02:10:48.083  3822  3933 I FlexibleWindowManagerService: onFlexibleWindowTaskInfoChanged, return for cur task not embedded
03-03 02:10:48.083  3822  3933 I TaskOrganizerController: onTaskInfoChanged taskid 1 config { mBounds=Rect(0, 0 - 1240, 2772) mAppBounds=Rect(0, 0 - 1240, 2772) mMaxBounds=Rect(0, 0 - 1240, 2772) mDisplayRotation=ROTATION_0 mWindowingMode=fullscreen mActivityType=home mAlwaysOnTop=undefined mRotation=ROTATION_0}
03-03 02:10:48.083  3822  5898 D OplusAppSwitchRuleInfo: generateAppEnterInfo - launch_source_type =  , launch_source_traceid = 
03-03 02:10:48.083  3822  3933 D OplusVisibleTasks:  notifyTaskFocusChange no need.
03-03 02:10:48.083  3822  3933 D OplusFlexibleDragToSplitAnimController: visibleFlexibleTaskInfos delete:1
03-03 02:10:48.083  3822  3933 E FlexibleWindowManagerService: notifyTaskObserverToAttachController not need to notify!
03-03 02:10:48.083  3822  3933 I FlexibleWindowManagerService: onFlexibleWindowTaskInfoChanged, return for cur task not embedded
03-03 02:10:48.083  3822  5898 D OplusAppSwitchRuleInfo: generateAppEnterInfo - launch_source_type =  , launch_source_traceid = 
03-03 02:10:48.084  3822  5898 D OplusAppSwitchRuleInfo: generateActivityEnterInfo - launch_source_type =  , launch_source_traceid = 
03-03 02:10:48.084  3822  5544 D FlexibleTaskController: hideZoomWindow flag = 12 ,caller = 5787
03-03 02:10:48.084  3822  5544 D FlexibleTaskController: hideZoomWindow
03-03 02:10:48.085  3822  5334 I WindowManager: Window{9338def u0 com.android.launcher/com.android.launcher.Launcher} state from DRAW_PENDING to COMMIT_DRAW_PENDING; reason: finishDrawingLocked
03-03 02:10:48.086  3822  5354 D OplusBatteryServiceFeature: setSmartCoolDown: coolDown = 6, normalCoolDown = 6, pkgName = com.android.launcher
03-03 02:10:48.087  3822  3933 I WindowManager: Window{9338def u0 com.android.launcher/com.android.launcher.Launcher} state from COMMIT_DRAW_PENDING to READY_TO_SHOW; reason: commitFinishDrawingLocked
03-03 02:10:48.087  3822  3933 D CoreBackPreview:  return markWindowHasDrawn mComposed: false  mWaitTransition: false
03-03 02:10:48.087  3822  3933 D ActivityTaskManager: Clearing startingData for activity=ActivityRecord{77230470 u0 com.android.launcher/.Launcher t5} mStartingData=null mStartingSurface=null
03-03 02:10:48.088  3822  3933 I WindowManager: Window{9338def u0 com.android.launcher/com.android.launcher.Launcher} state from READY_TO_SHOW to HAS_DRAWN; reason: performShowLocked
03-03 02:10:48.090  3822  5443 D OplusBatteryServiceFeature: setSmartCoolDown: coolDown = 6, normalCoolDown = 6, pkgName = com.android.launcher
03-03 02:10:48.091  3822  4010 W UserAwareMgr: event can not be released, id: 2020, count: 3, releasePid: 5787
03-03 02:10:48.092  3822  5898 D OplusAppSwitchRuleInfo: generateActivityEnterInfo - launch_source_type =  , launch_source_traceid = 
03-03 02:10:48.092  3822  5898 D OplusAppSwitchRuleInfo: generateActivityEnterInfo - launch_source_type =  , launch_source_traceid = 
03-03 02:10:48.103  3822  4037 D ActivityManager: Cancel freezing 415 com.oneplus.deskclock:clockWidget
03-03 02:10:48.105  3822  4037 D ActivityManager: Async freezing 415 com.oneplus.deskclock:clockWidget
03-03 02:10:48.105  3822  4037 D ActivityManager: Cancel freezing 415 com.oneplus.deskclock:clockWidget
03-03 02:10:48.105  3822  3930 D SystemGestures: detectSwipe: 2
03-03 02:10:48.105  3822  4037 D ActivityManager: Async freezing 415 com.oneplus.deskclock:clockWidget
03-03 02:10:48.107  3822  4979 D FlexibleTaskController: check task which not have enough child, isInSingleWhiteList:false isCloneTask:false
03-03 02:10:48.107  3822  3929 V WindowManager:     startWCT=WindowContainerTransaction { changes= {} hops= [{pendingIntent: options=Bundle[{android.activity.splashScreenStyle=-1, android.activity.sourceInfo=android.app.ActivityOptions$SourceInfo@3a6a6b1, deviceintegration:remotetask.launchOption=-1, android:activity.animAbortListener=null, trigger_preBoot_limit_size=-1, androidx.activity.extra=Bundle[{flexibleStartFrom=}], android.activity.transientLaunch=true, android:activity.mZoomLaunchFlags=0}]}] errorCallbackToken=null taskFragmentOrganizer=null }
03-03 02:10:48.107  3822  3929 V WindowManager:     info={id=5108 t=TO_FRONT f=0x80 trk=0 r=[0@Point(0, 0)] c=[
03-03 02:10:48.107  3822  3929 V WindowManager:         {WCT{RemoteToken{d7cf702 Task{2d5e9a #1 type=home}}} m=TO_FRONT f=SHOW_WALLPAPER|MOVE_TO_TOP leash=Surface(name=Task=1)/@0x7031b77 sb=Rect(0, 0 - 1240, 2772) eb=Rect(0, 0 - 1240, 2772) epz=Point(1240, 2772) d=0 taskParent=-1},
03-03 02:10:48.107  3822  3929 V WindowManager:         {WCT{RemoteToken{da0e5e2 Task{d2265cd #28689 type=standard A=1000:com.android.settings.root}}} m=TO_BACK f=NONE leash=Surface(name=Task=28689)/@0xb42dbda sb=Rect(0, 0 - 1240, 2772) eb=Rect(0, 0 - 1240, 2772) epz=Point(1240, 2772) d=0 taskParent=-1},
03-03 02:10:48.107  3822  3929 V WindowManager:         {m=TO_FRONT f=IS_WALLPAPER leash=Surface(name=WallpaperWindowToken{c0e66a1 showWhenLocked=false})/@0xe88b155 sb=Rect(0, 0 - 1240, 2772) eb=Rect(0, 0 - 1240, 2772) epz=Point(1240, 2772) d=0}
03-03 02:10:48.107  3822  3929 V WindowManager:     ] 
03-03 02:10:48.107  3822  3929 V WindowManager: extendInfo=[
03-03 02:10:48.107  3822  3929 V WindowManager:  OplusTransitionExtendedInfo{mTmpFinishT=null, mInOplusCompatMode=false, mIsProcessRunning=true, mHasMismatchBoundsTarget=false, mRecentsController=null, mRemoteTransition=null, mIsTranslucentActivityToHome=false, mAvoidInterceptKeyEventToHome=false, mIsFromHome=false, mParentLeash=null, mBackAnimClosingLeash=null, mIsOplusAnimRes=false, mKeepBgForContinuous=false, mIsBalAllow=false, mTaskNotInRecent=false, mIsPredictiveBackAnim=false, mIsMergedWithPredictive=false, mIsLaunchFromSpruce=false, mIsLaunchFromDrive=false, mGlobalSearchPageSwitch=false, mNeedNoAlphaGlobalSearchScene=false, mAssistScreenShowing=false, mSwipeUpBrowserScreenShowing=false, mUserIdTransition=0
03-03 02:10:48.107  3822  3929 V WindowManager: , mInRemoteScene=false, mInPreReady=false, mPreStart=false, mToken=null, mAbortByRemoteFromHome=false, mShellApplyToken=null, mRequestTransitionTaskId=-1, mAbortTransitionOnShell=0, mStartFromShortcut=false, mRemovedTaskId=-1, mTransitionInterruptType=0, mMergeSecondTaskId=-1, mTaskIdStartFromRecents=0, mTransitionId=5108, mCanUseSpringSlideAnim=false, mTransitionLaunchFrom=0, mFoldChangeType=-1, mAnimStartingPosition=[0, 0, 0, 0], mIsOpeningStkDialogActivity=false, mIsNeedApplyStartTForEmbedded=false, mMergeSecondTaskAnimation=false, mIsLaunchUnityStart=false, mIsLaunchFromAssistantByDefault=false, mSkipRemoteTransitionfalse, mIsStartFromKeyguard=false flags=0x0, mWCT=null, mIsOpenMergeToInValidPredictive=false}]}
03-03 02:10:48.107  3822  3929 D AutofillManagerService: Close system dialogs
03-03 02:10:48.107  3822  3933 I WindowStateExtImpl: onSurfaceShowChange show = true mPackageName = com.google.android.googlequicksearchbox parentPkgName = com.android.launcher
03-03 02:10:48.107  3822  3933 D CoreBackPreview:  return markWindowHasDrawn mComposed: false  mWaitTransition: false
03-03 02:10:48.109  3822  6094 D ActivityTaskManager: Skipping, invisible task: Task{63d5c5b #5 type=home I=com.android.launcher/.Launcher}
03-03 02:10:48.109  3822  6094 D OplusSplitScreenManagerService: com.android.settings unSupportsSplitScreen by blockList or ForbidActivityList
03-03 02:10:48.109  3822  6094 D OplusSplitScreenManagerService: com.android.settings unSupportsSplitScreen by blockList or ForbidActivityList
03-03 02:10:48.109  3822  6094 D RecentTasksExtImpl: isExcludeFromRecents scenario:0 task:Task{fdfe335 #28693 type=standard I=com.android.vending/com.google.android.finsky.protectdialogs.activity.PlayProtectDialogsActivity} embedded:false res:true
03-03 02:10:48.109  3822  6094 D ActivityTaskManager: Skipping, invisible task by policy range: Task{fdfe335 #28693 type=standard I=com.android.vending/com.google.android.finsky.protectdialogs.activity.PlayProtectDialogsActivity},position:3
03-03 02:10:48.109  3822  6094 D OplusSplitScreenManagerService: com.oplus.dialer unSupportsSplitScreen by blockList or ForbidActivityList
03-03 02:10:48.109  3822  6094 D ActivityTaskManager: after skip size:19,pre-Filtered:com.android.settings # com.whatsapp # com.google.android.youtube # com.google.android.googlequicksearchbox # com.android.vending # com.oneplus.gallery # com.linkedin.android # com.oplus.dialer # com.flipkart.android # com.google.android.gm # com.oneplus.calculator # com.google.android.apps.maps # com.google.android.apps.photos # com.microsoft.teams # com.android.chrome # com.oneplus.note # com.phonepe.app # com.google.android.apps.messaging # com.microsoft.office.outlook # 
03-03 02:10:48.111  3822  6094 D FlexibleTaskController: check task which not have enough child, isInSingleWhiteList:false isCloneTask:false
03-03 02:10:48.111  3822  4564 D ActivityTaskManager: Skipping, invisible task: Task{63d5c5b #5 type=home I=com.android.launcher/.Launcher}
03-03 02:10:48.111  3822  4564 D OplusSplitScreenManagerService: com.android.settings unSupportsSplitScreen by blockList or ForbidActivityList
03-03 02:10:48.111  3822  4564 D OplusSplitScreenManagerService: com.android.settings unSupportsSplitScreen by blockList or ForbidActivityList
03-03 02:10:48.111  3822  4564 D RecentTasksExtImpl: isExcludeFromRecents scenario:0 task:Task{fdfe335 #28693 type=standard I=com.android.vending/com.google.android.finsky.protectdialogs.activity.PlayProtectDialogsActivity} embedded:false res:true
03-03 02:10:48.112  3822  4564 D ActivityTaskManager: Skipping, invisible task by policy range: Task{fdfe335 #28693 type=standard I=com.android.vending/com.google.android.finsky.protectdialogs.activity.PlayProtectDialogsActivity},position:3
03-03 02:10:48.112  3822  4564 D OplusSplitScreenManagerService: com.oplus.dialer unSupportsSplitScreen by blockList or ForbidActivityList
03-03 02:10:48.113  3822  4564 D ActivityTaskManager: after skip size:19,pre-Filtered:com.android.settings # com.whatsapp # com.google.android.youtube # com.google.android.googlequicksearchbox # com.android.vending # com.oneplus.gallery # com.linkedin.android # com.oplus.dialer # com.flipkart.android # com.google.android.gm # com.oneplus.calculator # com.google.android.apps.maps # com.google.android.apps.photos # com.microsoft.teams # com.android.chrome # com.oneplus.note # com.phonepe.app # com.google.android.apps.messaging # com.microsoft.office.outlook # 
03-03 02:10:48.114  3822  5544 W WindowManager: captureTaskSnapshot mSnapshotMode= 0 source=Task{d2265cd #28689 type=standard A=1000:com.android.settings.root}
03-03 02:10:48.114  3822  5544 D OplusSplitScreenManagerService: com.android.settings unSupportsSplitScreen by blockList or ForbidActivityList
03-03 02:10:48.114  3822  5544 D OplusSplitScreenManagerService: com.android.settings unSupportsSplitScreen by blockList or ForbidActivityList
03-03 02:10:48.114  3822  5544 D OplusSplitScreenManagerService: com.android.settings unSupportsSplitScreen by blockList or ForbidActivityList
03-03 02:10:48.114  3822  5544 D OplusSplitScreenManagerService: com.android.settings unSupportsSplitScreen by blockList or ForbidActivityList
03-03 02:10:48.114  3822  5544 D OplusSplitScreenManagerService: com.android.settings unSupportsSplitScreen by blockList or ForbidActivityList
03-03 02:10:48.114  3822  4037 D ActivityManager: Cancel freezing 415 com.oneplus.deskclock:clockWidget
03-03 02:10:48.114  3822  5544 D OplusSplitScreenManagerService: com.android.settings unSupportsSplitScreen by blockList or ForbidActivityList
03-03 02:10:48.115  3822  5544 D TaskSnapshotControllerExtImpl: createTaskSnapshot isCompatMode:false, isCompactWindow:false
03-03 02:10:48.115  3822  5544 W AbsAppSnapshotControllerExtImpl: updateExcludeLayers, addExcludeLayerList is null or empty, return excludeLayers
03-03 02:10:48.119  3822  4951 D BackgroundInstallControlService: Package event received: 0
03-03 02:10:48.123  3822  5544 D TaskSnapshotCache: putSnapshot mRunningCache top= ActivityRecord{154485758 u0 com.android.settings/.Settings t28689}, mTaskId=28689, snapshot=TaskSnapshot{ mId=1772484048114 mCaptureTime=200671393242004 mTopActivityComponent=com.android.settings/com.oplus.settings.feature.homepage.OplusSettingsHomepageActivity mSnapshot=android.hardware.HardwareBuffer@69f0770 (1240x2772) mColorSpace=sRGB IEC61966-2.1 (id=0, model=RGB) mOrientation=1 mRotation=0 mTaskSize=Point(1240, 2772) mOplusCompatMode=false mTopActivityBounds=[0,0][1240,2772] mHasDimLayer=false mContentInsets=[0,139][0,0] mLetterboxInsets=[0,0][0,0] mIsLowResolution=false mIsRealSnapshot=true mWindowingMode=1 mAppearance=0 mIsTranslucent=false mHasImeSurface=false mInternalReferences=2 mUiMode=21, mAppIdMap size= 19
03-03 02:10:48.123  3822  6094 D FlexibleTaskController: check task which not have enough child, isInSingleWhiteList:false isCloneTask:false
03-03 02:10:48.126  3822  4010 W UserAwareMgr: event can not be released, id: 2020, count: 2, releasePid: 5787
03-03 02:10:48.127  3822  3822 D OplusFlexibleWindowMinimizedManagerHelper: onReceive, intent = android.intent.action.CLOSE_SYSTEM_DIALOGS reason:recentapps state:0
03-03 02:10:48.128  3822  5333 D ActivityManager: Async freezing 415 com.oneplus.deskclock:clockWidget
03-03 02:10:48.128  3822  3932 D FlexibleTaskController: check task which not have enough child, isInSingleWhiteList:false isCloneTask:false
03-03 02:10:48.129  3822  6094 D FlexibleTaskController: check task which not have enough child, isInSingleWhiteList:false isCloneTask:false
03-03 02:10:48.129  3822  3930 D WindowManager: request show transient bar, navigationBar already visible
03-03 02:10:48.130  3822  6094 D FlexibleTaskController: check task which not have enough child, isInSingleWhiteList:false isCloneTask:false
03-03 02:10:48.131  3822  3930 V AutofillUI: hideSaveUiUiThread(): mSaveUi=null, callback=null, mCallback=null
03-03 02:10:48.132  3822  4762 E HandwritingModeController: Cannot get requestId: Handwriting was not initialized.
03-03 02:10:48.132  3822  6094 D FlexibleTaskController: check task which not have enough child, isInSingleWhiteList:false isCloneTask:false
03-03 02:10:48.134  3822  6094 D FlexibleTaskController: check task which not have enough child, isInSingleWhiteList:false isCloneTask:false
03-03 02:10:48.136  3822  6094 D FlexibleTaskController: check task which not have enough child, isInSingleWhiteList:false isCloneTask:false
03-03 02:10:48.136  3822  6094 D FlexibleTaskController: check task which not have enough child, isInSingleWhiteList:false isCloneTask:false
03-03 02:10:48.137  3822  4564 D FlexibleTaskController: check task which not have enough child, isInSingleWhiteList:false isCloneTask:false
03-03 02:10:48.140  3822  4010 I UserAwareMgr: handleAppChangedToBg, pkgName: com.oplus.dmp, pid: 28144
03-03 02:10:48.140  3822  4010 W UserAwareMgr: app not not found or not visible: null
03-03 02:10:48.140  3822  4010 W UserAwareMgr: handleAppChangedToBg process is empty
03-03 02:10:48.143  3822  6094 E OplusAthenaAm: AthenaAmManagerInternal transact code hello:6,flags:0
03-03 02:10:48.143  3822  6094 E OplusAthenaAm: AthenaAmManagerInternal transact code hello:7,flags:0
03-03 02:10:48.143  3822  6094 E OplusAthenaAm: AthenaAmManagerInternal transact code hello:24,flags:0
03-03 02:10:48.146  3822  6094 E OplusAthenaAm: AthenaAmManagerInternal transact code hello:4,flags:0
03-03 02:10:48.147  3822  6094 E OplusAthenaAm: AthenaAmManagerInternal transact code hello:4,flags:0
03-03 02:10:48.147  3822  6094 E OplusAthenaAm: AthenaAmManagerInternal transact code hello:4,flags:0
03-03 02:10:48.147  3822  6094 D FlexibleTaskController: check task which not have enough child, isInSingleWhiteList:false isCloneTask:false
03-03 02:10:48.149  3822  6094 D FlexibleTaskController: check task which not have enough child, isInSingleWhiteList:false isCloneTask:false
03-03 02:10:48.149  3822  6094 D FlexibleTaskController: check task which not have enough child, isInSingleWhiteList:false isCloneTask:false
03-03 02:10:48.149  3822  6094 D FlexibleTaskController: check task which not have enough child, isInSingleWhiteList:false isCloneTask:false
03-03 02:10:48.176  3822  4063 D PowerManagerService: userActivityNoUpdateLocked: groupId=0, eventTime=89516199, event=touch, flags=0x0, uid=1000
03-03 02:10:48.182  3822  5354 I ActivityManager: Death received, pid = 32130, processName = com.oplus.camera for thread android.os.BinderProxy@228b6e8
03-03 02:10:48.182  3822  8593 I ActivityManager: Process com.oplus.camera (pid 32130) has died: svcb SVC 
03-03 02:10:48.186  3822  4010 I UserAwareMgr: process killed: {pkgName='com.oplus.camera', serviceName='', procName=com.oplus.camera, pid=32130, uid=10154, appId=0, owner='cameraapp', flags='system_app', renderTid=0, hwuiTids=null, glTids=null, threadInfos={PreviewFrameThread={threadName='PreviewFrameThread', tid=32205, currentThreadCount=2, maxThreadCount=4, extendTids=[32203]}, CameraHandlerThread={threadName='CameraHandlerThread', tid=32187, currentThreadCount=1, maxThreadCount=16, extendTids=null}, UnitHandlerThread={threadName='UnitHandlerThread', tid=32213, currentThreadCount=2, maxThreadCount=16, extendTids=[32214]}, ConfigInitThread={threadName='ConfigInitThread', tid=32198, currentThreadCount=1, maxThreadCount=6, extendTids=[]}, PictureMetaArriveThread={threadName='PictureMetaArriveThread', tid=32224, currentThreadCount=1, maxThreadCount=8, extendTids=null}, TaskBusThread={threadName='TaskBusThread', tid=32158, currentThreadCount=4, maxThreadCount=16, extendTids=[32162, 32159, 32161]}, PreviewImageThread={threadName='PreviewImageThread', tid=32202, currentThreadCount=1, maxThreadCount=2, extendTids=null}, CaptureImageThread={threadName='CaptureImageThread', tid=32204, currentThreadCount=1, maxThreadCount=2, extendTids=null}}, mVideoActivityList=[], mStates=0}
03-03 02:10:48.186  3822  4010 I UserAwareMgr: handleProcessKilled, pkgName: com.oplus.camera, pid: 32130
03-03 02:10:48.186  3822  4010 I UserAwareMgr: event removed: 6101, pid: 32130
03-03 02:10:48.186  3822  4010 I UserAwareMgr: event removed: 6002, pid: 32130
03-03 02:10:48.186  3822  4010 I UserAwareMgr: event removed: 6001, pid: 32130
03-03 02:10:48.188  3822  3930 D OplusFeatureCameraBrightness[0]: Uid gone for 10154
03-03 02:10:48.189  3822  5269 D osense-camera: uid gone 10154
03-03 02:10:48.253  5787   410 D LinearmotorVibrator: vibrate: effect=WaveformEffect { 143aa7e, effectType=1, effectStrength=-1, effectLoop=false, ringtoneVibrateType=-1, isRingtoneCustomized=false, ringtoneFilePath=, strengthSettingEnabled=true, asynchronous=false, usageHint=0 }
03-03 02:10:48.254  3822  5300 I VibratorManagerServiceExtImpl: vibrate is uid=10205, pid=5787, opPkg=com.android.launcher, effect=Mono{mEffect=Composed{segments=[OplusVibrationEffectSegment{mEffectId=1, mEffectStrength=-1, mRingtonePath=''}], repeat=-1}}, attributes=VibrationAttributes{mUsage=UNKNOWN, mAudioUsage= USAGE_UNKNOWN, mFlags=0}, reason=null, token=98574939
03-03 02:10:48.258  3822  4718 W VibrationScaler: Got unexpected vibration intensity: 2100
03-03 02:10:48.258  3822  4718 D VibrationThread: Perform OplusPrebakedSegment{mWaveformId=2, mDuration=45, mEffectStrength=2100, mDefaultUsage=TOUCH} on vibrator 0
03-03 02:10:48.280  3822  4063 D PowerManagerService: userActivityNoUpdateLocked: groupId=0, eventTime=89516303, event=touch, flags=0x0, uid=1000
03-03 02:10:48.334  3822  4010 W QosScheduler: getScenario failed! scenarios is null, mask=2
03-03 02:10:48.334  3822  4010 W QosScheduler: executeSceneQosStrategy get scenario failed! scenario is null
03-03 02:10:48.385  3822  4063 D PowerManagerService: userActivityNoUpdateLocked: groupId=0, eventTime=89516407, event=touch, flags=0x0, uid=1000
03-03 02:10:48.425  3822  3930 D OplusPanoramaWorkBranchController: notifyMotionUpOrCancel
03-03 02:10:48.426  3822  5354 I VibratorManagerServiceExtImpl: cancelVibrate uid=10205, pid=5787, usageFilter=-1, token=98574939
03-03 02:10:48.431  3822  5354 I StatusBarManagerService: disableLocked, what:920000, pkg:com.android.launcher userId: 0 token:android.os.BinderProxy@92b64e4 net1:920000 net2:0
03-03 02:10:48.526  3822  4010 W QosScheduler: getScenario failed! scenarios is null, mask=4
03-03 02:10:48.526  3822  4010 W QosScheduler: executeSceneQosStrategy get scenario failed! scenario is null
03-03 02:10:48.584  3822  4992 D osense-blo-strict: switchingCnt = 0
03-03 02:10:48.979  3822  4063 D PowerManagerService: userActivityNoUpdateLocked: groupId=0, eventTime=89516999, event=touch, flags=0x0, uid=1000
03-03 02:10:48.986  5545  5606 D WindowManagerShell: setLauncherKeepClearAreaHeight: visible=true, height=252
03-03 02:10:48.987  3822  5354 W WindowManager: captureTaskSnapshot mSnapshotMode= 0 source=Task{d2265cd #28689 type=standard A=1000:com.android.settings.root}
03-03 02:10:48.987  3822  5354 D OplusSplitScreenManagerService: com.android.settings unSupportsSplitScreen by blockList or ForbidActivityList
03-03 02:10:48.987  3822  5354 D OplusSplitScreenManagerService: com.android.settings unSupportsSplitScreen by blockList or ForbidActivityList
03-03 02:10:48.987  3822  5354 D OplusSplitScreenManagerService: com.android.settings unSupportsSplitScreen by blockList or ForbidActivityList
03-03 02:10:48.987  3822  5354 D OplusSplitScreenManagerService: com.android.settings unSupportsSplitScreen by blockList or ForbidActivityList
03-03 02:10:48.987  3822  5354 D OplusSplitScreenManagerService: com.android.settings unSupportsSplitScreen by blockList or ForbidActivityList
03-03 02:10:48.987  3822  5354 D OplusSplitScreenManagerService: com.android.settings unSupportsSplitScreen by blockList or ForbidActivityList
03-03 02:10:48.987  3822  5354 D TaskSnapshotControllerExtImpl: createTaskSnapshot isCompatMode:false, isCompactWindow:false
