03-03 03:00:48.874  3822  4063 D PowerManagerService: userActivityNoUpdateLocked: groupId=0, eventTime=92516893, event=touch, flags=0x0, uid=1000
03-03 03:00:48.952  3822  3930 D OplusPanoramaWorkBranchController: notifyMotionUpOrCancel
03-03 03:00:49.052  3822  4010 W QosScheduler: getScenario failed! scenarios is null, mask=4
03-03 03:00:49.052  3822  4010 W QosScheduler: executeSceneQosStrategy get scenario failed! scenario is null
03-03 03:00:49.142  3822  4569 D osense.compress: com.google.android.gms do shrink, target ratio = 77, final ratio = 90, cur ratio = 64
03-03 03:00:49.368  3822  4063 D PowerManagerService: userActivityNoUpdateLocked: groupId=0, eventTime=92517389, event=touch, flags=0x0, uid=1000
03-03 03:00:49.396  3822  4569 D osense.compress: com.jio.myjio do shrink, target ratio = 83, final ratio = 90, cur ratio = 77
03-03 03:00:49.464  3822  3930 D OplusPanoramaWorkBranchController: notifyMotionUpOrCancel
03-03 03:00:49.631  3822  4569 D osense.compress: com.google.android.apps.messaging do shrink, target ratio = 90, final ratio = 90, cur ratio = 85
03-03 03:00:50.309  3822  4063 D PowerManagerService: userActivityNoUpdateLocked: groupId=0, eventTime=92518328, event=touch, flags=0x0, uid=1000
03-03 03:00:50.394  3822  3930 D OplusPanoramaWorkBranchController: notifyMotionUpOrCancel
03-03 03:00:50.409  3822  5368 I MediaSessionStack: onPlaybackStateChanged - Pushing session to top | record: it.vfsfitvnm.vimusic.debug/PlayerService/71 (userId=0)
03-03 03:00:50.417  3822  5367 I ActivityManager: Background started FGS: Allowed [callingPackage: it.vfsfitvnm.vimusic.debug; callingUid: 10686; uidState: TOP ; uidBFSL: [BFSL]; intent: Intent { xflg=0x4 cmp=it.vfsfitvnm.vimusic.debug/it.vfsfitvnm.vimusic.service.PlayerService mCallingUid=10686 }; code:PROC_STATE_TOP; tempAllowListReason:<null>; allowWiu:12; targetSdkVersion:33; callerTargetSdkVersion:33; startForegroundCount:3; bindFromPackage:null: isBindService:false]
03-03 03:00:50.420  3822  5367 W ActivityManager: Starting FGS with type mediaPlayback code=4 callerApp=ProcessRecord{2f75a7 19889:it.vfsfitvnm.vimusic.debug/u0a686} targetSDK=33 requiredPermissions=all of the permissions allOf=true [android.permission.FOREGROUND_SERVICE_MEDIA_PLAYBACK] 
03-03 03:00:50.427  3822  4029 D NotificationService--OplusNotificationFixHelper: fixAppIcon: pkg=it.vfsfitvnm.vimusic.debug
03-03 03:00:50.427  3822  4029 D NotificationService--OplusNotificationFixHelper: fixAppIcon: appIcon = null, pkg = it.vfsfitvnm.vimusic.debug
03-03 03:00:50.428  3822  4029 I OplusStatusBarManagerServiceEnhance:  getTopIsFullscreen mTopIsFullscreen: false
03-03 03:00:50.429  3822  3822 D NotificationService--OplusNotificationManagerServiceExtImpl: isForwardToAssistants: true, case : Is local notification
03-03 03:00:50.429  3822  3822 D NotificationService: This application enqueue notifications is need postDelayed mcsAssistantDelayTime: 200
03-03 03:00:50.441  3822  5367 I OplusMediaControlService: updateControllerMap begin
03-03 03:00:50.441  3822  5367 D OplusMediaControlService: isInMediaBlackList: com.google.android.youtube, 0
03-03 03:00:50.441  3822  5367 V OplusMediaControlService: this app is in media black list, pkgName: com.google.android.youtube
03-03 03:00:50.441  3822  5367 D OplusMediaControlService: isInMediaBlackList: com.google.android.youtube, 0
03-03 03:00:50.441  3822  5367 V OplusMediaControlService: this app is in media black list, pkgName: com.google.android.youtube
03-03 03:00:50.441  3822  5367 I OplusMediaControlService: updataPlayStateMap begin
03-03 03:00:50.441  3822  5367 I OplusMediaControlService: updateMetadataMap begin
03-03 03:00:50.441  3822  5367 I OplusMediaControlService: getPlayerInfo, playerId: 123177627, pkgname: it.vfsfitvnm.vimusic.debug
03-03 03:00:50.442  3822  5367 D OplusMediaControlService: isInMediaBlackList: com.google.android.youtube, 0
03-03 03:00:50.442  3822  5367 V OplusMediaControlService: this app is in media black list, pkgName: com.google.android.youtube
03-03 03:00:50.442  3822  5367 I OplusMediaControlService: getCurrentPlayerInfoList InfoList size: 1
03-03 03:00:50.873  3822  4721 V AlarmManager: sending alarm Alarm{b5d011 type 1 origWhen 1772487050872 whenElapsed 203674143 android} uid 1000 whenElapsed 203674143 windowLength 0 maxWhenElapsed 203674143 repeatInterval 0 action null component null tag StorgaeBandInfoAlarmTag flags 0x9 procName system_server
03-03 03:00:51.124  3822  5368 D NotificationService--OplusNotificationFixHelper: fixAppIcon: pkg=it.vfsfitvnm.vimusic.debug
03-03 03:00:51.124  3822  5368 D NotificationService--OplusNotificationFixHelper: fixAppIcon: appIcon = null, pkg = it.vfsfitvnm.vimusic.debug
03-03 03:00:51.125  3822  5368 I OplusStatusBarManagerServiceEnhance:  getTopIsFullscreen mTopIsFullscreen: false
03-03 03:00:51.125  3822  5368 W ActivityManager: Permission Denial: getTopApplicationInfo from pid=19889, uid=10686 requires oplus.permission.OPLUS_COMPONENT_SAFE
03-03 03:00:51.126  3822  3822 D NotificationService--OplusNotificationManagerServiceExtImpl: isForwardToAssistants: true, case : Is local notification
03-03 03:00:51.126  3822  3822 D NotificationService: This application enqueue notifications is need postDelayed mcsAssistantDelayTime: 200
03-03 03:00:51.141  3822  5368 I OplusMediaControlService: updateControllerMap begin
03-03 03:00:51.141  3822  5368 D OplusMediaControlService: isInMediaBlackList: com.google.android.youtube, 0
03-03 03:00:51.141  3822  5368 V OplusMediaControlService: this app is in media black list, pkgName: com.google.android.youtube
03-03 03:00:51.141  3822  5368 D OplusMediaControlService: isInMediaBlackList: com.google.android.youtube, 0
03-03 03:00:51.141  3822  5368 V OplusMediaControlService: this app is in media black list, pkgName: com.google.android.youtube
03-03 03:00:51.141  3822  5368 I OplusMediaControlService: updataPlayStateMap begin
03-03 03:00:51.141  3822  5368 I OplusMediaControlService: updateMetadataMap begin
03-03 03:00:51.141  3822  5368 I OplusMediaControlService: getPlayerInfo, playerId: 123177627, pkgname: it.vfsfitvnm.vimusic.debug
03-03 03:00:51.143  3822  5368 D OplusMediaControlService: isInMediaBlackList: com.google.android.youtube, 0
03-03 03:00:51.143  3822  5368 V OplusMediaControlService: this app is in media black list, pkgName: com.google.android.youtube
03-03 03:00:51.143  3822  5368 I OplusMediaControlService: getCurrentPlayerInfoList InfoList size: 1
03-03 03:00:51.420  3822  5367 D NotificationService--OplusNotificationFixHelper: fixAppIcon: pkg=it.vfsfitvnm.vimusic.debug
03-03 03:00:51.420  3822  5367 D NotificationService--OplusNotificationFixHelper: fixAppIcon: appIcon = null, pkg = it.vfsfitvnm.vimusic.debug
03-03 03:00:51.420  3822  5367 I OplusStatusBarManagerServiceEnhance:  getTopIsFullscreen mTopIsFullscreen: false
03-03 03:00:51.420  3822  5367 W ActivityManager: Permission Denial: getTopApplicationInfo from pid=19889, uid=10686 requires oplus.permission.OPLUS_COMPONENT_SAFE
03-03 03:00:51.421  3822  3822 D NotificationService--OplusNotificationManagerServiceExtImpl: isForwardToAssistants: true, case : Is local notification
03-03 03:00:51.421  3822  3822 D NotificationService: This application enqueue notifications is need postDelayed mcsAssistantDelayTime: 200
03-03 03:00:51.446  3822  5443 I OplusMediaControlService: updateControllerMap begin
03-03 03:00:51.447  3822  5443 D OplusMediaControlService: isInMediaBlackList: com.google.android.youtube, 0
03-03 03:00:51.447  3822  5443 V OplusMediaControlService: this app is in media black list, pkgName: com.google.android.youtube
03-03 03:00:51.447  3822  5443 D OplusMediaControlService: isInMediaBlackList: com.google.android.youtube, 0
03-03 03:00:51.447  3822  5443 V OplusMediaControlService: this app is in media black list, pkgName: com.google.android.youtube
03-03 03:00:51.447  3822  5443 I OplusMediaControlService: updataPlayStateMap begin
03-03 03:00:51.447  3822  5443 I OplusMediaControlService: updateMetadataMap begin
03-03 03:00:51.447  3822  5443 I OplusMediaControlService: getPlayerInfo, playerId: 123177627, pkgname: it.vfsfitvnm.vimusic.debug
03-03 03:00:51.447  3822  5443 D OplusMediaControlService: isInMediaBlackList: com.google.android.youtube, 0
03-03 03:00:51.447  3822  5443 V OplusMediaControlService: this app is in media black list, pkgName: com.google.android.youtube
03-03 03:00:51.447  3822  5443 I OplusMediaControlService: getCurrentPlayerInfoList InfoList size: 1
03-03 03:00:51.459  3822  4010 I QosScheduler[QoSPolicy]: setSceneQoS begin:true sceneId:5
03-03 03:00:51.459  3822  4010 W QosScheduler: getScenario failed! scenarios is null, mask=32
03-03 03:00:51.459  3822  4010 W QosScheduler: executeSceneQosStrategy get scenario failed! scenario is null
03-03 03:00:51.459  3822  5300 E AppOps  : attributionTag  not declared in manifest of it.vfsfitvnm.vimusic.debug
03-03 03:00:51.460  3822  5368 D BatteryStatsServiceExtImpl: report audio global start...
03-03 03:00:51.460  3822  5444 E AppOps  : attributionTag  not declared in manifest of it.vfsfitvnm.vimusic.debug
03-03 03:00:52.093  3822  5210 W SettingsStatsUtil: Can not parse value to float: +network
03-03 03:00:52.405  3822  4881 V NetworkPolicy: updateNetworkEnabledNL() return
03-03 03:00:52.406  3822  4881 V NetworkPolicy: updateNotificationsNL not process
03-03 03:00:52.875  3822  4721 V AlarmManager: sending alarm Alarm{8516717 type 1 origWhen 1772487052875 whenElapsed 203676145 android} uid 1000 whenElapsed 203676145 windowLength 0 maxWhenElapsed 203676145 repeatInterval 0 action null component null tag StorgaeBandInfoAlarmTag flags 0x9 procName system_server
03-03 03:00:52.969  3822  4063 D PowerManagerService: userActivityNoUpdateLocked: groupId=0, eventTime=92520985, event=touch, flags=0x0, uid=1000
03-03 03:00:53.066  3822  3930 D OplusPanoramaWorkBranchController: notifyMotionUpOrCancel
03-03 03:00:53.066  3822  4063 D PowerManagerService: userActivityNoUpdateLocked: groupId=0, eventTime=92521089, event=touch, flags=0x0, uid=1000
03-03 03:00:53.070  3822  5210 E AppOps  : attributionTag  not declared in manifest of it.vfsfitvnm.vimusic.debug
03-03 03:00:53.071  3822  5210 E AppOps  : attributionTag  not declared in manifest of it.vfsfitvnm.vimusic.debug
03-03 03:00:53.095  3822  5368 D NotificationService--OplusNotificationFixHelper: fixAppIcon: pkg=it.vfsfitvnm.vimusic.debug
03-03 03:00:53.095  3822  5368 D NotificationService--OplusNotificationFixHelper: fixAppIcon: appIcon = null, pkg = it.vfsfitvnm.vimusic.debug
03-03 03:00:53.095  3822  5368 I OplusStatusBarManagerServiceEnhance:  getTopIsFullscreen mTopIsFullscreen: false
03-03 03:00:53.095  3822  5368 W ActivityManager: Permission Denial: getTopApplicationInfo from pid=19889, uid=10686 requires oplus.permission.OPLUS_COMPONENT_SAFE
03-03 03:00:53.096  3822  3822 D NotificationService--OplusNotificationManagerServiceExtImpl: isForwardToAssistants: true, case : Is local notification
03-03 03:00:53.096  3822  3822 D NotificationService: This application enqueue notifications is need postDelayed mcsAssistantDelayTime: 200
03-03 03:00:53.111  3822  5443 I OplusMediaControlService: updateControllerMap begin
03-03 03:00:53.111  3822  5443 D OplusMediaControlService: isInMediaBlackList: com.google.android.youtube, 0
03-03 03:00:53.111  3822  5443 V OplusMediaControlService: this app is in media black list, pkgName: com.google.android.youtube
03-03 03:00:53.111  3822  5443 D OplusMediaControlService: isInMediaBlackList: com.google.android.youtube, 0
03-03 03:00:53.111  3822  5443 V OplusMediaControlService: this app is in media black list, pkgName: com.google.android.youtube
03-03 03:00:53.111  3822  5443 I OplusMediaControlService: updataPlayStateMap begin
03-03 03:00:53.111  3822  5443 I OplusMediaControlService: updateMetadataMap begin
03-03 03:00:53.111  3822  5443 I OplusMediaControlService: getPlayerInfo, playerId: 123177627, pkgname: it.vfsfitvnm.vimusic.debug
03-03 03:00:53.113  3822  5443 D OplusMediaControlService: isInMediaBlackList: com.google.android.youtube, 0
03-03 03:00:53.113  3822  5443 V OplusMediaControlService: this app is in media black list, pkgName: com.google.android.youtube
03-03 03:00:53.113  3822  5443 I OplusMediaControlService: getCurrentPlayerInfoList InfoList size: 1
03-03 03:00:53.117  3822  5210 D NotificationService--OplusNotificationFixHelper: fixAppIcon: pkg=it.vfsfitvnm.vimusic.debug
03-03 03:00:53.117  3822  5210 D NotificationService--OplusNotificationFixHelper: fixAppIcon: appIcon = null, pkg = it.vfsfitvnm.vimusic.debug
03-03 03:00:53.118  3822  5210 I OplusStatusBarManagerServiceEnhance:  getTopIsFullscreen mTopIsFullscreen: false
03-03 03:00:53.118  3822  5210 W ActivityManager: Permission Denial: getTopApplicationInfo from pid=19889, uid=10686 requires oplus.permission.OPLUS_COMPONENT_SAFE
03-03 03:00:53.118  3822  3822 D NotificationService--OplusNotificationManagerServiceExtImpl: isForwardToAssistants: true, case : Is local notification
03-03 03:00:53.118  3822  3822 D NotificationService: This application enqueue notifications is need postDelayed mcsAssistantDelayTime: 200
03-03 03:00:53.129  3822  5443 I OplusMediaControlService: updateControllerMap begin
03-03 03:00:53.129  3822  5443 D OplusMediaControlService: isInMediaBlackList: com.google.android.youtube, 0
03-03 03:00:53.129  3822  5443 V OplusMediaControlService: this app is in media black list, pkgName: com.google.android.youtube
03-03 03:00:53.129  3822  5443 D OplusMediaControlService: isInMediaBlackList: com.google.android.youtube, 0
03-03 03:00:53.129  3822  5443 V OplusMediaControlService: this app is in media black list, pkgName: com.google.android.youtube
03-03 03:00:53.129  3822  5443 I OplusMediaControlService: updataPlayStateMap begin
03-03 03:00:53.129  3822  5443 I OplusMediaControlService: updateMetadataMap begin
03-03 03:00:53.129  3822  5443 I OplusMediaControlService: getPlayerInfo, playerId: 123177627, pkgname: it.vfsfitvnm.vimusic.debug
03-03 03:00:53.130  3822  5443 D OplusMediaControlService: isInMediaBlackList: com.google.android.youtube, 0
03-03 03:00:53.130  3822  5443 V OplusMediaControlService: this app is in media black list, pkgName: com.google.android.youtube
03-03 03:00:53.130  3822  5443 I OplusMediaControlService: getCurrentPlayerInfoList InfoList size: 1
03-03 03:00:53.163  3822  5444 E AppOps  : attributionTag  not declared in manifest of it.vfsfitvnm.vimusic.debug
03-03 03:00:53.163  3822  5443 E AppOps  : attributionTag  not declared in manifest of it.vfsfitvnm.vimusic.debug
03-03 03:00:53.270  3822  4569 D osense.compress: com.google.android.gm do shrink, target ratio = 90, final ratio = 90, cur ratio = 88
03-03 03:00:54.882  3822  4721 V AlarmManager: sending alarm Alarm{9931160 type 1 origWhen 1772487054880 whenElapsed 203678151 android} uid 1000 whenElapsed 203678151 windowLength 0 maxWhenElapsed 203678151 repeatInterval 0 action null component null tag StorgaeBandInfoAlarmTag flags 0x9 procName system_server
03-03 03:00:55.159  3822  4063 D PowerManagerService: userActivityNoUpdateLocked: groupId=0, eventTime=92523178, event=touch, flags=0x0, uid=1000
03-03 03:00:55.259  3822  4063 D PowerManagerService: userActivityNoUpdateLocked: groupId=0, eventTime=92523281, event=touch, flags=0x0, uid=1000
03-03 03:00:55.285  3822  3930 D OplusPanoramaWorkBranchController: notifyMotionUpOrCancel
03-03 03:00:55.287  3822  5443 E AppOps  : attributionTag  not declared in manifest of it.vfsfitvnm.vimusic.debug
03-03 03:00:55.288  3822  5443 E AppOps  : attributionTag  not declared in manifest of it.vfsfitvnm.vimusic.debug
03-03 03:00:55.305  3822  5210 W ForegroundServiceTypeLoggerModule: Logger should be tracking FGS types correctly for UID 10686 in package it.vfsfitvnm.vimusic.debug
03-03 03:00:55.311  3822  5210 D NotificationService--OplusNotificationFixHelper: fixAppIcon: pkg=it.vfsfitvnm.vimusic.debug
03-03 03:00:55.311  3822  5210 D NotificationService--OplusNotificationFixHelper: fixAppIcon: appIcon = null, pkg = it.vfsfitvnm.vimusic.debug
03-03 03:00:55.311  3822  4029 D NotificationService--OplusNotificationFixHelper: fixAppIcon: pkg=it.vfsfitvnm.vimusic.debug
03-03 03:00:55.311  3822  4029 D NotificationService--OplusNotificationFixHelper: fixAppIcon: appIcon = null, pkg = it.vfsfitvnm.vimusic.debug
03-03 03:00:55.312  3822  5210 I OplusStatusBarManagerServiceEnhance:  getTopIsFullscreen mTopIsFullscreen: false
03-03 03:00:55.312  3822  4029 I OplusStatusBarManagerServiceEnhance:  getTopIsFullscreen mTopIsFullscreen: false
03-03 03:00:55.312  3822  5210 W ActivityManager: Permission Denial: getTopApplicationInfo from pid=19889, uid=10686 requires oplus.permission.OPLUS_COMPONENT_SAFE
03-03 03:00:55.313  3822  3822 D NotificationService--OplusNotificationManagerServiceExtImpl: isForwardToAssistants: true, case : Is local notification
03-03 03:00:55.313  3822  3822 D NotificationService: This application enqueue notifications is need postDelayed mcsAssistantDelayTime: 200
03-03 03:00:55.313  3822  3822 D NotificationService--OplusNotificationManagerServiceExtImpl: isForwardToAssistants: true, case : Is local notification
03-03 03:00:55.313  3822  3822 D NotificationService: This application enqueue notifications is need postDelayed mcsAssistantDelayTime: 200
03-03 03:00:55.333  3822  5210 I OplusMediaControlService: updateControllerMap begin
03-03 03:00:55.333  3822  5210 D OplusMediaControlService: isInMediaBlackList: com.google.android.youtube, 0
03-03 03:00:55.333  3822  5210 V OplusMediaControlService: this app is in media black list, pkgName: com.google.android.youtube
03-03 03:00:55.333  3822  5210 D OplusMediaControlService: isInMediaBlackList: com.google.android.youtube, 0
03-03 03:00:55.333  3822  5210 V OplusMediaControlService: this app is in media black list, pkgName: com.google.android.youtube
03-03 03:00:55.333  3822  5210 I OplusMediaControlService: updataPlayStateMap begin
03-03 03:00:55.333  3822  5210 I OplusMediaControlService: updateMetadataMap begin
03-03 03:00:55.333  3822  5210 I OplusMediaControlService: getPlayerInfo, playerId: 123177627, pkgname: it.vfsfitvnm.vimusic.debug
03-03 03:00:55.333  3822  5210 D OplusMediaControlService: isInMediaBlackList: com.google.android.youtube, 0
03-03 03:00:55.333  3822  5210 V OplusMediaControlService: this app is in media black list, pkgName: com.google.android.youtube
03-03 03:00:55.333  3822  5210 I OplusMediaControlService: getCurrentPlayerInfoList InfoList size: 1
03-03 03:00:55.337  3822  5443 I OplusMediaControlService: updateControllerMap begin
03-03 03:00:55.338  3822  5443 D OplusMediaControlService: isInMediaBlackList: com.google.android.youtube, 0
03-03 03:00:55.338  3822  5443 V OplusMediaControlService: this app is in media black list, pkgName: com.google.android.youtube
03-03 03:00:55.338  3822  5443 D OplusMediaControlService: isInMediaBlackList: com.google.android.youtube, 0
03-03 03:00:55.338  3822  5443 V OplusMediaControlService: this app is in media black list, pkgName: com.google.android.youtube
03-03 03:00:55.338  3822  5443 I OplusMediaControlService: updataPlayStateMap begin
03-03 03:00:55.338  3822  5443 I OplusMediaControlService: updateMetadataMap begin
03-03 03:00:55.338  3822  5443 I OplusMediaControlService: getPlayerInfo, playerId: 123177627, pkgname: it.vfsfitvnm.vimusic.debug
03-03 03:00:55.338  3822  5443 D OplusMediaControlService: isInMediaBlackList: com.google.android.youtube, 0
03-03 03:00:55.338  3822  5443 V OplusMediaControlService: this app is in media black list, pkgName: com.google.android.youtube
03-03 03:00:55.338  3822  5443 I OplusMediaControlService: getCurrentPlayerInfoList InfoList size: 1
03-03 03:00:55.343  3822  5444 I OplusMediaControlService: updateControllerMap begin
03-03 03:00:55.343  3822  5444 D OplusMediaControlService: isInMediaBlackList: com.google.android.youtube, 0
03-03 03:00:55.343  3822  5444 V OplusMediaControlService: this app is in media black list, pkgName: com.google.android.youtube
03-03 03:00:55.343  3822  5444 D OplusMediaControlService: isInMediaBlackList: com.google.android.youtube, 0
03-03 03:00:55.343  3822  5444 V OplusMediaControlService: this app is in media black list, pkgName: com.google.android.youtube
03-03 03:00:55.343  3822  5444 I OplusMediaControlService: updataPlayStateMap begin
03-03 03:00:55.343  3822  5444 I OplusMediaControlService: updateMetadataMap begin
03-03 03:00:55.343  3822  5444 I OplusMediaControlService: getPlayerInfo, playerId: 123177627, pkgname: it.vfsfitvnm.vimusic.debug
03-03 03:00:55.344  3822  5444 D OplusMediaControlService: isInMediaBlackList: com.google.android.youtube, 0
03-03 03:00:55.344  3822  5444 V OplusMediaControlService: this app is in media black list, pkgName: com.google.android.youtube
03-03 03:00:55.344  3822  5444 I OplusMediaControlService: getCurrentPlayerInfoList InfoList size: 1
03-03 03:00:55.463  3822  4010 W QosScheduler: getScenario failed! scenarios is null, mask=32
03-03 03:00:55.463  3822  4010 W QosScheduler: executeSceneQosStrategy get scenario failed! scenario is null
03-03 03:00:55.463  3822  5210 D BatteryStatsServiceExtImpl: report audio global stop...
03-03 03:00:55.621  3822  4063 D PowerManagerService: userActivityNoUpdateLocked: groupId=0, eventTime=92523641, event=touch, flags=0x0, uid=1000
03-03 03:00:55.624  3822  5443 D QuickBackInputPolicy: isInMultiWindowMode and isInSplitScreen is: false isZoomMode is: false isMultiWindowModeInPocketStudio is: false isEmbeddedInLauncherActivity is: false
03-03 03:00:55.624  3822  5443 D QuickBackInputPolicy: hasMultiChildrenInTask: false
03-03 03:00:55.625  3822  5443 D QuickBackInputPolicy: shouldTriggerBackKeyEvent focusWin=Window{48c9384 u0 it.vfsfitvnm.vimusic.debug/it.vfsfitvnm.vimusic.MainActivity}, topFullscreenOpaqueWindow=Window{48c9384 u0 it.vfsfitvnm.vimusic.debug/it.vfsfitvnm.vimusic.MainActivity}, mLaunchEndTimePair=Pair{ActivityRecord{152184657 u0 it.vfsfitvnm.vimusic.debug/it.vfsfitvnm.vimusic.MainActivity t28698} 92443091}, processRunning=false, timeThreshold is: 800, lastRemoteFromAssistant = false
03-03 03:00:55.625  3822  5443 D QuickBackInputPolicy: canInterceptKeyEventToHome Window:Window{48c9384 u0 it.vfsfitvnm.vimusic.debug/it.vfsfitvnm.vimusic.MainActivity}, do nothing!
03-03 03:00:55.639  3822  5443 D QuickBackInputPolicy: isInMultiWindowMode and isInSplitScreen is: false isZoomMode is: false isMultiWindowModeInPocketStudio is: false isEmbeddedInLauncherActivity is: false
03-03 03:00:55.639  3822  5443 D QuickBackInputPolicy: hasMultiChildrenInTask: false
03-03 03:00:55.639  3822  5443 D QuickBackInputPolicy: shouldTriggerBackKeyEvent focusWin=Window{48c9384 u0 it.vfsfitvnm.vimusic.debug/it.vfsfitvnm.vimusic.MainActivity}, topFullscreenOpaqueWindow=Window{48c9384 u0 it.vfsfitvnm.vimusic.debug/it.vfsfitvnm.vimusic.MainActivity}, mLaunchEndTimePair=Pair{ActivityRecord{152184657 u0 it.vfsfitvnm.vimusic.debug/it.vfsfitvnm.vimusic.MainActivity t28698} 92443091}, processRunning=false, timeThreshold is: 800, lastRemoteFromAssistant = false
03-03 03:00:55.639  3822  5443 D CoreBackPreview: startBackNavigation currentTask=Task{6a135b3 #28698 type=standard A=10686:it.vfsfitvnm.vimusic.debug}, topRunningActivity=ActivityRecord{152184657 u0 it.vfsfitvnm.vimusic.debug/it.vfsfitvnm.vimusic.MainActivity t28698}, callbackInfo=OnBackInvokedCallbackInfo{mCallback=android.window.IOnBackInvokedCallback$Stub$Proxy@a74d08c, mPriority=0, mIsAnimationCallback=false, mOverrideBehavior=0}, currentFocus=Window{48c9384 u0 it.vfsfitvnm.vimusic.debug/it.vfsfitvnm.vimusic.MainActivity}
03-03 03:00:55.640  5545  5606 D ShellBackPreview: Received backNavigationInfo:BackNavigationInfo{mType=TYPE_CALLBACK (4), mOnBackNavigationDone=android.os.RemoteCallback@e52d844, mOnBackInvokedCallback=android.window.IOnBackInvokedCallback$Stub$Proxy@fc2fd2d, mPrepareRemoteAnimation=false, mAnimationCallback=false, mCustomizeAnimationInfo=null}
03-03 03:00:55.640  3822  5444 V WindowManager: Relayout Window{40a6650 u0 ColorSideGestureRight_displayId_0}: viewVisibility=0, oldvis=8, req=192x3137 , apr = 0, vsysui=
03-03 03:00:55.640  3822  5444 I WindowManager: Window{40a6650 u0 ColorSideGestureRight_displayId_0} state from NO_SURFACE to DRAW_PENDING; reason: resetDrawState
03-03 03:00:55.646  3822  5444 D WindowManager: NFW_findFocusedWindowIfNeeded:Window{48c9384 u0 it.vfsfitvnm.vimusic.debug/it.vfsfitvnm.vimusic.MainActivity} mCurrentFocus:Window{48c9384 u0 it.vfsfitvnm.vimusic.debug/it.vfsfitvnm.vimusic.MainActivity}
03-03 03:00:55.648  3822  4010 W QosScheduler: getScenario failed! scenarios is null, mask=4
03-03 03:00:55.648  3822  4010 W QosScheduler: executeSceneQosStrategy get scenario failed! scenario is null
03-03 03:00:55.662  3822  5444 I WindowManager: Window{40a6650 u0 ColorSideGestureRight_displayId_0} state from DRAW_PENDING to COMMIT_DRAW_PENDING; reason: finishDrawingLocked
03-03 03:00:55.668  5545 17338 D LinearmotorVibrator: vibrate: effect=WaveformEffect { e4986, effectType=1, effectStrength=-1, effectLoop=false, ringtoneVibrateType=-1, isRingtoneCustomized=false, ringtoneFilePath=, strengthSettingEnabled=true, asynchronous=false, usageHint=0 }
03-03 03:00:55.668  3822  5443 I VibratorManagerServiceExtImpl: vibrate is uid=10208, pid=5545, opPkg=com.android.systemui, effect=Mono{mEffect=Composed{segments=[OplusVibrationEffectSegment{mEffectId=1, mEffectStrength=-1, mRingtonePath=''}], repeat=-1}}, attributes=VibrationAttributes{mUsage=UNKNOWN, mAudioUsage= USAGE_UNKNOWN, mFlags=0}, reason=null, token=241864256
03-03 03:00:55.671  3822  4718 W VibrationScaler: Got unexpected vibration intensity: 2100
03-03 03:00:55.671  3822  4718 D VibrationThread: Perform OplusPrebakedSegment{mWaveformId=2, mDuration=45, mEffectStrength=2100, mDefaultUsage=TOUCH} on vibrator 0
03-03 03:00:55.672  3822  3933 I WindowManager: Window{40a6650 u0 ColorSideGestureRight_displayId_0} state from COMMIT_DRAW_PENDING to READY_TO_SHOW; reason: commitFinishDrawingLocked
03-03 03:00:55.673  3822  3933 I WindowManager: Window{40a6650 u0 ColorSideGestureRight_displayId_0} state from READY_TO_SHOW to HAS_DRAWN; reason: performShowLocked
03-03 03:00:55.703  5545  5606 D ShellBackPreview: Finishing gesture with event action: 1
03-03 03:00:55.703  5545  5606 D ShellBackPreview: onGestureFinished() mTriggerBack == true
03-03 03:00:55.703  5545  5606 D ShellBackPreview: Trigger back without dispatching to animator.
03-03 03:00:55.704  5545  5606 D ShellBackPreview: BackAnimationController: finishBackNavigation()
03-03 03:00:55.706  3822  5443 D CoreBackPreview: onBackNavigationDone backType=4, triggerBack=true
03-03 03:00:55.708  3822  3930 D OplusPanoramaWorkBranchController: notifyMotionUpOrCancel
03-03 03:00:55.820  3822  5443 V WindowManager: Relayout Window{40a6650 u0 ColorSideGestureRight_displayId_0}: viewVisibility=8, oldvis=0, req=192x3137 , apr = 0, vsysui=
03-03 03:00:55.821  3822  5443 I WindowManager: Window{40a6650 u0 ColorSideGestureRight_displayId_0} state from HAS_DRAWN to NO_SURFACE; reason: destroySurface
03-03 03:00:55.826  3822  5443 D WindowManager: NFW_findFocusedWindowIfNeeded:Window{48c9384 u0 it.vfsfitvnm.vimusic.debug/it.vfsfitvnm.vimusic.MainActivity} mCurrentFocus:Window{48c9384 u0 it.vfsfitvnm.vimusic.debug/it.vfsfitvnm.vimusic.MainActivity}
03-03 03:00:56.808  3822  4010 W QosScheduler: getScenario failed! scenarios is null, mask=4
03-03 03:00:56.808  3822  4010 W QosScheduler: executeSceneQosStrategy get scenario failed! scenario is null
03-03 03:00:56.890  3822  4721 V AlarmManager: sending alarm Alarm{eaa8be6 type 1 origWhen 1772487056889 whenElapsed 203680160 android} uid 1000 whenElapsed 203680160 windowLength 0 maxWhenElapsed 203680160 repeatInterval 0 action null component null tag StorgaeBandInfoAlarmTag flags 0x9 procName system_server
03-03 03:00:57.094  3822  5443 W SettingsStatsUtil: Can not parse value to float: +network
03-03 03:00:57.206  3822  4063 D PowerManagerService: userActivityNoUpdateLocked: groupId=0, eventTime=92525223, event=touch, flags=0x0, uid=1000
03-03 03:00:57.305  3822  4063 D PowerManagerService: userActivityNoUpdateLocked: groupId=0, eventTime=92525327, event=touch, flags=0x0, uid=1000
03-03 03:00:57.314  3822  3930 D OplusPanoramaWorkBranchController: notifyMotionUpOrCancel
03-03 03:00:57.698  3822  4762 D InputMethodManagerService: isSecurity: attribute.packageName = it.vfsfitvnm.vimusic.debug mCurMethodId = com.google.android.inputmethod.latin/com.android.inputmethod.latin.LatinIME isSecurity = false ( enable = false needShow = false inBlackList = false isExist = true )
03-03 03:00:57.700 19889 19889 D InsetsController: Setting requestedVisibleTypes to -1 (was -9)
03-03 03:00:57.701  3822  4010 I UserAwareMgr: event is already released: SceneEvent{id=5017, maxWorkDurationMs=1500, caller='[android]', eventFlags=0, fbPriority=1, keyThreads=[KeyThread{name=InsetsAnimation, owner=self, schedPolicy=ux, priority=ANIMATOR, maxThreadCount=1}, KeyThread{name=UIThread, owner=self, schedPolicy=ux, priority=ANIMATOR, maxThreadCount=1}, KeyThread{name=main, owner=self, schedPolicy=ux, priority=ANIMATOR, maxThreadCount=1}], vipBinderGroup=null}, callingPid: 3822, appPid: 0
03-03 03:00:57.703  3822  5443 I TaskOrganizerController: onTaskInfoChanged taskid 28698 config { mBounds=Rect(0, 0 - 1240, 2772) mAppBounds=Rect(0, 0 - 1240, 2772) mMaxBounds=Rect(0, 0 - 1240, 2772) mDisplayRotation=ROTATION_0 mWindowingMode=fullscreen mActivityType=standard mAlwaysOnTop=undefined mRotation=ROTATION_0}
03-03 03:00:57.704  3822  5443 D OplusFlexibleDragToSplitAnimController: visibleFlexibleTaskInfos delete:28698
03-03 03:00:57.704  3822  5443 E FlexibleWindowManagerService: notifyTaskObserverToAttachController not need to notify!
03-03 03:00:57.704  3822  5443 I FlexibleWindowManagerService: onFlexibleWindowTaskInfoChanged, return for cur task not embedded
03-03 03:00:57.710  3822  4010 I UserAwareMgr: fg app status not changed, beforeVisible: true, currentVisible: true
03-03 03:00:57.712  3822  5444 V AutofillInlineSuggestionsRequestSession: onInputMethodStartInput() received on 1073741828
03-03 03:00:57.720  3822  5210 W PackageConfigPersister: App-specific configuration not found for packageName: it.vfsfitvnm.vimusic.debug and userId: 0
03-03 03:00:57.720  3822  4010 I UserAwareMgr: fg app status not changed, beforeVisible: true, currentVisible: true
03-03 03:00:57.720  3822  5210 V AutofillInlineSuggestionsRequestSession: onInputMethodShowInputRequested() received: true
03-03 03:00:57.721  9470  9470 W VRI[OplusOSEdgeFloatBar]: handleResized abandoned!
03-03 03:00:57.722  5545  5545 W VRI[StatusBar]: handleResized abandoned!
03-03 03:00:57.722  5545  5545 W VRI[NavigationBar_displayId_0]: handleResized abandoned!
03-03 03:00:57.722  5787  5787 W VRI[HideNavHandle]: handleResized abandoned!
03-03 03:00:57.722  3822  4762 I FlexibleTaskController: onShowImeRequested
03-03 03:00:57.724  3822  5210 V AutofillInlineSuggestionsRequestSession: onInputMethodStartInputView() received
03-03 03:00:57.753 19889 19889 W VRI[MainActivity]: handleResized abandoned!
03-03 03:00:57.798  3822  4010 W QosScheduler: getScenario failed! scenarios is null, mask=2048
03-03 03:00:57.798  3822  4010 W QosScheduler: executeSceneQosStrategy get scenario failed! scenario is null
03-03 03:00:57.799  3822  5210 D CoreBackPreview: Window{48c9384 u0 it.vfsfitvnm.vimusic.debug/it.vfsfitvnm.vimusic.MainActivity}: Setting back callback OnBackInvokedCallbackInfo{mCallback=android.window.IOnBackInvokedCallback$Stub$Proxy@c5cfba5, mPriority=0, mIsAnimationCallback=true, mOverrideBehavior=0}
03-03 03:00:57.802  3822  5210 V WindowManager: Relayout Window{3a290e9 u0 InputMethod}: viewVisibility=0, oldvis=8, req=1240x2633 , apr = 0, vsysui=, x=0, y=0
03-03 03:00:57.802  3822  5210 I WindowManager: Window{3a290e9 u0 InputMethod} state from NO_SURFACE to DRAW_PENDING; reason: resetDrawState
03-03 03:00:57.802  3822  4010 W SmartWindowScene: updateWindowState fail! invalid window type: -1
03-03 03:00:57.803  3822  4010 W SmartWindowScene: updateWindowState fail! invalid window type: -1
03-03 03:00:57.804  3822  5210 D WindowManager: setFrameRateStart invalid typeId return!
03-03 03:00:57.805  3822  5210 D WindowManager: NFW_findFocusedWindowIfNeeded:Window{48c9384 u0 it.vfsfitvnm.vimusic.debug/it.vfsfitvnm.vimusic.MainActivity} mCurrentFocus:Window{48c9384 u0 it.vfsfitvnm.vimusic.debug/it.vfsfitvnm.vimusic.MainActivity}
03-03 03:00:57.805  5545  5606 D WindowManagerShell: onKeepClearAreasChanged: restricted={}, unrestricted={Rect(0, 2716 - 1240, 2772)}
03-03 03:00:57.807  9051  9051 W VRI[InputMethod]: updateBlastSurfaceIfNeeded, surfaceSize:Point(1240, 2633), lastSurfaceSize:Point(1240, 2633), format:-2, blastBufferQueue:null
03-03 03:00:57.812 19889 19889 W VRI[MainActivity]: handleResized abandoned!
03-03 03:00:57.813  5545  5545 W VRI[StatusBar]: handleResized abandoned!
03-03 03:00:57.813  9470  9470 W VRI[OplusOSEdgeFloatBar]: handleResized abandoned!
03-03 03:00:57.813  5545  5545 W VRI[NavigationBar_displayId_0]: handleResized abandoned!
03-03 03:00:57.813  5545  5606 D WindowManagerShell: onKeepClearAreasChanged: restricted={}, unrestricted={Rect(0, 1823 - 1240, 2772)}
03-03 03:00:57.816  5787  5787 W VRI[HideNavHandle]: handleResized abandoned!
03-03 03:00:57.816  3822  5210 I WindowManager: Window{3a290e9 u0 InputMethod} state from DRAW_PENDING to COMMIT_DRAW_PENDING; reason: finishDrawingLocked
03-03 03:00:57.819  3822  3933 I WindowManager: Window{3a290e9 u0 InputMethod} state from COMMIT_DRAW_PENDING to READY_TO_SHOW; reason: commitFinishDrawingLocked
03-03 03:00:57.819  3822  3933 V WindowStateExtImpl: notifyWindowStateChange input show
03-03 03:00:57.819  3822  3933 I WindowManager: Window{3a290e9 u0 InputMethod} state from READY_TO_SHOW to HAS_DRAWN; reason: performShowLocked
03-03 03:00:57.821  9051  9051 W VRI[InputMethod]: handleResized, msg:, frameChanged:false, configChanged:false, displayChanged:false, attachedFrameChanged:false, compatScaleChanged:false, pendingDragResizing=false
03-03 03:00:57.824 19889 19889 W VRI[MainActivity]: handleResized abandoned!
03-03 03:00:57.824  9470  9470 W VRI[OplusOSEdgeFloatBar]: handleResized abandoned!
03-03 03:00:57.824  5545  5545 W VRI[StatusBar]: handleResized abandoned!
03-03 03:00:57.824  5545  5545 W VRI[NavigationBar_displayId_0]: handleResized abandoned!
03-03 03:00:57.824  5787  5787 W VRI[HideNavHandle]: handleResized abandoned!
03-03 03:00:57.829  9051  9051 W VRI[InputMethod]: handleResized abandoned!
03-03 03:00:57.829  3822  4010 I UserAwareMgr: handleFgAppChanged, pkgName: com.google.android.inputmethod.latin, pid: 9051, isVisible: true, fgAppType: FG2
03-03 03:00:57.829  3822  4010 I UserAwareMgr: fg app status not changed, beforeVisible: true, currentVisible: true
03-03 03:00:58.370  3822  4045 D BatteryStatsImplExtImpl: mActiveProcesses size = 59
03-03 03:00:58.895  3822  4721 V AlarmManager: sending alarm Alarm{4ac7fbf type 1 origWhen 1772487058895 whenElapsed 203682165 android} uid 1000 whenElapsed 203682165 windowLength 0 maxWhenElapsed 203682165 repeatInterval 0 action null component null tag StorgaeBandInfoAlarmTag flags 0x9 procName system_server
03-03 03:00:59.509  3822  5269 D osense-camera: uid running : 10154
03-03 03:00:59.669  3822  4063 D PowerManagerService: userActivityNoUpdateLocked: groupId=0, eventTime=92527688, event=touch, flags=0x0, uid=1000
03-03 03:00:59.738  3822  3930 D OplusPanoramaWorkBranchController: notifyMotionUpOrCancel
03-03 03:01:00.000  3822  4721 V AlarmManager: sending alarm Alarm{30dbdea type 3 origWhen 203683270 whenElapsed 203683270 android} uid 1000 whenElapsed 203683270 windowLength 0 maxWhenElapsed 203683270 repeatInterval 0 action null component null tag TIME_TICK flags 0x9 procName system_server
03-03 03:01:00.053  3822  4067 D OplusDisplayBrightnessBroadcastReceiver: onReceive action = android.intent.action.TIME_TICK , listeners = [com.android.server.display.color.eyeprotect.manager.AiCurveManager$RhythmBroadcastReceiverWithUpgradeUI@4f660c]
03-03 03:01:00.053  3822  3822 D LightsServiceExtImpl: currentTime is not belong to 700 - 2330
03-03 03:01:00.463  3822  4010 I QosScheduler[QoSPolicy]: setSceneQoS begin:false sceneId:5
03-03 03:01:00.900  3822  4721 V AlarmManager: sending alarm Alarm{3542042 type 1 origWhen 1772487060900 whenElapsed 203684170 android} uid 1000 whenElapsed 203684170 windowLength 0 maxWhenElapsed 203684170 repeatInterval 0 action null component null tag StorgaeBandInfoAlarmTag flags 0x9 procName system_server
03-03 03:01:02.036  3822  4063 D PowerManagerService: userActivityNoUpdateLocked: groupId=0, eventTime=92530055, event=touch, flags=0x0, uid=1000
03-03 03:01:02.076  3822  3930 D OplusPanoramaWorkBranchController: notifyMotionUpOrCancel
03-03 03:01:02.084  3822  5210 I VibratorManagerServiceExtImpl: vibrate is uid=10274, pid=0, opPkg=com.google.android.inputmethod.latin, effect=Mono{mEffect=Composed{segments=[OplusVibrationEffectSegment{mEffectId=1, mEffectStrength=-1, mRingtonePath=''}], repeat=-1}}, attributes=VibrationAttributes{mUsage=IME, mAudioUsage= USAGE_UNKNOWN, mFlags=0}, reason=performHapticFeedback(constant=3): ViewRootImpl#performHapticFeedback, token=189773242
03-03 03:01:02.087  3822  4718 W VibrationScaler: Got unexpected vibration intensity: 2100
03-03 03:01:02.087  3822  4718 D VibrationThread: Perform OplusPrebakedSegment{mWaveformId=111, mDuration=36, mEffectStrength=2100, mDefaultUsage=TOUCH} on vibrator 0
03-03 03:01:02.114  3822  4569 D osense.compress: com.google.android.inputmethod.latin do shrink, target ratio = 81, final ratio = 90, cur ratio = 72
03-03 03:01:02.451  3822  4063 D PowerManagerService: userActivityNoUpdateLocked: groupId=0, eventTime=92530471, event=touch, flags=0x0, uid=1000
03-03 03:01:02.464  3822  5210 I VibratorManagerServiceExtImpl: vibrate is uid=10274, pid=0, opPkg=com.google.android.inputmethod.latin, effect=Mono{mEffect=Composed{segments=[OplusVibrationEffectSegment{mEffectId=1, mEffectStrength=-1, mRingtonePath=''}], repeat=-1}}, attributes=VibrationAttributes{mUsage=IME, mAudioUsage= USAGE_UNKNOWN, mFlags=0}, reason=performHapticFeedback(constant=3): ViewRootImpl#performHapticFeedback, token=189773242
03-03 03:01:02.468  3822  4718 W VibrationScaler: Got unexpected vibration intensity: 2100
03-03 03:01:02.468  3822  4718 D VibrationThread: Perform OplusPrebakedSegment{mWaveformId=111, mDuration=36, mEffectStrength=2100, mDefaultUsage=TOUCH} on vibrator 0
03-03 03:01:02.537  3822  3930 D OplusPanoramaWorkBranchController: notifyMotionUpOrCancel
03-03 03:01:02.907  3822  4721 V AlarmManager: sending alarm Alarm{936bf6d type 1 origWhen 1772487062907 whenElapsed 203686177 android} uid 1000 whenElapsed 203686177 windowLength 0 maxWhenElapsed 203686177 repeatInterval 0 action null component null tag StorgaeBandInfoAlarmTag flags 0x9 procName system_server
03-03 03:01:03.531  3822  4063 D PowerManagerService: userActivityNoUpdateLocked: groupId=0, eventTime=92531546, event=touch, flags=0x0, uid=1000
03-03 03:01:03.535  3822  5210 I VibratorManagerServiceExtImpl: vibrate is uid=10274, pid=0, opPkg=com.google.android.inputmethod.latin, effect=Mono{mEffect=Composed{segments=[OplusVibrationEffectSegment{mEffectId=1, mEffectStrength=-1, mRingtonePath=''}], repeat=-1}}, attributes=VibrationAttributes{mUsage=IME, mAudioUsage= USAGE_UNKNOWN, mFlags=0}, reason=performHapticFeedback(constant=3): ViewRootImpl#performHapticFeedback, token=189773242
03-03 03:01:03.538  3822  4718 W VibrationScaler: Got unexpected vibration intensity: 2100
03-03 03:01:03.539  3822  4718 D VibrationThread: Perform OplusPrebakedSegment{mWaveformId=111, mDuration=36, mEffectStrength=2100, mDefaultUsage=TOUCH} on vibrator 0
03-03 03:01:03.621  3822  3930 D OplusPanoramaWorkBranchController: notifyMotionUpOrCancel
03-03 03:01:03.877  3822  4063 D PowerManagerService: userActivityNoUpdateLocked: groupId=0, eventTime=92531898, event=touch, flags=0x0, uid=1000
03-03 03:01:03.887  3822  5210 I VibratorManagerServiceExtImpl: vibrate is uid=10274, pid=0, opPkg=com.google.android.inputmethod.latin, effect=Mono{mEffect=Composed{segments=[OplusVibrationEffectSegment{mEffectId=1, mEffectStrength=-1, mRingtonePath=''}], repeat=-1}}, attributes=VibrationAttributes{mUsage=IME, mAudioUsage= USAGE_UNKNOWN, mFlags=0}, reason=performHapticFeedback(constant=3): ViewRootImpl#performHapticFeedback, token=189773242
03-03 03:01:03.893  3822  4718 W VibrationScaler: Got unexpected vibration intensity: 2100
03-03 03:01:03.894  3822  4718 D VibrationThread: Perform OplusPrebakedSegment{mWaveformId=111, mDuration=36, mEffectStrength=2100, mDefaultUsage=TOUCH} on vibrator 0
03-03 03:01:03.980  3822  4063 D PowerManagerService: userActivityNoUpdateLocked: groupId=0, eventTime=92532002, event=touch, flags=0x0, uid=1000
03-03 03:01:04.000  3822  3930 D OplusPanoramaWorkBranchController: notifyMotionUpOrCancel
03-03 03:01:04.041  3822  5210 W SettingsStatsUtil: Can not parse value to float: +network
03-03 03:01:04.915  3822  4721 V AlarmManager: sending alarm Alarm{7790ebd type 1 origWhen 1772487064914 whenElapsed 203688184 android} uid 1000 whenElapsed 203688184 windowLength 0 maxWhenElapsed 203688184 repeatInterval 0 action null component null tag StorgaeBandInfoAlarmTag flags 0x9 procName system_server
03-03 03:01:05.019  3822  4063 D PowerManagerService: userActivityNoUpdateLocked: groupId=0, eventTime=92533037, event=touch, flags=0x0, uid=1000
03-03 03:01:05.079  3822  3930 D OplusPanoramaWorkBranchController: notifyMotionUpOrCancel
03-03 03:01:05.542 19889 19889 D InsetsController: Setting requestedVisibleTypes to -9 (was -1)
03-03 03:01:05.542  3822  5300 D CoreBackPreview: Window{48c9384 u0 it.vfsfitvnm.vimusic.debug/it.vfsfitvnm.vimusic.MainActivity}: Setting back callback OnBackInvokedCallbackInfo{mCallback=android.window.IOnBackInvokedCallback$Stub$Proxy@d2e0c44, mPriority=0, mIsAnimationCallback=false, mOverrideBehavior=0}
03-03 03:01:05.546  3822  5367 D WindowManager: setFrameRateStart invalid typeId return!
03-03 03:01:05.548  3822  5367 I TaskOrganizerController: onTaskInfoChanged taskid 28698 config { mBounds=Rect(0, 0 - 1240, 2772) mAppBounds=Rect(0, 0 - 1240, 2772) mMaxBounds=Rect(0, 0 - 1240, 2772) mDisplayRotation=ROTATION_0 mWindowingMode=fullscreen mActivityType=standard mAlwaysOnTop=undefined mRotation=ROTATION_0}
03-03 03:01:05.549  3822  5367 D OplusFlexibleDragToSplitAnimController: visibleFlexibleTaskInfos delete:28698
03-03 03:01:05.549  3822  5367 E FlexibleWindowManagerService: notifyTaskObserverToAttachController not need to notify!
03-03 03:01:05.549  3822  5367 I FlexibleWindowManagerService: onFlexibleWindowTaskInfoChanged, return for cur task not embedded
03-03 03:01:05.559 19889 19889 W VRI[MainActivity]: handleResized abandoned!
03-03 03:01:05.561  5787  5787 W VRI[HideNavHandle]: handleResized abandoned!
03-03 03:01:05.561  5545  5545 W VRI[StatusBar]: handleResized abandoned!
03-03 03:01:05.561  5545  5545 W VRI[NavigationBar_displayId_0]: handleResized abandoned!
03-03 03:01:05.560  9470  9470 W VRI[OplusOSEdgeFloatBar]: handleResized abandoned!
03-03 03:01:05.566  5545  5606 D WindowManagerShell: onKeepClearAreasChanged: restricted={}, unrestricted={}
03-03 03:01:05.567  3822  4010 I UserAwareMgr: fg app status not changed, beforeVisible: true, currentVisible: true
03-03 03:01:05.567  3822  5300 V AutofillInlineSuggestionsRequestSession: onInputMethodStartInput() received on 0
03-03 03:01:05.571  3822  5300 V AutofillInlineSuggestionsRequestSession: onInputMethodStartInputView() received
03-03 03:01:05.572  3822  5300 W PackageConfigPersister: App-specific configuration not found for packageName: it.vfsfitvnm.vimusic.debug and userId: 0
03-03 03:01:05.595  3822  3932 V WindowStateExtImpl: notifyWindowStateChange input show
03-03 03:01:05.613  9051  9051 W VRI[InputMethod]: updateBlastSurfaceIfNeeded, surfaceSize:Point(1240, 2633), lastSurfaceSize:Point(1240, 2633), format:-2, blastBufferQueue:android.graphics.BLASTBufferQueue@c70d60
03-03 03:01:05.613  3822  5210 V WindowManager: Relayout Window{3a290e9 u0 InputMethod}: viewVisibility=0, oldvis=0, req=1240x2633 , apr = 0, vsysui=, x=0, y=0
03-03 03:01:05.615  3822  5210 D WindowManager: NFW_findFocusedWindowIfNeeded:Window{48c9384 u0 it.vfsfitvnm.vimusic.debug/it.vfsfitvnm.vimusic.MainActivity} mCurrentFocus:Window{48c9384 u0 it.vfsfitvnm.vimusic.debug/it.vfsfitvnm.vimusic.MainActivity}
03-03 03:01:05.618 19889 19889 W VRI[MainActivity]: handleResized abandoned!
03-03 03:01:05.618  5787  5787 W VRI[HideNavHandle]: handleResized abandoned!
03-03 03:01:05.619  9470  9470 W VRI[OplusOSEdgeFloatBar]: handleResized abandoned!
03-03 03:01:05.619  5545  5545 W VRI[StatusBar]: handleResized abandoned!
03-03 03:01:05.620  5545  5545 W VRI[NavigationBar_displayId_0]: handleResized abandoned!
03-03 03:01:05.855  3822  4010 I UserAwareMgr: fg app status not changed, beforeVisible: true, currentVisible: true
03-03 03:01:05.856  3822  5210 V AutofillInlineSuggestionsRequestSession: onInputMethodFinishInputView() received
03-03 03:01:05.865  9051  9051 W VRI[InputMethod]: updateBlastSurfaceIfNeeded, surfaceSize:Point(1240, 2633), lastSurfaceSize:Point(1240, 2633), format:-2, blastBufferQueue:android.graphics.BLASTBufferQueue@c70d60
03-03 03:01:05.865  3822  5210 V WindowManager: Relayout Window{3a290e9 u0 InputMethod}: viewVisibility=0, oldvis=0, req=1240x2633 , apr = 0, vsysui=, x=0, y=0
03-03 03:01:05.867  3822  5210 D WindowManager: NFW_findFocusedWindowIfNeeded:Window{48c9384 u0 it.vfsfitvnm.vimusic.debug/it.vfsfitvnm.vimusic.MainActivity} mCurrentFocus:Window{48c9384 u0 it.vfsfitvnm.vimusic.debug/it.vfsfitvnm.vimusic.MainActivity}
03-03 03:01:05.872  3822  4010 W QosScheduler: getScenario failed! scenarios is null, mask=2048
03-03 03:01:05.872  3822  4010 W QosScheduler: executeSceneQosStrategy get scenario failed! scenario is null
03-03 03:01:05.882  3822  5300 V WindowManager: Relayout Window{3a290e9 u0 InputMethod}: viewVisibility=8, oldvis=0, req=1240x2633 , apr = 0, vsysui=
03-03 03:01:05.882  3822  5300 I WindowManager: Window{3a290e9 u0 InputMethod} state from HAS_DRAWN to NO_SURFACE; reason: destroySurface
03-03 03:01:05.882  3822  4010 W SmartWindowScene: updateWindowState fail! invalid window type: -1
03-03 03:01:05.882  3822  4010 I UserAwareMgr: handleFgAppChanged, pkgName: com.google.android.inputmethod.latin, pid: 9051, isVisible: false, fgAppType: FG2
03-03 03:01:05.883  3822  4010 I UserAwareMgr: fg app status not changed, beforeVisible: true, currentVisible: true
03-03 03:01:05.885  3822  5300 D WindowManager: setFrameRateStart invalid typeId return!
03-03 03:01:05.889  9470  9470 W VRI[OplusOSEdgeFloatBar]: handleResized abandoned!
03-03 03:01:05.889 19889 19889 W VRI[MainActivity]: handleResized abandoned!
03-03 03:01:05.889  5787  5787 W VRI[HideNavHandle]: handleResized abandoned!
03-03 03:01:05.890  3822  5300 D WindowManager: NFW_findFocusedWindowIfNeeded:Window{48c9384 u0 it.vfsfitvnm.vimusic.debug/it.vfsfitvnm.vimusic.MainActivity} mCurrentFocus:Window{48c9384 u0 it.vfsfitvnm.vimusic.debug/it.vfsfitvnm.vimusic.MainActivity}
03-03 03:01:05.890  5545  5545 W VRI[StatusBar]: handleResized abandoned!
03-03 03:01:05.890  5545  5545 W VRI[NavigationBar_displayId_0]: handleResized abandoned!
03-03 03:01:05.902 19889 19889 W VRI[MainActivity]: handleResized abandoned!
03-03 03:01:05.903  9470  9470 W VRI[OplusOSEdgeFloatBar]: handleResized abandoned!
03-03 03:01:05.904  5787  5787 W VRI[HideNavHandle]: handleResized abandoned!
03-03 03:01:05.905  5545  5545 W VRI[StatusBar]: handleResized abandoned!
03-03 03:01:05.905  5545  5545 W VRI[NavigationBar_displayId_0]: handleResized abandoned!
03-03 03:01:06.111  3822  4010 I UserAwareMgr: fg app status not changed, beforeVisible: true, currentVisible: true
03-03 03:01:06.366  3822  4010 I UserAwareMgr: fg app status not changed, beforeVisible: true, currentVisible: true
03-03 03:01:06.371  3822  4010 I UserAwareMgr: fg app status not changed, beforeVisible: true, currentVisible: true
03-03 03:01:06.398  3822  4010 I UserAwareMgr: fg app status not changed, beforeVisible: true, currentVisible: true
03-03 03:01:06.920  3822  4721 V AlarmManager: sending alarm Alarm{843282d type 1 origWhen 1772487066919 whenElapsed 203690190 android} uid 1000 whenElapsed 203690190 windowLength 0 maxWhenElapsed 203690190 repeatInterval 0 action null component null tag StorgaeBandInfoAlarmTag flags 0x9 procName system_server
03-03 03:01:07.583  3822  4063 D PowerManagerService: userActivityNoUpdateLocked: groupId=0, eventTime=92535598, event=touch, flags=0x0, uid=1000
03-03 03:01:07.679  3822  4063 D PowerManagerService: userActivityNoUpdateLocked: groupId=0, eventTime=92535702, event=touch, flags=0x0, uid=1000
03-03 03:01:07.697  3822  3930 D OplusPanoramaWorkBranchController: notifyMotionUpOrCancel
03-03 03:01:07.710  3822  5444 I MediaSessionStack: onPlaybackStateChanged - Pushing session to top | record: it.vfsfitvnm.vimusic.debug/PlayerService/71 (userId=0)
03-03 03:01:07.717  3822  3857 I ActivityManager: Background started FGS: Allowed [callingPackage: it.vfsfitvnm.vimusic.debug; callingUid: 10686; uidState: TOP ; uidBFSL: [BFSL]; intent: Intent { xflg=0x4 cmp=it.vfsfitvnm.vimusic.debug/it.vfsfitvnm.vimusic.service.PlayerService mCallingUid=10686 }; code:PROC_STATE_TOP; tempAllowListReason:<null>; allowWiu:12; targetSdkVersion:33; callerTargetSdkVersion:33; startForegroundCount:4; bindFromPackage:null: isBindService:false]
03-03 03:01:07.722  3822  3857 W ActivityManager: Starting FGS with type mediaPlayback code=4 callerApp=ProcessRecord{2f75a7 19889:it.vfsfitvnm.vimusic.debug/u0a686} targetSDK=33 requiredPermissions=all of the permissions allOf=true [android.permission.FOREGROUND_SERVICE_MEDIA_PLAYBACK] 
03-03 03:01:07.725  3822  4029 D NotificationService--OplusNotificationFixHelper: fixAppIcon: pkg=it.vfsfitvnm.vimusic.debug
