03-03 02:54:26.896  3822  4721 V AlarmManager: sending alarm Alarm{6f977ef type 1 origWhen 1772486666896 whenElapsed 203290166 android} uid 1000 whenElapsed 203290166 windowLength 0 maxWhenElapsed 203290166 repeatInterval 0 action null component null tag StorgaeBandInfoAlarmTag flags 0x9 procName system_server
03-03 02:54:27.044  3822  5443 W SettingsStatsUtil: Can not parse value to float: +network
03-03 02:54:28.901  3822  4721 V AlarmManager: sending alarm Alarm{29e3adf type 1 origWhen 1772486668901 whenElapsed 203292171 android} uid 1000 whenElapsed 203292171 windowLength 0 maxWhenElapsed 203292171 repeatInterval 0 action null component null tag StorgaeBandInfoAlarmTag flags 0x9 procName system_server
03-03 02:54:29.095  3822  4569 D osense.compress: com.google.android.gms do shrink, target ratio = 75, final ratio = 90, cur ratio = 60
03-03 02:54:29.592  3822  4569 D osense.compress: com.google.android.apps.messaging do shrink, target ratio = 73, final ratio = 90, cur ratio = 56
03-03 02:54:29.852  1330 13452 I keystore2: system/security/keystore2/watchdog/src/lib.rs:377 - Watchdog thread idle -> terminating. Have a great day.
03-03 02:54:29.971  3822  5443 W ProcessStats: Tracking association SourceState{c4ea6d7 com.google.android.gms/10117 BTop #358658} whose proc state 2 is better than process ProcessState{16213eb com.android.vending/10116 pkg=com.android.vending} proc state 14 (23 skipped)
03-03 02:54:30.585  3822  5144 D OAppNetControlService: Close socket:[10348] cause:App bg(IMMEDIATELY) success!
03-03 02:54:30.585  3822  5144 D OAppNetControlService: Hans update:[10348=true][0|0] blackList:[10041, 10686, 10348]
03-03 02:54:30.907  3822  4721 V AlarmManager: sending alarm Alarm{7ed7548 type 1 origWhen 1772486670906 whenElapsed 203294176 android} uid 1000 whenElapsed 203294176 windowLength 0 maxWhenElapsed 203294176 repeatInterval 0 action null component null tag StorgaeBandInfoAlarmTag flags 0x9 procName system_server
03-03 02:54:31.905  3822  3857 D ActivityManager: Async freezing 13576 com.google.android.gms.unstable
03-03 02:54:32.913  3822  4721 V AlarmManager: sending alarm Alarm{da1c38b type 1 origWhen 1772486672913 whenElapsed 203296183 android} uid 1000 whenElapsed 203296183 windowLength 0 maxWhenElapsed 203296183 repeatInterval 0 action null component null tag StorgaeBandInfoAlarmTag flags 0x9 procName system_server
03-03 02:54:34.042  3822  4564 W SettingsStatsUtil: Can not parse value to float: +network
03-03 02:54:34.916  3822  4721 V AlarmManager: sending alarm Alarm{eaede2d type 1 origWhen 1772486674915 whenElapsed 203298185 android} uid 1000 whenElapsed 203298185 windowLength 0 maxWhenElapsed 203298185 repeatInterval 0 action null component null tag StorgaeBandInfoAlarmTag flags 0x9 procName system_server
03-03 02:54:34.927  3822  4715 D ActivityManager: freezing 11934 com.android.vending:background
03-03 02:54:35.583  3822  4569 D osense.compress: com.phonepe.app do shrink, target ratio = 50, final ratio = 90, cur ratio = 11
03-03 02:54:35.938  3822  4715 D ActivityManager: Freezer deadlock watchdog
03-03 02:54:36.080  3822  4029 W ActivityManager: Stopping service due to app idle: u0a686 -1m47s139ms it.vfsfitvnm.vimusic.debug/it.vfsfitvnm.vimusic.service.PlayerService
03-03 02:54:36.124  3822  3822 D NotificationGroupType: maybeUngroupOplus:after all cleared
03-03 02:54:36.788  3822  4715 D ActivityManager: freezing 12975 com.google.android.apps.messaging
03-03 02:54:36.925  3822  4721 V AlarmManager: sending alarm Alarm{b14df74 type 1 origWhen 1772486676924 whenElapsed 203300194 android} uid 1000 whenElapsed 203300194 windowLength 0 maxWhenElapsed 203300194 repeatInterval 0 action null component null tag StorgaeBandInfoAlarmTag flags 0x9 procName system_server
03-03 02:54:37.807  3822  4715 D ActivityManager: Freezer deadlock watchdog
03-03 02:54:38.932  3822  4721 V AlarmManager: sending alarm Alarm{4865388 type 1 origWhen 1772486678932 whenElapsed 203302202 android} uid 1000 whenElapsed 203302202 windowLength 0 maxWhenElapsed 203302202 repeatInterval 0 action null component null tag StorgaeBandInfoAlarmTag flags 0x9 procName system_server
03-03 02:54:39.558  3822  4881 V NetworkPolicy: updateNetworkEnabledNL() return
03-03 02:54:39.558  3822  4881 V NetworkPolicy: updateNotificationsNL not process
03-03 02:54:40.935  3822  4721 V AlarmManager: sending alarm Alarm{68b7493 type 1 origWhen 1772486680935 whenElapsed 203304205 android} uid 1000 whenElapsed 203304205 windowLength 0 maxWhenElapsed 203304205 repeatInterval 0 action null component null tag StorgaeBandInfoAlarmTag flags 0x9 procName system_server
03-03 02:54:41.923  3822  4715 D ActivityManager: freezing 13576 com.google.android.gms.unstable
03-03 02:54:42.929  3822  4715 D ActivityManager: Freezer deadlock watchdog
03-03 02:54:42.940  3822  4721 V AlarmManager: sending alarm Alarm{488c894 type 1 origWhen 1772486682940 whenElapsed 203306210 android} uid 1000 whenElapsed 203306210 windowLength 0 maxWhenElapsed 203306210 repeatInterval 0 action null component null tag StorgaeBandInfoAlarmTag flags 0x9 procName system_server
03-03 02:54:44.946  3822  4721 V AlarmManager: sending alarm Alarm{d3c962c type 1 origWhen 1772486684943 whenElapsed 203308214 android} uid 1000 whenElapsed 203308214 windowLength 0 maxWhenElapsed 203308214 repeatInterval 0 action null component null tag StorgaeBandInfoAlarmTag flags 0x9 procName system_server
03-03 02:54:45.731  3822  4721 V AlarmManager: sending alarm Alarm{63afce2 type 3 origWhen 203309000 whenElapsed 203309000 android} uid 1000 whenElapsed 203309000 windowLength 0 maxWhenElapsed 203309000 repeatInterval 0 action null component null tag StatsCompanionService.periodic flags 0x9 procName system_server
03-03 02:54:46.960  3822  4721 V AlarmManager: sending alarm Alarm{fa68cf type 1 origWhen 1772486686960 whenElapsed 203310230 android} uid 1000 whenElapsed 203310230 windowLength 0 maxWhenElapsed 203310230 repeatInterval 0 action null component null tag StorgaeBandInfoAlarmTag flags 0x9 procName system_server
03-03 02:54:47.084  3822  3822 I SoundTriggerHelper: Recognition success
03-03 02:54:47.085  3822  4920 I SoundTriggerMiddlewareLogging: RECOGNITION (1, PhraseRecognitionEventSys{phraseRecognitionEvent: PhraseRecognitionEvent{common: RecognitionEvent{status: 0, type: 0, captureAvailable: true, captureDelayMs: 0, capturePreambleMs: 0, triggerInData: true, audioConfig: AudioConfig{base: AudioConfigBase{sampleRate: 16000, channelMask: AudioChannelLayout.layoutMask(1), format: AudioFormatDescription{type: 1, pcm: 1, encoding: }}, offloadInfo: AudioOffloadInfo{base: AudioConfigBase{sampleRate: 0, channelMask: AudioChannelLayout.none(0), format: AudioFormatDescription{type: 0, pcm: 0, encoding: }}, streamType: 0, bitRatePerSecond: 0, durationUs: 0, hasVideo: false, isStreaming: false, bitWidth: 0, offloadBufferSize: 0, usage: 0, encapsulationMode: -1, contentId: 0, syncId: 0}, frameCount: 0}, data: [0, 0, 0, 0], recognitionStillActive: false}, phraseExtras: [PhraseRecognitionExtra{id: 101, recognitionModes: 1, confidenceLevel: 0, levels: []}]}, halEventReceivedMillis: 203310349, token: android.os.Binder@a9a1425}, 281)
03-03 02:54:47.165  3822  5144 D OAppNetControlService: Hans update:[10041=false][0|0] blackList:[10686, 10348]
03-03 02:54:47.184  3822  4010 W QosScheduler: getScenario failed! scenarios is null, mask=32
03-03 02:54:47.184  3822  4010 W QosScheduler: executeSceneQosStrategy get scenario failed! scenario is null
03-03 02:54:47.190  3822  5144 D OAppNetControlService: Hans update:[10686=false][0|0] blackList:[10348]
03-03 02:54:47.337  6329  6329 D ActivityThread: Package [it.vfsfitvnm.vimusic.debug] reported as REPLACED, but missing application info. Assuming REMOVED.
03-03 02:54:47.353  6329  6329 D ActivityThread: Package [it.vfsfitvnm.vimusic.debug] reported as REPLACED, but missing application info. Assuming REMOVED.
03-03 02:54:47.355  6329  6329 D ActivityThread: Package [it.vfsfitvnm.vimusic.debug] reported as REPLACED, but missing application info. Assuming REMOVED.
03-03 02:54:47.372  3822  3822 I OplusMediaControlService: onActiveSessionsChanged begin
03-03 02:54:47.372  3822  3822 I OplusMediaControlService: onEventFromMediaControllerList controller size = 2
03-03 02:54:47.372  3822  3822 I OplusMediaControlService: getPlayerInfo, playerId: 172325190, pkgname: com.microsoft.teams
03-03 02:54:47.372  3822  3822 I OplusMediaControlService: getPlayerInfo, playerId: 158169384, pkgname: com.google.android.youtube
03-03 02:54:47.372  3822  5267 I MediaSessionStack: removeSession | record: it.vfsfitvnm.vimusic.debug/PlayerService/69 (userId=0)
03-03 02:54:47.372  3822  3822 D OplusMediaControlService: isInMediaBlackList: com.google.android.youtube, 0
03-03 02:54:47.372  3822  3822 I OplusMediaControlService: updateControllerMap begin
03-03 02:54:47.372  3822  3822 D OplusMediaControlService: isInMediaBlackList: com.google.android.youtube, 0
03-03 02:54:47.372  3822  3822 V OplusMediaControlService: this app is in media black list, pkgName: com.google.android.youtube
03-03 02:54:47.372  3822  3822 I OplusMediaControlService: releaseCallback begin, playerId: 134470918
03-03 02:54:47.372  3822  3822 D OplusMediaControlService: isInMediaBlackList: com.google.android.youtube, 0
03-03 02:54:47.372  3822  3822 V OplusMediaControlService: this app is in media black list, pkgName: com.google.android.youtube
03-03 02:54:47.372  3822  3822 I OplusMediaControlService: updataPlayStateMap begin
03-03 02:54:47.373  3822  3822 I OplusMediaControlService: updateMetadataMap begin
03-03 02:54:47.373  3822  3822 I OplusMediaControlService: updatePlayerInfoList event = com.oplus.media.OplusMediaEvent@cbc7aaf
03-03 02:54:47.373  3822  3822 I OplusMediaControlService: sendOnEventMessage begin, eventType: 6, observer: android.os.BinderProxy@c1628f9
03-03 02:54:47.376  3822  3822 I OplusMediaControlService: on event EventType: 6
03-03 02:54:47.376  3822  3822 I OplusMediaControlService: onActiveSessionsChanged begin
03-03 02:54:47.376  3822  3822 I OplusMediaControlService: onEventFromMediaControllerList controller size = 2
03-03 02:54:47.376  3822  3822 I OplusMediaControlService: getPlayerInfo, playerId: 172325190, pkgname: com.microsoft.teams
03-03 02:54:47.376  3822  3822 I OplusMediaControlService: getPlayerInfo, playerId: 158169384, pkgname: com.google.android.youtube
03-03 02:54:47.376  3822  3822 D OplusMediaControlService: isInMediaBlackList: com.google.android.youtube, 0
03-03 02:54:47.376  3822  3822 I OplusMediaControlService: updateControllerMap begin
03-03 02:54:47.376  3822  3822 D OplusMediaControlService: isInMediaBlackList: com.google.android.youtube, 0
03-03 02:54:47.376  3822  3822 V OplusMediaControlService: this app is in media black list, pkgName: com.google.android.youtube
03-03 02:54:47.376  3822  3822 D OplusMediaControlService: isInMediaBlackList: com.google.android.youtube, 0
03-03 02:54:47.376  3822  3822 V OplusMediaControlService: this app is in media black list, pkgName: com.google.android.youtube
03-03 02:54:47.376  3822  3822 I OplusMediaControlService: updataPlayStateMap begin
03-03 02:54:47.376  3822  3822 I OplusMediaControlService: updateMetadataMap begin
03-03 02:54:47.376  3822  3822 I OplusMediaControlService: updatePlayerInfoList event = com.oplus.media.OplusMediaEvent@32954
03-03 02:54:47.376  3822  3822 I OplusMediaControlService: sendOnEventMessage begin, eventType: 6, observer: android.os.BinderProxy@c1628f9
03-03 02:54:47.376  3822  3822 I OplusMediaControlService: on event EventType: 6
03-03 02:54:47.380  3822  5443 I OplusMediaControlService: sendEvent type: 2, player: 172325190
03-03 02:54:47.380  3822  5443 I OplusMediaControlService: onEventFromRequestData: 1, player: 172325190
03-03 02:54:47.380  3822  5443 E OplusMediaControlService: getTitleAndArtist is null
03-03 02:54:47.380  3822  5443 E OplusMediaControlService: getMediaMetadata is null
03-03 02:54:47.380  3822  5443 I OplusMediaControlService: sendOnEventMessage begin, eventType: 3, observer: android.os.BinderProxy@c1628f9
03-03 02:54:47.381  3822  5443 I OplusMediaControlService: sendEvent type: 2, player: 172325190
03-03 02:54:47.381  3822  5443 I OplusMediaControlService: onEventFromRequestData: 2, player: 172325190
03-03 02:54:47.381  3822  5443 E OplusMediaControlService: playbackState is null
03-03 02:54:47.381  3822  5443 I OplusMediaControlService: sendOnEventMessage begin, eventType: 4, observer: android.os.BinderProxy@c1628f9
03-03 02:54:47.381  3822  3822 I OplusMediaControlService: on event EventType: 3
03-03 02:54:47.381  3822  5443 I OplusMediaControlService: unregisterEventObserver start, observer: android.os.BinderProxy@c1628f9, callerUid: 10208
03-03 02:54:47.381  3822  5443 I OplusMediaControlService: releaseCallback begin, playerId: 172325190
03-03 02:54:47.381  3822  5443 I OplusMediaControlService: unregisterEventObserver successfully.
03-03 02:54:47.381  3822  3822 I OplusMediaControlService: on event EventType: 4
03-03 02:54:47.381  3822  5443 I OplusMediaControlService: registerEventObserver start, observer: android.os.BinderProxy@c1628f9, callerUid: 10208
03-03 02:54:47.381  3822  5443 I OplusMediaControlService: registerEventObserver successfully.
03-03 02:54:47.381  3822  5443 I OplusMediaControlService: sendEvent type: 2, player: 172325190
03-03 02:54:47.381  3822  5443 I OplusMediaControlService: onEventFromRequestData: 1, player: 172325190
03-03 02:54:47.381  3822  5443 E OplusMediaControlService: getTitleAndArtist is null
03-03 02:54:47.381  3822  5443 E OplusMediaControlService: getMediaMetadata is null
03-03 02:54:47.381  3822  5443 I OplusMediaControlService: sendOnEventMessage begin, eventType: 3, observer: android.os.BinderProxy@c1628f9
03-03 02:54:47.381  3822  5443 I OplusMediaControlService: sendEvent type: 2, player: 172325190
03-03 02:54:47.381  3822  5443 I OplusMediaControlService: onEventFromRequestData: 2, player: 172325190
03-03 02:54:47.381  3822  3822 I OplusMediaControlService: on event EventType: 3
03-03 02:54:47.382  3822  5443 E OplusMediaControlService: playbackState is null
03-03 02:54:47.382  3822  5443 I OplusMediaControlService: sendOnEventMessage begin, eventType: 4, observer: android.os.BinderProxy@c1628f9
03-03 02:54:47.382  3822  3822 I OplusMediaControlService: on event EventType: 4
03-03 02:54:47.383  3822  5544 I OplusMediaControlService: unregisterEventObserver start, observer: android.os.BinderProxy@c1628f9, callerUid: 10208
03-03 02:54:47.383  3822  5544 I OplusMediaControlService: releaseCallback begin, playerId: 172325190
03-03 02:54:47.383  3822  5544 I OplusMediaControlService: unregisterEventObserver successfully.
03-03 02:54:47.383  3822  5544 I OplusMediaControlService: registerEventObserver start, observer: android.os.BinderProxy@c1628f9, callerUid: 10208
03-03 02:54:47.383  3822  5544 I OplusMediaControlService: registerEventObserver successfully.
03-03 02:54:47.398 13233 13233 I DisplayManager: Implicitly registering for refresh rate
03-03 02:54:47.400  3822  5537 D OplusMediaControlService: dispatch getHistoryMediaPlayerInfoList
03-03 02:54:47.400  3822  5537 D OplusMediaControlService: InHistoryPlayInfoWhiteList: com.spotify.music, 0
03-03 02:54:47.400  3822  5537 I OplusMediaControlService: getHistoryMediaPlayerInfoList historyInfoList size: 1
03-03 02:54:47.512  3822  5443 W ProcessStats: Tracking association SourceState{c4ea6d7 com.google.android.gms/10117 BTop #358667} whose proc state 2 is better than process ProcessState{16213eb com.android.vending/10116 pkg=com.android.vending} proc state 14 (3 skipped)
03-03 02:54:47.822  3822  4030 I ActivityManager: Start proc 13710:com.android.chrome:privileged_process0/u0a156 for service {com.android.chrome/org.chromium.content.app.PrivilegedProcessService0}
03-03 02:54:47.823  3822  3930 I ActivityManager: ProcessObserver broadcast disabled
03-03 02:54:47.824  3822  4569 I MemoryOperationUtils: add 13710 to com.android.chrome
03-03 02:54:47.866  3822  4569 D osense.compress: try do inactive compress task
03-03 02:54:47.880 13710 13710 V Configuration: Updating configuration, locales updated from [] to [en_GB]
03-03 02:54:47.960 13710 13710 D ResourcesManagerExtImpl: applyConfigurationToAppResourcesLocked app.getDisplayId() return callback.displayId:-1
03-03 02:54:47.971  3822  5443 I ActivityManager: Flag disabled. Ignoring finishAttachApplication from uid: 10156. pid: 13710
03-03 02:54:48.083  3822  4010 W QosScheduler: getScenario failed! scenarios is null, mask=32
03-03 02:54:48.083  3822  4010 W QosScheduler: executeSceneQosStrategy get scenario failed! scenario is null
03-03 02:54:48.093  3822  4920 I SoundTriggerMiddlewareLogging: RESOURCES_AVAILABLE ()
03-03 02:54:48.093  3822  4920 I SoundTriggerMiddlewareLogging: RESOURCES_AVAILABLE ()
03-03 02:54:48.101  9103  9172 I AlwaysOnHotwordDetector: onRejected
03-03 02:54:48.106  3822  4920 I SoundTriggerMiddlewareLogging: RESOURCES_AVAILABLE ()
03-03 02:54:48.106  3822  4920 I SoundTriggerMiddlewareLogging: RESOURCES_AVAILABLE ()
03-03 02:54:48.107  9103  9745 I AlwaysOnHotwordDetector: handle message 6
03-03 02:54:48.169  3822  4030 I ActivityManager: Start proc 13731:com.google.android.googlequicksearchbox:search/u0a126 for service {com.google.android.googlequicksearchbox/com.google.frameworks.client.data.android.server.tiktok.assistant.SearchProcessEndpointService}
03-03 02:54:48.169  3822  3930 I ActivityManager: ProcessObserver broadcast disabled
03-03 02:54:48.170  3822  4569 I MemoryOperationUtils: add 13731 to com.google.android.googlequicksearchbox
03-03 02:54:48.176  3822  4564 D SoundTriggerHelper: mIsAppOpPermitted = true,mDeviceState = ENABLE
03-03 02:54:48.176  3822  4564 D SoundTriggerHelper: mIsAppOpPermitted = true,mDeviceState = ENABLE
03-03 02:54:48.176  3822  4564 D SoundTriggerHelper: mIsAppOpPermitted = true,mDeviceState = ENABLE
03-03 02:54:48.183  3822  4564 I SoundTriggerMiddlewareLogging: START_RECOGNITION (1, RecognitionConfig{captureRequested: true, phraseRecognitionExtras: [PhraseRecognitionExtra{id: 101, recognitionModes: 1, confidenceLevel: 0, levels: []}], audioCapabilities: 0, data: []}) -> android.os.Binder@16d3b9b
03-03 02:54:48.184  3822  4564 I SoundTriggerHelper: startRecognition successful.
03-03 02:54:48.202 13731 13731 V Configuration: Updating configuration, locales updated from [] to [en_GB]
03-03 02:54:48.226  3822  4564 W PackageManager: package com.android.chrome uid 10156 pid 13233 call SetEnabledSetting(com.android.chrome component = org.chromium.chrome.browser.quickactionsearchwidget.QuickActionSearchWidgetProvider$QuickActionSearchWidgetProviderSearch, 1, 0)
03-03 02:54:48.227  3822  4564 W PackageManager: package com.android.chrome uid 10156 pid 13233 call SetEnabledSetting(com.android.chrome component = org.chromium.chrome.browser.quickactionsearchwidget.QuickActionSearchWidgetProvider$QuickActionSearchWidgetProviderDino, 1, 0)
03-03 02:54:48.303 13731 13731 D ResourcesManagerExtImpl: applyConfigurationToAppResourcesLocked app.getDisplayId() return callback.displayId:-1
03-03 02:54:48.381  3822  5537 W ActivityManager: Unable to start service Intent { xflg=0x4 cmp=com.google.android.aicore/com.google.android.apps.aicore.service.multiuser.AiCoreMultiUserService mCallingUid=10156 } U=0: not found
03-03 02:54:48.383  3822  5537 W ActivityManager: Unbind failed: could not find connection for android.os.BinderProxy@1251e29
03-03 02:54:48.386  3822  5537 W ActivityManager: Unable to start service Intent { xflg=0x4 cmp=com.google.android.aicore/com.google.android.apps.aicore.service.AiCoreService mCallingUid=10156 } U=0: not found
03-03 02:54:48.391  3822  5443 W ActivityManager: Unbind failed: could not find connection for android.os.BinderProxy@eab44c8
03-03 02:54:48.435  3822  5537 I ActivityManager: Flag disabled. Ignoring finishAttachApplication from uid: 10126. pid: 13731
03-03 02:54:48.826  3822  4030 W ActivityManager: Slow operation: 140ms so far, now at startProcess: returned from zygote!
03-03 02:54:48.827  3822  4030 W ActivityManager: Slow operation: 142ms so far, now at startProcess: done updating battery stats
03-03 02:54:48.827  3822  4030 W ActivityManager: Slow operation: 142ms so far, now at startProcess: building log message
03-03 02:54:48.827  3822  4030 I ActivityManager: Start proc 13811:com.android.chrome:sandboxed_process0:org.chromium.content.app.SandboxedProcessService0:0/u0ai0 for  {com.android.chrome/org.chromium.content.app.SandboxedProcessService0:0}
03-03 02:54:48.827  3822  4030 W ActivityManager: Slow operation: 142ms so far, now at startProcess: starting to update pids map
03-03 02:54:48.828  3822  4030 W ActivityManager: Slow operation: 142ms so far, now at startProcess: done updating pids map
03-03 02:54:48.828  3822  3930 I ActivityManager: ProcessObserver broadcast disabled
03-03 02:54:48.831  3822  4569 I MemoryOperationUtils: add 13811 to com.android.chrome
03-03 02:54:48.891 13811 13811 V Configuration: Updating configuration, locales updated from [] to [en_GB]
03-03 02:54:48.922 13811 13811 E OplusCustomizePackageManager: mIOplusCustomizePackageManagerService is null
03-03 02:54:48.926 13811 13811 E OplusCustomizePackageManager: mIOplusCustomizePackageManagerService is null
03-03 02:54:48.926 13811 13811 E OplusCustomizePackageManager: isOplusCertificatePackage Errorjava.lang.NullPointerException: Attempt to invoke interface method 'boolean android.os.customize.IOplusCustomizePackageManagerService.isOplusCertificatePackage(java.lang.String)' on a null object reference
03-03 02:54:48.931 13233 13233 E OplusCustomizeRestrictionManager: sInstance is null, start a new sInstance
03-03 02:54:48.939 13811 13811 D ResourcesManagerExtImpl: applyConfigurationToAppResourcesLocked app.getDisplayId() return callback.displayId:-1
03-03 02:54:48.945 13233 13233 D OplusInputMethodUtil: init sDebug to false, init sDebugIme to false, init sAlwaysOn to false
03-03 02:54:48.946 13233 13233 D OplusInputMethodUtil: updateDebugToClass InputMethodManager.DEBUG = false
03-03 02:54:48.946 13233 13233 D OplusInputMethodUtil: updateDebugToClass ImeFocusController.DEBUG = false
03-03 02:54:48.946 13233 13233 D OplusInputMethodUtil: updateDebugToClass OnBackInvokedDispatcher.DEBUG = false
03-03 02:54:48.946 13233 13233 D OplusInputMethodUtil: updateDebugToClass InsetsController.DEBUG = false
03-03 02:54:48.946 13233 13233 D OplusInputMethodUtil: updateDebugToClass BaseInputConnection.DEBUG = false
03-03 02:54:48.965  3822  4721 V AlarmManager: sending alarm Alarm{7c82d0 type 1 origWhen 1772486688965 whenElapsed 203312235 android} uid 1000 whenElapsed 203312235 windowLength 0 maxWhenElapsed 203312235 repeatInterval 0 action null component null tag StorgaeBandInfoAlarmTag flags 0x9 procName system_server
03-03 02:54:48.974  3822  5537 I ActivityManager: Flag disabled. Ignoring finishAttachApplication from uid: 90000. pid: 13811
03-03 02:54:49.091  3822  4569 D osense.compress: com.google.android.gms do shrink, target ratio = 85, final ratio = 90, cur ratio = 80
03-03 02:54:49.343  3822  4063 D PowerManagerService: userActivityNoUpdateLocked: groupId=0, eventTime=92157363, event=touch, flags=0x0, uid=1000
03-03 02:54:49.363  3822  4010 W QosScheduler: getScenario failed! scenarios is null, mask=4
03-03 02:54:49.363  3822  4010 W QosScheduler: executeSceneQosStrategy get scenario failed! scenario is null
03-03 02:54:49.411  3822  3930 D OplusPanoramaWorkBranchController: notifyMotionUpOrCancel
03-03 02:54:49.420  3822  5537 E AppOps  : attributionTag  not declared in manifest of com.google.android.youtube
03-03 02:54:49.422  3822  5537 E AppOps  : attributionTag  not declared in manifest of com.google.android.youtube
03-03 02:54:49.438  3822  5544 D OplusStartingWindowManager: updateRecordSurfaceViewState windowToken = android.os.BinderProxy@cbda036, surfaceState = true, attachedToWindow = true, inList = false, win = Window{351db37 u0 com.google.android.youtube/com.google.android.youtube.app.honeycomb.Shell$HomeActivity}
03-03 02:54:49.483  3822  5210 D OplusStartingWindowManager: updateRecordSurfaceViewState windowToken = android.os.BinderProxy@cbda036, surfaceState = true, attachedToWindow = true, inList = false, win = Window{351db37 u0 com.google.android.youtube/com.google.android.youtube.app.honeycomb.Shell$HomeActivity}
03-03 02:54:49.488  3822  5544 E AppOps  : attributionTag  not declared in manifest of com.google.android.youtube
03-03 02:54:49.489  3822  5544 E AppOps  : attributionTag  not declared in manifest of com.google.android.youtube
03-03 02:54:49.595  3822  4569 D osense.compress: com.google.android.apps.messaging do shrink, target ratio = 90, final ratio = 90, cur ratio = 85
03-03 02:54:49.926  3822  5544 I ActivityManager: Death received, pid = 13576, processName = com.google.android.gms.unstable for thread android.os.BinderProxy@84fdd58
03-03 02:54:49.926  3822  5392 I ActivityManager: Process com.google.android.gms.unstable (pid 13576) has died: cch+5 CEM 
03-03 02:54:50.185  3822  5144 D OAppNetControlService: Close socket:[10041] cause:App bg(IMMEDIATELY) success!
03-03 02:54:50.185  3822  5144 D OAppNetControlService: Hans update:[10041=true][0|0] blackList:[10348, 10041]
03-03 02:54:50.201  3822  5144 D OAppNetControlService: Hans update:[10686=true][0|0] blackList:[10348, 10041, 10686]
03-03 02:54:50.608  3822  4010 W QosScheduler: getScenario failed! scenarios is null, mask=4
03-03 02:54:50.608  3822  4010 W QosScheduler: executeSceneQosStrategy get scenario failed! scenario is null
03-03 02:54:50.967  3822  4721 V AlarmManager: sending alarm Alarm{51b6596 type 1 origWhen 1772486690967 whenElapsed 203314237 android} uid 1000 whenElapsed 203314237 windowLength 0 maxWhenElapsed 203314237 repeatInterval 0 action null component null tag StorgaeBandInfoAlarmTag flags 0x9 procName system_server
03-03 02:54:52.047  3822  5443 W SettingsStatsUtil: Can not parse value to float: +network
03-03 02:54:52.971  3822  4721 V AlarmManager: sending alarm Alarm{51d4dc4 type 1 origWhen 1772486692970 whenElapsed 203316240 android} uid 1000 whenElapsed 203316240 windowLength 0 maxWhenElapsed 203316240 repeatInterval 0 action null component null tag StorgaeBandInfoAlarmTag flags 0x9 procName system_server
03-03 02:54:53.241  3822  4569 D osense.compress: com.google.android.gm do shrink, target ratio = 90, final ratio = 90, cur ratio = 87
03-03 02:54:53.589  3822  4030 I ActivityManager: Start proc 13885:com.google.android.gms.unstable/u0a117 for service {com.google.android.gms/com.google.android.gms.droidguard.DroidGuardService}
03-03 02:54:53.590  3822  3930 I ActivityManager: ProcessObserver broadcast disabled
03-03 02:54:53.593  3822  4569 I MemoryOperationUtils: add 13885 to com.google.android.gms
03-03 02:54:53.628  3822  4564 D ActivityTaskManagerServiceExtImpl: preBindApplication record is null
03-03 02:54:53.641 13885 13885 V Configuration: Updating configuration, locales updated from [] to [en_GB]
03-03 02:54:53.648 13885 13885 E OplusCustomizePackageManager: mIOplusCustomizePackageManagerService is null
03-03 02:54:53.648 13885 13885 E OplusCustomizePackageManager: mIOplusCustomizePackageManagerService is null
03-03 02:54:53.648 13885 13885 E OplusCustomizePackageManager: isOplusCertificatePackage Errorjava.lang.NullPointerException: Attempt to invoke interface method 'boolean android.os.customize.IOplusCustomizePackageManagerService.isOplusCertificatePackage(java.lang.String)' on a null object reference
03-03 02:54:53.701 13885 13885 D ResourcesManagerExtImpl: applyConfigurationToAppResourcesLocked app.getDisplayId() return callback.displayId:-1
03-03 02:54:53.754  3822  5443 I ActivityManager: Flag disabled. Ignoring finishAttachApplication from uid: 10117. pid: 13885
03-03 02:54:54.975  3822  4721 V AlarmManager: sending alarm Alarm{1b090c8 type 1 origWhen 1772486694975 whenElapsed 203318245 android} uid 1000 whenElapsed 203318245 windowLength 0 maxWhenElapsed 203318245 repeatInterval 0 action null component null tag StorgaeBandInfoAlarmTag flags 0x9 procName system_server
03-03 02:54:55.366  3822  4063 D PowerManagerService: userActivityNoUpdateLocked: groupId=0, eventTime=92163378, event=touch, flags=0x0, uid=1000
03-03 02:54:55.379  3822  4010 W QosScheduler: getScenario failed! scenarios is null, mask=4
03-03 02:54:55.379  3822  4010 W QosScheduler: executeSceneQosStrategy get scenario failed! scenario is null
03-03 02:54:55.422  3822  3930 D OplusPanoramaWorkBranchController: notifyMotionUpOrCancel
03-03 02:54:55.426  3822  3857 E AppOps  : attributionTag  not declared in manifest of com.google.android.youtube
03-03 02:54:55.427  3822  5443 E AppOps  : attributionTag  not declared in manifest of com.google.android.youtube
03-03 02:54:55.455  3822  4564 D OplusStartingWindowManager: updateRecordSurfaceViewState windowToken = android.os.BinderProxy@cbda036, surfaceState = true, attachedToWindow = true, inList = false, win = Window{351db37 u0 com.google.android.youtube/com.google.android.youtube.app.honeycomb.Shell$HomeActivity}
03-03 02:54:55.500  3822  4564 D OplusStartingWindowManager: updateRecordSurfaceViewState windowToken = android.os.BinderProxy@cbda036, surfaceState = true, attachedToWindow = true, inList = false, win = Window{351db37 u0 com.google.android.youtube/com.google.android.youtube.app.honeycomb.Shell$HomeActivity}
03-03 02:54:55.504  3822  5537 E AppOps  : attributionTag  not declared in manifest of com.google.android.youtube
03-03 02:54:55.506  3822  4564 E AppOps  : attributionTag  not declared in manifest of com.google.android.youtube
03-03 02:54:55.586  3822  4569 D osense.compress: com.phonepe.app do shrink, target ratio = 84, final ratio = 90, cur ratio = 78
03-03 02:54:56.790  3822  4010 W QosScheduler: getScenario failed! scenarios is null, mask=4
03-03 02:54:56.790  3822  4010 W QosScheduler: executeSceneQosStrategy get scenario failed! scenario is null
03-03 02:54:56.875  3822  4881 V NetworkPolicy: updateNetworkEnabledNL() return
03-03 02:54:56.876  3822  4881 V NetworkPolicy: updateNotificationsNL not process
03-03 02:54:56.980  3822  4721 V AlarmManager: sending alarm Alarm{377162d type 1 origWhen 1772486696980 whenElapsed 203320250 android} uid 1000 whenElapsed 203320250 windowLength 0 maxWhenElapsed 203320250 repeatInterval 0 action null component null tag StorgaeBandInfoAlarmTag flags 0x9 procName system_server
03-03 02:54:57.047  3822  5537 W SettingsStatsUtil: Can not parse value to float: +network
03-03 02:54:58.984  3822  4721 V AlarmManager: sending alarm Alarm{d6f3cbb type 1 origWhen 1772486698984 whenElapsed 203322254 android} uid 1000 whenElapsed 203322254 windowLength 0 maxWhenElapsed 203322254 repeatInterval 0 action null component null tag StorgaeBandInfoAlarmTag flags 0x9 procName system_server
03-03 02:54:59.130  3822  4564 W ProcessStats: Tracking association SourceState{c4ea6d7 com.google.android.gms/10117 BTop #358710} whose proc state 2 is better than process ProcessState{16213eb com.android.vending/10116 pkg=com.android.vending} proc state 14 (16 skipped)
03-03 02:54:59.133  3822  4564 D ActivityManager: Async freezing 13885 com.google.android.gms.unstable
03-03 02:54:59.565  3822  4564 D ActivityManager: Cancel freezing 13885 com.google.android.gms.unstable
03-03 02:55:00.001  3822  4721 V AlarmManager: sending alarm Alarm{3aeb25 type 3 origWhen 203323270 whenElapsed 203323270 android} uid 1000 whenElapsed 203323270 windowLength 0 maxWhenElapsed 203323270 repeatInterval 0 action null component null tag TIME_TICK flags 0x9 procName system_server
03-03 02:55:00.011  3822  4067 D OplusDisplayBrightnessBroadcastReceiver: onReceive action = android.intent.action.TIME_TICK , listeners = [com.android.server.display.color.eyeprotect.manager.AiCurveManager$RhythmBroadcastReceiverWithUpgradeUI@4f660c]
03-03 02:55:00.012  3822  3822 D LightsServiceExtImpl: currentTime is not belong to 700 - 2330
03-03 02:55:00.989  3822  4721 V AlarmManager: sending alarm Alarm{f900abd type 1 origWhen 1772486700988 whenElapsed 203324258 android} uid 1000 whenElapsed 203324258 windowLength 0 maxWhenElapsed 203324258 repeatInterval 0 action null component null tag StorgaeBandInfoAlarmTag flags 0x9 procName system_server
03-03 02:55:02.456  3822  4063 D PowerManagerService: userActivityNoUpdateLocked: groupId=0, eventTime=92170470, event=touch, flags=0x0, uid=1000
03-03 02:55:02.473  3822  4010 W QosScheduler: getScenario failed! scenarios is null, mask=4
03-03 02:55:02.473  3822  4010 W QosScheduler: executeSceneQosStrategy get scenario failed! scenario is null
03-03 02:55:02.504  3822  3930 D OplusPanoramaWorkBranchController: notifyMotionUpOrCancel
03-03 02:55:02.518  3822  5443 E AppOps  : attributionTag  not declared in manifest of com.google.android.youtube
03-03 02:55:02.519  3822  5443 E AppOps  : attributionTag  not declared in manifest of com.google.android.youtube
03-03 02:55:02.550  3822  4564 D OplusStartingWindowManager: updateRecordSurfaceViewState windowToken = android.os.BinderProxy@cbda036, surfaceState = true, attachedToWindow = true, inList = false, win = Window{351db37 u0 com.google.android.youtube/com.google.android.youtube.app.honeycomb.Shell$HomeActivity}
03-03 02:55:02.594  3822  4564 D OplusStartingWindowManager: updateRecordSurfaceViewState windowToken = android.os.BinderProxy@cbda036, surfaceState = true, attachedToWindow = true, inList = false, win = Window{351db37 u0 com.google.android.youtube/com.google.android.youtube.app.honeycomb.Shell$HomeActivity}
03-03 02:55:02.602  3822  5483 E AppOps  : attributionTag  not declared in manifest of com.google.android.youtube
03-03 02:55:02.603  3822  5483 E AppOps  : attributionTag  not declared in manifest of com.google.android.youtube
03-03 02:55:02.995  3822  4721 V AlarmManager: sending alarm Alarm{2b74021 type 1 origWhen 1772486702995 whenElapsed 203326265 android} uid 1000 whenElapsed 203326265 windowLength 0 maxWhenElapsed 203326265 repeatInterval 0 action null component null tag StorgaeBandInfoAlarmTag flags 0x9 procName system_server
03-03 02:55:03.657  3822  4010 W QosScheduler: getScenario failed! scenarios is null, mask=4
03-03 02:55:03.657  3822  4010 W QosScheduler: executeSceneQosStrategy get scenario failed! scenario is null
03-03 02:55:04.008  3822  5537 W SettingsStatsUtil: Can not parse value to float: +network
03-03 02:55:04.780  3822  5537 D ActivityManager: Async freezing 13885 com.google.android.gms.unstable
03-03 02:55:04.998  3822  4721 V AlarmManager: sending alarm Alarm{11f51c0 type 1 origWhen 1772486704998 whenElapsed 203328268 android} uid 1000 whenElapsed 203328268 windowLength 0 maxWhenElapsed 203328268 repeatInterval 0 action null component null tag StorgaeBandInfoAlarmTag flags 0x9 procName system_server
03-03 02:55:05.562  3822  4063 D PowerManagerService: userActivityNoUpdateLocked: groupId=0, eventTime=92173578, event=touch, flags=0x0, uid=1000
03-03 02:55:05.580  3822  4010 W QosScheduler: getScenario failed! scenarios is null, mask=4
03-03 02:55:05.580  3822  4010 W QosScheduler: executeSceneQosStrategy get scenario failed! scenario is null
03-03 02:55:05.633  3822  3930 D OplusPanoramaWorkBranchController: notifyMotionUpOrCancel
03-03 02:55:05.639  3822  5537 E AppOps  : attributionTag  not declared in manifest of com.google.android.youtube
03-03 02:55:05.641  3822  5537 E AppOps  : attributionTag  not declared in manifest of com.google.android.youtube
03-03 02:55:05.669  3822  5210 D OplusStartingWindowManager: updateRecordSurfaceViewState windowToken = android.os.BinderProxy@cbda036, surfaceState = true, attachedToWindow = true, inList = false, win = Window{351db37 u0 com.google.android.youtube/com.google.android.youtube.app.honeycomb.Shell$HomeActivity}
03-03 02:55:05.713  3822  4564 D OplusStartingWindowManager: updateRecordSurfaceViewState windowToken = android.os.BinderProxy@cbda036, surfaceState = true, attachedToWindow = true, inList = false, win = Window{351db37 u0 com.google.android.youtube/com.google.android.youtube.app.honeycomb.Shell$HomeActivity}
03-03 02:55:05.726  3822  4564 E AppOps  : attributionTag  not declared in manifest of com.google.android.youtube
03-03 02:55:05.727  3822  4564 E AppOps  : attributionTag  not declared in manifest of com.google.android.youtube
03-03 02:55:05.751  3822  5537 D ActivityManager: Cancel freezing 13885 com.google.android.gms.unstable
03-03 02:55:06.835  3822  4010 W QosScheduler: getScenario failed! scenarios is null, mask=4
03-03 02:55:06.835  3822  4010 W QosScheduler: executeSceneQosStrategy get scenario failed! scenario is null
03-03 02:55:07.011  3822  4721 V AlarmManager: sending alarm Alarm{647f60e type 1 origWhen 1772486707010 whenElapsed 203330281 android} uid 1000 whenElapsed 203330281 windowLength 0 maxWhenElapsed 203330281 repeatInterval 0 action null component null tag StorgaeBandInfoAlarmTag flags 0x9 procName system_server
03-03 02:55:07.043  3822  4564 W SettingsStatsUtil: Can not parse value to float: +network
03-03 02:55:08.183  3822  4063 D PowerManagerService: userActivityNoUpdateLocked: groupId=0, eventTime=92176203, event=touch, flags=0x0, uid=1000
03-03 02:55:08.205  3822  4010 W QosScheduler: getScenario failed! scenarios is null, mask=4
03-03 02:55:08.205  3822  4010 W QosScheduler: executeSceneQosStrategy get scenario failed! scenario is null
03-03 02:55:08.250  3822  5210 E AppOps  : attributionTag  not declared in manifest of com.google.android.youtube
03-03 02:55:08.251  3822  5210 E AppOps  : attributionTag  not declared in manifest of com.google.android.youtube
03-03 02:55:08.255  3822  3930 D OplusPanoramaWorkBranchController: notifyMotionUpOrCancel
03-03 02:55:08.267  3822  5210 D OplusStartingWindowManager: updateRecordSurfaceViewState windowToken = android.os.BinderProxy@cbda036, surfaceState = true, attachedToWindow = true, inList = false, win = Window{351db37 u0 com.google.android.youtube/com.google.android.youtube.app.honeycomb.Shell$HomeActivity}
03-03 02:55:08.324  3822  5210 D OplusStartingWindowManager: updateRecordSurfaceViewState windowToken = android.os.BinderProxy@cbda036, surfaceState = true, attachedToWindow = true, inList = false, win = Window{351db37 u0 com.google.android.youtube/com.google.android.youtube.app.honeycomb.Shell$HomeActivity}
03-03 02:55:08.325  3822  5483 E AppOps  : attributionTag  not declared in manifest of com.google.android.youtube
03-03 02:55:08.325  3822  5210 E AppOps  : attributionTag  not declared in manifest of com.google.android.youtube
03-03 02:55:08.986  3822  4881 V NetworkPolicy: updateNetworkEnabledNL() return
03-03 02:55:08.986  3822  4881 V NetworkPolicy: updateNotificationsNL not process
03-03 02:55:09.017  3822  4721 V AlarmManager: sending alarm Alarm{4638a70 type 1 origWhen 1772486709017 whenElapsed 203332287 android} uid 1000 whenElapsed 203332287 windowLength 0 maxWhenElapsed 203332287 repeatInterval 0 action null component null tag StorgaeBandInfoAlarmTag flags 0x9 procName system_server
03-03 02:55:09.109  3822  4569 D osense.compress: com.google.android.gms do shrink, target ratio = 72, final ratio = 90, cur ratio = 55
03-03 02:55:09.692  3822  4010 W QosScheduler: getScenario failed! scenarios is null, mask=4
03-03 02:55:09.693  3822  4010 W QosScheduler: executeSceneQosStrategy get scenario failed! scenario is null
03-03 02:55:10.407  3822  4063 D PowerManagerService: userActivityNoUpdateLocked: groupId=0, eventTime=92178427, event=touch, flags=0x0, uid=1000
03-03 02:55:10.421  3822  4010 W QosScheduler: getScenario failed! scenarios is null, mask=4
03-03 02:55:10.421  3822  4010 W QosScheduler: executeSceneQosStrategy get scenario failed! scenario is null
03-03 02:55:10.462  3822  3930 D OplusPanoramaWorkBranchController: notifyMotionUpOrCancel
03-03 02:55:10.469  3822  5483 E AppOps  : attributionTag  not declared in manifest of com.google.android.youtube
03-03 02:55:10.469  3822  4564 E AppOps  : attributionTag  not declared in manifest of com.google.android.youtube
03-03 02:55:10.499  3822  5544 D OplusStartingWindowManager: updateRecordSurfaceViewState windowToken = android.os.BinderProxy@cbda036, surfaceState = true, attachedToWindow = true, inList = false, win = Window{351db37 u0 com.google.android.youtube/com.google.android.youtube.app.honeycomb.Shell$HomeActivity}
03-03 02:55:10.543  3822  4564 D OplusStartingWindowManager: updateRecordSurfaceViewState windowToken = android.os.BinderProxy@cbda036, surfaceState = true, attachedToWindow = true, inList = false, win = Window{351db37 u0 com.google.android.youtube/com.google.android.youtube.app.honeycomb.Shell$HomeActivity}
03-03 02:55:10.553  3822  5210 E AppOps  : attributionTag  not declared in manifest of com.google.android.youtube
03-03 02:55:10.553  3822  5544 E AppOps  : attributionTag  not declared in manifest of com.google.android.youtube
03-03 02:55:10.863  3822  5544 W ProcessStats: Tracking association SourceState{c4ea6d7 com.google.android.gms/10117 BTop #358742} whose proc state 2 is better than process ProcessState{16213eb com.android.vending/10116 pkg=com.android.vending} proc state 14 (14 skipped)
03-03 02:55:10.866  3822  5544 D ActivityManager: Async freezing 13885 com.google.android.gms.unstable
03-03 02:55:11.021  3822  4721 V AlarmManager: sending alarm Alarm{b493b0 type 1 origWhen 1772486711021 whenElapsed 203334291 android} uid 1000 whenElapsed 203334291 windowLength 0 maxWhenElapsed 203334291 repeatInterval 0 action null component null tag StorgaeBandInfoAlarmTag flags 0x9 procName system_server
03-03 02:55:11.771  3822  4063 D PowerManagerService: userActivityNoUpdateLocked: groupId=0, eventTime=92179792, event=touch, flags=0x0, uid=1000
03-03 02:55:11.834  3822  3930 D OplusPanoramaWorkBranchController: notifyMotionUpOrCancel
03-03 02:55:11.846  3822  4564 E AppOps  : attributionTag  not declared in manifest of com.google.android.youtube
03-03 02:55:11.847  3822  5483 E AppOps  : attributionTag  not declared in manifest of com.google.android.youtube
03-03 02:55:11.876  3822  5210 D OplusStartingWindowManager: updateRecordSurfaceViewState windowToken = android.os.BinderProxy@cbda036, surfaceState = true, attachedToWindow = true, inList = false, win = Window{351db37 u0 com.google.android.youtube/com.google.android.youtube.app.honeycomb.Shell$HomeActivity}
03-03 02:55:12.030  3822  4010 W QosScheduler: getScenario failed! scenarios is null, mask=32
03-03 02:55:12.030  3822  4010 W QosScheduler: executeSceneQosStrategy get scenario failed! scenario is null
03-03 02:55:12.030  3822  4010 W QosScheduler: getScenario failed! scenarios is null, mask=64
03-03 02:55:12.030  3822  4010 W QosScheduler: executeSceneQosStrategy get scenario failed! scenario is null
03-03 02:55:12.031  3822  4564 D BatteryStatsServiceExtImpl: report audio global stop...
03-03 02:55:12.042  3822  4564 W SettingsStatsUtil: Can not parse value to float: +network
03-03 02:55:12.088  3822  5483 D OplusStartingWindowManager: updateRecordSurfaceViewState windowToken = android.os.BinderProxy@cbda036, surfaceState = true, attachedToWindow = true, inList = false, win = Window{351db37 u0 com.google.android.youtube/com.google.android.youtube.app.honeycomb.Shell$HomeActivity}
03-03 02:55:12.094  3822  4010 W QosScheduler: getScenario failed! scenarios is null, mask=32
03-03 02:55:12.094  3822  4010 W QosScheduler: executeSceneQosStrategy get scenario failed! scenario is null
03-03 02:55:12.095  3822  4010 W QosScheduler: getScenario failed! scenarios is null, mask=64
03-03 02:55:12.095  3822  4010 W QosScheduler: executeSceneQosStrategy get scenario failed! scenario is null
03-03 02:55:12.095  3822  5544 D BatteryStatsServiceExtImpl: report audio global start...
03-03 02:55:12.096  3822  5483 E AppOps  : attributionTag  not declared in manifest of com.google.android.youtube
03-03 02:55:12.097  3822  5483 E AppOps  : attributionTag  not declared in manifest of com.google.android.youtube
03-03 02:55:12.109  3822  5537 D OplusFeatureEdrEnhanceBrightness: mEdrListener.onEdrInfoChanged toggle:1 scale:4.926 scaleApplyImmediately:false backlightType:256 enterDuration:-1 exitDuration:-1
03-03 02:55:12.113  3822  5537 D ActivityManager: Cancel freezing 13885 com.google.android.gms.unstable
03-03 02:55:12.129  3822  4062 D OplusFeatureEdrEnhanceBrightness[0]: infoScale = 4.926--> rearealEnhanceFactor = 4.926
03-03 02:55:12.129  3822  4062 D OplusFeatureEdrEnhanceBrightness[0]: calculateEdrRate -1 ,  duration -1, 1119 -> 2285 enter true
03-03 02:55:12.132  3822  4062 D OplusFeatureReduceBrightness: setAnimating : animating = true
03-03 02:55:12.132  3822  4062 D OplusBrightnessAmbientAdapter: setAnimating: from false to true
03-03 02:55:12.136  3822  4062 D DpcExtImpl[display=0]: Animating brightness: hdrBrightness target=1119.0->2285.1013,sdrBrightness target=1119.0->1119.0,rate=1500->4095,rate type = edr exit->edr enter,byUser=false local:4630947214369728643 , brightness from dpc = 1119.0
03-03 02:55:12.137  3822  4062 D OplusBiometricsDisplayHelper: isFold: false, isUnblockByFp: null
03-03 02:55:12.156  3822  3932 D LogicalDisplayExt: set displayInfo flag FLAG_ROTATES_WITH_CONTENT
03-03 02:55:12.156  3822  3932 D DisplayManagerService: Delivering display event: displayId=0, event=HDR_SDR_RATIO_CHANGED
03-03 02:55:12.160  3822  3932 D LogicalDisplayExt: set displayInfo flag FLAG_ROTATES_WITH_CONTENT
03-03 02:55:12.160  3822  3932 D DisplayManagerService: Delivering display event: displayId=0, event=HDR_SDR_RATIO_CHANGED
03-03 02:55:12.164  3822  3932 D LogicalDisplayExt: set displayInfo flag FLAG_ROTATES_WITH_CONTENT
03-03 02:55:12.165  3822  3932 D DisplayManagerService: Delivering display event: displayId=0, event=HDR_SDR_RATIO_CHANGED
03-03 02:55:12.176  3822  3932 D LogicalDisplayExt: set displayInfo flag FLAG_ROTATES_WITH_CONTENT
03-03 02:55:12.176  3822  3932 D DisplayManagerService: Delivering display event: displayId=0, event=HDR_SDR_RATIO_CHANGED
03-03 02:55:12.191  3822  3932 D LogicalDisplayExt: set displayInfo flag FLAG_ROTATES_WITH_CONTENT
03-03 02:55:12.192  3822  3932 D DisplayManagerService: Delivering display event: displayId=0, event=HDR_SDR_RATIO_CHANGED
03-03 02:55:12.203  3822  3932 D LogicalDisplayExt: set displayInfo flag FLAG_ROTATES_WITH_CONTENT
03-03 02:55:12.203  3822  3932 D DisplayManagerService: Delivering display event: displayId=0, event=HDR_SDR_RATIO_CHANGED
03-03 02:55:12.210  3822  3932 D LogicalDisplayExt: set displayInfo flag FLAG_ROTATES_WITH_CONTENT
03-03 02:55:12.210  3822  3932 D DisplayManagerService: Delivering display event: displayId=0, event=HDR_SDR_RATIO_CHANGED
03-03 02:55:12.224  3822  3932 D LogicalDisplayExt: set displayInfo flag FLAG_ROTATES_WITH_CONTENT
03-03 02:55:12.225  3822  3932 D DisplayManagerService: Delivering display event: displayId=0, event=HDR_SDR_RATIO_CHANGED
03-03 02:55:12.234  3822  3932 D LogicalDisplayExt: set displayInfo flag FLAG_ROTATES_WITH_CONTENT
03-03 02:55:12.235  3822  3932 D DisplayManagerService: Delivering display event: displayId=0, event=HDR_SDR_RATIO_CHANGED
03-03 02:55:12.246  3822  3932 D LogicalDisplayExt: set displayInfo flag FLAG_ROTATES_WITH_CONTENT
03-03 02:55:12.246  3822  3932 D DisplayManagerService: Delivering display event: displayId=0, event=HDR_SDR_RATIO_CHANGED
03-03 02:55:12.260  3822  3932 D LogicalDisplayExt: set displayInfo flag FLAG_ROTATES_WITH_CONTENT
03-03 02:55:12.263  3822  3932 D DisplayManagerService: Delivering display event: displayId=0, event=HDR_SDR_RATIO_CHANGED
03-03 02:55:12.266  3822  3932 D LogicalDisplayExt: set displayInfo flag FLAG_ROTATES_WITH_CONTENT
03-03 02:55:12.266  3822  3932 D DisplayManagerService: Delivering display event: displayId=0, event=HDR_SDR_RATIO_CHANGED
03-03 02:55:12.280  3822  3932 D LogicalDisplayExt: set displayInfo flag FLAG_ROTATES_WITH_CONTENT
03-03 02:55:12.280  3822  3932 D DisplayManagerService: Delivering display event: displayId=0, event=HDR_SDR_RATIO_CHANGED
03-03 02:55:12.286  3822  3932 D LogicalDisplayExt: set displayInfo flag FLAG_ROTATES_WITH_CONTENT
03-03 02:55:12.286  3822  3932 D DisplayManagerService: Delivering display event: displayId=0, event=HDR_SDR_RATIO_CHANGED
03-03 02:55:12.298  3822  3932 D LogicalDisplayExt: set displayInfo flag FLAG_ROTATES_WITH_CONTENT
03-03 02:55:12.298  3822  3932 D DisplayManagerService: Delivering display event: displayId=0, event=HDR_SDR_RATIO_CHANGED
03-03 02:55:12.313  3822  3932 D LogicalDisplayExt: set displayInfo flag FLAG_ROTATES_WITH_CONTENT
03-03 02:55:12.313  3822  3932 D DisplayManagerService: Delivering display event: displayId=0, event=HDR_SDR_RATIO_CHANGED
03-03 02:55:12.322  3822  3932 D LogicalDisplayExt: set displayInfo flag FLAG_ROTATES_WITH_CONTENT
03-03 02:55:12.322  3822  3932 D DisplayManagerService: Delivering display event: displayId=0, event=HDR_SDR_RATIO_CHANGED
03-03 02:55:12.336  3822  3932 D LogicalDisplayExt: set displayInfo flag FLAG_ROTATES_WITH_CONTENT
03-03 02:55:12.336  3822  3932 D DisplayManagerService: Delivering display event: displayId=0, event=HDR_SDR_RATIO_CHANGED
03-03 02:55:12.344  3822  3932 D LogicalDisplayExt: set displayInfo flag FLAG_ROTATES_WITH_CONTENT
03-03 02:55:12.344  3822  3932 D DisplayManagerService: Delivering display event: displayId=0, event=HDR_SDR_RATIO_CHANGED
03-03 02:55:12.354  3822  3932 D LogicalDisplayExt: set displayInfo flag FLAG_ROTATES_WITH_CONTENT
03-03 02:55:12.354  3822  3932 D DisplayManagerService: Delivering display event: displayId=0, event=HDR_SDR_RATIO_CHANGED
03-03 02:55:12.365  3822  3932 D LogicalDisplayExt: set displayInfo flag FLAG_ROTATES_WITH_CONTENT
03-03 02:55:12.366  3822  3932 D DisplayManagerService: Delivering display event: displayId=0, event=HDR_SDR_RATIO_CHANGED
03-03 02:55:12.382  3822  3932 D LogicalDisplayExt: set displayInfo flag FLAG_ROTATES_WITH_CONTENT
03-03 02:55:12.382  3822  3932 D DisplayManagerService: Delivering display event: displayId=0, event=HDR_SDR_RATIO_CHANGED
