03-03 03:01:30.979  3822  4721 V AlarmManager: sending alarm Alarm{b557e03 type 1 origWhen 1772487090979 whenElapsed 203714249 android} uid 1000 whenElapsed 203714249 windowLength 0 maxWhenElapsed 203714249 repeatInterval 0 action null component null tag StorgaeBandInfoAlarmTag flags 0x9 procName system_server
03-03 03:01:31.013  3822  4748 D STKeyLog_StrategyPadKeyBoardShortcut: excuteShortCut, interactive = true
03-03 03:01:31.013  3822  4748 D OplusCustomizeRestrictionManagerService: isLongPressVolumeUpDisabled start
03-03 03:01:31.044  3822  4749 I OplusJoystickManager: read game pad state for game manager -> false
03-03 03:01:31.044  3822  4749 W OplusJoystickManager: mInterceptGamepadKey is false
03-03 03:01:31.044  3822  4749 D OplusCustomizeRestrictionManagerService: isLongPressVolumeUpDisabled start
03-03 03:01:31.044  3822  4749 D STKeyLog_StrategyBlackscreenshot: notifyKeyBeforeQueueing, downTime92558886, action=1, interactive=true
03-03 03:01:31.045  3822  4748 D STKeyLog_StrategyPadKeyBoardShortcut: excuteShortCut, interactive = true
03-03 03:01:31.045  3822  4748 D OplusCustomizeRestrictionManagerService: isLongPressVolumeUpDisabled start
03-03 03:01:31.047  3822  4063 D PowerManagerService: userActivityNoUpdateLocked: groupId=0, eventTime=92559069, event=button, flags=0x0, uid=1000
03-03 03:01:31.072  3822  5367 D PowerManagerService: userActivityNoUpdateLocked: groupId=0, eventTime=92559097, event=other, flags=0x0, uid=10208
03-03 03:01:31.078  5545  5604 D LinearmotorVibrator: vibrate: effect=WaveformEffect { c38467c, effectType=152, effectStrength=-1, effectLoop=false, ringtoneVibrateType=-1, isRingtoneCustomized=false, ringtoneFilePath=, strengthSettingEnabled=true, asynchronous=true, usageHint=0 }
03-03 03:01:31.079  3822  5482 I VibratorManagerServiceExtImpl: vibrate is uid=10208, pid=5545, opPkg=com.android.systemui, effect=Mono{mEffect=Composed{segments=[OplusVibrationEffectSegment{mEffectId=152, mEffectStrength=-1, mRingtonePath=''}], repeat=-1}}, attributes=VibrationAttributes{mUsage=UNKNOWN, mAudioUsage= USAGE_UNKNOWN, mFlags=0}, reason=null, token=73398076
03-03 03:01:31.084  3822  4718 W VibrationScaler: Got unexpected vibration intensity: 2100
03-03 03:01:31.085  3822  4718 D VibrationThread: Perform OplusPrebakedSegment{mWaveformId=105, mDuration=66, mEffectStrength=2100, mDefaultUsage=TOUCH} on vibrator 0
03-03 03:01:31.281  3822  5482 D PowerManagerService: userActivityNoUpdateLocked: groupId=0, eventTime=92559306, event=other, flags=0x0, uid=10208
03-03 03:01:31.705  3822  4063 D PowerManagerService: userActivityNoUpdateLocked: groupId=0, eventTime=92559723, event=touch, flags=0x0, uid=1000
03-03 03:01:31.706  3822  5482 D QuickBackInputPolicy: isInMultiWindowMode and isInSplitScreen is: false isZoomMode is: false isMultiWindowModeInPocketStudio is: false isEmbeddedInLauncherActivity is: false
03-03 03:01:31.706  3822  5482 D QuickBackInputPolicy: hasMultiChildrenInTask: false
03-03 03:01:31.706  3822  5482 D QuickBackInputPolicy: shouldTriggerBackKeyEvent focusWin=Window{48c9384 u0 it.vfsfitvnm.vimusic.debug/it.vfsfitvnm.vimusic.MainActivity}, topFullscreenOpaqueWindow=Window{48c9384 u0 it.vfsfitvnm.vimusic.debug/it.vfsfitvnm.vimusic.MainActivity}, mLaunchEndTimePair=Pair{ActivityRecord{152184657 u0 it.vfsfitvnm.vimusic.debug/it.vfsfitvnm.vimusic.MainActivity t28698} 92443091}, processRunning=false, timeThreshold is: 800, lastRemoteFromAssistant = false
03-03 03:01:31.706  3822  5482 D QuickBackInputPolicy: canInterceptKeyEventToHome Window:Window{48c9384 u0 it.vfsfitvnm.vimusic.debug/it.vfsfitvnm.vimusic.MainActivity}, do nothing!
03-03 03:01:31.717  3822  5482 D PowerManagerService: userActivityNoUpdateLocked: groupId=0, eventTime=92559741, event=other, flags=0x0, uid=10208
03-03 03:01:31.720  3822  5367 D QuickBackInputPolicy: isInMultiWindowMode and isInSplitScreen is: false isZoomMode is: false isMultiWindowModeInPocketStudio is: false isEmbeddedInLauncherActivity is: false
03-03 03:01:31.720  3822  5367 D QuickBackInputPolicy: hasMultiChildrenInTask: false
03-03 03:01:31.720  3822  5367 D QuickBackInputPolicy: shouldTriggerBackKeyEvent focusWin=Window{48c9384 u0 it.vfsfitvnm.vimusic.debug/it.vfsfitvnm.vimusic.MainActivity}, topFullscreenOpaqueWindow=Window{48c9384 u0 it.vfsfitvnm.vimusic.debug/it.vfsfitvnm.vimusic.MainActivity}, mLaunchEndTimePair=Pair{ActivityRecord{152184657 u0 it.vfsfitvnm.vimusic.debug/it.vfsfitvnm.vimusic.MainActivity t28698} 92443091}, processRunning=false, timeThreshold is: 800, lastRemoteFromAssistant = false
03-03 03:01:31.721  3822  5367 D CoreBackPreview: startBackNavigation currentTask=Task{6a135b3 #28698 type=standard A=10686:it.vfsfitvnm.vimusic.debug}, topRunningActivity=ActivityRecord{152184657 u0 it.vfsfitvnm.vimusic.debug/it.vfsfitvnm.vimusic.MainActivity t28698}, callbackInfo=OnBackInvokedCallbackInfo{mCallback=android.window.IOnBackInvokedCallback$Stub$Proxy@d2e0c44, mPriority=0, mIsAnimationCallback=false, mOverrideBehavior=0}, currentFocus=Window{48c9384 u0 it.vfsfitvnm.vimusic.debug/it.vfsfitvnm.vimusic.MainActivity}
03-03 03:01:31.721  5545  5606 D ShellBackPreview: Received backNavigationInfo:BackNavigationInfo{mType=TYPE_CALLBACK (4), mOnBackNavigationDone=android.os.RemoteCallback@8d82d6b, mOnBackInvokedCallback=android.window.IOnBackInvokedCallback$Stub$Proxy@da420c8, mPrepareRemoteAnimation=false, mAnimationCallback=false, mCustomizeAnimationInfo=null}
03-03 03:01:31.725  3822  4010 W QosScheduler: getScenario failed! scenarios is null, mask=4
03-03 03:01:31.726  3822  4010 W QosScheduler: executeSceneQosStrategy get scenario failed! scenario is null
03-03 03:01:31.727  3822  5482 V WindowManager: Relayout Window{40a6650 u0 ColorSideGestureRight_displayId_0}: viewVisibility=0, oldvis=8, req=192x3137 , apr = 0, vsysui=
03-03 03:01:31.727  3822  5482 I WindowManager: Window{40a6650 u0 ColorSideGestureRight_displayId_0} state from NO_SURFACE to DRAW_PENDING; reason: resetDrawState
03-03 03:01:31.730  3822  5482 D WindowManager: NFW_findFocusedWindowIfNeeded:Window{48c9384 u0 it.vfsfitvnm.vimusic.debug/it.vfsfitvnm.vimusic.MainActivity} mCurrentFocus:Window{48c9384 u0 it.vfsfitvnm.vimusic.debug/it.vfsfitvnm.vimusic.MainActivity}
03-03 03:01:31.753  3822  5367 I WindowManager: Window{40a6650 u0 ColorSideGestureRight_displayId_0} state from DRAW_PENDING to COMMIT_DRAW_PENDING; reason: finishDrawingLocked
03-03 03:01:31.758  5545 17338 D LinearmotorVibrator: vibrate: effect=WaveformEffect { 483475b, effectType=1, effectStrength=-1, effectLoop=false, ringtoneVibrateType=-1, isRingtoneCustomized=false, ringtoneFilePath=, strengthSettingEnabled=true, asynchronous=false, usageHint=0 }
03-03 03:01:31.758  3822  5367 I WindowManager: Window{40a6650 u0 ColorSideGestureRight_displayId_0} state from COMMIT_DRAW_PENDING to READY_TO_SHOW; reason: commitFinishDrawingLocked
03-03 03:01:31.758  3822  5367 I WindowManager: Window{40a6650 u0 ColorSideGestureRight_displayId_0} state from READY_TO_SHOW to HAS_DRAWN; reason: performShowLocked
03-03 03:01:31.758  3822  5443 I VibratorManagerServiceExtImpl: vibrate is uid=10208, pid=5545, opPkg=com.android.systemui, effect=Mono{mEffect=Composed{segments=[OplusVibrationEffectSegment{mEffectId=1, mEffectStrength=-1, mRingtonePath=''}], repeat=-1}}, attributes=VibrationAttributes{mUsage=UNKNOWN, mAudioUsage= USAGE_UNKNOWN, mFlags=0}, reason=null, token=73398076
03-03 03:01:31.760  3822  4718 W VibrationScaler: Got unexpected vibration intensity: 2100
03-03 03:01:31.760  3822  4718 D VibrationThread: Perform OplusPrebakedSegment{mWaveformId=2, mDuration=45, mEffectStrength=2100, mDefaultUsage=TOUCH} on vibrator 0
03-03 03:01:31.806  3822  4063 D PowerManagerService: userActivityNoUpdateLocked: groupId=0, eventTime=92559827, event=touch, flags=0x0, uid=1000
03-03 03:01:31.839  5545  5606 D ShellBackPreview: Finishing gesture with event action: 1
03-03 03:01:31.839  5545  5606 D ShellBackPreview: onGestureFinished() mTriggerBack == true
03-03 03:01:31.839  5545  5606 D ShellBackPreview: Trigger back without dispatching to animator.
03-03 03:01:31.840  5545  5606 D ShellBackPreview: BackAnimationController: finishBackNavigation()
03-03 03:01:31.844  3822  5482 D CoreBackPreview: onBackNavigationDone backType=4, triggerBack=true
03-03 03:01:31.845  3822  3930 D OplusPanoramaWorkBranchController: notifyMotionUpOrCancel
03-03 03:01:31.966  3822  5482 V WindowManager: Relayout Window{40a6650 u0 ColorSideGestureRight_displayId_0}: viewVisibility=8, oldvis=0, req=192x3137 , apr = 0, vsysui=
03-03 03:01:31.967  3822  5482 I WindowManager: Window{40a6650 u0 ColorSideGestureRight_displayId_0} state from HAS_DRAWN to NO_SURFACE; reason: destroySurface
03-03 03:01:31.970  3822  5482 D WindowManager: NFW_findFocusedWindowIfNeeded:Window{48c9384 u0 it.vfsfitvnm.vimusic.debug/it.vfsfitvnm.vimusic.MainActivity} mCurrentFocus:Window{48c9384 u0 it.vfsfitvnm.vimusic.debug/it.vfsfitvnm.vimusic.MainActivity}
03-03 03:01:31.992  3822  4010 W QosScheduler: getScenario failed! scenarios is null, mask=4
03-03 03:01:31.992  3822  4010 W QosScheduler: executeSceneQosStrategy get scenario failed! scenario is null
03-03 03:01:32.105  3822  5482 W SettingsStatsUtil: Can not parse value to float: +network
03-03 03:01:32.215  3822  5482 D CoreBackPreview: Window{ca68649 u0 OplusVolumeDialogImpl}: Setting back callback null
03-03 03:01:32.225  3822  5443 I WindowManager: Window{ca68649 u0 OplusVolumeDialogImpl} state from HAS_DRAWN to NO_SURFACE; reason: destroySurface
03-03 03:01:32.225  3822  4010 W QosScheduler: executeSceneQosStrategy get scenario failed! scenario is null
03-03 03:01:32.229  3822  5443 D WindowManager: NFW_findFocusedWindowIfNeeded:Window{48c9384 u0 it.vfsfitvnm.vimusic.debug/it.vfsfitvnm.vimusic.MainActivity} mCurrentFocus:Window{48c9384 u0 it.vfsfitvnm.vimusic.debug/it.vfsfitvnm.vimusic.MainActivity}
03-03 03:01:32.234  3822  4010 W UserAwareMgr: event can not be released, id: 3003, count: 2, releasePid: 5545
03-03 03:01:32.996  3822  4721 V AlarmManager: sending alarm Alarm{90d2aea type 1 origWhen 1772487092996 whenElapsed 203716266 android} uid 1000 whenElapsed 203716266 windowLength 0 maxWhenElapsed 203716266 repeatInterval 0 action null component null tag StorgaeBandInfoAlarmTag flags 0x9 procName system_server
03-03 03:01:33.737  3822  4010 I UserAwareMgr: handleAppChangedToBg, pkgName: com.android.systemui, pid: 5545
03-03 03:01:33.737  3822  4010 I UserAwareMgr: handleTopAppChanged: it.vfsfitvnm.vimusic.debug, pid: 19889, uid: 10686
03-03 03:01:33.748  3822  4010 I UserAwareMgr: handleAppChangedToBg, pkgName: com.android.systemui, pid: 5545
03-03 03:01:33.897  3822  4063 D PowerManagerService: userActivityNoUpdateLocked: groupId=0, eventTime=92561916, event=touch, flags=0x0, uid=1000
03-03 03:01:33.991  3822  3930 D OplusPanoramaWorkBranchController: notifyMotionUpOrCancel
03-03 03:01:33.998  3822  5443 E AppOps  : attributionTag  not declared in manifest of it.vfsfitvnm.vimusic.debug
03-03 03:01:33.999  3822  5443 E AppOps  : attributionTag  not declared in manifest of it.vfsfitvnm.vimusic.debug
03-03 03:01:34.014  3822  5367 D NotificationService--OplusNotificationFixHelper: fixAppIcon: pkg=it.vfsfitvnm.vimusic.debug
03-03 03:01:34.014  3822  5367 D NotificationService--OplusNotificationFixHelper: fixAppIcon: appIcon = null, pkg = it.vfsfitvnm.vimusic.debug
03-03 03:01:34.014  3822  5367 I OplusStatusBarManagerServiceEnhance:  getTopIsFullscreen mTopIsFullscreen: false
03-03 03:01:34.014  3822  5367 W ActivityManager: Permission Denial: getTopApplicationInfo from pid=19889, uid=10686 requires oplus.permission.OPLUS_COMPONENT_SAFE
03-03 03:01:34.016  3822  5443 D NotificationService--OplusNotificationFixHelper: fixAppIcon: pkg=it.vfsfitvnm.vimusic.debug
03-03 03:01:34.016  3822  5443 D NotificationService--OplusNotificationFixHelper: fixAppIcon: appIcon = null, pkg = it.vfsfitvnm.vimusic.debug
03-03 03:01:34.018  3822  3822 D NotificationService--OplusNotificationManagerServiceExtImpl: isForwardToAssistants: true, case : Is local notification
03-03 03:01:34.018  3822  3822 D NotificationService: This application enqueue notifications is need postDelayed mcsAssistantDelayTime: 200
03-03 03:01:34.018  3822  5443 I OplusStatusBarManagerServiceEnhance:  getTopIsFullscreen mTopIsFullscreen: false
03-03 03:01:34.018  3822  5443 W ActivityManager: Permission Denial: getTopApplicationInfo from pid=19889, uid=10686 requires oplus.permission.OPLUS_COMPONENT_SAFE
03-03 03:01:34.022  3822  3822 D NotificationService--OplusNotificationManagerServiceExtImpl: isForwardToAssistants: true, case : Is local notification
03-03 03:01:34.022  3822  3822 D NotificationService: This application enqueue notifications is need postDelayed mcsAssistantDelayTime: 200
03-03 03:01:34.029  3822  5367 W SettingsStatsUtil: Can not parse value to float: +network
03-03 03:01:34.030  3822  5367 I OplusMediaControlService: updateControllerMap begin
03-03 03:01:34.030  3822  5367 D OplusMediaControlService: isInMediaBlackList: com.google.android.youtube, 0
03-03 03:01:34.030  3822  5367 V OplusMediaControlService: this app is in media black list, pkgName: com.google.android.youtube
03-03 03:01:34.030  3822  5367 D OplusMediaControlService: isInMediaBlackList: com.google.android.youtube, 0
03-03 03:01:34.030  3822  5367 V OplusMediaControlService: this app is in media black list, pkgName: com.google.android.youtube
03-03 03:01:34.030  3822  5367 I OplusMediaControlService: updataPlayStateMap begin
03-03 03:01:34.030  3822  5367 I OplusMediaControlService: updateMetadataMap begin
03-03 03:01:34.030  3822  5367 I OplusMediaControlService: getPlayerInfo, playerId: 123177627, pkgname: it.vfsfitvnm.vimusic.debug
03-03 03:01:34.031  3822  5367 D OplusMediaControlService: isInMediaBlackList: com.google.android.youtube, 0
03-03 03:01:34.031  3822  5367 V OplusMediaControlService: this app is in media black list, pkgName: com.google.android.youtube
03-03 03:01:34.031  3822  5367 I OplusMediaControlService: getCurrentPlayerInfoList InfoList size: 1
03-03 03:01:34.040  3822  5367 I OplusMediaControlService: updateControllerMap begin
03-03 03:01:34.040  3822  5367 D OplusMediaControlService: isInMediaBlackList: com.google.android.youtube, 0
03-03 03:01:34.040  3822  5367 V OplusMediaControlService: this app is in media black list, pkgName: com.google.android.youtube
03-03 03:01:34.040  3822  5367 D OplusMediaControlService: isInMediaBlackList: com.google.android.youtube, 0
03-03 03:01:34.040  3822  5367 V OplusMediaControlService: this app is in media black list, pkgName: com.google.android.youtube
03-03 03:01:34.040  3822  5367 I OplusMediaControlService: updataPlayStateMap begin
03-03 03:01:34.040  3822  5367 I OplusMediaControlService: updateMetadataMap begin
03-03 03:01:34.040  3822  5367 I OplusMediaControlService: getPlayerInfo, playerId: 123177627, pkgname: it.vfsfitvnm.vimusic.debug
03-03 03:01:34.040  3822  5367 D OplusMediaControlService: isInMediaBlackList: com.google.android.youtube, 0
03-03 03:01:34.040  3822  5367 V OplusMediaControlService: this app is in media black list, pkgName: com.google.android.youtube
03-03 03:01:34.040  3822  5367 I OplusMediaControlService: getCurrentPlayerInfoList InfoList size: 1
03-03 03:01:34.117  3822  5367 E AppOps  : attributionTag  not declared in manifest of it.vfsfitvnm.vimusic.debug
03-03 03:01:34.118  3822  5210 E AppOps  : attributionTag  not declared in manifest of it.vfsfitvnm.vimusic.debug
03-03 03:01:34.120  3822  5443 D NotificationService--OplusNotificationFixHelper: fixAppIcon: pkg=it.vfsfitvnm.vimusic.debug
03-03 03:01:34.120  3822  5443 D NotificationService--OplusNotificationFixHelper: fixAppIcon: appIcon = null, pkg = it.vfsfitvnm.vimusic.debug
03-03 03:01:34.121  3822  5443 I OplusStatusBarManagerServiceEnhance:  getTopIsFullscreen mTopIsFullscreen: false
03-03 03:01:34.121  3822  5443 W ActivityManager: Permission Denial: getTopApplicationInfo from pid=19889, uid=10686 requires oplus.permission.OPLUS_COMPONENT_SAFE
03-03 03:01:34.121  3822  3822 D NotificationService--OplusNotificationManagerServiceExtImpl: isForwardToAssistants: true, case : Is local notification
03-03 03:01:34.129  3822  3822 D NotificationService: This application enqueue notifications is need postDelayed mcsAssistantDelayTime: 200
03-03 03:01:34.147  3822  5443 I OplusMediaControlService: updateControllerMap begin
03-03 03:01:34.147  3822  5443 D OplusMediaControlService: isInMediaBlackList: com.google.android.youtube, 0
03-03 03:01:34.147  3822  5443 V OplusMediaControlService: this app is in media black list, pkgName: com.google.android.youtube
03-03 03:01:34.147  3822  5443 D OplusMediaControlService: isInMediaBlackList: com.google.android.youtube, 0
03-03 03:01:34.147  3822  5443 V OplusMediaControlService: this app is in media black list, pkgName: com.google.android.youtube
03-03 03:01:34.147  3822  5443 I OplusMediaControlService: updataPlayStateMap begin
03-03 03:01:34.147  3822  5443 I OplusMediaControlService: updateMetadataMap begin
03-03 03:01:34.147  3822  5443 I OplusMediaControlService: getPlayerInfo, playerId: 123177627, pkgname: it.vfsfitvnm.vimusic.debug
03-03 03:01:34.148  3822  5443 D OplusMediaControlService: isInMediaBlackList: com.google.android.youtube, 0
03-03 03:01:34.148  3822  5443 V OplusMediaControlService: this app is in media black list, pkgName: com.google.android.youtube
03-03 03:01:34.148  3822  5443 I OplusMediaControlService: getCurrentPlayerInfoList InfoList size: 1
03-03 03:01:34.414  5545  6299 I Quality : BitmapCompressInfo:896,896,1,85,279843073
03-03 03:01:34.468  3822  5210 D CompatChangeReporter: Compat change id reported: 311208629; UID 10240; state: ENABLED
03-03 03:01:34.472  3822  5210 D ActivityManager: Async freezing 18775 com.qualcomm.qti.workloadclassifier
03-03 03:01:34.519  3822  5367 I ActivityManager: Death received, pid = 18775, processName = com.qualcomm.qti.workloadclassifier for thread android.os.BinderProxy@bf499de
03-03 03:01:34.524  3822  8593 I ActivityManager: Process com.qualcomm.qti.workloadclassifier (pid 18775) has died: cch+5 CEM 
03-03 03:01:35.007  3822  4721 V AlarmManager: sending alarm Alarm{258f893 type 1 origWhen 1772487095006 whenElapsed 203718276 android} uid 1000 whenElapsed 203718276 windowLength 0 maxWhenElapsed 203718276 repeatInterval 0 action null component null tag StorgaeBandInfoAlarmTag flags 0x9 procName system_server
03-03 03:01:35.457  3822  4063 D PowerManagerService: userActivityNoUpdateLocked: groupId=0, eventTime=92563472, event=touch, flags=0x0, uid=1000
03-03 03:01:35.457  3822  5367 D QuickBackInputPolicy: isInMultiWindowMode and isInSplitScreen is: false isZoomMode is: false isMultiWindowModeInPocketStudio is: false isEmbeddedInLauncherActivity is: false
03-03 03:01:35.457  3822  5367 D QuickBackInputPolicy: hasMultiChildrenInTask: false
03-03 03:01:35.458  3822  5367 D QuickBackInputPolicy: shouldTriggerBackKeyEvent focusWin=Window{48c9384 u0 it.vfsfitvnm.vimusic.debug/it.vfsfitvnm.vimusic.MainActivity}, topFullscreenOpaqueWindow=Window{48c9384 u0 it.vfsfitvnm.vimusic.debug/it.vfsfitvnm.vimusic.MainActivity}, mLaunchEndTimePair=Pair{ActivityRecord{152184657 u0 it.vfsfitvnm.vimusic.debug/it.vfsfitvnm.vimusic.MainActivity t28698} 92443091}, processRunning=false, timeThreshold is: 800, lastRemoteFromAssistant = false
03-03 03:01:35.458  3822  5367 D QuickBackInputPolicy: canInterceptKeyEventToHome Window:Window{48c9384 u0 it.vfsfitvnm.vimusic.debug/it.vfsfitvnm.vimusic.MainActivity}, do nothing!
03-03 03:01:35.477  3822  5367 D QuickBackInputPolicy: isInMultiWindowMode and isInSplitScreen is: false isZoomMode is: false isMultiWindowModeInPocketStudio is: false isEmbeddedInLauncherActivity is: false
03-03 03:01:35.477  3822  5367 D QuickBackInputPolicy: hasMultiChildrenInTask: false
03-03 03:01:35.477  3822  5367 D QuickBackInputPolicy: shouldTriggerBackKeyEvent focusWin=Window{48c9384 u0 it.vfsfitvnm.vimusic.debug/it.vfsfitvnm.vimusic.MainActivity}, topFullscreenOpaqueWindow=Window{48c9384 u0 it.vfsfitvnm.vimusic.debug/it.vfsfitvnm.vimusic.MainActivity}, mLaunchEndTimePair=Pair{ActivityRecord{152184657 u0 it.vfsfitvnm.vimusic.debug/it.vfsfitvnm.vimusic.MainActivity t28698} 92443091}, processRunning=false, timeThreshold is: 800, lastRemoteFromAssistant = false
03-03 03:01:35.477  3822  5367 D CoreBackPreview: startBackNavigation currentTask=Task{6a135b3 #28698 type=standard A=10686:it.vfsfitvnm.vimusic.debug}, topRunningActivity=ActivityRecord{152184657 u0 it.vfsfitvnm.vimusic.debug/it.vfsfitvnm.vimusic.MainActivity t28698}, callbackInfo=OnBackInvokedCallbackInfo{mCallback=android.window.IOnBackInvokedCallback$Stub$Proxy@d2e0c44, mPriority=0, mIsAnimationCallback=false, mOverrideBehavior=0}, currentFocus=Window{48c9384 u0 it.vfsfitvnm.vimusic.debug/it.vfsfitvnm.vimusic.MainActivity}
03-03 03:01:35.478  5545  5606 D ShellBackPreview: Received backNavigationInfo:BackNavigationInfo{mType=TYPE_CALLBACK (4), mOnBackNavigationDone=android.os.RemoteCallback@ca86657, mOnBackInvokedCallback=android.window.IOnBackInvokedCallback$Stub$Proxy@12c4544, mPrepareRemoteAnimation=false, mAnimationCallback=false, mCustomizeAnimationInfo=null}
03-03 03:01:35.479  3822  5484 V WindowManager: Relayout Window{40a6650 u0 ColorSideGestureRight_displayId_0}: viewVisibility=0, oldvis=8, req=192x3137 , apr = 0, vsysui=
03-03 03:01:35.479  3822  5484 I WindowManager: Window{40a6650 u0 ColorSideGestureRight_displayId_0} state from NO_SURFACE to DRAW_PENDING; reason: resetDrawState
03-03 03:01:35.485  3822  5484 D WindowManager: NFW_findFocusedWindowIfNeeded:Window{48c9384 u0 it.vfsfitvnm.vimusic.debug/it.vfsfitvnm.vimusic.MainActivity} mCurrentFocus:Window{48c9384 u0 it.vfsfitvnm.vimusic.debug/it.vfsfitvnm.vimusic.MainActivity}
03-03 03:01:35.493  3822  4010 W QosScheduler: getScenario failed! scenarios is null, mask=4
03-03 03:01:35.493  3822  4010 W QosScheduler: executeSceneQosStrategy get scenario failed! scenario is null
03-03 03:01:35.507  5545 17338 D LinearmotorVibrator: vibrate: effect=WaveformEffect { caec6c8, effectType=1, effectStrength=-1, effectLoop=false, ringtoneVibrateType=-1, isRingtoneCustomized=false, ringtoneFilePath=, strengthSettingEnabled=true, asynchronous=false, usageHint=0 }
03-03 03:01:35.508  3822  5484 I WindowManager: Window{40a6650 u0 ColorSideGestureRight_displayId_0} state from DRAW_PENDING to COMMIT_DRAW_PENDING; reason: finishDrawingLocked
03-03 03:01:35.508  3822  5482 I VibratorManagerServiceExtImpl: vibrate is uid=10208, pid=5545, opPkg=com.android.systemui, effect=Mono{mEffect=Composed{segments=[OplusVibrationEffectSegment{mEffectId=1, mEffectStrength=-1, mRingtonePath=''}], repeat=-1}}, attributes=VibrationAttributes{mUsage=UNKNOWN, mAudioUsage= USAGE_UNKNOWN, mFlags=0}, reason=null, token=33543294
03-03 03:01:35.510  3822  3933 I WindowManager: Window{40a6650 u0 ColorSideGestureRight_displayId_0} state from COMMIT_DRAW_PENDING to READY_TO_SHOW; reason: commitFinishDrawingLocked
03-03 03:01:35.510  3822  3933 I WindowManager: Window{40a6650 u0 ColorSideGestureRight_displayId_0} state from READY_TO_SHOW to HAS_DRAWN; reason: performShowLocked
03-03 03:01:35.513  3822  4718 W VibrationScaler: Got unexpected vibration intensity: 2100
03-03 03:01:35.516  3822  4718 D VibrationThread: Perform OplusPrebakedSegment{mWaveformId=2, mDuration=45, mEffectStrength=2100, mDefaultUsage=TOUCH} on vibrator 0
03-03 03:01:35.549  5545  5606 D ShellBackPreview: Finishing gesture with event action: 1
03-03 03:01:35.549  5545  5606 D ShellBackPreview: onGestureFinished() mTriggerBack == true
03-03 03:01:35.549  5545  5606 D ShellBackPreview: Trigger back without dispatching to animator.
03-03 03:01:35.549  5545  5606 D ShellBackPreview: BackAnimationController: finishBackNavigation()
03-03 03:01:35.550  3822  3930 D OplusPanoramaWorkBranchController: notifyMotionUpOrCancel
03-03 03:01:35.550  3822  5484 D CoreBackPreview: onBackNavigationDone backType=4, triggerBack=true
03-03 03:01:35.670  3822  5484 V WindowManager: Relayout Window{40a6650 u0 ColorSideGestureRight_displayId_0}: viewVisibility=8, oldvis=0, req=192x3137 , apr = 0, vsysui=
03-03 03:01:35.671  3822  5484 I WindowManager: Window{40a6650 u0 ColorSideGestureRight_displayId_0} state from HAS_DRAWN to NO_SURFACE; reason: destroySurface
03-03 03:01:35.673  3822  5484 D WindowManager: NFW_findFocusedWindowIfNeeded:Window{48c9384 u0 it.vfsfitvnm.vimusic.debug/it.vfsfitvnm.vimusic.MainActivity} mCurrentFocus:Window{48c9384 u0 it.vfsfitvnm.vimusic.debug/it.vfsfitvnm.vimusic.MainActivity}
03-03 03:01:36.021  3822  4063 D PowerManagerService: userActivityNoUpdateLocked: groupId=0, eventTime=92564041, event=touch, flags=0x0, uid=1000
03-03 03:01:36.123  3822  4063 D PowerManagerService: userActivityNoUpdateLocked: groupId=0, eventTime=92564145, event=touch, flags=0x0, uid=1000
03-03 03:01:36.227  3822  4063 D PowerManagerService: userActivityNoUpdateLocked: groupId=0, eventTime=92564249, event=touch, flags=0x0, uid=1000
03-03 03:01:36.268  3822  3930 D OplusPanoramaWorkBranchController: notifyMotionUpOrCancel
03-03 03:01:36.368  3822  4010 W QosScheduler: getScenario failed! scenarios is null, mask=4
03-03 03:01:36.368  3822  4010 W QosScheduler: executeSceneQosStrategy get scenario failed! scenario is null
03-03 03:01:36.623  3822  4063 D PowerManagerService: userActivityNoUpdateLocked: groupId=0, eventTime=92564642, event=touch, flags=0x0, uid=1000
03-03 03:01:36.723  3822  4063 D PowerManagerService: userActivityNoUpdateLocked: groupId=0, eventTime=92564746, event=touch, flags=0x0, uid=1000
03-03 03:01:36.732  3822  3930 D OplusPanoramaWorkBranchController: notifyMotionUpOrCancel
03-03 03:01:36.740  3822  5484 E AppOps  : attributionTag  not declared in manifest of it.vfsfitvnm.vimusic.debug
03-03 03:01:36.741  3822  5484 E AppOps  : attributionTag  not declared in manifest of it.vfsfitvnm.vimusic.debug
03-03 03:01:36.747  3822  5484 D NotificationService--OplusNotificationFixHelper: fixAppIcon: pkg=it.vfsfitvnm.vimusic.debug
03-03 03:01:36.747  3822  5484 D NotificationService--OplusNotificationFixHelper: fixAppIcon: appIcon = null, pkg = it.vfsfitvnm.vimusic.debug
03-03 03:01:36.747  3822  5484 I OplusStatusBarManagerServiceEnhance:  getTopIsFullscreen mTopIsFullscreen: false
03-03 03:01:36.748  3822  5484 W ActivityManager: Permission Denial: getTopApplicationInfo from pid=19889, uid=10686 requires oplus.permission.OPLUS_COMPONENT_SAFE
03-03 03:01:36.751  3822  3822 D NotificationService--OplusNotificationManagerServiceExtImpl: isForwardToAssistants: true, case : Is local notification
03-03 03:01:36.751  3822  3822 D NotificationService: This application enqueue notifications is need postDelayed mcsAssistantDelayTime: 200
03-03 03:01:36.769  3822  5482 I OplusMediaControlService: updateControllerMap begin
03-03 03:01:36.769  3822  5482 D OplusMediaControlService: isInMediaBlackList: com.google.android.youtube, 0
03-03 03:01:36.769  3822  5482 V OplusMediaControlService: this app is in media black list, pkgName: com.google.android.youtube
03-03 03:01:36.769  3822  5482 D OplusMediaControlService: isInMediaBlackList: com.google.android.youtube, 0
03-03 03:01:36.769  3822  5482 V OplusMediaControlService: this app is in media black list, pkgName: com.google.android.youtube
03-03 03:01:36.769  3822  5482 I OplusMediaControlService: updataPlayStateMap begin
03-03 03:01:36.769  3822  5482 I OplusMediaControlService: updateMetadataMap begin
03-03 03:01:36.769  3822  5482 I OplusMediaControlService: getPlayerInfo, playerId: 123177627, pkgname: it.vfsfitvnm.vimusic.debug
03-03 03:01:36.770  3822  5482 D OplusMediaControlService: isInMediaBlackList: com.google.android.youtube, 0
03-03 03:01:36.770  3822  5482 V OplusMediaControlService: this app is in media black list, pkgName: com.google.android.youtube
03-03 03:01:36.770  3822  5482 I OplusMediaControlService: getCurrentPlayerInfoList InfoList size: 1
03-03 03:01:36.901  3822  4010 W QosScheduler: getScenario failed! scenarios is null, mask=32
03-03 03:01:36.901  3822  4010 W QosScheduler: executeSceneQosStrategy get scenario failed! scenario is null
03-03 03:01:36.901  3822  5484 D BatteryStatsServiceExtImpl: report audio global stop...
03-03 03:01:37.015  3822  4721 V AlarmManager: sending alarm Alarm{5d1e3ee type 1 origWhen 1772487097014 whenElapsed 203720285 android} uid 1000 whenElapsed 203720285 windowLength 0 maxWhenElapsed 203720285 repeatInterval 0 action null component null tag StorgaeBandInfoAlarmTag flags 0x9 procName system_server
03-03 03:01:37.098  3822  5367 W SettingsStatsUtil: Can not parse value to float: +network
03-03 03:01:37.236  3822  5367 D NotificationService--OplusNotificationFixHelper: fixAppIcon: pkg=it.vfsfitvnm.vimusic.debug
03-03 03:01:37.236  3822  5367 D NotificationService--OplusNotificationFixHelper: fixAppIcon: appIcon = null, pkg = it.vfsfitvnm.vimusic.debug
03-03 03:01:37.237  3822  5367 I OplusStatusBarManagerServiceEnhance:  getTopIsFullscreen mTopIsFullscreen: false
03-03 03:01:37.237  3822  5367 W ActivityManager: Permission Denial: getTopApplicationInfo from pid=19889, uid=10686 requires oplus.permission.OPLUS_COMPONENT_SAFE
03-03 03:01:37.237  3822  3822 D NotificationService--OplusNotificationManagerServiceExtImpl: isForwardToAssistants: true, case : Is local notification
03-03 03:01:37.237  3822  3822 D NotificationService: This application enqueue notifications is need postDelayed mcsAssistantDelayTime: 200
03-03 03:01:37.253  3822  5367 I OplusMediaControlService: updateControllerMap begin
03-03 03:01:37.253  3822  5367 D OplusMediaControlService: isInMediaBlackList: com.google.android.youtube, 0
03-03 03:01:37.253  3822  5367 V OplusMediaControlService: this app is in media black list, pkgName: com.google.android.youtube
03-03 03:01:37.253  3822  5367 D OplusMediaControlService: isInMediaBlackList: com.google.android.youtube, 0
03-03 03:01:37.253  3822  5367 V OplusMediaControlService: this app is in media black list, pkgName: com.google.android.youtube
03-03 03:01:37.253  3822  5367 I OplusMediaControlService: updataPlayStateMap begin
03-03 03:01:37.253  3822  5367 I OplusMediaControlService: updateMetadataMap begin
03-03 03:01:37.253  3822  5367 I OplusMediaControlService: getPlayerInfo, playerId: 123177627, pkgname: it.vfsfitvnm.vimusic.debug
03-03 03:01:37.254  3822  5367 D OplusMediaControlService: isInMediaBlackList: com.google.android.youtube, 0
03-03 03:01:37.254  3822  5367 V OplusMediaControlService: this app is in media black list, pkgName: com.google.android.youtube
03-03 03:01:37.254  3822  5367 I OplusMediaControlService: getCurrentPlayerInfoList InfoList size: 1
03-03 03:01:37.782  3822  5482 D NotificationService--OplusNotificationFixHelper: fixAppIcon: pkg=it.vfsfitvnm.vimusic.debug
03-03 03:01:37.783  3822  5482 D NotificationService--OplusNotificationFixHelper: fixAppIcon: appIcon = null, pkg = it.vfsfitvnm.vimusic.debug
03-03 03:01:37.783  3822  5482 I OplusStatusBarManagerServiceEnhance:  getTopIsFullscreen mTopIsFullscreen: false
03-03 03:01:37.783  3822  5482 W ActivityManager: Permission Denial: getTopApplicationInfo from pid=19889, uid=10686 requires oplus.permission.OPLUS_COMPONENT_SAFE
03-03 03:01:37.784  3822  3822 D NotificationService--OplusNotificationManagerServiceExtImpl: isForwardToAssistants: true, case : Is local notification
03-03 03:01:37.784  3822  3822 D NotificationService: This application enqueue notifications is need postDelayed mcsAssistantDelayTime: 200
03-03 03:01:37.801  3822  5482 I OplusMediaControlService: updateControllerMap begin
03-03 03:01:37.802  3822  5482 D OplusMediaControlService: isInMediaBlackList: com.google.android.youtube, 0
03-03 03:01:37.802  3822  5482 V OplusMediaControlService: this app is in media black list, pkgName: com.google.android.youtube
03-03 03:01:37.802  3822  5482 D OplusMediaControlService: isInMediaBlackList: com.google.android.youtube, 0
03-03 03:01:37.802  3822  5482 V OplusMediaControlService: this app is in media black list, pkgName: com.google.android.youtube
03-03 03:01:37.802  3822  5482 I OplusMediaControlService: updataPlayStateMap begin
03-03 03:01:37.802  3822  5482 I OplusMediaControlService: updateMetadataMap begin
03-03 03:01:37.802  3822  5482 I OplusMediaControlService: getPlayerInfo, playerId: 123177627, pkgname: it.vfsfitvnm.vimusic.debug
03-03 03:01:37.803  3822  5482 D OplusMediaControlService: isInMediaBlackList: com.google.android.youtube, 0
03-03 03:01:37.803  3822  5482 V OplusMediaControlService: this app is in media black list, pkgName: com.google.android.youtube
03-03 03:01:37.803  3822  5482 I OplusMediaControlService: getCurrentPlayerInfoList InfoList size: 1
03-03 03:01:38.209  5545  6299 I Quality : BitmapCompressInfo:896,896,1,85,310418177
03-03 03:01:38.259  3822  5444 D QuickBackInputPolicy: isInMultiWindowMode and isInSplitScreen is: false isZoomMode is: false isMultiWindowModeInPocketStudio is: false isEmbeddedInLauncherActivity is: false
03-03 03:01:38.259  3822  5444 D QuickBackInputPolicy: hasMultiChildrenInTask: false
03-03 03:01:38.259  3822  4063 D PowerManagerService: userActivityNoUpdateLocked: groupId=0, eventTime=92566279, event=touch, flags=0x0, uid=1000
03-03 03:01:38.259  3822  5444 D QuickBackInputPolicy: shouldTriggerBackKeyEvent focusWin=Window{48c9384 u0 it.vfsfitvnm.vimusic.debug/it.vfsfitvnm.vimusic.MainActivity}, topFullscreenOpaqueWindow=Window{48c9384 u0 it.vfsfitvnm.vimusic.debug/it.vfsfitvnm.vimusic.MainActivity}, mLaunchEndTimePair=Pair{ActivityRecord{152184657 u0 it.vfsfitvnm.vimusic.debug/it.vfsfitvnm.vimusic.MainActivity t28698} 92443091}, processRunning=false, timeThreshold is: 800, lastRemoteFromAssistant = false
03-03 03:01:38.259  3822  5444 D QuickBackInputPolicy: canInterceptKeyEventToHome Window:Window{48c9384 u0 it.vfsfitvnm.vimusic.debug/it.vfsfitvnm.vimusic.MainActivity}, do nothing!
03-03 03:01:38.282  3822  5444 D QuickBackInputPolicy: isInMultiWindowMode and isInSplitScreen is: false isZoomMode is: false isMultiWindowModeInPocketStudio is: false isEmbeddedInLauncherActivity is: false
03-03 03:01:38.282  3822  5444 D QuickBackInputPolicy: hasMultiChildrenInTask: false
03-03 03:01:38.282  3822  5444 D QuickBackInputPolicy: shouldTriggerBackKeyEvent focusWin=Window{48c9384 u0 it.vfsfitvnm.vimusic.debug/it.vfsfitvnm.vimusic.MainActivity}, topFullscreenOpaqueWindow=Window{48c9384 u0 it.vfsfitvnm.vimusic.debug/it.vfsfitvnm.vimusic.MainActivity}, mLaunchEndTimePair=Pair{ActivityRecord{152184657 u0 it.vfsfitvnm.vimusic.debug/it.vfsfitvnm.vimusic.MainActivity t28698} 92443091}, processRunning=false, timeThreshold is: 800, lastRemoteFromAssistant = false
03-03 03:01:38.283  3822  5444 D CoreBackPreview: startBackNavigation currentTask=Task{6a135b3 #28698 type=standard A=10686:it.vfsfitvnm.vimusic.debug}, topRunningActivity=ActivityRecord{152184657 u0 it.vfsfitvnm.vimusic.debug/it.vfsfitvnm.vimusic.MainActivity t28698}, callbackInfo=OnBackInvokedCallbackInfo{mCallback=android.window.IOnBackInvokedCallback$Stub$Proxy@d2e0c44, mPriority=0, mIsAnimationCallback=false, mOverrideBehavior=0}, currentFocus=Window{48c9384 u0 it.vfsfitvnm.vimusic.debug/it.vfsfitvnm.vimusic.MainActivity}
03-03 03:01:38.283  5545  5606 D ShellBackPreview: Received backNavigationInfo:BackNavigationInfo{mType=TYPE_CALLBACK (4), mOnBackNavigationDone=android.os.RemoteCallback@68dd4d5, mOnBackInvokedCallback=android.window.IOnBackInvokedCallback$Stub$Proxy@2fab4ea, mPrepareRemoteAnimation=false, mAnimationCallback=false, mCustomizeAnimationInfo=null}
03-03 03:01:38.287  3822  5444 V WindowManager: Relayout Window{40a6650 u0 ColorSideGestureRight_displayId_0}: viewVisibility=0, oldvis=8, req=192x3137 , apr = 0, vsysui=
03-03 03:01:38.287  3822  5444 I WindowManager: Window{40a6650 u0 ColorSideGestureRight_displayId_0} state from NO_SURFACE to DRAW_PENDING; reason: resetDrawState
03-03 03:01:38.289  3822  4010 W QosScheduler: getScenario failed! scenarios is null, mask=4
03-03 03:01:38.289  3822  4010 W QosScheduler: executeSceneQosStrategy get scenario failed! scenario is null
03-03 03:01:38.290  3822  5444 D WindowManager: NFW_findFocusedWindowIfNeeded:Window{48c9384 u0 it.vfsfitvnm.vimusic.debug/it.vfsfitvnm.vimusic.MainActivity} mCurrentFocus:Window{48c9384 u0 it.vfsfitvnm.vimusic.debug/it.vfsfitvnm.vimusic.MainActivity}
03-03 03:01:38.305  3822  5444 I WindowManager: Window{40a6650 u0 ColorSideGestureRight_displayId_0} state from DRAW_PENDING to COMMIT_DRAW_PENDING; reason: finishDrawingLocked
03-03 03:01:38.314  3822  3933 I WindowManager: Window{40a6650 u0 ColorSideGestureRight_displayId_0} state from COMMIT_DRAW_PENDING to READY_TO_SHOW; reason: commitFinishDrawingLocked
03-03 03:01:38.314  3822  3933 I WindowManager: Window{40a6650 u0 ColorSideGestureRight_displayId_0} state from READY_TO_SHOW to HAS_DRAWN; reason: performShowLocked
03-03 03:01:38.338  5545 17338 D LinearmotorVibrator: vibrate: effect=WaveformEffect { 554cef9, effectType=1, effectStrength=-1, effectLoop=false, ringtoneVibrateType=-1, isRingtoneCustomized=false, ringtoneFilePath=, strengthSettingEnabled=true, asynchronous=false, usageHint=0 }
03-03 03:01:38.339  3822  5444 I VibratorManagerServiceExtImpl: vibrate is uid=10208, pid=5545, opPkg=com.android.systemui, effect=Mono{mEffect=Composed{segments=[OplusVibrationEffectSegment{mEffectId=1, mEffectStrength=-1, mRingtonePath=''}], repeat=-1}}, attributes=VibrationAttributes{mUsage=UNKNOWN, mAudioUsage= USAGE_UNKNOWN, mFlags=0}, reason=null, token=33543294
03-03 03:01:38.343  3822  4718 W VibrationScaler: Got unexpected vibration intensity: 2100
03-03 03:01:38.344  3822  4718 D VibrationThread: Perform OplusPrebakedSegment{mWaveformId=2, mDuration=45, mEffectStrength=2100, mDefaultUsage=TOUCH} on vibrator 0
03-03 03:01:38.361  3822  4063 D PowerManagerService: userActivityNoUpdateLocked: groupId=0, eventTime=92566383, event=touch, flags=0x0, uid=1000
03-03 03:01:38.451  5545  5606 D ShellBackPreview: Finishing gesture with event action: 1
03-03 03:01:38.452  5545  5606 D ShellBackPreview: onGestureFinished() mTriggerBack == true
03-03 03:01:38.452  5545  5606 D ShellBackPreview: Trigger back without dispatching to animator.
03-03 03:01:38.453  5545  5606 D ShellBackPreview: BackAnimationController: finishBackNavigation()
03-03 03:01:38.457  3822  3930 D OplusPanoramaWorkBranchController: notifyMotionUpOrCancel
03-03 03:01:38.461  3822  5482 D CoreBackPreview: onBackNavigationDone backType=4, triggerBack=true
03-03 03:01:38.578  3822  5482 V WindowManager: Relayout Window{40a6650 u0 ColorSideGestureRight_displayId_0}: viewVisibility=8, oldvis=0, req=192x3137 , apr = 0, vsysui=
03-03 03:01:38.579  3822  5482 I WindowManager: Window{40a6650 u0 ColorSideGestureRight_displayId_0} state from HAS_DRAWN to NO_SURFACE; reason: destroySurface
03-03 03:01:38.584  3822  5482 D WindowManager: NFW_findFocusedWindowIfNeeded:Window{48c9384 u0 it.vfsfitvnm.vimusic.debug/it.vfsfitvnm.vimusic.MainActivity} mCurrentFocus:Window{48c9384 u0 it.vfsfitvnm.vimusic.debug/it.vfsfitvnm.vimusic.MainActivity}
03-03 03:01:38.656  3822  4010 W QosScheduler: getScenario failed! scenarios is null, mask=4
03-03 03:01:38.656  3822  4010 W QosScheduler: executeSceneQosStrategy get scenario failed! scenario is null
03-03 03:01:38.956  3822  4063 D PowerManagerService: userActivityNoUpdateLocked: groupId=0, eventTime=92566976, event=touch, flags=0x0, uid=1000
03-03 03:01:39.017  3822  4010 W QosScheduler: getScenario failed! scenarios is null, mask=4
03-03 03:01:39.017  3822  4010 W QosScheduler: executeSceneQosStrategy get scenario failed! scenario is null
03-03 03:01:39.018  3822  4721 V AlarmManager: sending alarm Alarm{72bcfb2 type 1 origWhen 1772487099017 whenElapsed 203722287 android} uid 1000 whenElapsed 203722287 windowLength 0 maxWhenElapsed 203722287 repeatInterval 0 action null component null tag StorgaeBandInfoAlarmTag flags 0x9 procName system_server
03-03 03:01:39.057  3822  4063 D PowerManagerService: userActivityNoUpdateLocked: groupId=0, eventTime=92567080, event=touch, flags=0x0, uid=1000
03-03 03:01:39.162  3822  4063 D PowerManagerService: userActivityNoUpdateLocked: groupId=0, eventTime=92567184, event=touch, flags=0x0, uid=1000
03-03 03:01:39.194  3822  3930 D OplusPanoramaWorkBranchController: notifyMotionUpOrCancel
03-03 03:01:39.341  3822  4063 D PowerManagerService: userActivityNoUpdateLocked: groupId=0, eventTime=92567361, event=touch, flags=0x0, uid=1000
03-03 03:01:39.442  3822  4063 D PowerManagerService: userActivityNoUpdateLocked: groupId=0, eventTime=92567465, event=touch, flags=0x0, uid=1000
03-03 03:01:39.547  3822  4063 D PowerManagerService: userActivityNoUpdateLocked: groupId=0, eventTime=92567569, event=touch, flags=0x0, uid=1000
03-03 03:01:39.595  3822  3930 D OplusPanoramaWorkBranchController: notifyMotionUpOrCancel
03-03 03:01:39.637  3822  4569 D osense.compress: com.google.android.apps.messaging do shrink, target ratio = 86, final ratio = 90, cur ratio = 81
03-03 03:01:39.695  3822  4010 W QosScheduler: getScenario failed! scenarios is null, mask=4
03-03 03:01:39.696  3822  4010 W QosScheduler: executeSceneQosStrategy get scenario failed! scenario is null
03-03 03:01:40.008  3822  4063 D PowerManagerService: userActivityNoUpdateLocked: groupId=0, eventTime=92568025, event=touch, flags=0x0, uid=1000
03-03 03:01:40.053  3822  4010 W QosScheduler: getScenario failed! scenarios is null, mask=4
03-03 03:01:40.053  3822  4010 W QosScheduler: executeSceneQosStrategy get scenario failed! scenario is null
03-03 03:01:40.107  3822  4063 D PowerManagerService: userActivityNoUpdateLocked: groupId=0, eventTime=92568129, event=touch, flags=0x0, uid=1000
03-03 03:01:40.211  3822  4063 D PowerManagerService: userActivityNoUpdateLocked: groupId=0, eventTime=92568234, event=touch, flags=0x0, uid=1000
03-03 03:01:40.286  3822  3930 D OplusPanoramaWorkBranchController: notifyMotionUpOrCancel
03-03 03:01:40.387  3822  4010 W QosScheduler: getScenario failed! scenarios is null, mask=4
03-03 03:01:40.388  3822  4010 W QosScheduler: executeSceneQosStrategy get scenario failed! scenario is null
03-03 03:01:40.495  3822  4063 D PowerManagerService: userActivityNoUpdateLocked: groupId=0, eventTime=92568515, event=touch, flags=0x0, uid=1000
03-03 03:01:40.581  3822  3930 D OplusPanoramaWorkBranchController: notifyMotionUpOrCancel
03-03 03:01:40.591  3822  5444 I MediaSessionStack: onPlaybackStateChanged - Pushing session to top | record: it.vfsfitvnm.vimusic.debug/PlayerService/71 (userId=0)
03-03 03:01:40.599  3822  5482 D NotificationService--OplusNotificationFixHelper: fixAppIcon: pkg=it.vfsfitvnm.vimusic.debug
03-03 03:01:40.599  3822  5482 D NotificationService--OplusNotificationFixHelper: fixAppIcon: appIcon = null, pkg = it.vfsfitvnm.vimusic.debug
03-03 03:01:40.600  3822  5482 I OplusStatusBarManagerServiceEnhance:  getTopIsFullscreen mTopIsFullscreen: false
03-03 03:01:40.600  3822  5482 W ActivityManager: Permission Denial: getTopApplicationInfo from pid=19889, uid=10686 requires oplus.permission.OPLUS_COMPONENT_SAFE
03-03 03:01:40.600  3822  3822 D NotificationService--OplusNotificationManagerServiceExtImpl: isForwardToAssistants: true, case : Is local notification
03-03 03:01:40.600  3822  3822 D NotificationService: This application enqueue notifications is need postDelayed mcsAssistantDelayTime: 200
03-03 03:01:40.624  3822  5482 I OplusMediaControlService: updateControllerMap begin
03-03 03:01:40.625  3822  5482 D OplusMediaControlService: isInMediaBlackList: com.google.android.youtube, 0
03-03 03:01:40.625  3822  5482 V OplusMediaControlService: this app is in media black list, pkgName: com.google.android.youtube
03-03 03:01:40.625  3822  5482 D OplusMediaControlService: isInMediaBlackList: com.google.android.youtube, 0
03-03 03:01:40.625  3822  5482 V OplusMediaControlService: this app is in media black list, pkgName: com.google.android.youtube
03-03 03:01:40.625  3822  5482 I OplusMediaControlService: updataPlayStateMap begin
03-03 03:01:40.625  3822  5482 I OplusMediaControlService: updateMetadataMap begin
03-03 03:01:40.625  3822  5482 I OplusMediaControlService: getPlayerInfo, playerId: 123177627, pkgname: it.vfsfitvnm.vimusic.debug
03-03 03:01:40.626  3822  5482 D OplusMediaControlService: isInMediaBlackList: com.google.android.youtube, 0
03-03 03:01:40.626  3822  5482 V OplusMediaControlService: this app is in media black list, pkgName: com.google.android.youtube
03-03 03:01:40.626  3822  5482 I OplusMediaControlService: getCurrentPlayerInfoList InfoList size: 1
03-03 03:01:41.031  3822  4721 V AlarmManager: sending alarm Alarm{2728f6e type 1 origWhen 1772487101031 whenElapsed 203724301 android} uid 1000 whenElapsed 203724301 windowLength 0 maxWhenElapsed 203724301 repeatInterval 0 action null component null tag StorgaeBandInfoAlarmTag flags 0x9 procName system_server
03-03 03:01:41.560  3822  5482 D NotificationService--OplusNotificationFixHelper: fixAppIcon: pkg=it.vfsfitvnm.vimusic.debug
03-03 03:01:41.560  3822  5482 D NotificationService--OplusNotificationFixHelper: fixAppIcon: appIcon = null, pkg = it.vfsfitvnm.vimusic.debug
03-03 03:01:41.561  3822  5482 I OplusStatusBarManagerServiceEnhance:  getTopIsFullscreen mTopIsFullscreen: false
03-03 03:01:41.561  3822  5482 W ActivityManager: Permission Denial: getTopApplicationInfo from pid=19889, uid=10686 requires oplus.permission.OPLUS_COMPONENT_SAFE
03-03 03:01:41.561  3822  3822 D NotificationService--OplusNotificationManagerServiceExtImpl: isForwardToAssistants: true, case : Is local notification
03-03 03:01:41.561  3822  3822 D NotificationService: This application enqueue notifications is need postDelayed mcsAssistantDelayTime: 200
03-03 03:01:41.574  3822  5482 I OplusMediaControlService: updateControllerMap begin
03-03 03:01:41.574  3822  5482 D OplusMediaControlService: isInMediaBlackList: com.google.android.youtube, 0
03-03 03:01:41.574  3822  5482 V OplusMediaControlService: this app is in media black list, pkgName: com.google.android.youtube
03-03 03:01:41.574  3822  5482 D OplusMediaControlService: isInMediaBlackList: com.google.android.youtube, 0
03-03 03:01:41.574  3822  5482 V OplusMediaControlService: this app is in media black list, pkgName: com.google.android.youtube
03-03 03:01:41.574  3822  5482 I OplusMediaControlService: updataPlayStateMap begin
03-03 03:01:41.574  3822  5482 I OplusMediaControlService: updateMetadataMap begin
03-03 03:01:41.575  3822  5482 I OplusMediaControlService: getPlayerInfo, playerId: 123177627, pkgname: it.vfsfitvnm.vimusic.debug
03-03 03:01:41.575  3822  5482 D OplusMediaControlService: isInMediaBlackList: com.google.android.youtube, 0
03-03 03:01:41.575  3822  5482 V OplusMediaControlService: this app is in media black list, pkgName: com.google.android.youtube
03-03 03:01:41.575  3822  5482 I OplusMediaControlService: getCurrentPlayerInfoList InfoList size: 1
03-03 03:01:41.902  3822  4010 I QosScheduler[QoSPolicy]: setSceneQoS begin:false sceneId:5
03-03 03:01:41.937  5545  6299 I Quality : BitmapCompressInfo:896,896,1,85,269026562
03-03 03:01:42.118  3822  4569 D osense.compress: com.google.android.inputmethod.latin do shrink, target ratio = 85, final ratio = 90, cur ratio = 80
03-03 03:01:43.036  3822  4721 V AlarmManager: sending alarm Alarm{cf5949 type 1 origWhen 1772487103035 whenElapsed 203726305 android} uid 1000 whenElapsed 203726305 windowLength 0 maxWhenElapsed 203726305 repeatInterval 0 action null component null tag StorgaeBandInfoAlarmTag flags 0x9 procName system_server
03-03 03:01:44.228  3822  4029 D ActivityManager: Async freezing 16281 com.google.android.apps.messaging
03-03 03:01:44.753  3822  4063 D PowerManagerService: userActivityNoUpdateLocked: groupId=0, eventTime=92572771, event=touch, flags=0x0, uid=1000
03-03 03:01:44.844  3822  3930 D OplusPanoramaWorkBranchController: notifyMotionUpOrCancel
03-03 03:01:45.041  3822  4721 V AlarmManager: sending alarm Alarm{dda46a type 1 origWhen 1772487105040 whenElapsed 203728310 android} uid 1000 whenElapsed 203728310 windowLength 0 maxWhenElapsed 203728310 repeatInterval 0 action null component null tag StorgaeBandInfoAlarmTag flags 0x9 procName system_server
03-03 03:01:45.533  3822  4569 D osense.compress: com.phonepe.app do shrink, target ratio = 90, final ratio = 90, cur ratio = 85
03-03 03:01:45.956  3822  4721 V AlarmManager: sending alarm Alarm{6fbfc8f type 3 origWhen 203729226 whenElapsed 203729226 android} uid 1000 whenElapsed 203729226 windowLength 0 maxWhenElapsed 203729226 repeatInterval 0 action null component null tag StatsCompanionService.pull flags 0x9 procName system_server
03-03 03:01:45.972  3822  5482 D NotificationService--OplusNotificationFixHelper: fixAppIcon: pkg=it.vfsfitvnm.vimusic.debug
03-03 03:01:45.972  3822  5482 D NotificationService--OplusNotificationFixHelper: fixAppIcon: appIcon = null, pkg = it.vfsfitvnm.vimusic.debug
03-03 03:01:45.972  3822  5482 I OplusStatusBarManagerServiceEnhance:  getTopIsFullscreen mTopIsFullscreen: false
03-03 03:01:45.972  3822  5482 W ActivityManager: Permission Denial: getTopApplicationInfo from pid=19889, uid=10686 requires oplus.permission.OPLUS_COMPONENT_SAFE
03-03 03:01:45.976  3822  3822 D NotificationService--OplusNotificationManagerServiceExtImpl: isForwardToAssistants: true, case : Is local notification
03-03 03:01:45.977  3822  3822 D NotificationService: This application enqueue notifications is need postDelayed mcsAssistantDelayTime: 200
03-03 03:01:45.989  3822  5482 I OplusMediaControlService: updateControllerMap begin
03-03 03:01:45.990  3822  5482 D OplusMediaControlService: isInMediaBlackList: com.google.android.youtube, 0
03-03 03:01:45.990  3822  5482 V OplusMediaControlService: this app is in media black list, pkgName: com.google.android.youtube
03-03 03:01:45.990  3822  5482 D OplusMediaControlService: isInMediaBlackList: com.google.android.youtube, 0
