--------- beginning of crash
08-16 14:34:07.837  1085  1085 F libc    : Fatal signal 6 (SIGABRT), code -1 (SI_QUEUE) in tid 1085 (init), pid 1085 (init)
08-16 14:34:07.869  1085  1085 F libc    : Crash due to signal: crash_dump helper failed to exec, or was killed
02-28 18:27:27.424  6665  6665 F libc    : Fatal signal 6 (SIGABRT), code -1 (SI_QUEUE) in tid 6665 (init), pid 6665 (init)
02-28 18:27:27.753  6665  6665 F libc    : Crash due to signal: crash_dump helper failed to exec, or was killed
02-28 18:29:24.768 17078 17078 E AndroidRuntime: FATAL EXCEPTION: main
02-28 18:29:24.768 17078 17078 E AndroidRuntime: Process: com.mobikwik_new, PID: 17078
02-28 18:29:24.768 17078 17078 E AndroidRuntime: java.lang.NoClassDefFoundError: Failed resolution of: Lg9/g;
02-28 18:29:24.768 17078 17078 E AndroidRuntime: 	at dalvik.system.VMRuntime.runHeapTasks(Native Method)
02-28 18:29:24.768 17078 17078 E AndroidRuntime: 	at java.lang.Daemons$HeapTaskDaemon.runInternal(Daemons.java:766)
02-28 18:29:24.768 17078 17078 E AndroidRuntime: 	at java.lang.Daemons$Daemon.run(Daemons.java:135)
02-28 18:29:24.768 17078 17078 E AndroidRuntime: 	at java.lang.Thread.run(Thread.java:1564)
02-28 18:29:24.768 17078 17078 E AndroidRuntime: Caused by: java.lang.ClassNotFoundException: g9.g
02-28 18:29:24.768 17078 17078 E AndroidRuntime: 	... 4 more
02-28 18:29:25.170 17078 17078 E AndroidRuntime: Error reporting crash
02-28 18:29:25.170 17078 17078 E AndroidRuntime: java.lang.NullPointerException: Parameter specified as non-null is null: method vo.f.g, parameter context
02-28 18:29:25.170 17078 17078 E AndroidRuntime: 	at vo.f.g(SourceFile:2)
02-28 18:29:25.170 17078 17078 E AndroidRuntime: 	at Vi.b.c(SourceFile:15)
02-28 18:29:25.170 17078 17078 E AndroidRuntime: 	at Vi.b.b(SourceFile:1)
02-28 18:29:25.170 17078 17078 E AndroidRuntime: 	at com.mobikwik_new.b.S(SourceFile:1)
02-28 18:29:25.170 17078 17078 E AndroidRuntime: 	at com.mobikwik_new.MyApp.y(SourceFile:103)
02-28 18:29:25.170 17078 17078 E AndroidRuntime: 	at com.mobikwik_new.MyApp.o(SourceFile:1)
02-28 18:29:25.170 17078 17078 E AndroidRuntime: 	at com.mobikwik_new.k1.uncaughtException(SourceFile:1)
02-28 18:29:25.170 17078 17078 E AndroidRuntime: 	at java.lang.ThreadGroup.uncaughtException(ThreadGroup.java:1098)
02-28 18:29:25.170 17078 17078 E AndroidRuntime: 	at java.lang.ThreadGroup.uncaughtException(ThreadGroup.java:1093)
02-28 18:29:25.170 17078 17078 E AndroidRuntime: 	at com.android.internal.os.RuntimeInitExtImpl.uncaughtExceptionExt(RuntimeInitExtImpl.java:72)
02-28 18:29:25.170 17078 17078 E AndroidRuntime: 	at com.android.internal.os.RuntimeInit$LoggingHandler.uncaughtException(RuntimeInit.java:138)
02-28 18:29:25.170 17078 17078 E AndroidRuntime: 	at java.lang.Thread.dispatchUncaughtException(Thread.java:3372)
--------- beginning of system
03-03 02:59:50.750  3822  4762 I FlexibleTaskController: onShowImeRequested
03-03 02:59:50.750  5545  5545 W VRI[StatusBar]: handleResized abandoned!
03-03 02:59:50.749  9470  9470 W VRI[OplusOSEdgeFloatBar]: handleResized abandoned!
03-03 02:59:50.752  5545  5545 W VRI[NavigationBar_displayId_0]: handleResized abandoned!
03-03 02:59:50.753  3822  5367 V AutofillInlineSuggestionsRequestSession: onInputMethodShowInputRequested() received: true
03-03 02:59:50.753  3822  5367 V AutofillInlineSuggestionsRequestSession: onInputMethodStartInputView() received
03-03 02:59:50.769  3822  4010 W UserAwareMgr: event can not be released, id: 1014, count: 2, releasePid: 3822
03-03 02:59:50.826 19889 19889 W VRI[MainActivity]: handleResized abandoned!
03-03 02:59:50.900  3822  4010 W QosScheduler: getScenario failed! scenarios is null, mask=2048
03-03 02:59:50.900  3822  4010 W QosScheduler: executeSceneQosStrategy get scenario failed! scenario is null
03-03 02:59:50.904  3822  3857 D CoreBackPreview: Window{48c9384 u0 it.vfsfitvnm.vimusic.debug/it.vfsfitvnm.vimusic.MainActivity}: Setting back callback OnBackInvokedCallbackInfo{mCallback=android.window.IOnBackInvokedCallback$Stub$Proxy@c9ac7c0, mPriority=0, mIsAnimationCallback=true, mOverrideBehavior=0}
03-03 02:59:50.906  3822  5482 V WindowManager: Relayout Window{3a290e9 u0 InputMethod}: viewVisibility=0, oldvis=8, req=1240x2633 , apr = 0, vsysui=, x=0, y=0
03-03 02:59:50.906  3822  5482 I WindowManager: Window{3a290e9 u0 InputMethod} state from NO_SURFACE to DRAW_PENDING; reason: resetDrawState
03-03 02:59:50.906  3822  4010 W SmartWindowScene: updateWindowState fail! invalid window type: -1
03-03 02:59:50.907  3822  4010 W SmartWindowScene: updateWindowState fail! invalid window type: -1
03-03 02:59:50.908  3822  5482 D WindowManager: setFrameRateStart invalid typeId return!
03-03 02:59:50.909  5545  5606 D WindowManagerShell: onKeepClearAreasChanged: restricted={}, unrestricted={Rect(0, 2716 - 1240, 2772)}
03-03 02:59:50.911  3822  5482 D WindowManager: NFW_findFocusedWindowIfNeeded:Window{48c9384 u0 it.vfsfitvnm.vimusic.debug/it.vfsfitvnm.vimusic.MainActivity} mCurrentFocus:Window{48c9384 u0 it.vfsfitvnm.vimusic.debug/it.vfsfitvnm.vimusic.MainActivity}
03-03 02:59:50.912  9051  9051 W VRI[InputMethod]: updateBlastSurfaceIfNeeded, surfaceSize:Point(1240, 2633), lastSurfaceSize:Point(1240, 2633), format:-2, blastBufferQueue:null
03-03 02:59:50.922  5787  5787 W VRI[HideNavHandle]: handleResized abandoned!
03-03 02:59:50.922  5545  5545 W VRI[StatusBar]: handleResized abandoned!
03-03 02:59:50.922  5545  5545 W VRI[NavigationBar_displayId_0]: handleResized abandoned!
03-03 02:59:50.922 19889 19889 W VRI[MainActivity]: handleResized abandoned!
03-03 02:59:50.923  5545  5606 D WindowManagerShell: onKeepClearAreasChanged: restricted={}, unrestricted={Rect(0, 1823 - 1240, 2772)}
03-03 02:59:50.923  9470  9470 W VRI[OplusOSEdgeFloatBar]: handleResized abandoned!
03-03 02:59:50.937  3822  5367 I WindowManager: Window{3a290e9 u0 InputMethod} state from DRAW_PENDING to COMMIT_DRAW_PENDING; reason: finishDrawingLocked
03-03 02:59:50.938  3822  3933 I WindowManager: Window{3a290e9 u0 InputMethod} state from COMMIT_DRAW_PENDING to READY_TO_SHOW; reason: commitFinishDrawingLocked
03-03 02:59:50.939  3822  3933 V WindowStateExtImpl: notifyWindowStateChange input show
03-03 02:59:50.940  3822  3933 I WindowManager: Window{3a290e9 u0 InputMethod} state from READY_TO_SHOW to HAS_DRAWN; reason: performShowLocked
03-03 02:59:50.944  9051  9051 W VRI[InputMethod]: handleResized, msg:, frameChanged:false, configChanged:false, displayChanged:false, attachedFrameChanged:false, compatScaleChanged:false, pendingDragResizing=false
03-03 02:59:50.945 19889 19889 W VRI[MainActivity]: handleResized abandoned!
03-03 02:59:50.946  9470  9470 W VRI[OplusOSEdgeFloatBar]: handleResized abandoned!
03-03 02:59:50.947  5787  5787 W VRI[HideNavHandle]: handleResized abandoned!
03-03 02:59:50.947  5545  5545 W VRI[StatusBar]: handleResized abandoned!
03-03 02:59:50.947  5545  5545 W VRI[NavigationBar_displayId_0]: handleResized abandoned!
03-03 02:59:50.951  9051  9051 W VRI[InputMethod]: handleResized abandoned!
03-03 02:59:50.952  3822  4010 I UserAwareMgr: handleFgAppChanged, pkgName: com.google.android.inputmethod.latin, pid: 9051, isVisible: true, fgAppType: FG2
03-03 02:59:50.952  3822  4010 I UserAwareMgr: fg app status not changed, beforeVisible: true, currentVisible: true
03-03 02:59:51.167  3822  4715 D ActivityManager: Freezer deadlock watchdog
03-03 02:59:51.255  3822  4063 D PowerManagerService: userActivityNoUpdateLocked: groupId=0, eventTime=92459275, event=touch, flags=0x0, uid=1000
03-03 02:59:51.324  3822  3930 D OplusPanoramaWorkBranchController: notifyMotionUpOrCancel
03-03 02:59:51.841 19889 19889 D InsetsController: Setting requestedVisibleTypes to -9 (was -1)
03-03 02:59:51.841  3822  5367 D CoreBackPreview: Window{48c9384 u0 it.vfsfitvnm.vimusic.debug/it.vfsfitvnm.vimusic.MainActivity}: Setting back callback OnBackInvokedCallbackInfo{mCallback=android.window.IOnBackInvokedCallback$Stub$Proxy@d047edd, mPriority=0, mIsAnimationCallback=false, mOverrideBehavior=0}
03-03 02:59:51.851  3822  5367 D WindowManager: setFrameRateStart invalid typeId return!
03-03 02:59:51.852  3822  5367 I TaskOrganizerController: onTaskInfoChanged taskid 28698 config { mBounds=Rect(0, 0 - 1240, 2772) mAppBounds=Rect(0, 0 - 1240, 2772) mMaxBounds=Rect(0, 0 - 1240, 2772) mDisplayRotation=ROTATION_0 mWindowingMode=fullscreen mActivityType=standard mAlwaysOnTop=undefined mRotation=ROTATION_0}
03-03 02:59:51.852  3822  5367 D OplusFlexibleDragToSplitAnimController: visibleFlexibleTaskInfos delete:28698
03-03 02:59:51.852  3822  5367 E FlexibleWindowManagerService: notifyTaskObserverToAttachController not need to notify!
03-03 02:59:51.852  3822  5367 I FlexibleWindowManagerService: onFlexibleWindowTaskInfoChanged, return for cur task not embedded
03-03 02:59:51.866 19889 19889 W VRI[MainActivity]: handleResized abandoned!
03-03 02:59:51.867  9470  9470 W VRI[OplusOSEdgeFloatBar]: handleResized abandoned!
03-03 02:59:51.868  5787  5787 W VRI[HideNavHandle]: handleResized abandoned!
03-03 02:59:51.868  5545  5545 W VRI[StatusBar]: handleResized abandoned!
03-03 02:59:51.868  5545  5545 W VRI[NavigationBar_displayId_0]: handleResized abandoned!
03-03 02:59:51.869  5545  5606 D WindowManagerShell: onKeepClearAreasChanged: restricted={}, unrestricted={}
03-03 02:59:51.872  3822  4010 I UserAwareMgr: fg app status not changed, beforeVisible: true, currentVisible: true
03-03 02:59:51.873  3822  5367 V AutofillInlineSuggestionsRequestSession: onInputMethodStartInput() received on 0
03-03 02:59:51.877  3822  5367 V AutofillInlineSuggestionsRequestSession: onInputMethodStartInputView() received
03-03 02:59:51.881  3822  3857 W PackageConfigPersister: App-specific configuration not found for packageName: it.vfsfitvnm.vimusic.debug and userId: 0
03-03 02:59:51.893  3822  4010 W UserAwareMgr: event can not be released, id: 1014, count: 2, releasePid: 3822
03-03 02:59:51.895  3822  3932 V WindowStateExtImpl: notifyWindowStateChange input show
03-03 02:59:51.918  9051  9051 W VRI[InputMethod]: updateBlastSurfaceIfNeeded, surfaceSize:Point(1240, 2633), lastSurfaceSize:Point(1240, 2633), format:-2, blastBufferQueue:android.graphics.BLASTBufferQueue@8afb3df
03-03 02:59:51.919  3822  5367 V WindowManager: Relayout Window{3a290e9 u0 InputMethod}: viewVisibility=0, oldvis=0, req=1240x2633 , apr = 0, vsysui=, x=0, y=0
03-03 02:59:51.922  3822  5367 D WindowManager: NFW_findFocusedWindowIfNeeded:Window{48c9384 u0 it.vfsfitvnm.vimusic.debug/it.vfsfitvnm.vimusic.MainActivity} mCurrentFocus:Window{48c9384 u0 it.vfsfitvnm.vimusic.debug/it.vfsfitvnm.vimusic.MainActivity}
03-03 02:59:51.928  9470  9470 W VRI[OplusOSEdgeFloatBar]: handleResized abandoned!
03-03 02:59:51.929  5787  5787 W VRI[HideNavHandle]: handleResized abandoned!
03-03 02:59:51.929  5545  5545 W VRI[StatusBar]: handleResized abandoned!
03-03 02:59:51.929 19889 19889 W VRI[MainActivity]: handleResized abandoned!
03-03 02:59:51.929  5545  5545 W VRI[NavigationBar_displayId_0]: handleResized abandoned!
03-03 02:59:52.196  3822  4010 I UserAwareMgr: fg app status not changed, beforeVisible: true, currentVisible: true
03-03 02:59:52.198  3822  5482 V AutofillInlineSuggestionsRequestSession: onInputMethodFinishInputView() received
03-03 02:59:52.199  3822  4010 W QosScheduler: getScenario failed! scenarios is null, mask=2048
03-03 02:59:52.199  3822  4010 W QosScheduler: executeSceneQosStrategy get scenario failed! scenario is null
03-03 02:59:52.212  9051  9051 W VRI[InputMethod]: updateBlastSurfaceIfNeeded, surfaceSize:Point(1240, 2633), lastSurfaceSize:Point(1240, 2633), format:-2, blastBufferQueue:android.graphics.BLASTBufferQueue@8afb3df
03-03 02:59:52.213  3822  5444 V WindowManager: Relayout Window{3a290e9 u0 InputMethod}: viewVisibility=0, oldvis=0, req=1240x2633 , apr = 0, vsysui=, x=0, y=0
03-03 02:59:52.216  3822  5444 D WindowManager: NFW_findFocusedWindowIfNeeded:Window{48c9384 u0 it.vfsfitvnm.vimusic.debug/it.vfsfitvnm.vimusic.MainActivity} mCurrentFocus:Window{48c9384 u0 it.vfsfitvnm.vimusic.debug/it.vfsfitvnm.vimusic.MainActivity}
03-03 02:59:52.227  3822  5444 V WindowManager: Relayout Window{3a290e9 u0 InputMethod}: viewVisibility=8, oldvis=0, req=1240x2633 , apr = 0, vsysui=
03-03 02:59:52.228  3822  5444 I WindowManager: Window{3a290e9 u0 InputMethod} state from HAS_DRAWN to NO_SURFACE; reason: destroySurface
03-03 02:59:52.228  3822  4010 I UserAwareMgr: handleFgAppChanged, pkgName: com.google.android.inputmethod.latin, pid: 9051, isVisible: false, fgAppType: FG2
03-03 02:59:52.228  3822  4010 I UserAwareMgr: fg app status not changed, beforeVisible: true, currentVisible: true
03-03 02:59:52.228  3822  4010 W SmartWindowScene: updateWindowState fail! invalid window type: -1
03-03 02:59:52.230  3822  5444 D WindowManager: setFrameRateStart invalid typeId return!
03-03 02:59:52.233  9470  9470 W VRI[OplusOSEdgeFloatBar]: handleResized abandoned!
03-03 02:59:52.233  3822  5444 D WindowManager: NFW_findFocusedWindowIfNeeded:Window{48c9384 u0 it.vfsfitvnm.vimusic.debug/it.vfsfitvnm.vimusic.MainActivity} mCurrentFocus:Window{48c9384 u0 it.vfsfitvnm.vimusic.debug/it.vfsfitvnm.vimusic.MainActivity}
03-03 02:59:52.233  5787  5787 W VRI[HideNavHandle]: handleResized abandoned!
03-03 02:59:52.234  5545  5545 W VRI[StatusBar]: handleResized abandoned!
03-03 02:59:52.234  5545  5545 W VRI[NavigationBar_displayId_0]: handleResized abandoned!
03-03 02:59:52.236 19889 19889 W VRI[MainActivity]: handleResized abandoned!
03-03 02:59:52.240  5787  5787 W VRI[HideNavHandle]: handleResized abandoned!
03-03 02:59:52.240  9470  9470 W VRI[OplusOSEdgeFloatBar]: handleResized abandoned!
03-03 02:59:52.241  5545  5545 W VRI[StatusBar]: handleResized abandoned!
03-03 02:59:52.241  5545  5545 W VRI[NavigationBar_displayId_0]: handleResized abandoned!
03-03 02:59:52.248 19889 19889 W VRI[MainActivity]: handleResized abandoned!
03-03 02:59:52.420  3822  4010 I UserAwareMgr: fg app status not changed, beforeVisible: true, currentVisible: true
03-03 02:59:52.710  3822  4010 I UserAwareMgr: fg app status not changed, beforeVisible: true, currentVisible: true
03-03 02:59:52.713  3822  4721 V AlarmManager: sending alarm Alarm{ab34788 type 1 origWhen 1772486992712 whenElapsed 203615982 android} uid 1000 whenElapsed 203615982 windowLength 0 maxWhenElapsed 203615982 repeatInterval 0 action null component null tag StorgaeBandInfoAlarmTag flags 0x9 procName system_server
03-03 02:59:52.721  3822  4010 I UserAwareMgr: fg app status not changed, beforeVisible: true, currentVisible: true
03-03 02:59:52.784  3822  4063 D PowerManagerService: userActivityNoUpdateLocked: groupId=0, eventTime=92460800, event=touch, flags=0x0, uid=1000
03-03 02:59:52.832  3822  3930 D OplusPanoramaWorkBranchController: notifyMotionUpOrCancel
03-03 02:59:52.846  3822  3857 I MediaSessionStack: onPlaybackStateChanged - Pushing session to top | record: it.vfsfitvnm.vimusic.debug/PlayerService/71 (userId=0)
03-03 02:59:52.852  3822  5444 I ActivityManager: Background started FGS: Allowed [callingPackage: it.vfsfitvnm.vimusic.debug; callingUid: 10686; uidState: TOP ; uidBFSL: [BFSL]; intent: Intent { xflg=0x4 cmp=it.vfsfitvnm.vimusic.debug/it.vfsfitvnm.vimusic.service.PlayerService mCallingUid=10686 }; code:PROC_STATE_TOP; tempAllowListReason:<null>; allowWiu:12; targetSdkVersion:33; callerTargetSdkVersion:33; startForegroundCount:1; bindFromPackage:null: isBindService:false]
03-03 02:59:52.855  3822  3822 I OplusMediaControlService: onPlaybackStateChanged begin, state: 6, playerId: 123177627
03-03 02:59:52.855  3822  3822 I OplusMediaControlService: sendOnEventMessage begin, eventType: 4, observer: android.os.BinderProxy@c1628f9
03-03 02:59:52.855  3822  3822 I OplusMediaControlService: on event EventType: 4
03-03 02:59:52.857  3822  5444 W ActivityManager: Starting FGS with type mediaPlayback code=4 callerApp=ProcessRecord{2f75a7 19889:it.vfsfitvnm.vimusic.debug/u0a686} targetSDK=33 requiredPermissions=all of the permissions allOf=true [android.permission.FOREGROUND_SERVICE_MEDIA_PLAYBACK] 
03-03 02:59:52.862  3822  4029 D NotificationService--OplusNotificationFixHelper: fixAppIcon: pkg=it.vfsfitvnm.vimusic.debug
03-03 02:59:52.862  3822  4029 D NotificationService--OplusNotificationFixHelper: fixAppIcon: appIcon = null, pkg = it.vfsfitvnm.vimusic.debug
03-03 02:59:52.865  3822  4029 I OplusStatusBarManagerServiceEnhance:  getTopIsFullscreen mTopIsFullscreen: false
03-03 02:59:52.866  3822  3822 D NotificationService--OplusNotificationManagerServiceExtImpl: isForwardToAssistants: true, case : Is local notification
03-03 02:59:52.867  3822  3822 D NotificationService: This application enqueue notifications is need postDelayed mcsAssistantDelayTime: 200
03-03 02:59:52.877  3822  3857 I OplusMediaControlService: updateControllerMap begin
03-03 02:59:52.877  3822  3857 D OplusMediaControlService: isInMediaBlackList: com.google.android.youtube, 0
03-03 02:59:52.877  3822  3857 V OplusMediaControlService: this app is in media black list, pkgName: com.google.android.youtube
03-03 02:59:52.877  3822  3857 D OplusMediaControlService: isInMediaBlackList: com.google.android.youtube, 0
03-03 02:59:52.877  3822  3857 V OplusMediaControlService: this app is in media black list, pkgName: com.google.android.youtube
03-03 02:59:52.877  3822  3857 I OplusMediaControlService: updataPlayStateMap begin
03-03 02:59:52.877  3822  3857 I OplusMediaControlService: updateMetadataMap begin
03-03 02:59:52.877  3822  3857 I OplusMediaControlService: getPlayerInfo, playerId: 123177627, pkgname: it.vfsfitvnm.vimusic.debug
03-03 02:59:52.877  3822  3857 D OplusMediaControlService: isInMediaBlackList: com.google.android.youtube, 0
03-03 02:59:52.877  3822  3857 V OplusMediaControlService: this app is in media black list, pkgName: com.google.android.youtube
03-03 02:59:52.877  3822  3857 I OplusMediaControlService: getCurrentPlayerInfoList InfoList size: 1
03-03 02:59:52.968  3822  3822 I OplusMediaControlService: onMetadataChanged begin, metadata: android.media.MediaMetadata@3d318f62, playerId: 123177627
03-03 02:59:52.968  3822  3822 I OplusMediaControlService: getTitleAndArtist, title: Munni Badnaam , artist: The Weeknd, playerId: 123177627
03-03 02:59:52.968  3822  5444 D NotificationService--OplusNotificationFixHelper: fixAppIcon: pkg=it.vfsfitvnm.vimusic.debug
03-03 02:59:52.968  3822  5444 D NotificationService--OplusNotificationFixHelper: fixAppIcon: appIcon = null, pkg = it.vfsfitvnm.vimusic.debug
03-03 02:59:52.969  3822  5444 I OplusStatusBarManagerServiceEnhance:  getTopIsFullscreen mTopIsFullscreen: false
03-03 02:59:52.969  3822  5444 W ActivityManager: Permission Denial: getTopApplicationInfo from pid=19889, uid=10686 requires oplus.permission.OPLUS_COMPONENT_SAFE
03-03 02:59:52.993  3822  3822 I OplusMediaControlService: sendOnEventMessage begin, eventType: 3, observer: android.os.BinderProxy@c1628f9
03-03 02:59:52.993  3822  3822 I OplusMediaControlService: favorite state: 0
03-03 02:59:52.993  3822  3822 D OplusMediaControlService: eventTypes is not contains eventType, eventType: 5
03-03 02:59:52.994  3822  3822 D NotificationService--OplusNotificationManagerServiceExtImpl: isForwardToAssistants: true, case : Is local notification
03-03 02:59:52.994  3822  3822 D NotificationService: This application enqueue notifications is need postDelayed mcsAssistantDelayTime: 200
03-03 02:59:52.994  3822  3822 D OplusMediaControlService: onPlaybackStateChanged same state as last time, no push state, state = 6
03-03 02:59:52.994  3822  3822 D OplusMediaControlService: onPlaybackStateChanged same state as last time, no push state, state = 6
03-03 02:59:52.994  3822  3822 I OplusMediaControlService: on event EventType: 3
03-03 02:59:53.013  3822  5444 I OplusMediaControlService: updateControllerMap begin
03-03 02:59:53.013  3822  5444 D OplusMediaControlService: isInMediaBlackList: com.google.android.youtube, 0
03-03 02:59:53.013  3822  5444 V OplusMediaControlService: this app is in media black list, pkgName: com.google.android.youtube
03-03 02:59:53.013  3822  5444 D OplusMediaControlService: isInMediaBlackList: com.google.android.youtube, 0
03-03 02:59:53.013  3822  5444 V OplusMediaControlService: this app is in media black list, pkgName: com.google.android.youtube
03-03 02:59:53.013  3822  5444 I OplusMediaControlService: updataPlayStateMap begin
03-03 02:59:53.013  3822  5444 I OplusMediaControlService: updateMetadataMap begin
03-03 02:59:53.013  3822  5444 I OplusMediaControlService: getPlayerInfo, playerId: 123177627, pkgname: it.vfsfitvnm.vimusic.debug
03-03 02:59:53.014  3822  5444 D OplusMediaControlService: isInMediaBlackList: com.google.android.youtube, 0
03-03 02:59:53.014  3822  5444 V OplusMediaControlService: this app is in media black list, pkgName: com.google.android.youtube
03-03 02:59:53.014  3822  5444 I OplusMediaControlService: getCurrentPlayerInfoList InfoList size: 1
03-03 02:59:53.264  3822  4569 D osense.compress: com.google.android.gm do shrink, target ratio = 87, final ratio = 90, cur ratio = 82
03-03 02:59:53.392  5545  6299 I Quality : BitmapCompressInfo:800,800,1,85,303021146
03-03 02:59:53.424  3822  4010 I QosScheduler[QoSPolicy]: setSceneQoS begin:false sceneId:5
03-03 02:59:53.577  3822  3822 I OplusMediaControlService: onMetadataChanged begin, metadata: android.media.MediaMetadata@ff06644a, playerId: 123177627
03-03 02:59:53.577  3822  3822 I OplusMediaControlService: getTitleAndArtist, title: Munni Badnaam, artist: null, playerId: 123177627
03-03 02:59:53.597  3822  3822 I OplusMediaControlService: sendOnEventMessage begin, eventType: 3, observer: android.os.BinderProxy@c1628f9
03-03 02:59:53.597  3822  3822 I OplusMediaControlService: favorite state: 0
03-03 02:59:53.597  3822  3822 D OplusMediaControlService: eventTypes is not contains eventType, eventType: 5
03-03 02:59:53.597  3822  3822 D OplusMediaControlService: onPlaybackStateChanged same state as last time, no push state, state = 6
03-03 02:59:53.597  3822  3822 D OplusMediaControlService: onMetadataChanged same metadata as last time, skip push, data = android.media.MediaMetadata@ff06644a
03-03 02:59:53.597  3822  3822 D OplusMediaControlService: onPlaybackStateChanged same state as last time, no push state, state = 6
03-03 02:59:53.597  3822  3822 I OplusMediaControlService: on event EventType: 3
03-03 02:59:53.761  3822  5444 D BatteryStatsServiceExtImpl: report audio global start...
03-03 02:59:53.761  3822  4010 I QosScheduler[QoSPolicy]: setSceneQoS begin:true sceneId:5
03-03 02:59:53.761  3822  4010 W QosScheduler: getScenario failed! scenarios is null, mask=32
03-03 02:59:53.761  3822  4010 W QosScheduler: executeSceneQosStrategy get scenario failed! scenario is null
03-03 02:59:53.763  3822  5484 E AppOps  : attributionTag  not declared in manifest of it.vfsfitvnm.vimusic.debug
03-03 02:59:53.763  3822  5484 E AppOps  : attributionTag  not declared in manifest of it.vfsfitvnm.vimusic.debug
03-03 02:59:53.773  3822  3822 D OplusMediaControlService: onMetadataChanged same metadata as last time, skip push, data = android.media.MediaMetadata@ff06644a
03-03 02:59:53.773  3822  3822 I OplusMediaControlService: onPlaybackStateChanged begin, state: 3, playerId: 123177627
03-03 02:59:53.773  3822  3822 I OplusMediaControlService: sendOnEventMessage begin, eventType: 4, observer: android.os.BinderProxy@c1628f9
03-03 02:59:53.773  3822  3822 I OplusMediaControlService: on event EventType: 4
03-03 02:59:53.777  3822  5482 D NotificationService--OplusNotificationFixHelper: fixAppIcon: pkg=it.vfsfitvnm.vimusic.debug
03-03 02:59:53.777  3822  5482 D NotificationService--OplusNotificationFixHelper: fixAppIcon: appIcon = null, pkg = it.vfsfitvnm.vimusic.debug
03-03 02:59:53.777  3822  5482 I OplusStatusBarManagerServiceEnhance:  getTopIsFullscreen mTopIsFullscreen: false
03-03 02:59:53.777  3822  5482 W ActivityManager: Permission Denial: getTopApplicationInfo from pid=19889, uid=10686 requires oplus.permission.OPLUS_COMPONENT_SAFE
03-03 02:59:53.779  3822  3822 D NotificationService--OplusNotificationManagerServiceExtImpl: isForwardToAssistants: true, case : Is local notification
03-03 02:59:53.780  3822  3822 D NotificationService: This application enqueue notifications is need postDelayed mcsAssistantDelayTime: 200
03-03 02:59:53.799  3822  5484 I OplusMediaControlService: updateControllerMap begin
03-03 02:59:53.799  3822  5484 D OplusMediaControlService: isInMediaBlackList: com.google.android.youtube, 0
03-03 02:59:53.799  3822  5484 V OplusMediaControlService: this app is in media black list, pkgName: com.google.android.youtube
03-03 02:59:53.799  3822  5484 D OplusMediaControlService: isInMediaBlackList: com.google.android.youtube, 0
03-03 02:59:53.799  3822  5484 V OplusMediaControlService: this app is in media black list, pkgName: com.google.android.youtube
03-03 02:59:53.799  3822  5484 I OplusMediaControlService: updataPlayStateMap begin
03-03 02:59:53.799  3822  5484 I OplusMediaControlService: updateMetadataMap begin
03-03 02:59:53.799  3822  5484 I OplusMediaControlService: getPlayerInfo, playerId: 123177627, pkgname: it.vfsfitvnm.vimusic.debug
03-03 02:59:53.801  3822  5484 D OplusMediaControlService: isInMediaBlackList: com.google.android.youtube, 0
03-03 02:59:53.802  3822  5484 V OplusMediaControlService: this app is in media black list, pkgName: com.google.android.youtube
03-03 02:59:53.802  3822  5484 I OplusMediaControlService: getCurrentPlayerInfoList InfoList size: 1
03-03 02:59:53.924  3822  3822 D OplusMediaControlService: onMetadataChanged same metadata as last time, skip push, data = android.media.MediaMetadata@ff06644a
03-03 02:59:53.925  3822  3822 D OplusMediaControlService: onPlaybackStateChanged same state as last time, no push state, state = 3
03-03 02:59:53.969  3822  3822 D OplusMediaControlService: onMetadataChanged same metadata as last time, skip push, data = android.media.MediaMetadata@ff06644a
03-03 02:59:53.970  3822  3822 D OplusMediaControlService: onPlaybackStateChanged same state as last time, no push state, state = 3
03-03 02:59:54.718  3822  4721 V AlarmManager: sending alarm Alarm{5efd3dd type 1 origWhen 1772486994717 whenElapsed 203617988 android} uid 1000 whenElapsed 203617988 windowLength 0 maxWhenElapsed 203617988 repeatInterval 0 action null component null tag StorgaeBandInfoAlarmTag flags 0x9 procName system_server
03-03 02:59:55.525  3822  4569 D osense.compress: com.phonepe.app do shrink, target ratio = 59, final ratio = 90, cur ratio = 28
03-03 02:59:56.724  3822  4721 V AlarmManager: sending alarm Alarm{92f6ddc type 1 origWhen 1772486996724 whenElapsed 203619994 android} uid 1000 whenElapsed 203619994 windowLength 0 maxWhenElapsed 203619994 repeatInterval 0 action null component null tag StorgaeBandInfoAlarmTag flags 0x9 procName system_server
03-03 02:59:56.825  3822  4749 I OplusJoystickManager: read game pad state for game manager -> false
03-03 02:59:56.825  3822  4749 W OplusJoystickManager: mInterceptGamepadKey is false
03-03 02:59:56.826  3822  4749 D OplusCustomizeRestrictionManagerService: isLongPressVolumeUpDisabled start
03-03 02:59:56.826  3822  4749 D STKeyLog_StrategyBlackscreenshot: notifyKeyBeforeQueueing, downTime92464847, action=0, interactive=true
03-03 02:59:56.828  3822  4749 I VibratorManagerServiceExtImpl: cancelVibrate uid=1000, pid=3822, usageFilter=-15, token=186708562
03-03 02:59:56.839  3822  4063 D PowerManagerService: userActivityNoUpdateLocked: groupId=0, eventTime=92464847, event=button, flags=0x0, uid=1000
03-03 02:59:56.927  3822  4045 D OplusThermalStats: REPORT_UPDATE_CPU  ->  phoneTemp:380  preHeatThreshold:400
03-03 02:59:56.972  3822  4748 D STKeyLog_StrategyPadKeyBoardShortcut: excuteShortCut, interactive = true
03-03 02:59:56.973  3822  4748 D OplusCustomizeRestrictionManagerService: isLongPressVolumeUpDisabled start
03-03 02:59:56.999  3822  4045 D ProcessCpuTrackerExtImpl: mContext is already set, return now! 
03-03 02:59:57.039  3822  4749 I OplusJoystickManager: read game pad state for game manager -> false
03-03 02:59:57.039  3822  4749 W OplusJoystickManager: mInterceptGamepadKey is false
03-03 02:59:57.039  3822  4749 D OplusCustomizeRestrictionManagerService: isLongPressVolumeUpDisabled start
03-03 02:59:57.039  3822  4749 D STKeyLog_StrategyBlackscreenshot: notifyKeyBeforeQueueing, downTime92464847, action=1, interactive=true
03-03 02:59:57.039  3822  4748 D STKeyLog_StrategyPadKeyBoardShortcut: excuteShortCut, interactive = true
03-03 02:59:57.040  3822  4063 D PowerManagerService: userActivityNoUpdateLocked: groupId=0, eventTime=92465063, event=button, flags=0x0, uid=1000
03-03 02:59:57.040  3822  4748 D OplusCustomizeRestrictionManagerService: isLongPressVolumeUpDisabled start
03-03 02:59:57.041  3822  3822 D OplusMediaControlService: onMetadataChanged same metadata as last time, skip push, data = android.media.MediaMetadata@ff06644a
03-03 02:59:57.041  3822  3822 D OplusMediaControlService: onPlaybackStateChanged same state as last time, no push state, state = 3
03-03 02:59:57.052  3822  5482 D PowerManagerService: userActivityNoUpdateLocked: groupId=0, eventTime=92465077, event=other, flags=0x0, uid=10208
03-03 02:59:57.054  3822  5482 D PowerManagerService: userActivityNoUpdateLocked: groupId=0, eventTime=92465079, event=other, flags=0x0, uid=10208
03-03 02:59:57.063  3822  4010 I UserAwareMgr: handleTopAppChanged: com.android.systemui, pid: 5545, uid: 10208
03-03 02:59:57.064  3822  5482 I WindowManager: addWindow: New client android.os.BinderProxy@a3add34 : window=Window{1fa18d2 u0 OplusVolumeDialogImpl}
03-03 02:59:57.070  3822  5367 V WindowManager: Relayout Window{1fa18d2 u0 OplusVolumeDialogImpl}: viewVisibility=0, oldvis=0, req=1240x2772 , apr = 0, vsysui=LAYOUT_STABLE LAYOUT_HIDE_NAVIGATION LAYOUT_FULLSCREEN, x=0, y=0
03-03 02:59:57.071  3822  5367 I WindowManager: Window{1fa18d2 u0 OplusVolumeDialogImpl} state from NO_SURFACE to DRAW_PENDING; reason: resetDrawState
03-03 02:59:57.072  3822  4010 W QosScheduler: executeSceneQosStrategy get scenario failed! scenario is null
03-03 02:59:57.072  3822  5482 D OplusWindowManagerServiceEnhance: getScreenshot
03-03 02:59:57.072  3822  5482 V OplusWindowManagerService: getScreenshot options is :OplusScreenShotOptions { mLayer = null, mExcludeLayers = null, mExcludeWindows = null, mTasks = null, mSourceCrop = Rect(0, 0 - 1240, 2772), mFullDisplay = true, mDisplayId = 0, mScaleIndex = 0.05}
03-03 02:59:57.073  3822  5367 D WindowManager: NFW_findFocusedWindowIfNeeded:Window{48c9384 u0 it.vfsfitvnm.vimusic.debug/it.vfsfitvnm.vimusic.MainActivity} mCurrentFocus:Window{48c9384 u0 it.vfsfitvnm.vimusic.debug/it.vfsfitvnm.vimusic.MainActivity}
03-03 02:59:57.074  3822  5444 D CoreBackPreview: Window{1fa18d2 u0 OplusVolumeDialogImpl}: Setting back callback OnBackInvokedCallbackInfo{mCallback=android.window.IOnBackInvokedCallback$Stub$Proxy@b3cf01e, mPriority=-1, mIsAnimationCallback=false, mOverrideBehavior=0}
03-03 02:59:57.075  5545  5545 W VRI[OplusVolumeDialogImpl]: updateBlastSurfaceIfNeeded, surfaceSize:Point(1240, 2772), lastSurfaceSize:Point(0, 0), format:-2, blastBufferQueue:null
03-03 02:59:57.082  3822  3857 W SettingsStatsUtil: Can not parse value to float: +network
03-03 02:59:57.088  3822  3857 I WindowManager: Window{1fa18d2 u0 OplusVolumeDialogImpl} state from DRAW_PENDING to COMMIT_DRAW_PENDING; reason: finishDrawingLocked
03-03 02:59:57.088  5545  5545 W VRI[OplusVolumeDialogImpl]: handleResized, msg:, frameChanged:false, configChanged:false, displayChanged:false, attachedFrameChanged:false, compatScaleChanged:false, pendingDragResizing=false
03-03 02:59:57.090  3822  3933 I WindowManager: Window{1fa18d2 u0 OplusVolumeDialogImpl} state from COMMIT_DRAW_PENDING to READY_TO_SHOW; reason: commitFinishDrawingLocked
03-03 02:59:57.103  3822  3933 I WindowManager: Window{1fa18d2 u0 OplusVolumeDialogImpl} state from READY_TO_SHOW to HAS_DRAWN; reason: performShowLocked
03-03 02:59:57.207  3822  4715 D ActivityManager: freezing 14258 com.oplus.romupdate
03-03 02:59:57.210  3822  4715 D ActivityManager: Freeze process 14258, not check file locks
03-03 02:59:57.210  3822  4715 D ActivityManager: reportOneUidFrozenStateChanged uid 10185 frozen = true
03-03 02:59:57.796  3822  5482 D PowerManagerService: userActivityNoUpdateLocked: groupId=0, eventTime=92465821, event=other, flags=0x0, uid=10208
03-03 02:59:58.420  3822  4029 D ActivityManager: Async freezing 16281 com.google.android.apps.messaging
03-03 02:59:58.729  3822  4721 V AlarmManager: sending alarm Alarm{fc31fff type 1 origWhen 1772486998728 whenElapsed 203621998 android} uid 1000 whenElapsed 203621998 windowLength 0 maxWhenElapsed 203621998 repeatInterval 0 action null component null tag StorgaeBandInfoAlarmTag flags 0x9 procName system_server
03-03 02:59:59.058  3822  4063 D PowerManagerService: userActivityNoUpdateLocked: groupId=0, eventTime=92467073, event=touch, flags=0x0, uid=1000
03-03 02:59:59.062  3822  5482 D PowerManagerService: userActivityNoUpdateLocked: groupId=0, eventTime=92467086, event=other, flags=0x0, uid=10208
03-03 02:59:59.156  3822  4063 D PowerManagerService: userActivityNoUpdateLocked: groupId=0, eventTime=92467176, event=touch, flags=0x0, uid=1000
03-03 02:59:59.218  3822  3930 D OplusPanoramaWorkBranchController: notifyMotionUpOrCancel
03-03 02:59:59.464  3822  4030 I ActivityManager: Start proc 20745:com.oplus.camera/u0a154 for service {com.oplus.camera/com.oplus.camera.aps.service.ApsService}
03-03 02:59:59.465  3822  3930 I ActivityManager: ProcessObserver broadcast disabled
03-03 02:59:59.468  3822  4569 I MemoryOperationUtils: add 20745 to active
03-03 02:59:59.500  3822  5482 D ActivityTaskManagerServiceExtImpl: preBindApplication record is null
03-03 02:59:59.508  3822  5269 D osense-camera: uid running : 10154
03-03 02:59:59.565  3822  3857 D CoreBackPreview: Window{1fa18d2 u0 OplusVolumeDialogImpl}: Setting back callback null
03-03 02:59:59.572  3822  5367 I WindowManager: Window{1fa18d2 u0 OplusVolumeDialogImpl} state from HAS_DRAWN to NO_SURFACE; reason: destroySurface
03-03 02:59:59.572  3822  4010 W QosScheduler: executeSceneQosStrategy get scenario failed! scenario is null
03-03 02:59:59.576  3822  5367 D WindowManager: NFW_findFocusedWindowIfNeeded:Window{48c9384 u0 it.vfsfitvnm.vimusic.debug/it.vfsfitvnm.vimusic.MainActivity} mCurrentFocus:Window{48c9384 u0 it.vfsfitvnm.vimusic.debug/it.vfsfitvnm.vimusic.MainActivity}
03-03 02:59:59.797 20745 20745 I Quality : GetResourcesInfo:79301250,/product/app/OplusCamera/OplusCamera.apk
03-03 02:59:59.811 20745 20745 D ResourcesManagerExtImpl: applyConfigurationToAppResourcesLocked app.getDisplayId() return callback.displayId:-1
03-03 02:59:59.939  3822  4029 D ActivityManager: Async freezing 18748 com.oplus.notificationmanager
03-03 02:59:59.948  3822  4063 D PowerManagerService: userActivityNoUpdateLocked: groupId=0, eventTime=92467970, event=touch, flags=0x0, uid=1000
03-03 03:00:00.000  3822  4721 V AlarmManager: sending alarm Alarm{c46d62c type 3 origWhen 203623270 whenElapsed 203623270 android} uid 1000 whenElapsed 203623270 windowLength 0 maxWhenElapsed 203623270 repeatInterval 0 action null component null tag TIME_TICK flags 0x9 procName system_server
03-03 03:00:00.011  3822  4721 V AlarmManager: sending alarm Alarm{998668a type 1 origWhen 1772487000000 whenElapsed 203623270 com.oplus.battery} uid 1000 whenElapsed 203623270 windowLength 0 maxWhenElapsed 203623270 repeatInterval 0 action save_battery_stats_action component ComponentInfo{com.oplus.battery/com.oplus.powermanager.powercurve.SaveBatteryStatsReceiver} flags 0x9 procName com.oplus.battery
03-03 03:00:00.021  3822  3822 D LightsServiceExtImpl: currentTime is not belong to 700 - 2330
03-03 03:00:00.026  3822  4067 D OplusDisplayBrightnessBroadcastReceiver: onReceive action = android.intent.action.TIME_TICK , listeners = [com.android.server.display.color.eyeprotect.manager.AiCurveManager$RhythmBroadcastReceiverWithUpgradeUI@4f660c]
03-03 03:00:00.042  3822  5444 I ActivityManager: Flag disabled. Ignoring finishAttachApplication from uid: 10154. pid: 20745
03-03 03:00:00.044  3822  4010 W UserAwareMgr: can not find match thread: TemporaryThread for process com.oplus.camera Pid: 20745
03-03 03:00:00.044  3822  4010 W UserAwareMgr: can not find match thread: CameraHandlerThread for process com.oplus.camera Pid: 20745
03-03 03:00:00.044  3822  4010 W UserAwareMgr: can not find match thread: UIBoosterUx for process com.oplus.camera Pid: 20745
03-03 03:00:00.045  3822  4010 W UserAwareMgr: can not find match thread: ApsUxThread for process com.oplus.camera Pid: 20745
03-03 03:00:00.045  3822  4010 W UserAwareMgr: can not find match thread: ImageProcessThread for process com.oplus.camera Pid: 20745
03-03 03:00:00.045  3822  4010 W UserAwareMgr: can not find match thread: CaptureImageThread for process com.oplus.camera Pid: 20745
03-03 03:00:00.045  3822  4010 W UserAwareMgr: can not find match thread: ConfigInitThread for process com.oplus.camera Pid: 20745
03-03 03:00:00.045  3822  4010 W UserAwareMgr: can not find match thread: UnitHandlerThread for process com.oplus.camera Pid: 20745
03-03 03:00:00.045  3822  4010 W UserAwareMgr: can not find match thread: PreviewProcessThread for process com.oplus.camera Pid: 20745
03-03 03:00:00.045  3822  4010 W UserAwareMgr: can not find match thread: PreviewImageThread for process com.oplus.camera Pid: 20745
03-03 03:00:00.045  3822  4010 W UserAwareMgr: can not find match thread: PictureMetaArriveThread for process com.oplus.camera Pid: 20745
03-03 03:00:00.045  3822  4010 W UserAwareMgr: can not find match thread: PreviewFrameThread for process com.oplus.camera Pid: 20745
03-03 03:00:00.045  3822  4010 W UserAwareMgr: can not find match thread: PreviewGLThread for process com.oplus.camera Pid: 20745
03-03 03:00:00.045  3822  4010 W UserAwareMgr: can not find match thread: CustomGLThread for process com.oplus.camera Pid: 20745
03-03 03:00:00.050  3822  4063 D PowerManagerService: userActivityNoUpdateLocked: groupId=0, eventTime=92468073, event=touch, flags=0x0, uid=1000
03-03 03:00:00.099  3822  3930 D OplusPanoramaWorkBranchController: notifyMotionUpOrCancel
03-03 03:00:00.135  3822  4721 V AlarmManager: sending alarm Alarm{6280330 type 1 origWhen 1772487000135 whenElapsed 203623405 com.oplus.qualityprotect} uid 1000 whenElapsed 203623405 windowLength 0 maxWhenElapsed 203623405 repeatInterval 0 action com.oplus.qualityprotect.alarm_trigger component ComponentInfo{com.oplus.qualityprotect/com.oplus.qualityprotect.QualityAlarmReceiver} flags 0x9 procName com.oplus.midas
03-03 03:00:00.174  3822  3857 D ShortcutService: rescanPackageIfNeeded 0@com.oplus.camera, forceRescan=false , isNewApp=false
03-03 03:00:00.307  3822  4045 E BluetoothPowerStatsCollector: Cannot acquire BluetoothActivityEnergyInfo
03-03 03:00:00.307  3822  4045 E BluetoothPowerStatsCollector: java.util.concurrent.ExecutionException: java.lang.RuntimeException: error: 11
03-03 03:00:00.307  3822  4045 E BluetoothPowerStatsCollector: 	at java.util.concurrent.CompletableFuture.reportGet(CompletableFuture.java:372)
03-03 03:00:00.307  3822  4045 E BluetoothPowerStatsCollector: 	at java.util.concurrent.CompletableFuture.get(CompletableFuture.java:2072)
03-03 03:00:00.307  3822  4045 E BluetoothPowerStatsCollector: 	at com.android.server.power.stats.BluetoothPowerStatsCollector.collectBluetoothActivityInfo(BluetoothPowerStatsCollector.java:192)
03-03 03:00:00.307  3822  4045 E BluetoothPowerStatsCollector: 	at com.android.server.power.stats.BluetoothPowerStatsCollector.collectStats(BluetoothPowerStatsCollector.java:155)
03-03 03:00:00.307  3822  4045 E BluetoothPowerStatsCollector: 	at com.android.server.power.stats.PowerStatsCollector.collectAndDeliverStats(PowerStatsCollector.java:176)
03-03 03:00:00.307  3822  4045 E BluetoothPowerStatsCollector: 	at com.android.server.power.stats.PowerStatsCollector$$ExternalSyntheticLambda0.run(D8$$SyntheticClass:0)
03-03 03:00:00.307  3822  4045 E BluetoothPowerStatsCollector: 	at android.os.Handler.handleCallback(Handler.java:1027)
03-03 03:00:00.307  3822  4045 E BluetoothPowerStatsCollector: 	at android.os.Handler.dispatchMessage(Handler.java:108)
03-03 03:00:00.307  3822  4045 E BluetoothPowerStatsCollector: 	at android.os.Looper.loopOnce(Looper.java:298)
03-03 03:00:00.307  3822  4045 E BluetoothPowerStatsCollector: 	at android.os.Looper.loop(Looper.java:408)
03-03 03:00:00.307  3822  4045 E BluetoothPowerStatsCollector: 	at android.os.HandlerThread.run(HandlerThread.java:85)
03-03 03:00:00.307  3822  4045 E BluetoothPowerStatsCollector: Caused by: java.lang.RuntimeException: error: 11
03-03 03:00:00.307  3822  4045 E BluetoothPowerStatsCollector: 	at com.android.server.power.stats.BluetoothPowerStatsCollector$1.onBluetoothActivityEnergyInfoError(BluetoothPowerStatsCollector.java:181)
03-03 03:00:00.307  3822  4045 E BluetoothPowerStatsCollector: 	at android.bluetooth.BluetoothAdapter$OnBluetoothActivityEnergyInfoProxy.lambda$onBluetoothActivityEnergyInfoAvailable$0(BluetoothAdapter.java:1072)
03-03 03:00:00.307  3822  4045 E BluetoothPowerStatsCollector: 	at android.bluetooth.BluetoothAdapter$OnBluetoothActivityEnergyInfoProxy$$ExternalSyntheticLambda1.run(D8$$SyntheticClass:0)
03-03 03:00:00.307  3822  4045 E BluetoothPowerStatsCollector: 	at com.android.server.SystemServerInitThreadPool$$ExternalSyntheticLambda0.execute(D8$$SyntheticClass:0)
03-03 03:00:00.307  3822  4045 E BluetoothPowerStatsCollector: 	at android.bluetooth.BluetoothAdapter$OnBluetoothActivityEnergyInfoProxy.onBluetoothActivityEnergyInfoAvailable(BluetoothAdapter.java:1070)
03-03 03:00:00.307  3822  4045 E BluetoothPowerStatsCollector: 	at android.bluetooth.IBluetoothActivityEnergyInfoListener$Stub.onTransact(IBluetoothActivityEnergyInfoListener.java:98)
03-03 03:00:00.307  3822  4045 E BluetoothPowerStatsCollector: 	at android.os.Binder.execTransactInternal(Binder.java:1444)
03-03 03:00:00.307  3822  4045 E BluetoothPowerStatsCollector: 	at android.os.Binder.execTransact(Binder.java:1378)
03-03 03:00:00.435  3822  4045 D BatteryExternalStatsWorker: begin updateExternalStatsSync reason=get-stats flag:127
03-03 03:00:00.538  3822  4045 D BatteryExternalStatsWorker: end updateExternalStatsSync
03-03 03:00:00.554  3822  4045 E BluetoothPowerStatsCollector: Cannot acquire BluetoothActivityEnergyInfo
03-03 03:00:00.554  3822  4045 E BluetoothPowerStatsCollector: java.util.concurrent.ExecutionException: java.lang.RuntimeException: error: 11
03-03 03:00:00.554  3822  4045 E BluetoothPowerStatsCollector: 	at java.util.concurrent.CompletableFuture.reportGet(CompletableFuture.java:372)
03-03 03:00:00.554  3822  4045 E BluetoothPowerStatsCollector: 	at java.util.concurrent.CompletableFuture.get(CompletableFuture.java:2072)
03-03 03:00:00.554  3822  4045 E BluetoothPowerStatsCollector: 	at com.android.server.power.stats.BluetoothPowerStatsCollector.collectBluetoothActivityInfo(BluetoothPowerStatsCollector.java:192)
03-03 03:00:00.554  3822  4045 E BluetoothPowerStatsCollector: 	at com.android.server.power.stats.BluetoothPowerStatsCollector.collectStats(BluetoothPowerStatsCollector.java:155)
03-03 03:00:00.554  3822  4045 E BluetoothPowerStatsCollector: 	at com.android.server.power.stats.PowerStatsCollector.collectAndDeliverStats(PowerStatsCollector.java:176)
03-03 03:00:00.554  3822  4045 E BluetoothPowerStatsCollector: 	at com.android.server.power.stats.PowerStatsCollector$$ExternalSyntheticLambda0.run(D8$$SyntheticClass:0)
03-03 03:00:00.554  3822  4045 E BluetoothPowerStatsCollector: 	at android.os.Handler.handleCallback(Handler.java:1027)
03-03 03:00:00.554  3822  4045 E BluetoothPowerStatsCollector: 	at android.os.Handler.dispatchMessage(Handler.java:108)
03-03 03:00:00.554  3822  4045 E BluetoothPowerStatsCollector: 	at android.os.Looper.loopOnce(Looper.java:298)
03-03 03:00:00.554  3822  4045 E BluetoothPowerStatsCollector: 	at android.os.Looper.loop(Looper.java:408)
03-03 03:00:00.554  3822  4045 E BluetoothPowerStatsCollector: 	at android.os.HandlerThread.run(HandlerThread.java:85)
03-03 03:00:00.554  3822  4045 E BluetoothPowerStatsCollector: Caused by: java.lang.RuntimeException: error: 11
03-03 03:00:00.554  3822  4045 E BluetoothPowerStatsCollector: 	at com.android.server.power.stats.BluetoothPowerStatsCollector$1.onBluetoothActivityEnergyInfoError(BluetoothPowerStatsCollector.java:181)
03-03 03:00:00.554  3822  4045 E BluetoothPowerStatsCollector: 	at android.bluetooth.BluetoothAdapter$OnBluetoothActivityEnergyInfoProxy.lambda$onBluetoothActivityEnergyInfoAvailable$0(BluetoothAdapter.java:1072)
03-03 03:00:00.554  3822  4045 E BluetoothPowerStatsCollector: 	at android.bluetooth.BluetoothAdapter$OnBluetoothActivityEnergyInfoProxy$$ExternalSyntheticLambda1.run(D8$$SyntheticClass:0)
03-03 03:00:00.554  3822  4045 E BluetoothPowerStatsCollector: 	at com.android.server.SystemServerInitThreadPool$$ExternalSyntheticLambda0.execute(D8$$SyntheticClass:0)
03-03 03:00:00.554  3822  4045 E BluetoothPowerStatsCollector: 	at android.bluetooth.BluetoothAdapter$OnBluetoothActivityEnergyInfoProxy.onBluetoothActivityEnergyInfoAvailable(BluetoothAdapter.java:1070)
03-03 03:00:00.554  3822  4045 E BluetoothPowerStatsCollector: 	at android.bluetooth.IBluetoothActivityEnergyInfoListener$Stub.onTransact(IBluetoothActivityEnergyInfoListener.java:98)
03-03 03:00:00.554  3822  4045 E BluetoothPowerStatsCollector: 	at android.os.Binder.execTransactInternal(Binder.java:1444)
03-03 03:00:00.554  3822  4045 E BluetoothPowerStatsCollector: 	at android.os.Binder.execTransact(Binder.java:1378)
03-03 03:00:00.735  3822  4721 V AlarmManager: sending alarm Alarm{464fc9b type 1 origWhen 1772487000734 whenElapsed 203624005 android} uid 1000 whenElapsed 203624005 windowLength 0 maxWhenElapsed 203624005 repeatInterval 0 action null component null tag StorgaeBandInfoAlarmTag flags 0x9 procName system_server
03-03 03:00:00.822  3822  4063 D PowerManagerService: userActivityNoUpdateLocked: groupId=0, eventTime=92468843, event=touch, flags=0x0, uid=1000
03-03 03:00:00.916  3822  3930 D OplusPanoramaWorkBranchController: notifyMotionUpOrCancel
03-03 03:00:00.921  3822  5482 E AppOps  : attributionTag  not declared in manifest of it.vfsfitvnm.vimusic.debug
03-03 03:00:00.923  3822  5482 E AppOps  : attributionTag  not declared in manifest of it.vfsfitvnm.vimusic.debug
03-03 03:00:00.933  3822  3822 I OplusMediaControlService: onPlaybackStateChanged begin, state: 6, playerId: 123177627
03-03 03:00:00.935  3822  3857 D NotificationService--OplusNotificationFixHelper: fixAppIcon: pkg=it.vfsfitvnm.vimusic.debug
03-03 03:00:00.935  3822  3857 D NotificationService--OplusNotificationFixHelper: fixAppIcon: appIcon = null, pkg = it.vfsfitvnm.vimusic.debug
03-03 03:00:00.936  3822  3857 I OplusStatusBarManagerServiceEnhance:  getTopIsFullscreen mTopIsFullscreen: false
03-03 03:00:00.936  3822  3857 W ActivityManager: Permission Denial: getTopApplicationInfo from pid=19889, uid=10686 requires oplus.permission.OPLUS_COMPONENT_SAFE
03-03 03:00:00.937  3822  3822 I OplusMediaControlService: sendOnEventMessage begin, eventType: 4, observer: android.os.BinderProxy@c1628f9
03-03 03:00:00.937  3822  3822 D NotificationService--OplusNotificationManagerServiceExtImpl: isForwardToAssistants: true, case : Is local notification
03-03 03:00:00.937  3822  3822 D NotificationService: This application enqueue notifications is need postDelayed mcsAssistantDelayTime: 200
03-03 03:00:00.938  3822  3822 I OplusMediaControlService: on event EventType: 4
03-03 03:00:00.952  3822  3857 I OplusMediaControlService: updateControllerMap begin
03-03 03:00:00.952  3822  3857 D OplusMediaControlService: isInMediaBlackList: com.google.android.youtube, 0
03-03 03:00:00.952  3822  3857 V OplusMediaControlService: this app is in media black list, pkgName: com.google.android.youtube
03-03 03:00:00.952  3822  3857 D OplusMediaControlService: isInMediaBlackList: com.google.android.youtube, 0
03-03 03:00:00.952  3822  3857 V OplusMediaControlService: this app is in media black list, pkgName: com.google.android.youtube
03-03 03:00:00.952  3822  3857 I OplusMediaControlService: updataPlayStateMap begin
03-03 03:00:00.952  3822  3857 I OplusMediaControlService: updateMetadataMap begin
03-03 03:00:00.952  3822  3857 I OplusMediaControlService: getPlayerInfo, playerId: 123177627, pkgname: it.vfsfitvnm.vimusic.debug
03-03 03:00:00.953  3822  3857 D OplusMediaControlService: isInMediaBlackList: com.google.android.youtube, 0
03-03 03:00:00.953  3822  3857 V OplusMediaControlService: this app is in media black list, pkgName: com.google.android.youtube
03-03 03:00:00.953  3822  3857 I OplusMediaControlService: getCurrentPlayerInfoList InfoList size: 1
03-03 03:00:01.021  3822  5367 D NotificationService--OplusNotificationFixHelper: fixAppIcon: pkg=it.vfsfitvnm.vimusic.debug
03-03 03:00:01.021  3822  5367 D NotificationService--OplusNotificationFixHelper: fixAppIcon: appIcon = null, pkg = it.vfsfitvnm.vimusic.debug
03-03 03:00:01.022  3822  5367 I OplusStatusBarManagerServiceEnhance:  getTopIsFullscreen mTopIsFullscreen: false
03-03 03:00:01.022  3822  5367 W ActivityManager: Permission Denial: getTopApplicationInfo from pid=19889, uid=10686 requires oplus.permission.OPLUS_COMPONENT_SAFE
03-03 03:00:01.023  3822  3822 D OplusMediaControlService: onPlaybackStateChanged same state as last time, no push state, state = 6
03-03 03:00:01.023  3822  3822 D NotificationService--OplusNotificationManagerServiceExtImpl: isForwardToAssistants: true, case : Is local notification
03-03 03:00:01.023  3822  3822 D NotificationService: This application enqueue notifications is need postDelayed mcsAssistantDelayTime: 200
03-03 03:00:01.033  3822  5367 D NotificationService--OplusNotificationFixHelper: fixAppIcon: pkg=it.vfsfitvnm.vimusic.debug
