03-03 02:37:50.310  3822  5484 I OplusMediaControlService: getPlayerInfo, playerId: 170696771, pkgname: it.vfsfitvnm.vimusic.debug
03-03 02:37:50.313  3822  5484 I OplusMediaControlService: getPlayerInfo, playerId: 172325190, pkgname: com.microsoft.teams
03-03 02:37:50.315  3822  5484 D OplusMediaControlService: isInMediaBlackList: com.google.android.youtube, 0
03-03 02:37:50.315  3822  5484 V OplusMediaControlService: this app is in media black list, pkgName: com.google.android.youtube
03-03 02:37:50.315  3822  5484 I OplusMediaControlService: getCurrentPlayerInfoList InfoList size: 2
03-03 02:37:50.322  3822  5347 I OplusMediaControlService: updateControllerMap begin
03-03 02:37:50.322  3822  5347 D OplusMediaControlService: isInMediaBlackList: com.google.android.youtube, 0
03-03 02:37:50.322  3822  5347 V OplusMediaControlService: this app is in media black list, pkgName: com.google.android.youtube
03-03 02:37:50.322  3822  5347 D OplusMediaControlService: isInMediaBlackList: com.google.android.youtube, 0
03-03 02:37:50.322  3822  5347 V OplusMediaControlService: this app is in media black list, pkgName: com.google.android.youtube
03-03 02:37:50.322  3822  5347 I OplusMediaControlService: updataPlayStateMap begin
03-03 02:37:50.322  3822  5347 I OplusMediaControlService: updateMetadataMap begin
03-03 02:37:50.322  3822  5347 I OplusMediaControlService: getPlayerInfo, playerId: 170696771, pkgname: it.vfsfitvnm.vimusic.debug
03-03 02:37:50.323  3822  5347 I OplusMediaControlService: getPlayerInfo, playerId: 172325190, pkgname: com.microsoft.teams
03-03 02:37:50.323  3822  5347 D OplusMediaControlService: isInMediaBlackList: com.google.android.youtube, 0
03-03 02:37:50.324  3822  5347 V OplusMediaControlService: this app is in media black list, pkgName: com.google.android.youtube
03-03 02:37:50.324  3822  5347 I OplusMediaControlService: getCurrentPlayerInfoList InfoList size: 2
03-03 02:37:50.388  3822  5436 W OplusDexOptimizeManager: isFirstNotifyDexLoad: path=/data/app/~~9j6cl6QFp2ctLI-H5VQf4g==/com.google.android.gms--Hkqx5xsU1rPMtM-hcBoUQ==/split_DynamiteModulesC_installtime.apk result=true
03-03 02:37:50.641  3822  4030 I ActivityManager: Start proc 30051:com.google.android.apps.wellbeing/u0a111 for content provider {com.google.android.apps.wellbeing/com.google.android.apps.wellbeing.api.impl.WellbeingSettingsProvider}
03-03 02:37:50.641  3822  3930 I ActivityManager: ProcessObserver broadcast disabled
03-03 02:37:50.642  3822  4569 I MemoryOperationUtils: add 30051 to com.google.android.apps.wellbeing
03-03 02:37:50.667  3822  5354 D ActivityTaskManagerServiceExtImpl: preBindApplication record is null
03-03 02:37:50.677 30051 30051 V Configuration: Updating configuration, locales updated from [] to [en_GB]
03-03 02:37:50.724 30051 30051 D ResourcesManagerExtImpl: applyConfigurationToAppResourcesLocked app.getDisplayId() return callback.displayId:-1
03-03 02:37:50.753  3822  5333 I ActivityManager: Flag disabled. Ignoring finishAttachApplication from uid: 10111. pid: 30051
03-03 02:37:50.869  3822  6094 D FlexibleTaskController: check task which not have enough child, isInSingleWhiteList:false isCloneTask:false
03-03 02:37:50.869  3822  6094 D ActivityTaskManager: Skipping, invisible task: Task{63d5c5b #5 type=home I=com.android.launcher/.Launcher}
03-03 02:37:50.870  3822  6094 D OplusSplitScreenManagerService: com.android.settings unSupportsSplitScreen by blockList or ForbidActivityList
03-03 02:37:50.870  3822  6094 D OplusSplitScreenManagerService: com.android.settings unSupportsSplitScreen by blockList or ForbidActivityList
03-03 02:37:50.871  3822  6094 D OplusSplitScreenManagerService: com.oplus.dialer unSupportsSplitScreen by blockList or ForbidActivityList
03-03 02:37:50.873  3822  6094 D ActivityTaskManager: after skip size:20,pre-Filtered:com.google.android.youtube # com.microsoft.teams # com.whatsapp # it.vfsfitvnm.vimusic.debug # com.oneplus.gallery # com.android.settings # com.google.android.googlequicksearchbox # com.android.vending # com.linkedin.android # com.oplus.dialer # com.flipkart.android # com.google.android.gm # com.oneplus.calculator # com.google.android.apps.maps # com.google.android.apps.photos # com.android.chrome # com.oneplus.note # com.phonepe.app # com.google.android.apps.messaging # com.microsoft.office.outlook # 
03-03 02:37:50.874  3822  6094 D FlexibleTaskController: check task which not have enough child, isInSingleWhiteList:false isCloneTask:false
03-03 02:37:50.875  3822  6094 D FlexibleTaskController: check task which not have enough child, isInSingleWhiteList:false isCloneTask:false
03-03 02:37:50.875  3822  6094 D FlexibleTaskController: check task which not have enough child, isInSingleWhiteList:false isCloneTask:false
03-03 02:37:50.875  3822  6094 D FlexibleTaskController: check task which not have enough child, isInSingleWhiteList:false isCloneTask:false
03-03 02:37:50.878  3822  6094 E OplusAthenaAm: AthenaAmManagerInternal transact code hello:6,flags:0
03-03 02:37:50.879  3822  6094 E OplusAthenaAm: AthenaAmManagerInternal transact code hello:7,flags:0
03-03 02:37:50.879  3822  6094 E OplusAthenaAm: AthenaAmManagerInternal transact code hello:24,flags:0
03-03 02:37:50.884  3822  6094 E OplusAthenaAm: AthenaAmManagerInternal transact code hello:4,flags:0
03-03 02:37:50.884  3822  6094 E OplusAthenaAm: AthenaAmManagerInternal transact code hello:4,flags:0
03-03 02:37:50.884  3822  6094 E OplusAthenaAm: AthenaAmManagerInternal transact code hello:4,flags:0
03-03 02:37:50.885  3822  6094 D FlexibleTaskController: check task which not have enough child, isInSingleWhiteList:false isCloneTask:false
03-03 02:37:50.885  3822  6094 D FlexibleTaskController: check task which not have enough child, isInSingleWhiteList:false isCloneTask:false
03-03 02:37:50.886  3822  6094 D FlexibleTaskController: check task which not have enough child, isInSingleWhiteList:false isCloneTask:false
03-03 02:37:50.886  3822  6094 D FlexibleTaskController: check task which not have enough child, isInSingleWhiteList:false isCloneTask:false
03-03 02:37:50.888  3822  4010 W QosScheduler: getScenario failed! scenarios is null, mask=2
03-03 02:37:50.888  3822  4010 W QosScheduler: executeSceneQosStrategy get scenario failed! scenario is null
03-03 02:37:51.289  3822  4881 V NetworkPolicy: updateNetworkEnabledNL() return
03-03 02:37:51.289  3822  4881 V NetworkPolicy: updateNotificationsNL not process
03-03 02:37:51.344  3822  4749 D OplusScreenOffTorchHelper: not handle with onVolumeKey,mFlashLightEnable = false,mFlashLightAvailable=true,mCameraId = 0 mVolumeDownPressEnabled=false
03-03 02:37:51.344  3822  4749 I OplusJoystickManager: read game pad state for game manager -> false
03-03 02:37:51.344  3822  4749 W OplusJoystickManager: mInterceptGamepadKey is false
03-03 02:37:51.345  3822  4749 D OplusCustomizeRestrictionManagerService: isLongPressVolumeUpDisabled start
03-03 02:37:51.345  3822  4749 D STKeyLog_StrategyBlackscreenshot: notifyKeyBeforeQueueing, downTime91139368, action=0, interactive=true
03-03 02:37:51.347  3822  4749 I VibratorManagerServiceExtImpl: cancelVibrate uid=1000, pid=3822, usageFilter=-15, token=186708562
03-03 02:37:51.351  3822  4063 D PowerManagerService: userActivityNoUpdateLocked: groupId=0, eventTime=91139368, event=button, flags=0x0, uid=1000
03-03 02:37:51.494  3822  4748 D STKeyLog_StrategyPadKeyBoardShortcut: excuteShortCut, interactive = true
03-03 02:37:51.494  3822  4748 D OplusCustomizeRestrictionManagerService: isLongPressVolumeUpDisabled start
03-03 02:37:51.556  3822  4721 V AlarmManager: sending alarm Alarm{d0b2434 type 1 origWhen 1772485671554 whenElapsed 202294824 android} uid 1000 whenElapsed 202294824 windowLength 0 maxWhenElapsed 202294824 repeatInterval 0 action null component null tag StorgaeBandInfoAlarmTag flags 0x9 procName system_server
03-03 02:37:51.575  3822  5354 D PowerManagerService: userActivityNoUpdateLocked: groupId=0, eventTime=91139599, event=other, flags=0x0, uid=10208
03-03 02:37:51.576  3822  4957 D PowerManagerService: userActivityNoUpdateLocked: groupId=0, eventTime=91139601, event=other, flags=0x0, uid=10208
03-03 02:37:51.577  3822  4010 I UserAwareMgr: handleTopAppChanged: com.android.systemui, pid: 5545, uid: 10208
03-03 02:37:51.592  3822  4029 I ActivityManager: Waited long enough for: ServiceRecord{cc2ddf9 u0 com.oplus.camera/.aps.service.ApsService c:com.oplus.camera}
03-03 02:37:51.592  3822  5347 I WindowManager: addWindow: New client android.os.BinderProxy@5bd4893 : window=Window{f2d48c9 u0 OplusVolumeDialogImpl}
03-03 02:37:51.601  3822  5347 D CoreBackPreview: Window{f2d48c9 u0 OplusVolumeDialogImpl}: Setting back callback OnBackInvokedCallbackInfo{mCallback=android.window.IOnBackInvokedCallback$Stub$Proxy@e04801, mPriority=-1, mIsAnimationCallback=false, mOverrideBehavior=0}
03-03 02:37:51.605  3822  5484 D OplusWindowManagerServiceEnhance: getScreenshot
03-03 02:37:51.605  3822  5484 V OplusWindowManagerService: getScreenshot options is :OplusScreenShotOptions { mLayer = null, mExcludeLayers = null, mExcludeWindows = null, mTasks = null, mSourceCrop = Rect(0, 0 - 1240, 2772), mFullDisplay = true, mDisplayId = 0, mScaleIndex = 0.05}
03-03 02:37:51.606  3822  5347 V WindowManager: Relayout Window{f2d48c9 u0 OplusVolumeDialogImpl}: viewVisibility=0, oldvis=0, req=1240x2772 , apr = 0, vsysui=LAYOUT_STABLE LAYOUT_HIDE_NAVIGATION LAYOUT_FULLSCREEN, x=0, y=0
03-03 02:37:51.606  3822  5347 I WindowManager: Window{f2d48c9 u0 OplusVolumeDialogImpl} state from NO_SURFACE to DRAW_PENDING; reason: resetDrawState
03-03 02:37:51.607  3822  4010 W QosScheduler: executeSceneQosStrategy get scenario failed! scenario is null
03-03 02:37:51.612  3822  5347 D WindowManager: NFW_findFocusedWindowIfNeeded:Window{351db37 u0 com.google.android.youtube/com.google.android.youtube.app.honeycomb.Shell$HomeActivity} mCurrentFocus:Window{351db37 u0 com.google.android.youtube/com.google.android.youtube.app.honeycomb.Shell$HomeActivity}
03-03 02:37:51.613  5545  5545 W VRI[OplusVolumeDialogImpl]: updateBlastSurfaceIfNeeded, surfaceSize:Point(1240, 2772), lastSurfaceSize:Point(0, 0), format:-2, blastBufferQueue:null
03-03 02:37:51.627  5545  5545 W VRI[OplusVolumeDialogImpl]: handleResized, msg:, frameChanged:false, configChanged:false, displayChanged:false, attachedFrameChanged:false, compatScaleChanged:false, pendingDragResizing=false
03-03 02:37:51.628  3822  5484 I WindowManager: Window{f2d48c9 u0 OplusVolumeDialogImpl} state from DRAW_PENDING to COMMIT_DRAW_PENDING; reason: finishDrawingLocked
03-03 02:37:51.629  3822  3933 I WindowManager: Window{f2d48c9 u0 OplusVolumeDialogImpl} state from COMMIT_DRAW_PENDING to READY_TO_SHOW; reason: commitFinishDrawingLocked
03-03 02:37:51.649  3822  3933 I WindowManager: Window{f2d48c9 u0 OplusVolumeDialogImpl} state from READY_TO_SHOW to HAS_DRAWN; reason: performShowLocked
03-03 02:37:51.744  3822  4748 D STKeyLog_StrategyPadKeyBoardShortcut: excuteShortCut, interactive = false
03-03 02:37:51.744  3822  4063 D PowerManagerService: userActivityNoUpdateLocked: groupId=0, eventTime=91139769, event=button, flags=0x0, uid=1000
03-03 02:37:51.744  3822  4748 D OplusCustomizeRestrictionManagerService: isLongPressVolumeUpDisabled start
03-03 02:37:51.791  5545  5604 D LinearmotorVibrator: vibrate: effect=WaveformEffect { a9968b9, effectType=152, effectStrength=-1, effectLoop=false, ringtoneVibrateType=-1, isRingtoneCustomized=false, ringtoneFilePath=, strengthSettingEnabled=true, asynchronous=true, usageHint=0 }
03-03 02:37:51.791  3822  5484 I VibratorManagerServiceExtImpl: vibrate is uid=10208, pid=5545, opPkg=com.android.systemui, effect=Mono{mEffect=Composed{segments=[OplusVibrationEffectSegment{mEffectId=152, mEffectStrength=-1, mRingtonePath=''}], repeat=-1}}, attributes=VibrationAttributes{mUsage=UNKNOWN, mAudioUsage= USAGE_UNKNOWN, mFlags=0}, reason=null, token=250746109
03-03 02:37:51.791  3822  5354 D PowerManagerService: userActivityNoUpdateLocked: groupId=0, eventTime=91139817, event=other, flags=0x0, uid=10208
03-03 02:37:51.799  3822  4748 D STKeyLog_StrategyPadKeyBoardShortcut: excuteShortCut, interactive = false
03-03 02:37:51.799  3822  4748 D OplusCustomizeRestrictionManagerService: isLongPressVolumeUpDisabled start
03-03 02:37:51.800  3822  4718 W VibrationScaler: Got unexpected vibration intensity: 2100
03-03 02:37:51.801  3822  4718 D VibrationThread: Perform OplusPrebakedSegment{mWaveformId=105, mDuration=66, mEffectStrength=2100, mDefaultUsage=TOUCH} on vibrator 0
03-03 02:37:51.845  3822  4748 D STKeyLog_StrategyPadKeyBoardShortcut: excuteShortCut, interactive = false
03-03 02:37:51.845  3822  4063 D PowerManagerService: userActivityNoUpdateLocked: groupId=0, eventTime=91139870, event=button, flags=0x0, uid=1000
03-03 02:37:51.846  3822  4748 D OplusCustomizeRestrictionManagerService: isLongPressVolumeUpDisabled start
03-03 02:37:51.847  5545  5604 D LinearmotorVibrator: vibrate: effect=WaveformEffect { 987802d, effectType=152, effectStrength=-1, effectLoop=false, ringtoneVibrateType=-1, isRingtoneCustomized=false, ringtoneFilePath=, strengthSettingEnabled=true, asynchronous=true, usageHint=0 }
03-03 02:37:51.848  3822  4957 I VibratorManagerServiceExtImpl: vibrate is uid=10208, pid=5545, opPkg=com.android.systemui, effect=Mono{mEffect=Composed{segments=[OplusVibrationEffectSegment{mEffectId=152, mEffectStrength=-1, mRingtonePath=''}], repeat=-1}}, attributes=VibrationAttributes{mUsage=UNKNOWN, mAudioUsage= USAGE_UNKNOWN, mFlags=0}, reason=null, token=250746109
03-03 02:37:51.849  3822  4957 D PowerManagerService: userActivityNoUpdateLocked: groupId=0, eventTime=91139875, event=other, flags=0x0, uid=10208
03-03 02:37:51.880  5545  5604 D LinearmotorVibrator: vibrate: effect=WaveformEffect { a1587e5, effectType=152, effectStrength=-1, effectLoop=false, ringtoneVibrateType=-1, isRingtoneCustomized=false, ringtoneFilePath=, strengthSettingEnabled=true, asynchronous=true, usageHint=0 }
03-03 02:37:51.882  3822  5333 I VibratorManagerServiceExtImpl: vibrate is uid=10208, pid=5545, opPkg=com.android.systemui, effect=Mono{mEffect=Composed{segments=[OplusVibrationEffectSegment{mEffectId=152, mEffectStrength=-1, mRingtonePath=''}], repeat=-1}}, attributes=VibrationAttributes{mUsage=UNKNOWN, mAudioUsage= USAGE_UNKNOWN, mFlags=0}, reason=null, token=250746109
03-03 02:37:51.882  3822  5347 D PowerManagerService: userActivityNoUpdateLocked: groupId=0, eventTime=91139906, event=other, flags=0x0, uid=10208
03-03 02:37:51.884  3822  4718 W VibrationScaler: Got unexpected vibration intensity: 2100
03-03 02:37:51.885  3822  4718 D VibrationThread: Perform OplusPrebakedSegment{mWaveformId=105, mDuration=66, mEffectStrength=2100, mDefaultUsage=TOUCH} on vibrator 0
03-03 02:37:51.899  3822  4748 D STKeyLog_StrategyPadKeyBoardShortcut: excuteShortCut, interactive = false
03-03 02:37:51.899  3822  4748 D OplusCustomizeRestrictionManagerService: isLongPressVolumeUpDisabled start
03-03 02:37:51.926  5545  5604 D LinearmotorVibrator: vibrate: effect=WaveformEffect { 65246e3, effectType=152, effectStrength=-1, effectLoop=false, ringtoneVibrateType=-1, isRingtoneCustomized=false, ringtoneFilePath=, strengthSettingEnabled=true, asynchronous=true, usageHint=0 }
03-03 02:37:51.928  3822  5484 I VibratorManagerServiceExtImpl: vibrate is uid=10208, pid=5545, opPkg=com.android.systemui, effect=Mono{mEffect=Composed{segments=[OplusVibrationEffectSegment{mEffectId=152, mEffectStrength=-1, mRingtonePath=''}], repeat=-1}}, attributes=VibrationAttributes{mUsage=UNKNOWN, mAudioUsage= USAGE_UNKNOWN, mFlags=0}, reason=null, token=250746109
03-03 02:37:51.938  3822  5354 D PowerManagerService: userActivityNoUpdateLocked: groupId=0, eventTime=91139963, event=other, flags=0x0, uid=10208
03-03 02:37:51.946  3822  4748 D STKeyLog_StrategyPadKeyBoardShortcut: excuteShortCut, interactive = false
03-03 02:37:51.946  3822  4063 D PowerManagerService: userActivityNoUpdateLocked: groupId=0, eventTime=91139971, event=button, flags=0x0, uid=1000
03-03 02:37:51.947  3822  4748 D OplusCustomizeRestrictionManagerService: isLongPressVolumeUpDisabled start
03-03 02:37:51.968  3822  4718 W VibrationScaler: Got unexpected vibration intensity: 2100
03-03 02:37:51.968  3822  4718 D VibrationThread: Perform OplusPrebakedSegment{mWaveformId=105, mDuration=66, mEffectStrength=2100, mDefaultUsage=TOUCH} on vibrator 0
03-03 02:37:51.993  5545  5604 D LinearmotorVibrator: vibrate: effect=WaveformEffect { a5d93f8, effectType=152, effectStrength=-1, effectLoop=false, ringtoneVibrateType=-1, isRingtoneCustomized=false, ringtoneFilePath=, strengthSettingEnabled=true, asynchronous=true, usageHint=0 }
03-03 02:37:51.993  3822  5484 I VibratorManagerServiceExtImpl: vibrate is uid=10208, pid=5545, opPkg=com.android.systemui, effect=Mono{mEffect=Composed{segments=[OplusVibrationEffectSegment{mEffectId=152, mEffectStrength=-1, mRingtonePath=''}], repeat=-1}}, attributes=VibrationAttributes{mUsage=UNKNOWN, mAudioUsage= USAGE_UNKNOWN, mFlags=0}, reason=null, token=250746109
03-03 02:37:51.996  3822  4749 I OplusJoystickManager: read game pad state for game manager -> false
03-03 02:37:51.996  3822  4749 W OplusJoystickManager: mInterceptGamepadKey is false
03-03 02:37:51.996  3822  4749 D OplusCustomizeRestrictionManagerService: isLongPressVolumeUpDisabled start
03-03 02:37:51.996  3822  4749 D STKeyLog_StrategyBlackscreenshot: notifyKeyBeforeQueueing, downTime91139368, action=1, interactive=true
03-03 02:37:51.996  3822  4748 D STKeyLog_StrategyPadKeyBoardShortcut: excuteShortCut, interactive = true
03-03 02:37:51.996  3822  4748 D OplusCustomizeRestrictionManagerService: isLongPressVolumeUpDisabled start
03-03 02:37:51.997  3822  5333 D PowerManagerService: userActivityNoUpdateLocked: groupId=0, eventTime=91140021, event=other, flags=0x0, uid=10208
03-03 02:37:52.049  3822  4718 W VibrationScaler: Got unexpected vibration intensity: 2100
03-03 02:37:52.050  3822  4718 D VibrationThread: Perform OplusPrebakedSegment{mWaveformId=105, mDuration=66, mEffectStrength=2100, mDefaultUsage=TOUCH} on vibrator 0
03-03 02:37:52.335  3822  5484 D PowerManagerService: userActivityNoUpdateLocked: groupId=0, eventTime=91140360, event=other, flags=0x0, uid=10208
03-03 02:37:52.837  3822  4749 I OplusJoystickManager: read game pad state for game manager -> false
03-03 02:37:52.837  3822  4749 W OplusJoystickManager: mInterceptGamepadKey is false
03-03 02:37:52.837  3822  4749 D OplusCustomizeRestrictionManagerService: isLongPressVolumeUpDisabled start
03-03 02:37:52.837  3822  4749 D STKeyLog_StrategyBlackscreenshot: notifyKeyBeforeQueueing, downTime91140861, action=0, interactive=true
03-03 02:37:52.838  3822  4749 I VibratorManagerServiceExtImpl: cancelVibrate uid=1000, pid=3822, usageFilter=-15, token=186708562
03-03 02:37:52.841  3822  4063 D PowerManagerService: userActivityNoUpdateLocked: groupId=0, eventTime=91140861, event=button, flags=0x0, uid=1000
03-03 02:37:52.988  3822  4748 D STKeyLog_StrategyPadKeyBoardShortcut: excuteShortCut, interactive = true
03-03 02:37:52.988  3822  4748 D OplusCustomizeRestrictionManagerService: isLongPressVolumeUpDisabled start
03-03 02:37:53.016  3822  4749 I OplusJoystickManager: read game pad state for game manager -> false
03-03 02:37:53.016  3822  4749 W OplusJoystickManager: mInterceptGamepadKey is false
03-03 02:37:53.016  3822  4749 D OplusCustomizeRestrictionManagerService: isLongPressVolumeUpDisabled start
03-03 02:37:53.017  3822  4749 D STKeyLog_StrategyBlackscreenshot: notifyKeyBeforeQueueing, downTime91140861, action=1, interactive=true
03-03 02:37:53.018  3822  4748 D STKeyLog_StrategyPadKeyBoardShortcut: excuteShortCut, interactive = true
03-03 02:37:53.018  3822  4063 D PowerManagerService: userActivityNoUpdateLocked: groupId=0, eventTime=91141040, event=button, flags=0x0, uid=1000
03-03 02:37:53.018  3822  4748 D OplusCustomizeRestrictionManagerService: isLongPressVolumeUpDisabled start
03-03 02:37:53.031  5545  5604 D LinearmotorVibrator: vibrate: effect=WaveformEffect { 9f6b909, effectType=152, effectStrength=-1, effectLoop=false, ringtoneVibrateType=-1, isRingtoneCustomized=false, ringtoneFilePath=, strengthSettingEnabled=true, asynchronous=true, usageHint=0 }
03-03 02:37:53.031  3822  5333 I VibratorManagerServiceExtImpl: vibrate is uid=10208, pid=5545, opPkg=com.android.systemui, effect=Mono{mEffect=Composed{segments=[OplusVibrationEffectSegment{mEffectId=152, mEffectStrength=-1, mRingtonePath=''}], repeat=-1}}, attributes=VibrationAttributes{mUsage=UNKNOWN, mAudioUsage= USAGE_UNKNOWN, mFlags=0}, reason=null, token=250746109
03-03 02:37:53.033  3822  4718 W VibrationScaler: Got unexpected vibration intensity: 2100
03-03 02:37:53.039  3822  4718 D VibrationThread: Perform OplusPrebakedSegment{mWaveformId=105, mDuration=66, mEffectStrength=2100, mDefaultUsage=TOUCH} on vibrator 0
03-03 02:37:53.041  3822  5333 D PowerManagerService: userActivityNoUpdateLocked: groupId=0, eventTime=91141066, event=other, flags=0x0, uid=10208
03-03 02:37:53.198  3822  4569 D osense.compress: com.google.android.gm do shrink, target ratio = 90, final ratio = 90, cur ratio = 87
03-03 02:37:53.248  3822  4749 I OplusJoystickManager: read game pad state for game manager -> false
03-03 02:37:53.248  3822  4749 W OplusJoystickManager: mInterceptGamepadKey is false
03-03 02:37:53.249  3822  4749 D OplusCustomizeRestrictionManagerService: isLongPressVolumeUpDisabled start
03-03 02:37:53.249  3822  4749 D STKeyLog_StrategyBlackscreenshot: notifyKeyBeforeQueueing, downTime91141272, action=0, interactive=true
03-03 02:37:53.251  3822  4749 I VibratorManagerServiceExtImpl: cancelVibrate uid=1000, pid=3822, usageFilter=-15, token=186708562
03-03 02:37:53.255  3822  4063 D PowerManagerService: userActivityNoUpdateLocked: groupId=0, eventTime=91141272, event=button, flags=0x0, uid=1000
03-03 02:37:53.346  3822  4992 D osense-blo-strict: switchingCnt = 0
03-03 02:37:53.358  3822  4749 I OplusJoystickManager: read game pad state for game manager -> false
03-03 02:37:53.359  3822  4749 W OplusJoystickManager: mInterceptGamepadKey is false
03-03 02:37:53.359  3822  4749 D OplusCustomizeRestrictionManagerService: isLongPressVolumeUpDisabled start
03-03 02:37:53.359  3822  4749 D STKeyLog_StrategyBlackscreenshot: notifyKeyBeforeQueueing, downTime91141272, action=1, interactive=true
03-03 02:37:53.359  3822  4748 D STKeyLog_StrategyPadKeyBoardShortcut: excuteShortCut, interactive = true
03-03 02:37:53.359  3822  4748 D OplusCustomizeRestrictionManagerService: isLongPressVolumeUpDisabled start
03-03 02:37:53.360  3822  4063 D PowerManagerService: userActivityNoUpdateLocked: groupId=0, eventTime=91141383, event=button, flags=0x0, uid=1000
03-03 02:37:53.360  3822  4748 D STKeyLog_StrategyPadKeyBoardShortcut: excuteShortCut, interactive = true
03-03 02:37:53.360  3822  4748 D OplusCustomizeRestrictionManagerService: isLongPressVolumeUpDisabled start
03-03 02:37:53.384  5545  5604 D LinearmotorVibrator: vibrate: effect=WaveformEffect { 6df6e72, effectType=152, effectStrength=-1, effectLoop=false, ringtoneVibrateType=-1, isRingtoneCustomized=false, ringtoneFilePath=, strengthSettingEnabled=true, asynchronous=true, usageHint=0 }
03-03 02:37:53.384  3822  5333 I VibratorManagerServiceExtImpl: vibrate is uid=10208, pid=5545, opPkg=com.android.systemui, effect=Mono{mEffect=Composed{segments=[OplusVibrationEffectSegment{mEffectId=152, mEffectStrength=-1, mRingtonePath=''}], repeat=-1}}, attributes=VibrationAttributes{mUsage=UNKNOWN, mAudioUsage= USAGE_UNKNOWN, mFlags=0}, reason=null, token=250746109
03-03 02:37:53.385  3822  4718 W VibrationScaler: Got unexpected vibration intensity: 2100
03-03 02:37:53.385  3822  4718 D VibrationThread: Perform OplusPrebakedSegment{mWaveformId=105, mDuration=66, mEffectStrength=2100, mDefaultUsage=TOUCH} on vibrator 0
03-03 02:37:53.392  3822  5482 D PowerManagerService: userActivityNoUpdateLocked: groupId=0, eventTime=91141417, event=other, flags=0x0, uid=10208
03-03 02:37:53.564  3822  4721 V AlarmManager: sending alarm Alarm{840f0ea type 1 origWhen 1772485673564 whenElapsed 202296834 android} uid 1000 whenElapsed 202296834 windowLength 0 maxWhenElapsed 202296834 repeatInterval 0 action null component null tag StorgaeBandInfoAlarmTag flags 0x9 procName system_server
03-03 02:37:53.659  3822  4749 I OplusJoystickManager: read game pad state for game manager -> false
03-03 02:37:53.659  3822  4749 W OplusJoystickManager: mInterceptGamepadKey is false
03-03 02:37:53.660  3822  4749 D OplusCustomizeRestrictionManagerService: isLongPressVolumeUpDisabled start
03-03 02:37:53.660  3822  4749 D STKeyLog_StrategyBlackscreenshot: notifyKeyBeforeQueueing, downTime91141683, action=0, interactive=true
03-03 02:37:53.662  3822  4749 I VibratorManagerServiceExtImpl: cancelVibrate uid=1000, pid=3822, usageFilter=-15, token=186708562
03-03 02:37:53.665  3822  4063 D PowerManagerService: userActivityNoUpdateLocked: groupId=0, eventTime=91141683, event=button, flags=0x0, uid=1000
03-03 02:37:53.808  3822  4748 D STKeyLog_StrategyPadKeyBoardShortcut: excuteShortCut, interactive = true
03-03 02:37:53.809  3822  4748 D OplusCustomizeRestrictionManagerService: isLongPressVolumeUpDisabled start
03-03 02:37:53.832  3822  4749 I OplusJoystickManager: read game pad state for game manager -> false
03-03 02:37:53.832  3822  4749 W OplusJoystickManager: mInterceptGamepadKey is false
03-03 02:37:53.832  3822  4749 D OplusCustomizeRestrictionManagerService: isLongPressVolumeUpDisabled start
03-03 02:37:53.832  3822  4749 D STKeyLog_StrategyBlackscreenshot: notifyKeyBeforeQueueing, downTime91141683, action=1, interactive=true
03-03 02:37:53.832  3822  4748 D STKeyLog_StrategyPadKeyBoardShortcut: excuteShortCut, interactive = true
03-03 02:37:53.832  3822  4748 D OplusCustomizeRestrictionManagerService: isLongPressVolumeUpDisabled start
03-03 02:37:53.837  3822  4063 D PowerManagerService: userActivityNoUpdateLocked: groupId=0, eventTime=91141856, event=button, flags=0x0, uid=1000
03-03 02:37:53.847  5545  5604 D LinearmotorVibrator: vibrate: effect=WaveformEffect { fdc4896, effectType=152, effectStrength=-1, effectLoop=false, ringtoneVibrateType=-1, isRingtoneCustomized=false, ringtoneFilePath=, strengthSettingEnabled=true, asynchronous=true, usageHint=0 }
03-03 02:37:53.847  3822  5333 I VibratorManagerServiceExtImpl: vibrate is uid=10208, pid=5545, opPkg=com.android.systemui, effect=Mono{mEffect=Composed{segments=[OplusVibrationEffectSegment{mEffectId=152, mEffectStrength=-1, mRingtonePath=''}], repeat=-1}}, attributes=VibrationAttributes{mUsage=UNKNOWN, mAudioUsage= USAGE_UNKNOWN, mFlags=0}, reason=null, token=250746109
03-03 02:37:53.850  3822  4718 W VibrationScaler: Got unexpected vibration intensity: 2100
03-03 02:37:53.850  3822  4718 D VibrationThread: Perform OplusPrebakedSegment{mWaveformId=105, mDuration=66, mEffectStrength=2100, mDefaultUsage=TOUCH} on vibrator 0
03-03 02:37:53.858  3822  5482 D PowerManagerService: userActivityNoUpdateLocked: groupId=0, eventTime=91141883, event=other, flags=0x0, uid=10208
03-03 02:37:54.107  3822  5830 D OplusProxyWakeLock: check proxy  [ 10326] owner wakelock failed, reason:WORKCHAIN
03-03 02:37:54.113  3822  4715 D ActivityManager: freezing 29349 com.oneplus.deskclock:clockWidget
03-03 02:37:54.115  3822  4715 D ActivityManager: Freeze process 29349, not check file locks
03-03 02:37:54.115  3822  4715 D ActivityManager: reportOneUidFrozenStateChanged uid 10172 frozen = true
03-03 02:37:54.245  3822  4030 I ActivityManager: Start proc 30102:com.google.android.gms.unstable/u0a117 for service {com.google.android.gms/com.google.android.gms.droidguard.DroidGuardService}
03-03 02:37:54.245  3822  3930 I ActivityManager: ProcessObserver broadcast disabled
03-03 02:37:54.251  3822  4569 I MemoryOperationUtils: add 30102 to com.google.android.gms
03-03 02:37:54.280  3822  5482 D ActivityTaskManagerServiceExtImpl: preBindApplication record is null
03-03 02:37:54.294 30102 30102 V Configuration: Updating configuration, locales updated from [] to [en_GB]
03-03 02:37:54.303 30102 30102 E OplusCustomizePackageManager: mIOplusCustomizePackageManagerService is null
03-03 02:37:54.303 30102 30102 E OplusCustomizePackageManager: mIOplusCustomizePackageManagerService is null
03-03 02:37:54.303 30102 30102 E OplusCustomizePackageManager: isOplusCertificatePackage Errorjava.lang.NullPointerException: Attempt to invoke interface method 'boolean android.os.customize.IOplusCustomizePackageManagerService.isOplusCertificatePackage(java.lang.String)' on a null object reference
03-03 02:37:54.360 30102 30102 D ResourcesManagerExtImpl: applyConfigurationToAppResourcesLocked app.getDisplayId() return callback.displayId:-1
03-03 02:37:54.454  3822  5484 I ActivityManager: Flag disabled. Ignoring finishAttachApplication from uid: 10117. pid: 30102
03-03 02:37:54.756  3822  4063 D PowerManagerService: userActivityNoUpdateLocked: groupId=0, eventTime=91142776, event=touch, flags=0x0, uid=1000
03-03 02:37:54.764  3822  5347 D PowerManagerService: userActivityNoUpdateLocked: groupId=0, eventTime=91142784, event=other, flags=0x0, uid=10208
03-03 02:37:54.777  3822  4010 W QosScheduler: getScenario failed! scenarios is null, mask=4
03-03 02:37:54.777  3822  4010 W QosScheduler: executeSceneQosStrategy get scenario failed! scenario is null
03-03 02:37:54.825 29741 29741 D OplusInputMethodManagerInternal: get inputMethodManager extension: com.android.internal.view.IInputMethodManager$Stub$Proxy@37bf476
03-03 02:37:54.830  3822  3930 D OplusPanoramaWorkBranchController: notifyMotionUpOrCancel
03-03 02:37:54.848  3822  5347 E AppOps  : attributionTag  not declared in manifest of com.google.android.youtube
03-03 02:37:54.849  3822  5347 E AppOps  : attributionTag  not declared in manifest of com.google.android.youtube
03-03 02:37:54.877  3822  5484 D OplusStartingWindowManager: updateRecordSurfaceViewState windowToken = android.os.BinderProxy@cbda036, surfaceState = true, attachedToWindow = true, inList = false, win = Window{351db37 u0 com.google.android.youtube/com.google.android.youtube.app.honeycomb.Shell$HomeActivity}
03-03 02:37:54.944  3822  5482 D OplusStartingWindowManager: updateRecordSurfaceViewState windowToken = android.os.BinderProxy@cbda036, surfaceState = true, attachedToWindow = true, inList = false, win = Window{351db37 u0 com.google.android.youtube/com.google.android.youtube.app.honeycomb.Shell$HomeActivity}
03-03 02:37:54.948  3822  5482 E AppOps  : attributionTag  not declared in manifest of com.google.android.youtube
03-03 02:37:54.949  3822  5347 E AppOps  : attributionTag  not declared in manifest of com.google.android.youtube
03-03 02:37:55.116  3822  5144 D OAppNetControlService: Close socket:[10041] cause:App bg(IMMEDIATELY) success!
03-03 02:37:55.116  3822  5144 D OAppNetControlService: Hans update:[10041=true][0|0] blackList:[10041]
03-03 02:37:55.267  3822  5347 D CoreBackPreview: Window{f2d48c9 u0 OplusVolumeDialogImpl}: Setting back callback null
03-03 02:37:55.276  3822  5484 I WindowManager: Window{f2d48c9 u0 OplusVolumeDialogImpl} state from HAS_DRAWN to NO_SURFACE; reason: destroySurface
03-03 02:37:55.276  3822  4010 W QosScheduler: executeSceneQosStrategy get scenario failed! scenario is null
03-03 02:37:55.279  3822  5484 D WindowManager: NFW_findFocusedWindowIfNeeded:Window{351db37 u0 com.google.android.youtube/com.google.android.youtube.app.honeycomb.Shell$HomeActivity} mCurrentFocus:Window{351db37 u0 com.google.android.youtube/com.google.android.youtube.app.honeycomb.Shell$HomeActivity}
03-03 02:37:55.283  3822  4010 W UserAwareMgr: event can not be released, id: 3003, count: 9, releasePid: 5545
03-03 02:37:55.568  3822  4721 V AlarmManager: sending alarm Alarm{3a04e1b type 1 origWhen 1772485675568 whenElapsed 202298838 android} uid 1000 whenElapsed 202298838 windowLength 0 maxWhenElapsed 202298838 repeatInterval 0 action null component null tag StorgaeBandInfoAlarmTag flags 0x9 procName system_server
03-03 02:37:55.851  3822  4010 W QosScheduler: getScenario failed! scenarios is null, mask=4
03-03 02:37:55.851  3822  4010 W QosScheduler: executeSceneQosStrategy get scenario failed! scenario is null
03-03 02:37:56.788  3822  4010 I UserAwareMgr: handleAppChangedToBg, pkgName: com.android.systemui, pid: 5545
03-03 02:37:56.789  3822  4010 I UserAwareMgr: handleTopAppChanged: com.google.android.youtube, pid: 29741, uid: 10168
03-03 02:37:56.798  3822  4010 I UserAwareMgr: handleAppChangedToBg, pkgName: com.android.systemui, pid: 5545
03-03 02:37:56.922  3822  5484 W SettingsStatsUtil: Can not parse value to float: +network
03-03 02:37:57.576  3822  4721 V AlarmManager: sending alarm Alarm{7a2f99a type 1 origWhen 1772485677575 whenElapsed 202300845 android} uid 1000 whenElapsed 202300845 windowLength 0 maxWhenElapsed 202300845 repeatInterval 0 action null component null tag StorgaeBandInfoAlarmTag flags 0x9 procName system_server
03-03 02:37:58.818  3822  4881 V NetworkPolicy: updateNetworkEnabledNL() return
03-03 02:37:58.818  3822  4881 V NetworkPolicy: updateNotificationsNL not process
03-03 02:37:59.360  3822  4715 D ActivityManager: reportOneUidFrozenStateChanged uid 10185 frozen = false
03-03 02:37:59.363  3822  5347 D ActivityManager: sync unfroze 27161 com.oplus.romupdate for 7
03-03 02:37:59.586  3822  4721 V AlarmManager: sending alarm Alarm{ffe0ba3 type 1 origWhen 1772485679584 whenElapsed 202302855 android} uid 1000 whenElapsed 202302855 windowLength 0 maxWhenElapsed 202302855 repeatInterval 0 action null component null tag StorgaeBandInfoAlarmTag flags 0x9 procName system_server
03-03 02:37:59.712  3822  4063 D PowerManagerService: userActivityNoUpdateLocked: groupId=0, eventTime=91147730, event=touch, flags=0x0, uid=1000
03-03 02:37:59.741  3822  4010 W QosScheduler: getScenario failed! scenarios is null, mask=4
03-03 02:37:59.741  3822  4010 W QosScheduler: executeSceneQosStrategy get scenario failed! scenario is null
03-03 02:37:59.774  3822  5333 D ActivityManager: Async freezing 30102 com.google.android.gms.unstable
03-03 02:37:59.791  3822  3930 D OplusPanoramaWorkBranchController: notifyMotionUpOrCancel
03-03 02:37:59.800  3822  5347 E AppOps  : attributionTag  not declared in manifest of com.google.android.youtube
03-03 02:37:59.801  3822  5347 E AppOps  : attributionTag  not declared in manifest of com.google.android.youtube
03-03 02:37:59.818  3822  5484 D OplusStartingWindowManager: updateRecordSurfaceViewState windowToken = android.os.BinderProxy@cbda036, surfaceState = true, attachedToWindow = true, inList = false, win = Window{351db37 u0 com.google.android.youtube/com.google.android.youtube.app.honeycomb.Shell$HomeActivity}
03-03 02:37:59.863  3822  5347 D OplusStartingWindowManager: updateRecordSurfaceViewState windowToken = android.os.BinderProxy@cbda036, surfaceState = true, attachedToWindow = true, inList = false, win = Window{351db37 u0 com.google.android.youtube/com.google.android.youtube.app.honeycomb.Shell$HomeActivity}
03-03 02:37:59.871  3822  5484 E AppOps  : attributionTag  not declared in manifest of com.google.android.youtube
03-03 02:37:59.872  3822  5333 E AppOps  : attributionTag  not declared in manifest of com.google.android.youtube
03-03 02:38:00.000  3822  4721 V AlarmManager: sending alarm Alarm{6520224 type 3 origWhen 202303270 whenElapsed 202303270 android} uid 1000 whenElapsed 202303270 windowLength 0 maxWhenElapsed 202303270 repeatInterval 0 action null component null tag TIME_TICK flags 0x9 procName system_server
03-03 02:38:00.009  3822  4721 V AlarmManager: sending alarm Alarm{26d19af type 0 origWhen 1772485680000 whenElapsed 202303271 com.oplus.athena} uid 1000 whenElapsed 202303271 windowLength 0 maxWhenElapsed 202303271 repeatInterval 0 action com.oplus.android.service.MSSTART component null flags 0x9 procName system_server
03-03 02:38:00.009  3822  3822 D LightsServiceExtImpl: currentTime is not belong to 700 - 2330
03-03 02:38:00.010  3822  4067 D OplusDisplayBrightnessBroadcastReceiver: onReceive action = android.intent.action.TIME_TICK , listeners = [com.android.server.display.color.eyeprotect.manager.AiCurveManager$RhythmBroadcastReceiverWithUpgradeUI@4f660c]
03-03 02:38:00.891  3822  4010 W QosScheduler: getScenario failed! scenarios is null, mask=4
03-03 02:38:00.891  3822  4010 W QosScheduler: executeSceneQosStrategy get scenario failed! scenario is null
03-03 02:38:01.160  3822  5144 D OAppNetControlService: Close socket:[10686] cause:App bg(IMMEDIATELY) success!
03-03 02:38:01.160  3822  5144 D OAppNetControlService: Hans update:[10686=true][0|0] blackList:[10041, 10686]
03-03 02:38:01.288  3822  4569 D osense.compress: com.google.android.googlequicksearchbox do shrink, target ratio = 88, final ratio = 90, cur ratio = 83
03-03 02:38:01.591  3822  4721 V AlarmManager: sending alarm Alarm{9bbe761 type 1 origWhen 1772485681590 whenElapsed 202304860 android} uid 1000 whenElapsed 202304860 windowLength 0 maxWhenElapsed 202304860 repeatInterval 0 action null component null tag StorgaeBandInfoAlarmTag flags 0x9 procName system_server
03-03 02:38:01.928  3822  5484 W SettingsStatsUtil: Can not parse value to float: +network
03-03 02:38:03.595  3822  4721 V AlarmManager: sending alarm Alarm{28c8141 type 1 origWhen 1772485683595 whenElapsed 202306865 android} uid 1000 whenElapsed 202306865 windowLength 0 maxWhenElapsed 202306865 repeatInterval 0 action null component null tag StorgaeBandInfoAlarmTag flags 0x9 procName system_server
03-03 02:38:03.930  3822  5484 D ActivityManager: Cancel freezing 30102 com.google.android.gms.unstable
03-03 02:38:04.003  3822  4569 D osense.compress: com.google.android.gms do shrink, target ratio = 74, final ratio = 90, cur ratio = 59
03-03 02:38:04.006  3822  5354 W SettingsStatsUtil: Can not parse value to float: +network
03-03 02:38:04.176  3822  5354 D ActivityManager: Async freezing 30102 com.google.android.gms.unstable
03-03 02:38:05.600  3822  4721 V AlarmManager: sending alarm Alarm{e48e760 type 1 origWhen 1772485685600 whenElapsed 202308870 android} uid 1000 whenElapsed 202308870 windowLength 0 maxWhenElapsed 202308870 repeatInterval 0 action null component null tag StorgaeBandInfoAlarmTag flags 0x9 procName system_server
03-03 02:38:06.235  3822  4063 D PowerManagerService: userActivityNoUpdateLocked: groupId=0, eventTime=91154252, event=touch, flags=0x0, uid=1000
03-03 02:38:06.253  3822  4010 W QosScheduler: getScenario failed! scenarios is null, mask=4
03-03 02:38:06.253  3822  4010 W QosScheduler: executeSceneQosStrategy get scenario failed! scenario is null
03-03 02:38:06.315  3822  3930 D OplusPanoramaWorkBranchController: notifyMotionUpOrCancel
03-03 02:38:06.321  3822  5333 E AppOps  : attributionTag  not declared in manifest of com.google.android.youtube
03-03 02:38:06.322  3822  5484 E AppOps  : attributionTag  not declared in manifest of com.google.android.youtube
03-03 02:38:06.349  3822  5354 D OplusStartingWindowManager: updateRecordSurfaceViewState windowToken = android.os.BinderProxy@cbda036, surfaceState = true, attachedToWindow = true, inList = false, win = Window{351db37 u0 com.google.android.youtube/com.google.android.youtube.app.honeycomb.Shell$HomeActivity}
03-03 02:38:06.393  3822  5354 D OplusStartingWindowManager: updateRecordSurfaceViewState windowToken = android.os.BinderProxy@cbda036, surfaceState = true, attachedToWindow = true, inList = false, win = Window{351db37 u0 com.google.android.youtube/com.google.android.youtube.app.honeycomb.Shell$HomeActivity}
03-03 02:38:06.398  3822  5354 E AppOps  : attributionTag  not declared in manifest of com.google.android.youtube
03-03 02:38:06.399  3822  5354 E AppOps  : attributionTag  not declared in manifest of com.google.android.youtube
03-03 02:38:06.924  3822  5482 W SettingsStatsUtil: Can not parse value to float: +network
03-03 02:38:07.344  3822  4010 W QosScheduler: getScenario failed! scenarios is null, mask=4
03-03 02:38:07.344  3822  4010 W QosScheduler: executeSceneQosStrategy get scenario failed! scenario is null
03-03 02:38:07.604  3822  4721 V AlarmManager: sending alarm Alarm{22cfdde type 1 origWhen 1772485687604 whenElapsed 202310874 android} uid 1000 whenElapsed 202310874 windowLength 0 maxWhenElapsed 202310874 repeatInterval 0 action null component null tag StorgaeBandInfoAlarmTag flags 0x9 procName system_server
03-03 02:38:07.607  3822  5830 D OplusProxyWakeLock: check proxy  [ 10326] owner wakelock failed, reason:WORKCHAIN
03-03 02:38:08.880  3822  4063 D PowerManagerService: userActivityNoUpdateLocked: groupId=0, eventTime=91156901, event=touch, flags=0x0, uid=1000
03-03 02:38:08.914  3822  4010 W QosScheduler: getScenario failed! scenarios is null, mask=4
03-03 02:38:08.914  3822  4010 W QosScheduler: executeSceneQosStrategy get scenario failed! scenario is null
03-03 02:38:08.971  3822  3930 D OplusPanoramaWorkBranchController: notifyMotionUpOrCancel
03-03 02:38:08.976  3822  5482 E AppOps  : attributionTag  not declared in manifest of com.google.android.youtube
03-03 02:38:08.977  3822  5482 E AppOps  : attributionTag  not declared in manifest of com.google.android.youtube
03-03 02:38:09.003  3822  5354 D OplusStartingWindowManager: updateRecordSurfaceViewState windowToken = android.os.BinderProxy@cbda036, surfaceState = true, attachedToWindow = true, inList = false, win = Window{351db37 u0 com.google.android.youtube/com.google.android.youtube.app.honeycomb.Shell$HomeActivity}
03-03 02:38:09.059  3822  5354 D OplusStartingWindowManager: updateRecordSurfaceViewState windowToken = android.os.BinderProxy@cbda036, surfaceState = true, attachedToWindow = true, inList = false, win = Window{351db37 u0 com.google.android.youtube/com.google.android.youtube.app.honeycomb.Shell$HomeActivity}
03-03 02:38:09.067  3822  5354 E AppOps  : attributionTag  not declared in manifest of com.google.android.youtube
03-03 02:38:09.068  3822  5482 E AppOps  : attributionTag  not declared in manifest of com.google.android.youtube
03-03 02:38:09.079  3822  5482 D ActivityManager: Cancel freezing 30102 com.google.android.gms.unstable
03-03 02:38:09.506  3822  4569 D osense.compress: com.google.android.apps.messaging do shrink, target ratio = 84, final ratio = 90, cur ratio = 79
03-03 02:38:09.609  3822  4721 V AlarmManager: sending alarm Alarm{9763bd8 type 1 origWhen 1772485689608 whenElapsed 202312878 android} uid 1000 whenElapsed 202312878 windowLength 0 maxWhenElapsed 202312878 repeatInterval 0 action null component null tag StorgaeBandInfoAlarmTag flags 0x9 procName system_server
03-03 02:38:09.876  3822  4881 V NetworkPolicy: updateNetworkEnabledNL() return
03-03 02:38:09.876  3822  4881 V NetworkPolicy: updateNotificationsNL not process
03-03 02:38:10.083  3822  4063 D PowerManagerService: userActivityNoUpdateLocked: groupId=0, eventTime=91158105, event=touch, flags=0x0, uid=1000
03-03 02:38:10.156  3822  3930 D OplusPanoramaWorkBranchController: notifyMotionUpOrCancel
03-03 02:38:10.161  3822  5482 E AppOps  : attributionTag  not declared in manifest of com.google.android.youtube
03-03 02:38:10.162  3822  5354 E AppOps  : attributionTag  not declared in manifest of com.google.android.youtube
03-03 02:38:10.188  3822  5354 D OplusStartingWindowManager: updateRecordSurfaceViewState windowToken = android.os.BinderProxy@cbda036, surfaceState = true, attachedToWindow = true, inList = false, win = Window{351db37 u0 com.google.android.youtube/com.google.android.youtube.app.honeycomb.Shell$HomeActivity}
03-03 02:38:10.343  3822  4001 D AppProfilerExtImpl: Skipped pss collection for CPU busy
03-03 02:38:10.349  3822  4010 W QosScheduler: getScenario failed! scenarios is null, mask=32
03-03 02:38:10.349  3822  4010 W QosScheduler: executeSceneQosStrategy get scenario failed! scenario is null
03-03 02:38:10.349  3822  4010 W QosScheduler: getScenario failed! scenarios is null, mask=64
03-03 02:38:10.349  3822  4010 W QosScheduler: executeSceneQosStrategy get scenario failed! scenario is null
03-03 02:38:10.349  3822  5347 D BatteryStatsServiceExtImpl: report audio global stop...
03-03 02:38:10.364  3822  5354 D OplusStartingWindowManager: updateRecordSurfaceViewState windowToken = android.os.BinderProxy@cbda036, surfaceState = true, attachedToWindow = true, inList = false, win = Window{351db37 u0 com.google.android.youtube/com.google.android.youtube.app.honeycomb.Shell$HomeActivity}
03-03 02:38:10.365  3822  4010 W QosScheduler: getScenario failed! scenarios is null, mask=32
03-03 02:38:10.366  3822  4010 W QosScheduler: executeSceneQosStrategy get scenario failed! scenario is null
03-03 02:38:10.366  3822  4010 W QosScheduler: getScenario failed! scenarios is null, mask=64
03-03 02:38:10.366  3822  4010 W QosScheduler: executeSceneQosStrategy get scenario failed! scenario is null
03-03 02:38:10.366  3822  5333 E AppOps  : attributionTag  not declared in manifest of com.google.android.youtube
03-03 02:38:10.367  3822  5333 E AppOps  : attributionTag  not declared in manifest of com.google.android.youtube
03-03 02:38:10.372  3822  5354 D BatteryStatsServiceExtImpl: report audio global start...
03-03 02:38:10.439  3822  5333 W JobScheduler: Job didn't exist in JobStore: #com.google.android.youtube/43298
03-03 02:38:11.426  3822  4010 W QosScheduler: getScenario failed! scenarios is null, mask=4
03-03 02:38:11.427  3822  4010 W QosScheduler: executeSceneQosStrategy get scenario failed! scenario is null
03-03 02:38:11.612  3822  4721 V AlarmManager: sending alarm Alarm{183b692 type 1 origWhen 1772485691611 whenElapsed 202314881 android} uid 1000 whenElapsed 202314881 windowLength 0 maxWhenElapsed 202314881 repeatInterval 0 action null component null tag StorgaeBandInfoAlarmTag flags 0x9 procName system_server
03-03 02:38:11.928  3822  5333 W SettingsStatsUtil: Can not parse value to float: +network
03-03 02:38:12.640  3822  4063 D PowerManagerService: userActivityNoUpdateLocked: groupId=0, eventTime=91160657, event=touch, flags=0x0, uid=1000
03-03 02:38:12.655  3822  4010 W QosScheduler: getScenario failed! scenarios is null, mask=4
03-03 02:38:12.655  3822  4010 W QosScheduler: executeSceneQosStrategy get scenario failed! scenario is null
03-03 02:38:12.677  3822  3930 D OplusPanoramaWorkBranchController: notifyMotionUpOrCancel
03-03 02:38:12.683  3822  5333 E AppOps  : attributionTag  not declared in manifest of com.google.android.youtube
03-03 02:38:12.684  3822  5333 E AppOps  : attributionTag  not declared in manifest of com.google.android.youtube
03-03 02:38:12.713  3822  5333 D OplusStartingWindowManager: updateRecordSurfaceViewState windowToken = android.os.BinderProxy@cbda036, surfaceState = true, attachedToWindow = true, inList = false, win = Window{351db37 u0 com.google.android.youtube/com.google.android.youtube.app.honeycomb.Shell$HomeActivity}
03-03 02:38:12.758  3822  4957 D OplusStartingWindowManager: updateRecordSurfaceViewState windowToken = android.os.BinderProxy@cbda036, surfaceState = true, attachedToWindow = true, inList = false, win = Window{351db37 u0 com.google.android.youtube/com.google.android.youtube.app.honeycomb.Shell$HomeActivity}
03-03 02:38:12.763  3822  5347 E AppOps  : attributionTag  not declared in manifest of com.google.android.youtube
03-03 02:38:12.763  3822  5333 E AppOps  : attributionTag  not declared in manifest of com.google.android.youtube
03-03 02:38:13.024  3822  4881 V NetworkPolicy: updateNetworkEnabledNL() return
03-03 02:38:13.025  3822  4881 V NetworkPolicy: updateNotificationsNL not process
03-03 02:38:13.631  3822  4721 V AlarmManager: sending alarm Alarm{202bb89 type 1 origWhen 1772485693629 whenElapsed 202316899 android} uid 1000 whenElapsed 202316899 windowLength 0 maxWhenElapsed 202316899 repeatInterval 0 action null component null tag StorgaeBandInfoAlarmTag flags 0x9 procName system_server
03-03 02:38:13.755  3822  4010 W QosScheduler: getScenario failed! scenarios is null, mask=4
03-03 02:38:13.755  3822  4010 W QosScheduler: executeSceneQosStrategy get scenario failed! scenario is null
03-03 02:38:14.207  3822  5333 D ActivityManager: Async freezing 30102 com.google.android.gms.unstable
03-03 02:38:15.638  3822  4721 V AlarmManager: sending alarm Alarm{469ede9 type 1 origWhen 1772485695636 whenElapsed 202318907 android} uid 1000 whenElapsed 202318907 windowLength 0 maxWhenElapsed 202318907 repeatInterval 0 action null component null tag StorgaeBandInfoAlarmTag flags 0x9 procName system_server
03-03 02:38:16.833  3822  5354 D ActivityManager: Cancel freezing 30102 com.google.android.gms.unstable
03-03 02:38:16.854  3822  4029 D ActivityManager: Async freezing 30051 com.google.android.apps.wellbeing
03-03 02:38:16.920  3822  5436 W SettingsStatsUtil: Can not parse value to float: +network
03-03 02:38:17.641  3822  4721 V AlarmManager: sending alarm Alarm{4881cc type 1 origWhen 1772485697641 whenElapsed 202320911 android} uid 1000 whenElapsed 202320911 windowLength 0 maxWhenElapsed 202320911 repeatInterval 0 action null component null tag StorgaeBandInfoAlarmTag flags 0x9 procName system_server
03-03 02:38:17.883  3822  5354 D ActivityManager: Async freezing 30102 com.google.android.gms.unstable
03-03 02:38:19.646  3822  4721 V AlarmManager: sending alarm Alarm{b87dcd0 type 1 origWhen 1772485699645 whenElapsed 202322915 android} uid 1000 whenElapsed 202322915 windowLength 0 maxWhenElapsed 202322915 repeatInterval 0 action null component null tag StorgaeBandInfoAlarmTag flags 0x9 procName system_server
03-03 02:38:21.651  3822  4721 V AlarmManager: sending alarm Alarm{1a3ab79 type 1 origWhen 1772485701650 whenElapsed 202324921 android} uid 1000 whenElapsed 202324921 windowLength 0 maxWhenElapsed 202324921 repeatInterval 0 action null component null tag StorgaeBandInfoAlarmTag flags 0x9 procName system_server
03-03 02:38:22.106  3822  4881 V NetworkPolicy: updateNetworkEnabledNL() return
03-03 02:38:22.106  3822  4881 V NetworkPolicy: updateNotificationsNL not process
