03-03 02:10:15.711  5545  5606 V WindowManagerShell: , mInRemoteScene=false, mInPreReady=false, mPreStart=false, mToken=null, mAbortByRemoteFromHome=false, mShellApplyToken=null, mRequestTransitionTaskId=-1, mAbortTransitionOnShell=0, mStartFromShortcut=false, mRemovedTaskId=-1, mTransitionInterruptType=0, mMergeSecondTaskId=-1, mTaskIdStartFromRecents=0, mTransitionId=5103, mCanUseSpringSlideAnim=false, mTransitionLaunchFrom=0, mFoldChangeType=-1, mAnimStartingPosition=[0, 0, 0, 0], mIsOpeningStkDialogActivity=false, mIsNeedApplyStartTForEmbedded=false, mMergeSecondTaskAnimation=false, mIsLaunchUnityStart=false, mIsLaunchFromAssistantByDefault=false, mSkipRemoteTransitionfalse, mIsStartFromKeyguard=false flags=0x0, mWCT=null, mIsOpenMergeToInValidPredictive=false}]}
03-03 02:10:15.712  5545  5606 V WindowManagerShell: Transition (#5103) android.os.BinderProxy@2575b54@0 ready while (#5102) android.os.BinderProxy@313c419@0 is still animating. Notify the animating transition in case they can be merged
03-03 02:10:15.712  5545  5606 D ShellBackPreview: Back animation transition, merge pending transitions result={id=5103 t=CLOSE f=0x0 trk=0 r=[0@Point(0, 0)] c=[{m=CLOSE f=FILLS_TASK|IS_OCCLUDED|FLAG_BACK_GESTURE_ANIMATED leash=Surface(name=ActivityRecord{103263698 u0 com.android.settings/.SubSettings t28689})/@0x3fdaafd sb=Rect(0, 0 - 1240, 2772) eb=Rect(0, 0 - 1240, 2772) epz=Point(1240, 2772) d=0 bc=fffafafa component=com.android.settings/.SubSettings opt={t=FROM_STYLE mUserId=0}},{m=TO_FRONT f=FILLS_TASK|FLAG_BACK_GESTURE_ANIMATED leash=Surface(name=ActivityRecord{154485758 u0 com.android.settings/.Settings t28689})/@0x9c913f2 sb=Rect(0, 0 - 1240, 2772) eb=Rect(0, 0 - 1240, 2772) epz=Point(1240, 2772) d=0 bc=fffafafa component=com.android.settings/com.oplus.settings.feature.homepage.OplusSettingsHomepageActivity opt={t=FROM_STYLE mUserId=0}}] 
03-03 02:10:15.712  5545  5606 D ShellBackPreview: extendInfo=[
03-03 02:10:15.712  5545  5606 D ShellBackPreview:  OplusTransitionExtendedInfo{mTmpFinishT=null, mInOplusCompatMode=false, mIsProcessRunning=false, mHasMismatchBoundsTarget=false, mRecentsController=null, mRemoteTransition=null, mIsTranslucentActivityToHome=false, mAvoidInterceptKeyEventToHome=false, mIsFromHome=false, mParentLeash=null, mBackAnimClosingLeash=null, mIsOplusAnimRes=false, mKeepBgForContinuous=false, mIsBalAllow=false, mTaskNotInRecent=false, mIsPredictiveBackAnim=false, mIsMergedWithPredictive=false, mIsLaunchFromSpruce=false, mIsLaunchFromDrive=false, mGlobalSearchPageSwitch=false, mNeedNoAlphaGlobalSearchScene=false, mAssistScreenShowing=false, mSwipeUpBrowserScreenShowing=false, mUserIdTransition=-1
03-03 02:10:15.712  5545  5606 D ShellBackPreview: , mInRemoteScene=false, mInPreReady=false, mPreStart=false, mToken=null, mAbortByRemoteFromHome=false, mShellApplyToken=null, mRequestTransitionTaskId=-1, mAbortTransitionOnShell=0, mStartFromShortcut=false, mRemovedTaskId=-1, mTransitionInterruptType=0, mMergeSecondTaskId=-1, mTaskIdStartFromRecents=0, mTransitionId=5103, mCanUseSpringSlideAnim=false, mTransitionLaunchFrom=0, mFoldChangeType=-1, mAnimStartingPosition=[0, 0, 0, 0], mIsOpeningStkDialogActivity=false, mIsNeedApplyStartTForEmbedded=false, mMergeSecondTaskAnimation=false, mIsLaunchUnityStart=false, mIsLaunchFromAssistantByDefault=false, mSkipRemoteTransitionfalse, mIsStartFromKeyguard=false flags=0x0, mWCT=null, mIsOpenMergeToInValidPredictive=false}]}
03-03 02:10:15.712  5545  5606 V WindowManagerShell: Transition was merged: (#5103) android.os.BinderProxy@2575b54@0 into (#5102) android.os.BinderProxy@313c419@0
03-03 02:10:15.712  3822  3932 D FlexibleTaskController: check task which not have enough child, isInSingleWhiteList:false isCloneTask:false
03-03 02:10:15.713  3822  3929 V WindowManager: Sent Transition (#5103) createdAt=03-03 02:10:15.688 via request=TransitionRequestInfo { type = CLOSE, triggerTask = null, pipChange = null, remoteTransition = null, displayChange = null, flags = 0, debugId = 5103 }
03-03 02:10:15.713  3822  3858 D OplusSplitScreenManagerService: com.android.settings unSupportsSplitScreen by blockList or ForbidActivityList
03-03 02:10:15.713  3822  3929 V WindowManager:     startWCT=WindowContainerTransaction { changes= {} hops= [] errorCallbackToken=null taskFragmentOrganizer=null }
03-03 02:10:15.713  3822  3858 D OplusSplitScreenManagerService: com.android.settings unSupportsSplitScreen by blockList or ForbidActivityList
03-03 02:10:15.713  3822  4951 D BackgroundInstallControlService: Package event received: 0
03-03 02:10:15.713  3822  3929 V WindowManager:     info={id=5103 t=CLOSE f=0x0 trk=0 r=[0@Point(0, 0)] c=[
03-03 02:10:15.713  3822  3929 V WindowManager:         {m=CLOSE f=FILLS_TASK|IS_OCCLUDED|FLAG_BACK_GESTURE_ANIMATED leash=Surface(name=ActivityRecord{103263698 u0 com.android.settings/.SubSettings t28689})/@0x9d35414 sb=Rect(0, 0 - 1240, 2772) eb=Rect(0, 0 - 1240, 2772) epz=Point(1240, 2772) d=0 bc=fffafafa component=com.android.settings/.SubSettings opt={t=FROM_STYLE mUserId=0}},
03-03 02:10:15.713  3822  3929 V WindowManager:         {m=TO_FRONT f=FILLS_TASK|FLAG_BACK_GESTURE_ANIMATED leash=Surface(name=ActivityRecord{154485758 u0 com.android.settings/.Settings t28689})/@0x6702800 sb=Rect(0, 0 - 1240, 2772) eb=Rect(0, 0 - 1240, 2772) epz=Point(1240, 2772) d=0 bc=fffafafa component=com.android.settings/com.oplus.settings.feature.homepage.OplusSettingsHomepageActivity opt={t=FROM_STYLE mUserId=0}}
03-03 02:10:15.713  3822  3929 V WindowManager:     ] 
03-03 02:10:15.713  3822  3929 V WindowManager: extendInfo=[
03-03 02:10:15.713  3822  3929 V WindowManager:  OplusTransitionExtendedInfo{mTmpFinishT=null, mInOplusCompatMode=false, mIsProcessRunning=false, mHasMismatchBoundsTarget=false, mRecentsController=null, mRemoteTransition=null, mIsTranslucentActivityToHome=false, mAvoidInterceptKeyEventToHome=false, mIsFromHome=false, mParentLeash=null, mBackAnimClosingLeash=null, mIsOplusAnimRes=false, mKeepBgForContinuous=false, mIsBalAllow=false, mTaskNotInRecent=false, mIsPredictiveBackAnim=false, mIsMergedWithPredictive=false, mIsLaunchFromSpruce=false, mIsLaunchFromDrive=false, mGlobalSearchPageSwitch=false, mNeedNoAlphaGlobalSearchScene=false, mAssistScreenShowing=false, mSwipeUpBrowserScreenShowing=false, mUserIdTransition=-1
03-03 02:10:15.713  3822  3929 V WindowManager: , mInRemoteScene=false, mInPreReady=false, mPreStart=false, mToken=null, mAbortByRemoteFromHome=false, mShellApplyToken=null, mRequestTransitionTaskId=-1, mAbortTransitionOnShell=0, mStartFromShortcut=false, mRemovedTaskId=-1, mTransitionInterruptType=0, mMergeSecondTaskId=-1, mTaskIdStartFromRecents=0, mTransitionId=5103, mCanUseSpringSlideAnim=false, mTransitionLaunchFrom=0, mFoldChangeType=-1, mAnimStartingPosition=[0, 0, 0, 0], mIsOpeningStkDialogActivity=false, mIsNeedApplyStartTForEmbedded=false, mMergeSecondTaskAnimation=false, mIsLaunchUnityStart=false, mIsLaunchFromAssistantByDefault=false, mSkipRemoteTransitionfalse, mIsStartFromKeyguard=false flags=0x0, mWCT=null, mIsOpenMergeToInValidPredictive=false}]}
03-03 02:10:15.718 19625 31745 V OplusCustomizeCacheManager: queryCache name: cache_key.system_server.common_customize_cache18026 param: null
03-03 02:10:15.723  3822  5347 I BLASTSyncEngine: onCommitted syncId: 5103, timeout: false ran: false
03-03 02:10:15.733  3822  4762 D InputMethodManagerService: isSecurity: attribute.packageName = com.android.settings mCurMethodId = com.google.android.inputmethod.latin/com.android.inputmethod.latin.LatinIME isSecurity = false ( enable = false needShow = false inBlackList = false isExist = true )
03-03 02:10:15.736  3822  4010 I UserAwareMgr: fg app status not changed, beforeVisible: true, currentVisible: true
03-03 02:10:15.737  3822  5484 D WindowManager: setFrameRateStart invalid typeId return!
03-03 02:10:15.737  3822  3858 V AutofillInlineSuggestionsRequestSession: onInputMethodFinishInput() received
03-03 02:10:15.741  3822  5484 V AutofillInlineSuggestionsRequestSession: onInputMethodStartInput() received on 0
03-03 02:10:15.753  3822  5483 W PackageConfigPersister: App-specific configuration not found for packageName: com.android.settings and userId: 0
03-03 02:10:15.756  3822  4010 W QosScheduler: getScenario failed! scenarios is null, mask=4
03-03 02:10:15.756  3822  4010 W QosScheduler: executeSceneQosStrategy get scenario failed! scenario is null
03-03 02:10:15.789  3822  4956 D LockSettingsService: [getCredentialTypeInternal] userId = 0
03-03 02:10:15.789  3822  4956 D LockSettingsStorage: [readSyntheticPasswordState] userId = 0, name = pwd
03-03 02:10:15.802  3822  5483 V WindowManager: Relayout Window{40a6650 u0 ColorSideGestureRight_displayId_0}: viewVisibility=8, oldvis=0, req=192x3137 , apr = 0, vsysui=
03-03 02:10:15.802  3822  5483 I WindowManager: Window{40a6650 u0 ColorSideGestureRight_displayId_0} state from HAS_DRAWN to NO_SURFACE; reason: destroySurface
03-03 02:10:15.804  3822  5483 D WindowManager: NFW_findFocusedWindowIfNeeded:Window{5647474 u0 com.android.settings/com.android.settings.Settings} mCurrentFocus:Window{5647474 u0 com.android.settings/com.android.settings.Settings}
03-03 02:10:15.809  3822  5334 D OplusSplitScreenManagerService: com.android.settings unSupportsSplitScreen by blockList or ForbidActivityList
03-03 02:10:15.809  3822  5334 D OplusSplitScreenManagerService: com.android.settings unSupportsSplitScreen by blockList or ForbidActivityList
03-03 02:10:15.809 19625 31764 V OplusCustomizeCacheManager: queryCache name: cache_key.system_server.common_customize_cache13001 param: Bundle[{}]
03-03 02:10:15.809 19625 31764 V OplusCustomizeCacheManager: start recompute
03-03 02:10:15.810  3822  5483 D OplusSplitScreenManagerService: com.android.settings unSupportsSplitScreen by blockList or ForbidActivityList
03-03 02:10:15.810  3822  5483 D OplusSplitScreenManagerService: com.android.settings unSupportsSplitScreen by blockList or ForbidActivityList
03-03 02:10:15.810  3822  4956 D OplusSplitScreenManagerService: com.android.settings unSupportsSplitScreen by blockList or ForbidActivityList
03-03 02:10:15.810  3822  4956 D OplusSplitScreenManagerService: com.android.settings unSupportsSplitScreen by blockList or ForbidActivityList
03-03 02:10:15.810  3822  5347 D OplusCustomizeControlerManagerService: isForceScreenRefreshRate: result=false
03-03 02:10:15.822  3822  5484 D OplusUserManagerServiceEnhance: getMultiSystemUserId  res = -10000
03-03 02:10:15.833  3822  5485 D OplusUserManagerServiceEnhance: getMultiSystemUserId  res = -10000
03-03 02:10:15.916  3822  5482 D OplusCustomizeRestrictionManagerService: isMultiAppSupport start
03-03 02:10:15.917  3822  5482 D OplusCustomizeRestrictionManagerService: isMultiAppSupport start
03-03 02:10:15.965 26184 26433 W ActivityThread: ClassLoader.loadClass: The class loader returned by Thread.getContextClassLoader() may fail for processes that host multiple applications. You should explicitly specify a context class loader. For example: Thread.setContextClassLoader(getClass().getClassLoader());
03-03 02:10:15.984  3822  5485 D LockSettingsService: [getCredentialTypeInternal] userId = 0
03-03 02:10:15.984  3822  5485 D LockSettingsStorage: [readSyntheticPasswordState] userId = 0, name = pwd
03-03 02:10:15.985  3822  5482 E OplusCustomizeRestrictionManagerService: getUnlockByFacePolicies fail, return default value.
03-03 02:10:15.986  3822  5482 D OplusUserManagerServiceEnhance: getMultiSystemUserId  res = -10000
03-03 02:10:15.986  3822  5482 D OplusUserManagerServiceEnhance: getMultiSystemUserId  res = -10000
03-03 02:10:15.988  3822  5485 D LockSettingsService: [getCredentialTypeInternal] userId = 0
03-03 02:10:15.988  3822  5485 D LockSettingsStorage: [readSyntheticPasswordState] userId = 0, name = pwd
03-03 02:10:15.995  3822  3858 D LockSettingsService: [getCredentialTypeInternal] userId = 0
03-03 02:10:15.995  3822  3858 D LockSettingsStorage: [readSyntheticPasswordState] userId = 0, name = pwd
03-03 02:10:15.995  3822  3858 D LockSettingsService: [getCredentialTypeInternal] userId = 0
03-03 02:10:15.995  3822  3858 D LockSettingsStorage: [readSyntheticPasswordState] userId = 0, name = pwd
03-03 02:10:15.996  3822  3858 D LockSettingsService: [getCredentialTypeInternal] userId = 0
03-03 02:10:15.996  3822  3858 D LockSettingsStorage: [readSyntheticPasswordState] userId = 0, name = pwd
03-03 02:10:15.997  3822  3858 E OplusCustomizeRestrictionManagerService: isUSBOtgDisabled start
03-03 02:10:16.052  3822  5485 D OplusUserManagerServiceEnhance: getMultiSystemUserId  res = -10000
03-03 02:10:16.169  5545  5606 D ShellBackPreview: BackAnimationController: onBackAnimationFinished()
03-03 02:10:16.170  5545  5606 D ShellBackPreview: BackAnimationController: finishBackNavigation()
03-03 02:10:16.170  5545  5606 D ShellBackPreview: resetTouchTracker -> no queued gesture
03-03 02:10:16.170  3822  5485 D CoreBackPreview: onBackNavigationDone backType=2, triggerBack=true
03-03 02:10:16.171  5545  5606 V WindowManagerShell: Transition animation finished (aborted=false), notifying core (#5102) android.os.BinderProxy@313c419@0
03-03 02:10:16.171  5545  5606 D SplitScreen-->AppLockManager: setStartFromSafeControl mStartFromSafeControl=false
03-03 02:10:16.173  3822  5485 D Transition: finishTransition ar ActivityRecord{103263698 u0 com.android.settings/.SubSettings t28689 f}}, isVisibleRequested=false, state=STOPPING, visibleAtTransitionEndTokens={ActivityRecord{103263698 u0 com.android.settings/.SubSettings t28689 f}}, ActivityRecord{154485758 u0 com.android.settings/.Settings t28689}}, this=TransitionRecord{12631a1 id=5102 track=0 type=PREDICTIVE_BACK flags=0x0 state=2 c=[
03-03 02:10:16.173  3822  5485 D Transition:    ChangeInfo{9eff40b container=ActivityRecord{103263698 u0 com.android.settings/.SubSettings t28689 f}} flags=0x80}
03-03 02:10:16.173  3822  5485 D Transition:    ChangeInfo{3e85fc6 container=Display{#0 state=ON size=1240x2772 ROTATION_0} flags=0x0}
03-03 02:10:16.173  3822  5485 D Transition:    ChangeInfo{30872e8 container=ActivityRecord{154485758 u0 com.android.settings/.Settings t28689} flags=0x100}
03-03 02:10:16.173  3822  5485 D Transition:    ChangeInfo{434b87 container=Task{d2265cd #28689 type=standard A=1000:com.android.settings.root} flags=0x0}
03-03 02:10:16.173  3822  5485 D Transition:    ChangeInfo{f147ab4 container=DefaultTaskDisplayArea@238526314 flags=0x0}
03-03 02:10:16.173  3822  5485 D Transition: ]
03-03 02:10:16.173  3822  5485 D Transition: }
03-03 02:10:16.174  3822  5485 D Transition: finishTransition ar ActivityRecord{154485758 u0 com.android.settings/.Settings t28689}, isVisibleRequested=true, state=RESUMED, visibleAtTransitionEndTokens={ActivityRecord{103263698 u0 com.android.settings/.SubSettings t28689 f}}, ActivityRecord{154485758 u0 com.android.settings/.Settings t28689}}, this=TransitionRecord{12631a1 id=5102 track=0 type=PREDICTIVE_BACK flags=0x0 state=2 c=[
03-03 02:10:16.174  3822  5485 D Transition:    ChangeInfo{9eff40b container=ActivityRecord{103263698 u0 com.android.settings/.SubSettings t28689 f}} flags=0x80}
03-03 02:10:16.174  3822  5485 D Transition:    ChangeInfo{3e85fc6 container=Display{#0 state=ON size=1240x2772 ROTATION_0} flags=0x0}
03-03 02:10:16.174  3822  5485 D Transition:    ChangeInfo{30872e8 container=ActivityRecord{154485758 u0 com.android.settings/.Settings t28689} flags=0x100}
03-03 02:10:16.174  3822  5485 D Transition:    ChangeInfo{434b87 container=Task{d2265cd #28689 type=standard A=1000:com.android.settings.root} flags=0x0}
03-03 02:10:16.174  3822  5485 D Transition:    ChangeInfo{f147ab4 container=DefaultTaskDisplayArea@238526314 flags=0x0}
03-03 02:10:16.174  3822  5485 D Transition: ]
03-03 02:10:16.174  3822  5485 D Transition: }
03-03 02:10:16.174  3822  5485 D OplusTransitionController: finishTransition, transition: TransitionRecord{12631a1 id=5102 track=0 type=PREDICTIVE_BACK flags=0x0 state=4 c=[
03-03 02:10:16.174  3822  5485 D OplusTransitionController:    ChangeInfo{9eff40b container=ActivityRecord{103263698 u0 com.android.settings/.SubSettings t28689 f}} flags=0x80}
03-03 02:10:16.174  3822  5485 D OplusTransitionController:    ChangeInfo{3e85fc6 container=Display{#0 state=ON size=1240x2772 ROTATION_0} flags=0x0}
03-03 02:10:16.174  3822  5485 D OplusTransitionController:    ChangeInfo{30872e8 container=ActivityRecord{154485758 u0 com.android.settings/.Settings t28689} flags=0x100}
03-03 02:10:16.174  3822  5485 D OplusTransitionController:    ChangeInfo{434b87 container=Task{d2265cd #28689 type=standard A=1000:com.android.settings.root} flags=0x0}
03-03 02:10:16.174  3822  5485 D OplusTransitionController:    ChangeInfo{f147ab4 container=DefaultTaskDisplayArea@238526314 flags=0x0}
03-03 02:10:16.174  3822  5485 D OplusTransitionController: ]
03-03 02:10:16.174  3822  5485 D OplusTransitionController: }
03-03 02:10:16.174  3822  5485 D FlexibleTaskTransitionController:  finishTransition pendingRecentToFlexibleTask:null,isRotationTransition:false ,pendingRecentToFlexible:null ,transition:TransitionRecord{12631a1 id=5102 track=0 type=PREDICTIVE_BACK flags=0x0 state=4 c=[
03-03 02:10:16.174  3822  5485 D FlexibleTaskTransitionController:    ChangeInfo{9eff40b container=ActivityRecord{103263698 u0 com.android.settings/.SubSettings t28689 f}} flags=0x80}
03-03 02:10:16.174  3822  5485 D FlexibleTaskTransitionController:    ChangeInfo{3e85fc6 container=Display{#0 state=ON size=1240x2772 ROTATION_0} flags=0x0}
03-03 02:10:16.174  3822  5485 D FlexibleTaskTransitionController:    ChangeInfo{30872e8 container=ActivityRecord{154485758 u0 com.android.settings/.Settings t28689} flags=0x100}
03-03 02:10:16.174  3822  5485 D FlexibleTaskTransitionController:    ChangeInfo{434b87 container=Task{d2265cd #28689 type=standard A=1000:com.android.settings.root} flags=0x0}
03-03 02:10:16.174  3822  5485 D FlexibleTaskTransitionController:    ChangeInfo{f147ab4 container=DefaultTaskDisplayArea@238526314 flags=0x0}
03-03 02:10:16.174  3822  5485 D FlexibleTaskTransitionController: ]
03-03 02:10:16.174  3822  5485 D FlexibleTaskTransitionController: }
03-03 02:10:16.175  3822  5485 D SnapshotCache: removeRunningEntry id: 154485758, callers=com.android.server.wm.SnapshotCache.onIdRemoved:107 com.android.server.wm.ActivitySnapshotController.removeCachedFiles:686 com.android.server.wm.ActivitySnapshotController.postProcess:272 
03-03 02:10:16.175  3822  4010 W UserAwareMgr: event can not be released, id: 5005, count: 3, releasePid: 3822
03-03 02:10:16.176  3822  5485 D Transition: finishTransition ar ActivityRecord{103263698 u0 com.android.settings/.SubSettings t28689 f}}, isVisibleRequested=false, state=STOPPING, visibleAtTransitionEndTokens={ActivityRecord{154485758 u0 com.android.settings/.Settings t28689}}, this=TransitionRecord{47f1923 id=5103 track=0 type=CLOSE flags=0x0 state=2 c=[
03-03 02:10:16.176  3822  5485 D Transition:    ChangeInfo{18d4143 container=ActivityRecord{103263698 u0 com.android.settings/.SubSettings t28689 f}} flags=0x80}
03-03 02:10:16.176  3822  5485 D Transition:    ChangeInfo{7d88e20 container=Display{#0 state=ON size=1240x2772 ROTATION_0} flags=0x0}
03-03 02:10:16.176  3822  5485 D Transition:    ChangeInfo{fd963c0 container=ActivityRecord{154485758 u0 com.android.settings/.Settings t28689} flags=0x100}
03-03 02:10:16.176  3822  5485 D Transition:    ChangeInfo{f4273d9 container=Task{d2265cd #28689 type=standard A=1000:com.android.settings.root} flags=0x0}
03-03 02:10:16.176  3822  5485 D Transition:    ChangeInfo{16da19e container=DefaultTaskDisplayArea@238526314 flags=0x0}
03-03 02:10:16.176  3822  5485 D Transition: ]
03-03 02:10:16.176  3822  5485 D Transition: }
03-03 02:10:16.176  3822  5485 D ActivityTaskManager: commitVisibility: ActivityRecord{103263698 u0 com.android.settings/.SubSettings t28689 f}}: visible=false visibleRequested=false, isInTransition=false 
03-03 02:10:16.176  3822  5485 D WindowManager: NFW_setClientVisible:ActivityRecord{103263698 u0 com.android.settings/.SubSettings t28689 f}} clientVisible:false
03-03 02:10:16.177  3822  5485 I WindowManager: Window{7458a9e u0 com.android.settings/com.android.settings.SubSettings} state from HAS_DRAWN to DRAW_PENDING; reason: resetDrawState
03-03 02:10:16.177  3822  5485 D Transition: finishTransition ar ActivityRecord{154485758 u0 com.android.settings/.Settings t28689}, isVisibleRequested=true, state=RESUMED, visibleAtTransitionEndTokens={ActivityRecord{154485758 u0 com.android.settings/.Settings t28689}}, this=TransitionRecord{47f1923 id=5103 track=0 type=CLOSE flags=0x0 state=2 c=[
03-03 02:10:16.177  3822  5485 D Transition:    ChangeInfo{18d4143 container=ActivityRecord{103263698 u0 com.android.settings/.SubSettings t28689 f}} flags=0x80}
03-03 02:10:16.177  3822  5485 D Transition:    ChangeInfo{7d88e20 container=Display{#0 state=ON size=1240x2772 ROTATION_0} flags=0x0}
03-03 02:10:16.177  3822  5485 D Transition:    ChangeInfo{fd963c0 container=ActivityRecord{154485758 u0 com.android.settings/.Settings t28689} flags=0x100}
03-03 02:10:16.177  3822  5485 D Transition:    ChangeInfo{f4273d9 container=Task{d2265cd #28689 type=standard A=1000:com.android.settings.root} flags=0x0}
03-03 02:10:16.177  3822  5485 D Transition:    ChangeInfo{16da19e container=DefaultTaskDisplayArea@238526314 flags=0x0}
03-03 02:10:16.177  3822  5485 D Transition: ]
03-03 02:10:16.177  3822  5485 D Transition: }
03-03 02:10:16.177  3822  5485 D CoreBackPreview: cleanUp startingSurfaceMatch: true
03-03 02:10:16.177  3822  5485 D OplusTransitionController: finishTransition, transition: TransitionRecord{47f1923 id=5103 track=0 type=CLOSE flags=0x0 state=4 c=[
03-03 02:10:16.177  3822  5485 D OplusTransitionController:    ChangeInfo{18d4143 container=ActivityRecord{103263698 u0 com.android.settings/.SubSettings t28689 f}} flags=0x80}
03-03 02:10:16.177  3822  5485 D OplusTransitionController:    ChangeInfo{7d88e20 container=Display{#0 state=ON size=1240x2772 ROTATION_0} flags=0x0}
03-03 02:10:16.177  3822  5485 D OplusTransitionController:    ChangeInfo{fd963c0 container=ActivityRecord{154485758 u0 com.android.settings/.Settings t28689} flags=0x100}
03-03 02:10:16.177  3822  5485 D OplusTransitionController:    ChangeInfo{f4273d9 container=Task{d2265cd #28689 type=standard A=1000:com.android.settings.root} flags=0x0}
03-03 02:10:16.177  3822  5485 D OplusTransitionController:    ChangeInfo{16da19e container=DefaultTaskDisplayArea@238526314 flags=0x0}
03-03 02:10:16.177  3822  5485 D OplusTransitionController: ]
03-03 02:10:16.177  3822  5485 D OplusTransitionController: }
03-03 02:10:16.177  3822  5485 D FlexibleTaskTransitionController:  finishTransition pendingRecentToFlexibleTask:null,isRotationTransition:false ,pendingRecentToFlexible:null ,transition:TransitionRecord{47f1923 id=5103 track=0 type=CLOSE flags=0x0 state=4 c=[
03-03 02:10:16.177  3822  5485 D FlexibleTaskTransitionController:    ChangeInfo{18d4143 container=ActivityRecord{103263698 u0 com.android.settings/.SubSettings t28689 f}} flags=0x80}
03-03 02:10:16.177  3822  5485 D FlexibleTaskTransitionController:    ChangeInfo{7d88e20 container=Display{#0 state=ON size=1240x2772 ROTATION_0} flags=0x0}
03-03 02:10:16.177  3822  5485 D FlexibleTaskTransitionController:    ChangeInfo{fd963c0 container=ActivityRecord{154485758 u0 com.android.settings/.Settings t28689} flags=0x100}
03-03 02:10:16.177  3822  5485 D FlexibleTaskTransitionController:    ChangeInfo{f4273d9 container=Task{d2265cd #28689 type=standard A=1000:com.android.settings.root} flags=0x0}
03-03 02:10:16.177  3822  5485 D FlexibleTaskTransitionController:    ChangeInfo{16da19e container=DefaultTaskDisplayArea@238526314 flags=0x0}
03-03 02:10:16.177  3822  5485 D FlexibleTaskTransitionController: ]
03-03 02:10:16.177  3822  5485 D FlexibleTaskTransitionController: }
03-03 02:10:16.179  3822  5485 D TransitionControllerExtImpl: NFW_send RECOMPUTE_FOCUS in finishTransition
03-03 02:10:16.179  5545  5606 D ShellTaskOrganizer: onTransitionFinish, isRecent:false
03-03 02:10:16.179  5545  5606 V WindowManagerShell: Track 0 became idle
03-03 02:10:16.179  5545  5606 V WindowManagerShell: All active transition animations finished
03-03 02:10:16.179  3822  5334 D Transition: finishTransaction-onCommitted syncId=5103
03-03 02:10:16.179  3822  5334 D Transition: finishTransaction-onCommitted syncId=5102
03-03 02:10:16.180  3822  4010 W UserAwareMgr: event can not be released, id: 5005, count: 2, releasePid: 3822
03-03 02:10:16.180  3822  3933 D OplusSplitScreenManagerService: com.android.settings unSupportsSplitScreen by blockList or ForbidActivityList
03-03 02:10:16.181  3822  3933 D OplusSplitScreenManagerService: com.android.settings unSupportsSplitScreen by blockList or ForbidActivityList
03-03 02:10:16.183  3822  3932 D WindowManager: NFW_findFocusedWindowIfNeeded:Window{5647474 u0 com.android.settings/com.android.settings.Settings} mCurrentFocus:Window{5647474 u0 com.android.settings/com.android.settings.Settings}
03-03 02:10:16.186  3822  3858 V WindowManager: Relayout Window{7458a9e u0 com.android.settings/com.android.settings.SubSettings}: viewVisibility=8, oldvis=0, req=1240x2772 , apr = 0, vsysui=LAYOUT_STABLE LAYOUT_HIDE_NAVIGATION LAYOUT_FULLSCREEN IMMERSIVE_STICKY
03-03 02:10:16.187  3822  3858 D WindowManager: NFW_findFocusedWindowIfNeeded:Window{5647474 u0 com.android.settings/com.android.settings.Settings} mCurrentFocus:Window{5647474 u0 com.android.settings/com.android.settings.Settings}
03-03 02:10:16.188 19625 19625 D VRI[SubSettings]: relayoutWindow result, sizeChanged:false, surfaceControlChanged:true, transformHintChanged:false, mSurfaceSize:Point(1240, 2772), mLastSurfaceSize:Point(1240, 2772), mWidth:1240, mHeight:2772, requestedWidth:1240, requestedHeight:2772, transformHint:0, installOrientation:0, displayRotation:0, isSurfaceValid:false, attr.flag:-2122252032, tmpFrames:ClientWindowFrames{frame=[0,0][1240,2772] display=[0,0][1240,2772] parentFrame=[0,0][0,0]}, relayoutAsync:false, mSyncSeqId:0
03-03 02:10:16.203  3822  5482 D CoreBackPreview: Window{7458a9e u0 com.android.settings/com.android.settings.SubSettings}: Setting back callback null
03-03 02:10:16.210  3822  3858 I WindowManager: Window{7458a9e u0 com.android.settings/com.android.settings.SubSettings} state from DRAW_PENDING to NO_SURFACE; reason: destroySurface
03-03 02:10:16.214  3822  3858 D WindowManager: NFW_findFocusedWindowIfNeeded:Window{5647474 u0 com.android.settings/com.android.settings.Settings} mCurrentFocus:Window{5647474 u0 com.android.settings/com.android.settings.Settings}
03-03 02:10:16.216  3822  5482 D ActivityTaskManager: removeAppToken: ActivityRecord{103263698 u0 com.android.settings/.SubSettings t28689 f}} delayed=false parent=Task{d2265cd #28689 type=standard A=1000:com.android.settings.root} animating=false Callers=com.android.server.wm.DisplayContent.removeAppToken:1755 com.android.server.wm.ActivityRecord.removeFromHistory:4972 com.android.server.wm.ActivityRecord.destroyed:5062 com.android.server.wm.ActivityClientController.activityDestroyed:339 
03-03 02:10:16.217  3822  5482 D OplusSplitScreenManagerService: com.android.settings unSupportsSplitScreen by blockList or ForbidActivityList
03-03 02:10:16.217  3822  5482 D OplusSplitScreenManagerService: com.android.settings unSupportsSplitScreen by blockList or ForbidActivityList
03-03 02:10:16.217  3822  5482 D OplusDexSceneManager:  High temp 384 with highTemperatureThreshold 380 pkg:com.android.settings reason: extra-second-dex
03-03 02:10:16.218  3822  4951 D BackgroundInstallControlService: Package event received: 0
03-03 02:10:16.221  3822  3933 D OplusSplitScreenManagerService: com.android.settings unSupportsSplitScreen by blockList or ForbidActivityList
03-03 02:10:16.221  3822  3933 D OplusSplitScreenManagerService: com.android.settings unSupportsSplitScreen by blockList or ForbidActivityList
03-03 02:10:16.221  3822  3933 I TaskOrganizerController: onTaskInfoChanged taskid 28689 config { mBounds=Rect(0, 0 - 1240, 2772) mAppBounds=Rect(0, 0 - 1240, 2772) mMaxBounds=Rect(0, 0 - 1240, 2772) mDisplayRotation=ROTATION_0 mWindowingMode=fullscreen mActivityType=standard mAlwaysOnTop=undefined mRotation=ROTATION_0}
03-03 02:10:16.222  3822  3933 D OplusSplitScreenManagerService: com.android.settings unSupportsSplitScreen by blockList or ForbidActivityList
03-03 02:10:16.222  3822  3933 D OplusSplitScreenManagerService: com.android.settings unSupportsSplitScreen by blockList or ForbidActivityList
03-03 02:10:16.222  3822  3933 D OplusFlexibleDragToSplitAnimController: visibleFlexibleTaskInfos delete:28689
03-03 02:10:16.222  3822  3933 E FlexibleWindowManagerService: notifyTaskObserverToAttachController not need to notify!
03-03 02:10:16.222  3822  3933 I FlexibleWindowManagerService: onFlexibleWindowTaskInfoChanged, return for cur task not embedded
03-03 02:10:16.223  3822  5334 D ShortcutService: Getting shortcuts for launcher= androiduserId=0 pkg=com.google.android.apps.messaging
03-03 02:10:16.223  3822  5334 D ShortcutService: Getting shortcuts for launcher= androiduserId=0 pkg=com.google.android.apps.messaging
03-03 02:10:16.223  3822  5334 D OplusUserManagerServiceEnhance: getMultiSystemUserId  res = -10000
03-03 02:10:16.246  3822  4010 I UserAwareMgr: fg app status not changed, beforeVisible: true, currentVisible: true
03-03 02:10:16.258  3822  4010 I UserAwareMgr: fg app status not changed, beforeVisible: true, currentVisible: true
03-03 02:10:16.271  3822  5334 D OplusUserManagerServiceEnhance: getMultiSystemUserId  res = -10000
03-03 02:10:16.272  3822  5334 D OplusUserManagerServiceEnhance: getMultiSystemUserId  res = -10000
03-03 02:10:16.272  3822  5334 D OplusUserManagerServiceEnhance: getMultiSystemUserId  res = -10000
03-03 02:10:16.272  3822  5334 D OplusUserManagerServiceEnhance: getMultiSystemUserId  res = -10000
03-03 02:10:16.273  3822  5334 D OplusUserManagerServiceEnhance: getMultiSystemUserId  res = -10000
03-03 02:10:16.274  3822  5334 D OplusUserManagerServiceEnhance: getMultiSystemUserId  res = -10000
03-03 02:10:16.274  3822  5334 D OplusUserManagerServiceEnhance: getMultiSystemUserId  res = -10000
03-03 02:10:16.274  3822  3858 D OplusUserManagerServiceEnhance: getMultiSystemUserId  res = -10000
03-03 02:10:16.275  3822  3858 D OplusUserManagerServiceEnhance: getMultiSystemUserId  res = -10000
03-03 02:10:16.279 28174 29029 V OplusCustomizeCacheManager: queryCache name: cache_key.system_server.common_customize_cache11009 param: null
03-03 02:10:16.285  3822  5334 D OplusCustomizeVpnManagerService: propGetEnable persist.sys.vpn_disable: 0
03-03 02:10:17.145  3822  5334 D BiometricService: canAuthenticate: User=0, Caller=0, Authenticators=65536, opPackageName=com.google.android.gms
03-03 02:10:17.145  3822  5334 D BiometricService/PreAuthInfo: getCanAuthenticateInternal Modality: 0 AuthenticatorStatus: 13
03-03 02:10:17.145  3822  5334 D AuthService: canAuthenticate, userId: 0, callingUserId: 0, authenticators: 65536, result: 20
03-03 02:10:17.146  3822  4956 D BiometricService: canAuthenticate: User=0, Caller=0, Authenticators=15, opPackageName=com.google.android.gms
03-03 02:10:17.146  3822  4956 E OplusCustomizeRestrictionManagerService: isBiometricDisabled start
03-03 02:10:17.146  3822  4956 D BiometricService/PreAuthInfo: Package: com.google.android.gms Sensor ID: 1 Modality: 2 User id: 0 Status: 1
03-03 02:10:17.147  3822  4956 E OplusCustomizeRestrictionManagerService: isBiometricDisabled start
03-03 02:10:17.147  3822  4956 D BiometricService/PreAuthInfo: Package: com.google.android.gms Sensor ID: 4 Modality: 8 User id: 0 Status: 4
03-03 02:10:17.147  3822  4956 D BiometricService/PreAuthInfo: getCanAuthenticateInternal Modality: 2 AuthenticatorStatus: 1
03-03 02:10:17.147  3822  4956 D AuthService: canAuthenticate, userId: 0, callingUserId: 0, authenticators: 15, result: 0
03-03 02:10:17.548  3822  4721 V AlarmManager: sending alarm Alarm{bdf651 type 1 origWhen 1772484017547 whenElapsed 200640818 android} uid 1000 whenElapsed 200640818 windowLength 0 maxWhenElapsed 200640818 repeatInterval 0 action null component null tag StorgaeBandInfoAlarmTag flags 0x9 procName system_server
03-03 02:10:17.701  3822  3822 D RefreshRate: app switch boost timeout,transition isPlaying:false isInInterruptScene:false
03-03 02:10:17.704  3822  4010 W QosScheduler: getScenario failed! scenarios is null, mask=2
03-03 02:10:17.704  3822  4010 W QosScheduler: executeSceneQosStrategy get scenario failed! scenario is null
03-03 02:10:18.003  3822  4029 D ProcessCpuTrackerExtImpl: mContext is already set, return now! 
03-03 02:10:18.822  3822  4569 D osense.compress: com.google.android.gms do shrink, target ratio = 82, final ratio = 90, cur ratio = 75
03-03 02:10:19.177  3822  4010 I UserAwareMgr: handleAppChangedToBg, pkgName: com.android.systemui, pid: 5545
03-03 02:10:19.181  3822  4010 I UserAwareMgr: handleAppChangedToBg, pkgName: com.android.systemui, pid: 5545
03-03 02:10:19.181  3822  4010 W UserAwareMgr: app not not found or not visible: {pkgName='com.android.systemui', serviceName='', procName=com.android.systemui, pid=5545, uid=10208, appId=0, owner='systemui', flags='bg|system_app', renderTid=5688, hwuiTids=[5679, 5680], glTids=null, threadInfos={VolumeDialogControllerImpl={threadName='VolumeDialogControllerImpl', tid=6106, currentThreadCount=1, maxThreadCount=1, extendTids=null}, ll.splashscreen={threadName='ll.splashscreen', tid=5634, currentThreadCount=1, maxThreadCount=16, extendTids=null}, KeyguardWorkerThread={threadName='KeyguardWorkerThread', tid=5756, currentThreadCount=1, maxThreadCount=1, extendTids=null}, OnScreenFingerprint WorkerThread={threadName='OnScreenFingerprint WorkerThread', tid=6267, currentThreadCount=1, maxThreadCount=1, extendTids=null}, SysUiTileBg={threadName='SysUiTileBg', tid=6420, currentThreadCount=1, maxThreadCount=1, extendTids=null}, ImageWallpaper={threadName='ImageWallpaper', tid=6342, currentThreadCount=1, maxThreadCount=1, extendTids=null}, KgdAnimThread={threadName='KgdAnimThread', tid=5760, currentThreadCount=1, maxThreadCount=1, extendTids=null}, GestureUI={threadName='GestureUI', tid=6032, currentThreadCount=1, maxThreadCount=1, extendTids=null}, SysUiLng={threadName='SysUiLng', tid=6328, currentThreadCount=1, maxThreadCount=1, extendTids=null}, SysUiQsBg={threadName='SysUiQsBg', tid=5931, currentThreadCount=1, maxThreadCount=1, extendTids=null}, wmshell.main={threadName='wmshell.main', tid=5606, currentThreadCount=1, maxThreadCount=1, extendTids=null}, ll.splashworker={threadName='ll.splashworker', tid=5635, currentThreadCount=1, maxThreadCount=16, extendTids=null}, wmshell.anim={threadName='wmshell.anim', tid=5622, currentThreadCount=1, maxThreadCount=16, extendTids=null}, OnScreenFingerprint OpticalUIUpdateThread={threadName='OnScreenFingerprint OpticalUIUpdateThread', tid=6268, currentThreadCount=1, maxThreadCount=1, extendTids=null}}, mVideoActivityList=[], mStates=0}
03-03 02:10:19.181  3822  4010 W UserAwareMgr: handleAppChangedToBg process is empty
03-03 02:10:19.181  3822  4010 I UserAwareMgr: handleTopAppChanged: com.android.settings, pid: 19625, uid: 1000
03-03 02:10:19.557  3822  4721 V AlarmManager: sending alarm Alarm{8887d97 type 1 origWhen 1772484019557 whenElapsed 200642827 android} uid 1000 whenElapsed 200642827 windowLength 0 maxWhenElapsed 200642827 repeatInterval 0 action null component null tag StorgaeBandInfoAlarmTag flags 0x9 procName system_server
03-03 02:10:21.562  3822  4721 V AlarmManager: sending alarm Alarm{59b0ddd type 1 origWhen 1772484021561 whenElapsed 200644831 android} uid 1000 whenElapsed 200644831 windowLength 0 maxWhenElapsed 200644831 repeatInterval 0 action null component null tag StorgaeBandInfoAlarmTag flags 0x9 procName system_server
03-03 02:10:21.945  3822  4569 D osense.compress: com.google.android.inputmethod.latin do shrink, target ratio = 81, final ratio = 90, cur ratio = 73
03-03 02:10:22.027  3822  4014 W ProcessStats: Tracking association SourceState{30be8d0 com.android.settings.intelligence/10204 BFgs #350804} whose proc state 4 is better than process ProcessState{1537ddf com.oplus.trafficmonitor/1000 pkg=com.oplus.trafficmonitor} proc state 14 (53 skipped)
03-03 02:10:23.177  3822  4569 D osense.compress: com.video.fun.app do shrink, target ratio = 90, final ratio = 90, cur ratio = 86
03-03 02:10:23.200  3822  9191 D UsageStatsService: User[0] type=0 b=1772483902985 e=1772484023186 cb=1772438906584 ce=1772484016310 disk=0 all=28
03-03 02:10:23.581  3822  4721 V AlarmManager: sending alarm Alarm{1c84e8b type 1 origWhen 1772484023581 whenElapsed 200646851 android} uid 1000 whenElapsed 200646851 windowLength 0 maxWhenElapsed 200646851 repeatInterval 0 action null component null tag StorgaeBandInfoAlarmTag flags 0x9 procName system_server
03-03 02:10:25.400  3822  3930 D WindowManager: rotation(ROTATION_0) no changed  displayId = 0, lastOrientation = 5
03-03 02:10:25.585  3822  4721 V AlarmManager: sending alarm Alarm{5f35841 type 1 origWhen 1772484025585 whenElapsed 200648855 android} uid 1000 whenElapsed 200648855 windowLength 0 maxWhenElapsed 200648855 repeatInterval 0 action null component null tag StorgaeBandInfoAlarmTag flags 0x9 procName system_server
03-03 02:10:26.360  3822  3930 D WindowManager: rotation(ROTATION_0) no changed  displayId = 0, lastOrientation = 5
03-03 02:10:27.588  3822  4721 V AlarmManager: sending alarm Alarm{9240cc7 type 1 origWhen 1772484027588 whenElapsed 200650858 android} uid 1000 whenElapsed 200650858 windowLength 0 maxWhenElapsed 200650858 repeatInterval 0 action null component null tag StorgaeBandInfoAlarmTag flags 0x9 procName system_server
03-03 02:10:29.594  3822  4721 V AlarmManager: sending alarm Alarm{8f3f653 type 1 origWhen 1772484029593 whenElapsed 200652863 android} uid 1000 whenElapsed 200652863 windowLength 0 maxWhenElapsed 200652863 repeatInterval 0 action null component null tag StorgaeBandInfoAlarmTag flags 0x9 procName system_server
03-03 02:10:30.648  3822  4029 I ActivityManager: Waited long enough for: ServiceRecord{c3ced5 u0 com.oplus.camera/.aps.service.ApsService c:com.oplus.camera}
03-03 02:10:31.204  3822  4569 D osense.compress: com.google.android.googlequicksearchbox do shrink, target ratio = 87, final ratio = 90, cur ratio = 82
03-03 02:10:31.599  3822  4721 V AlarmManager: sending alarm Alarm{defc3c1 type 1 origWhen 1772484031599 whenElapsed 200654869 android} uid 1000 whenElapsed 200654869 windowLength 0 maxWhenElapsed 200654869 repeatInterval 0 action null component null tag StorgaeBandInfoAlarmTag flags 0x9 procName system_server
03-03 02:10:33.604  3822  4721 V AlarmManager: sending alarm Alarm{827179f type 1 origWhen 1772484033604 whenElapsed 200656874 android} uid 1000 whenElapsed 200656874 windowLength 0 maxWhenElapsed 200656874 repeatInterval 0 action null component null tag StorgaeBandInfoAlarmTag flags 0x9 procName system_server
03-03 02:10:33.995  3822  3858 W SettingsStatsUtil: Can not parse value to float: +network
03-03 02:10:35.610  3822  4721 V AlarmManager: sending alarm Alarm{16a8369 type 1 origWhen 1772484035609 whenElapsed 200658880 android} uid 1000 whenElapsed 200658880 windowLength 0 maxWhenElapsed 200658880 repeatInterval 0 action null component null tag StorgaeBandInfoAlarmTag flags 0x9 procName system_server
03-03 02:10:35.979  3822  4063 D PowerManagerService: userActivityNoUpdateLocked: groupId=0, eventTime=89503996, event=touch, flags=0x0, uid=1000
03-03 02:10:35.981  3822  3858 D QuickBackInputPolicy: isInMultiWindowMode and isInSplitScreen is: false isZoomMode is: false isMultiWindowModeInPocketStudio is: false isEmbeddedInLauncherActivity is: false
03-03 02:10:35.981  3822  3858 D QuickBackInputPolicy: hasMultiChildrenInTask: false
03-03 02:10:35.981  3822  3858 D QuickBackInputPolicy: shouldTriggerBackKeyEvent focusWin=Window{5647474 u0 com.android.settings/com.android.settings.Settings}, topFullscreenOpaqueWindow=Window{5647474 u0 com.android.settings/com.android.settings.Settings}, mLaunchEndTimePair=null, processRunning=false, timeThreshold is: 800, lastRemoteFromAssistant = false
03-03 02:10:35.981  3822  3858 D QuickBackInputPolicy: canInterceptKeyEventToHome Window:Window{5647474 u0 com.android.settings/com.android.settings.Settings}, do nothing!
03-03 02:10:35.991  3822  3858 D QuickBackInputPolicy: isInMultiWindowMode and isInSplitScreen is: false isZoomMode is: false isMultiWindowModeInPocketStudio is: false isEmbeddedInLauncherActivity is: false
03-03 02:10:35.992  3822  3858 D QuickBackInputPolicy: hasMultiChildrenInTask: false
03-03 02:10:35.992  3822  3858 D QuickBackInputPolicy: shouldTriggerBackKeyEvent focusWin=Window{5647474 u0 com.android.settings/com.android.settings.Settings}, topFullscreenOpaqueWindow=Window{5647474 u0 com.android.settings/com.android.settings.Settings}, mLaunchEndTimePair=null, processRunning=false, timeThreshold is: 800, lastRemoteFromAssistant = false
03-03 02:10:35.992  3822  3858 D CoreBackPreview: startBackNavigation currentTask=Task{d2265cd #28689 type=standard A=1000:com.android.settings.root}, topRunningActivity=ActivityRecord{154485758 u0 com.android.settings/.Settings t28689}, callbackInfo=OnBackInvokedCallbackInfo{mCallback=android.window.IOnBackInvokedCallback$Stub$Proxy@834835f, mPriority=0, mIsAnimationCallback=false, mOverrideBehavior=0}, currentFocus=Window{5647474 u0 com.android.settings/com.android.settings.Settings}
03-03 02:10:35.993  5545  5606 D ShellBackPreview: Received backNavigationInfo:BackNavigationInfo{mType=TYPE_CALLBACK (4), mOnBackNavigationDone=android.os.RemoteCallback@f0fdebb, mOnBackInvokedCallback=android.window.IOnBackInvokedCallback$Stub$Proxy@f40ffd8, mPrepareRemoteAnimation=false, mAnimationCallback=false, mCustomizeAnimationInfo=null}
03-03 02:10:35.995  3822  3858 V WindowManager: Relayout Window{d56c34c u0 ColorSideGestureLeft_displayId_0}: viewVisibility=0, oldvis=8, req=192x3137 , apr = 0, vsysui=
03-03 02:10:35.996  3822  3858 I WindowManager: Window{d56c34c u0 ColorSideGestureLeft_displayId_0} state from NO_SURFACE to DRAW_PENDING; reason: resetDrawState
03-03 02:10:35.998  3822  4010 W QosScheduler: getScenario failed! scenarios is null, mask=4
03-03 02:10:35.998  3822  4010 W QosScheduler: executeSceneQosStrategy get scenario failed! scenario is null
03-03 02:10:36.002  3822  3858 D WindowManager: NFW_findFocusedWindowIfNeeded:Window{5647474 u0 com.android.settings/com.android.settings.Settings} mCurrentFocus:Window{5647474 u0 com.android.settings/com.android.settings.Settings}
03-03 02:10:36.003  3822  4014 D OplusSplitScreenManagerService: com.android.settings unSupportsSplitScreen by blockList or ForbidActivityList
03-03 02:10:36.003  3822  4014 D OplusSplitScreenManagerService: com.android.settings unSupportsSplitScreen by blockList or ForbidActivityList
03-03 02:10:36.004  3822  4014 D OplusSplitScreenManagerService: com.android.settings unSupportsSplitScreen by blockList or ForbidActivityList
03-03 02:10:36.005  3822  4014 D OplusSplitScreenManagerService: com.android.settings unSupportsSplitScreen by blockList or ForbidActivityList
03-03 02:10:36.022  3822  3858 I WindowManager: Window{d56c34c u0 ColorSideGestureLeft_displayId_0} state from DRAW_PENDING to COMMIT_DRAW_PENDING; reason: finishDrawingLocked
03-03 02:10:36.026  3822  3933 I WindowManager: Window{d56c34c u0 ColorSideGestureLeft_displayId_0} state from COMMIT_DRAW_PENDING to READY_TO_SHOW; reason: commitFinishDrawingLocked
03-03 02:10:36.026  3822  3933 I WindowManager: Window{d56c34c u0 ColorSideGestureLeft_displayId_0} state from READY_TO_SHOW to HAS_DRAWN; reason: performShowLocked
03-03 02:10:36.052  5545 13525 D LinearmotorVibrator: vibrate: effect=WaveformEffect { 8e0a887, effectType=1, effectStrength=-1, effectLoop=false, ringtoneVibrateType=-1, isRingtoneCustomized=false, ringtoneFilePath=, strengthSettingEnabled=true, asynchronous=false, usageHint=0 }
03-03 02:10:36.055  3822  5334 I VibratorManagerServiceExtImpl: vibrate is uid=10208, pid=5545, opPkg=com.android.systemui, effect=Mono{mEffect=Composed{segments=[OplusVibrationEffectSegment{mEffectId=1, mEffectStrength=-1, mRingtonePath=''}], repeat=-1}}, attributes=VibrationAttributes{mUsage=UNKNOWN, mAudioUsage= USAGE_UNKNOWN, mFlags=0}, reason=null, token=220256643
03-03 02:10:36.058  3822  4718 W VibrationScaler: Got unexpected vibration intensity: 2100
03-03 02:10:36.058  3822  4718 D VibrationThread: Perform OplusPrebakedSegment{mWaveformId=2, mDuration=45, mEffectStrength=2100, mDefaultUsage=TOUCH} on vibrator 0
03-03 02:10:36.078  3822  4063 D PowerManagerService: userActivityNoUpdateLocked: groupId=0, eventTime=89504100, event=touch, flags=0x0, uid=1000
03-03 02:10:36.184  3822  4063 D PowerManagerService: userActivityNoUpdateLocked: groupId=0, eventTime=89504204, event=touch, flags=0x0, uid=1000
03-03 02:10:36.200  5545  5606 D ShellBackPreview: Finishing gesture with event action: 1
03-03 02:10:36.200  5545  5606 D ShellBackPreview: onGestureFinished() mTriggerBack == true
03-03 02:10:36.200  5545  5606 D ShellBackPreview: Trigger back without dispatching to animator.
03-03 02:10:36.201  5545  5606 D ShellBackPreview: BackAnimationController: finishBackNavigation()
03-03 02:10:36.204  3822  5334 D CoreBackPreview: onBackNavigationDone backType=4, triggerBack=true
03-03 02:10:36.205  3822  4014 D OplusSplitScreenManagerService: com.android.settings unSupportsSplitScreen by blockList or ForbidActivityList
03-03 02:10:36.205  3822  4014 D OplusSplitScreenManagerService: com.android.settings unSupportsSplitScreen by blockList or ForbidActivityList
03-03 02:10:36.205  3822  3930 D OplusPanoramaWorkBranchController: notifyMotionUpOrCancel
03-03 02:10:36.206  3822  4014 D OplusSplitScreenManagerService: com.android.settings unSupportsSplitScreen by blockList or ForbidActivityList
03-03 02:10:36.206  3822  4014 D OplusSplitScreenManagerService: com.android.settings unSupportsSplitScreen by blockList or ForbidActivityList
03-03 02:10:36.208  3822  4014 D OplusSplitScreenManagerService: com.android.settings unSupportsSplitScreen by blockList or ForbidActivityList
03-03 02:10:36.208  3822  4014 D OplusSplitScreenManagerService: com.android.settings unSupportsSplitScreen by blockList or ForbidActivityList
03-03 02:10:36.208  3822  4014 D OplusSplitScreenManagerService: com.android.settings unSupportsSplitScreen by blockList or ForbidActivityList
03-03 02:10:36.209  3822  4014 D OplusSplitScreenManagerService: com.android.settings unSupportsSplitScreen by blockList or ForbidActivityList
03-03 02:10:36.209  3822  3858 D CoreBackPreview: Window{5647474 u0 com.android.settings/com.android.settings.Settings}: Setting back callback OnBackInvokedCallbackInfo{mCallback=android.window.IOnBackInvokedCallback$Stub$Proxy@81eed25, mPriority=-1, mIsAnimationCallback=false, mOverrideBehavior=0}
03-03 02:10:36.324  3822  3858 V WindowManager: Relayout Window{d56c34c u0 ColorSideGestureLeft_displayId_0}: viewVisibility=8, oldvis=0, req=192x3137 , apr = 0, vsysui=
03-03 02:10:36.324  3822  3858 I WindowManager: Window{d56c34c u0 ColorSideGestureLeft_displayId_0} state from HAS_DRAWN to NO_SURFACE; reason: destroySurface
03-03 02:10:36.328  3822  3858 D WindowManager: NFW_findFocusedWindowIfNeeded:Window{5647474 u0 com.android.settings/com.android.settings.Settings} mCurrentFocus:Window{5647474 u0 com.android.settings/com.android.settings.Settings}
03-03 02:10:36.405  3822  4010 W QosScheduler: getScenario failed! scenarios is null, mask=4
03-03 02:10:36.405  3822  4010 W QosScheduler: executeSceneQosStrategy get scenario failed! scenario is null
03-03 02:10:37.615  3822  4721 V AlarmManager: sending alarm Alarm{148d17f type 1 origWhen 1772484037615 whenElapsed 200660885 android} uid 1000 whenElapsed 200660885 windowLength 0 maxWhenElapsed 200660885 repeatInterval 0 action null component null tag StorgaeBandInfoAlarmTag flags 0x9 procName system_server
03-03 02:10:38.823  3822  4569 D osense.compress: com.google.android.gms do shrink, target ratio = 85, final ratio = 90, cur ratio = 80
03-03 02:10:39.620  3822  4721 V AlarmManager: sending alarm Alarm{169697c type 1 origWhen 1772484039619 whenElapsed 200662889 android} uid 1000 whenElapsed 200662889 windowLength 0 maxWhenElapsed 200662889 repeatInterval 0 action null component null tag StorgaeBandInfoAlarmTag flags 0x9 procName system_server
03-03 02:10:39.992  3822  3858 E OplusCustomizePackageManagerService: getAdbInstallUninstallDisabled start
03-03 02:10:40.317  3822  3858 D PackageInstallerSessionExtImpl: no pre: undesired name
03-03 02:10:40.317  3822  3858 D OplusInstallAccelerateManager: startAccelerate()
03-03 02:10:40.318  3822  3858 D OplusInstallAccelerateManager: operateCpuBouncingIfNeeded()
03-03 02:10:40.318  3822  3858 D OplusInstallAccelerateManager: originatingPackageName = unknown
03-03 02:10:40.318  3822  3858 D OplusInstallAccelerateManager: initiatingPackageName = com.android.shell
03-03 02:10:40.318  3822  3858 D OplusInstallAccelerateManager: installerPackageName = unknown
03-03 02:10:40.319  3822  3858 D OplusInstallAccelerateManager: disableCpuBouncing()
03-03 02:10:40.329  3822  4557 D PackageInstallerSessionExtImpl: not get pre-parsed ret
03-03 02:10:40.351  3822  3931 D PackageInstallerSessionExtImpl: hasPreExtract: false
03-03 02:10:40.352  3822  3931 I Watchdog: Pausing HandlerChecker: i/o thread for reason: extract_native_libraries. Pause count: 1
03-03 02:10:40.353  3822  3931 I Watchdog: Resuming HandlerChecker: i/o thread for reason: extract_native_libraries. Pause count: 0
03-03 02:10:40.355  3822  4557 D InstallDependencyHelper: No missing dependency for it.vfsfitvnm.vimusic.debug
03-03 02:10:40.361  3822  4557 D OplusPackageInstallInterceptManager: installStage send adb install pkg:it.vfsfitvnm.vimusic.debug   path: /data/app/vmdl1724016574.tmp/base.apk installFlags:4194418
